<!doctype html public "-//w3c//dtd html 4.0 transitional//en">
<html><head>
<title>Static Call Graph - [.\Objects\dame.axf]</title></head>
<body><HR>
<H1>Static Call Graph for image .\Objects\dame.axf</H1><HR>
<BR><P>#&#060CALLGRAPH&#062# ARM Linker, 6190004: Last Updated: Tue Nov  4 15:36:00 2025
<BR><P>
<H3>Maximum Stack Usage =        860 bytes + Unknown(Cycles, Untraceable Function Pointers)</H3><H3>
Call chain for Maximum Stack Depth:</H3>
finsh_thread_entry &rArr; finsh_run_line &rArr; finsh_parser_run &rArr; proc_variable_decl &rArr; proc_assign_expr &rArr;  proc_assign_expr (Cycle)
<P>
<H3>
Mutually Recursive functions
</H3> <LI><a href="#[f9]">rt_assert_handler</a>&nbsp;&nbsp;&nbsp;&rArr;&nbsp;&nbsp;&nbsp;<a href="#[ef]">rt_kprintf</a><BR>
 <LI><a href="#[fc]">_rt_scheduler_stack_check</a>&nbsp;&nbsp;&nbsp;&rArr;&nbsp;&nbsp;&nbsp;<a href="#[3]">list_thread</a><BR>
 <LI><a href="#[23]">ADC1_2_IRQHandler</a>&nbsp;&nbsp;&nbsp;&rArr;&nbsp;&nbsp;&nbsp;<a href="#[23]">ADC1_2_IRQHandler</a><BR>
 <LI><a href="#[183]">proc_param_list</a>&nbsp;&nbsp;&nbsp;&rArr;&nbsp;&nbsp;&nbsp;<a href="#[17b]">proc_assign_expr</a><BR>
 <LI><a href="#[181]">proc_expr</a>&nbsp;&nbsp;&nbsp;&rArr;&nbsp;&nbsp;&nbsp;<a href="#[17b]">proc_assign_expr</a><BR>
 <LI><a href="#[17f]">proc_unary_expr</a>&nbsp;&nbsp;&nbsp;&rArr;&nbsp;&nbsp;&nbsp;<a href="#[17d]">proc_cast_expr</a><BR>
 <LI><a href="#[17d]">proc_cast_expr</a>&nbsp;&nbsp;&nbsp;&rArr;&nbsp;&nbsp;&nbsp;<a href="#[17d]">proc_cast_expr</a><BR>
 <LI><a href="#[17b]">proc_assign_expr</a>&nbsp;&nbsp;&nbsp;&rArr;&nbsp;&nbsp;&nbsp;<a href="#[17b]">proc_assign_expr</a><BR>
 <LI><a href="#[10d]">finsh_compile</a>&nbsp;&nbsp;&nbsp;&rArr;&nbsp;&nbsp;&nbsp;<a href="#[10d]">finsh_compile</a><BR>
 <LI><a href="#[110]">finsh_type_check</a>&nbsp;&nbsp;&nbsp;&rArr;&nbsp;&nbsp;&nbsp;<a href="#[110]">finsh_type_check</a><BR>
</UL>
<P>
<H3>
Function Pointers
</H3><UL>
 <LI><a href="#[23]">ADC1_2_IRQHandler</a> from startup_n32wb452.o(.text) referenced from startup_n32wb452.o(RESET)
 <LI><a href="#[b]">BusFault_Handler</a> from n32wb452_it.o(.text.BusFault_Handler) referenced from startup_n32wb452.o(RESET)
 <LI><a href="#[26]">CAN1_RX1_IRQHandler</a> from startup_n32wb452.o(.text) referenced from startup_n32wb452.o(RESET)
 <LI><a href="#[27]">CAN1_SCE_IRQHandler</a> from startup_n32wb452.o(.text) referenced from startup_n32wb452.o(RESET)
 <LI><a href="#[51]">CAN2_RX0_IRQHandler</a> from startup_n32wb452.o(.text) referenced from startup_n32wb452.o(RESET)
 <LI><a href="#[52]">CAN2_RX1_IRQHandler</a> from startup_n32wb452.o(.text) referenced from startup_n32wb452.o(RESET)
 <LI><a href="#[53]">CAN2_SCE_IRQHandler</a> from startup_n32wb452.o(.text) referenced from startup_n32wb452.o(RESET)
 <LI><a href="#[50]">CAN2_TX_IRQHandler</a> from startup_n32wb452.o(.text) referenced from startup_n32wb452.o(RESET)
 <LI><a href="#[1c]">DMA1_Channel1_IRQHandler</a> from startup_n32wb452.o(.text) referenced from startup_n32wb452.o(RESET)
 <LI><a href="#[1d]">DMA1_Channel2_IRQHandler</a> from startup_n32wb452.o(.text) referenced from startup_n32wb452.o(RESET)
 <LI><a href="#[1e]">DMA1_Channel3_IRQHandler</a> from startup_n32wb452.o(.text) referenced from startup_n32wb452.o(RESET)
 <LI><a href="#[1f]">DMA1_Channel4_IRQHandler</a> from startup_n32wb452.o(.text) referenced from startup_n32wb452.o(RESET)
 <LI><a href="#[20]">DMA1_Channel5_IRQHandler</a> from startup_n32wb452.o(.text) referenced from startup_n32wb452.o(RESET)
 <LI><a href="#[21]">DMA1_Channel6_IRQHandler</a> from startup_n32wb452.o(.text) referenced from startup_n32wb452.o(RESET)
 <LI><a href="#[22]">DMA1_Channel7_IRQHandler</a> from startup_n32wb452.o(.text) referenced from startup_n32wb452.o(RESET)
 <LI><a href="#[5d]">DMA1_Channel8_IRQHandler</a> from startup_n32wb452.o(.text) referenced from startup_n32wb452.o(RESET)
 <LI><a href="#[49]">DMA2_Channel1_IRQHandler</a> from startup_n32wb452.o(.text) referenced from startup_n32wb452.o(RESET)
 <LI><a href="#[4a]">DMA2_Channel2_IRQHandler</a> from startup_n32wb452.o(.text) referenced from startup_n32wb452.o(RESET)
 <LI><a href="#[4b]">DMA2_Channel3_IRQHandler</a> from startup_n32wb452.o(.text) referenced from startup_n32wb452.o(RESET)
 <LI><a href="#[4c]">DMA2_Channel4_IRQHandler</a> from startup_n32wb452.o(.text) referenced from startup_n32wb452.o(RESET)
 <LI><a href="#[4d]">DMA2_Channel5_IRQHandler</a> from startup_n32wb452.o(.text) referenced from startup_n32wb452.o(RESET)
 <LI><a href="#[55]">DMA2_Channel6_IRQHandler</a> from startup_n32wb452.o(.text) referenced from startup_n32wb452.o(RESET)
 <LI><a href="#[56]">DMA2_Channel7_IRQHandler</a> from startup_n32wb452.o(.text) referenced from startup_n32wb452.o(RESET)
 <LI><a href="#[5e]">DMA2_Channel8_IRQHandler</a> from startup_n32wb452.o(.text) referenced from startup_n32wb452.o(RESET)
 <LI><a href="#[5f]">DVP_IRQHandler</a> from startup_n32wb452.o(.text) referenced from startup_n32wb452.o(RESET)
 <LI><a href="#[e]">DebugMon_Handler</a> from n32wb452_it.o(.text.DebugMon_Handler) referenced from startup_n32wb452.o(RESET)
 <LI><a href="#[17]">EXTI0_IRQHandler</a> from drv_gpio.o(.text.EXTI0_IRQHandler) referenced from startup_n32wb452.o(RESET)
 <LI><a href="#[39]">EXTI15_10_IRQHandler</a> from drv_gpio.o(.text.EXTI15_10_IRQHandler) referenced from startup_n32wb452.o(RESET)
 <LI><a href="#[18]">EXTI1_IRQHandler</a> from drv_gpio.o(.text.EXTI1_IRQHandler) referenced from startup_n32wb452.o(RESET)
 <LI><a href="#[19]">EXTI2_IRQHandler</a> from drv_gpio.o(.text.EXTI2_IRQHandler) referenced from startup_n32wb452.o(RESET)
 <LI><a href="#[1a]">EXTI3_IRQHandler</a> from drv_gpio.o(.text.EXTI3_IRQHandler) referenced from startup_n32wb452.o(RESET)
 <LI><a href="#[1b]">EXTI4_IRQHandler</a> from drv_gpio.o(.text.EXTI4_IRQHandler) referenced from startup_n32wb452.o(RESET)
 <LI><a href="#[28]">EXTI9_5_IRQHandler</a> from drv_gpio.o(.text.EXTI9_5_IRQHandler) referenced from startup_n32wb452.o(RESET)
 <LI><a href="#[15]">FLASH_IRQHandler</a> from startup_n32wb452.o(.text) referenced from startup_n32wb452.o(RESET)
 <LI><a href="#[9]">HardFault_Handler</a> from context_rvds.o(.text) referenced from startup_n32wb452.o(RESET)
 <LI><a href="#[31]">I2C1_ER_IRQHandler</a> from startup_n32wb452.o(.text) referenced from startup_n32wb452.o(RESET)
 <LI><a href="#[30]">I2C1_EV_IRQHandler</a> from startup_n32wb452.o(.text) referenced from startup_n32wb452.o(RESET)
 <LI><a href="#[33]">I2C2_ER_IRQHandler</a> from startup_n32wb452.o(.text) referenced from startup_n32wb452.o(RESET)
 <LI><a href="#[32]">I2C2_EV_IRQHandler</a> from startup_n32wb452.o(.text) referenced from startup_n32wb452.o(RESET)
 <LI><a href="#[58]">I2C3_ER_IRQHandler</a> from startup_n32wb452.o(.text) referenced from startup_n32wb452.o(RESET)
 <LI><a href="#[57]">I2C3_EV_IRQHandler</a> from startup_n32wb452.o(.text) referenced from startup_n32wb452.o(RESET)
 <LI><a href="#[5a]">I2C4_ER_IRQHandler</a> from startup_n32wb452.o(.text) referenced from startup_n32wb452.o(RESET)
 <LI><a href="#[59]">I2C4_EV_IRQHandler</a> from startup_n32wb452.o(.text) referenced from startup_n32wb452.o(RESET)
 <LI><a href="#[61]">MMU_IRQHandler</a> from startup_n32wb452.o(.text) referenced from startup_n32wb452.o(RESET)
 <LI><a href="#[a]">MemManage_Handler</a> from n32wb452_it.o(.text.MemManage_Handler) referenced from startup_n32wb452.o(RESET)
 <LI><a href="#[7e]">N32WB452_pin_attach_irq</a> from drv_gpio.o(.text.N32WB452_pin_attach_irq) referenced from drv_gpio.o(.rodata._N32WB452_pin_ops)
 <LI><a href="#[7f]">N32WB452_pin_dettach_irq</a> from drv_gpio.o(.text.N32WB452_pin_dettach_irq) referenced from drv_gpio.o(.rodata._N32WB452_pin_ops)
 <LI><a href="#[80]">N32WB452_pin_irq_enable</a> from drv_gpio.o(.text.N32WB452_pin_irq_enable) referenced from drv_gpio.o(.rodata._N32WB452_pin_ops)
 <LI><a href="#[7b]">N32WB452_pin_mode</a> from drv_gpio.o(.text.N32WB452_pin_mode) referenced from drv_gpio.o(.rodata._N32WB452_pin_ops)
 <LI><a href="#[7d]">N32WB452_pin_read</a> from drv_gpio.o(.text.N32WB452_pin_read) referenced from drv_gpio.o(.rodata._N32WB452_pin_ops)
 <LI><a href="#[7c]">N32WB452_pin_write</a> from drv_gpio.o(.text.N32WB452_pin_write) referenced from drv_gpio.o(.rodata._N32WB452_pin_ops)
 <LI><a href="#[8]">NMI_Handler</a> from n32wb452_it.o(.text.NMI_Handler) referenced from startup_n32wb452.o(RESET)
 <LI><a href="#[86]">OP_add_byte</a> from finsh_ops.o(.text.OP_add_byte) referenced from finsh_ops.o(.rodata.op_table)
 <LI><a href="#[88]">OP_add_dword</a> from finsh_ops.o(.text.OP_add_dword) referenced from finsh_ops.o(.rodata.op_table)
 <LI><a href="#[87]">OP_add_word</a> from finsh_ops.o(.text.OP_add_word) referenced from finsh_ops.o(.rodata.op_table)
 <LI><a href="#[95]">OP_and_byte</a> from finsh_ops.o(.text.OP_and_byte) referenced from finsh_ops.o(.rodata.op_table)
 <LI><a href="#[97]">OP_and_dword</a> from finsh_ops.o(.text.OP_and_dword) referenced from finsh_ops.o(.rodata.op_table)
 <LI><a href="#[96]">OP_and_word</a> from finsh_ops.o(.text.OP_and_word) referenced from finsh_ops.o(.rodata.op_table)
 <LI><a href="#[9e]">OP_bw_byte</a> from finsh_ops.o(.text.OP_bw_byte) referenced from finsh_ops.o(.rodata.op_table)
 <LI><a href="#[a0]">OP_bw_dword</a> from finsh_ops.o(.text.OP_bw_dword) referenced from finsh_ops.o(.rodata.op_table)
 <LI><a href="#[9f]">OP_bw_word</a> from finsh_ops.o(.text.OP_bw_word) referenced from finsh_ops.o(.rodata.op_table)
 <LI><a href="#[b1]">OP_call</a> from finsh_ops.o(.text.OP_call) referenced from finsh_ops.o(.rodata.op_table)
 <LI><a href="#[8c]">OP_div_byte</a> from finsh_ops.o(.text.OP_div_byte) referenced from finsh_ops.o(.rodata.op_table)
 <LI><a href="#[8e]">OP_div_dword</a> from finsh_ops.o(.text.OP_div_dword) referenced from finsh_ops.o(.rodata.op_table)
 <LI><a href="#[8d]">OP_div_word</a> from finsh_ops.o(.text.OP_div_word) referenced from finsh_ops.o(.rodata.op_table)
 <LI><a href="#[a7]">OP_ld_byte</a> from finsh_ops.o(.text.OP_ld_byte) referenced from finsh_ops.o(.rodata.op_table)
 <LI><a href="#[a9]">OP_ld_dword</a> from finsh_ops.o(.text.OP_ld_dword) referenced from finsh_ops.o(.rodata.op_table)
 <LI><a href="#[aa]">OP_ld_value_byte</a> from finsh_ops.o(.text.OP_ld_value_byte) referenced from finsh_ops.o(.rodata.op_table)
 <LI><a href="#[b2]">OP_ld_value_byte_stack</a> from finsh_ops.o(.text.OP_ld_value_byte_stack) referenced from finsh_ops.o(.rodata.op_table)
 <LI><a href="#[ac]">OP_ld_value_dword</a> from finsh_ops.o(.text.OP_ld_value_dword) referenced from finsh_ops.o(.rodata.op_table)
 <LI><a href="#[b4]">OP_ld_value_dword_stack</a> from finsh_ops.o(.text.OP_ld_value_dword_stack) referenced from finsh_ops.o(.rodata.op_table)
 <LI><a href="#[ab]">OP_ld_value_word</a> from finsh_ops.o(.text.OP_ld_value_word) referenced from finsh_ops.o(.rodata.op_table)
 <LI><a href="#[b3]">OP_ld_value_word_stack</a> from finsh_ops.o(.text.OP_ld_value_word_stack) referenced from finsh_ops.o(.rodata.op_table)
 <LI><a href="#[a8]">OP_ld_word</a> from finsh_ops.o(.text.OP_ld_word) referenced from finsh_ops.o(.rodata.op_table)
 <LI><a href="#[8f]">OP_mod_byte</a> from finsh_ops.o(.text.OP_mod_byte) referenced from finsh_ops.o(.rodata.op_table)
 <LI><a href="#[91]">OP_mod_dword</a> from finsh_ops.o(.text.OP_mod_dword) referenced from finsh_ops.o(.rodata.op_table)
 <LI><a href="#[90]">OP_mod_word</a> from finsh_ops.o(.text.OP_mod_word) referenced from finsh_ops.o(.rodata.op_table)
 <LI><a href="#[92]">OP_mul_byte</a> from finsh_ops.o(.text.OP_mul_byte) referenced from finsh_ops.o(.rodata.op_table)
 <LI><a href="#[94]">OP_mul_dword</a> from finsh_ops.o(.text.OP_mul_dword) referenced from finsh_ops.o(.rodata.op_table)
 <LI><a href="#[93]">OP_mul_word</a> from finsh_ops.o(.text.OP_mul_word) referenced from finsh_ops.o(.rodata.op_table)
 <LI><a href="#[85]">OP_no_op</a> from finsh_ops.o(.text.OP_no_op) referenced from finsh_ops.o(.rodata.op_table)
 <LI><a href="#[98]">OP_or_byte</a> from finsh_ops.o(.text.OP_or_byte) referenced from finsh_ops.o(.rodata.op_table)
 <LI><a href="#[9a]">OP_or_dword</a> from finsh_ops.o(.text.OP_or_dword) referenced from finsh_ops.o(.rodata.op_table)
 <LI><a href="#[99]">OP_or_word</a> from finsh_ops.o(.text.OP_or_word) referenced from finsh_ops.o(.rodata.op_table)
 <LI><a href="#[b0]">OP_pop</a> from finsh_ops.o(.text.OP_pop) referenced from finsh_ops.o(.rodata.op_table)
 <LI><a href="#[a1]">OP_shl_byte</a> from finsh_ops.o(.text.OP_shl_byte) referenced from finsh_ops.o(.rodata.op_table)
 <LI><a href="#[a3]">OP_shl_dword</a> from finsh_ops.o(.text.OP_shl_dword) referenced from finsh_ops.o(.rodata.op_table)
 <LI><a href="#[a2]">OP_shl_word</a> from finsh_ops.o(.text.OP_shl_word) referenced from finsh_ops.o(.rodata.op_table)
 <LI><a href="#[a4]">OP_shr_byte</a> from finsh_ops.o(.text.OP_shr_byte) referenced from finsh_ops.o(.rodata.op_table)
 <LI><a href="#[a6]">OP_shr_dword</a> from finsh_ops.o(.text.OP_shr_dword) referenced from finsh_ops.o(.rodata.op_table)
 <LI><a href="#[a5]">OP_shr_word</a> from finsh_ops.o(.text.OP_shr_word) referenced from finsh_ops.o(.rodata.op_table)
 <LI><a href="#[ad]">OP_st_byte</a> from finsh_ops.o(.text.OP_st_byte) referenced from finsh_ops.o(.rodata.op_table)
 <LI><a href="#[af]">OP_st_dword</a> from finsh_ops.o(.text.OP_st_dword) referenced from finsh_ops.o(.rodata.op_table)
 <LI><a href="#[ae]">OP_st_word</a> from finsh_ops.o(.text.OP_st_word) referenced from finsh_ops.o(.rodata.op_table)
 <LI><a href="#[89]">OP_sub_byte</a> from finsh_ops.o(.text.OP_sub_byte) referenced from finsh_ops.o(.rodata.op_table)
 <LI><a href="#[8b]">OP_sub_dword</a> from finsh_ops.o(.text.OP_sub_dword) referenced from finsh_ops.o(.rodata.op_table)
 <LI><a href="#[8a]">OP_sub_word</a> from finsh_ops.o(.text.OP_sub_word) referenced from finsh_ops.o(.rodata.op_table)
 <LI><a href="#[9b]">OP_xor_byte</a> from finsh_ops.o(.text.OP_xor_byte) referenced from finsh_ops.o(.rodata.op_table)
 <LI><a href="#[9d]">OP_xor_dword</a> from finsh_ops.o(.text.OP_xor_dword) referenced from finsh_ops.o(.rodata.op_table)
 <LI><a href="#[9c]">OP_xor_word</a> from finsh_ops.o(.text.OP_xor_word) referenced from finsh_ops.o(.rodata.op_table)
 <LI><a href="#[12]">PVD_IRQHandler</a> from startup_n32wb452.o(.text) referenced from startup_n32wb452.o(RESET)
 <LI><a href="#[f]">PendSV_Handler</a> from context_rvds.o(.text) referenced from startup_n32wb452.o(RESET)
 <LI><a href="#[16]">RCC_IRQHandler</a> from startup_n32wb452.o(.text) referenced from startup_n32wb452.o(RESET)
 <LI><a href="#[40]">RESERVE47_IRQHandler</a> from startup_n32wb452.o(.text) referenced from startup_n32wb452.o(RESET)
 <LI><a href="#[41]">RESERVE48_IRQHandler</a> from startup_n32wb452.o(.text) referenced from startup_n32wb452.o(RESET)
 <LI><a href="#[4e]">RESERVE61_IRQHandler</a> from startup_n32wb452.o(.text) referenced from startup_n32wb452.o(RESET)
 <LI><a href="#[4f]">RESERVE62_IRQHandler</a> from startup_n32wb452.o(.text) referenced from startup_n32wb452.o(RESET)
 <LI><a href="#[54]">RESERVE67_IRQHandler</a> from startup_n32wb452.o(.text) referenced from startup_n32wb452.o(RESET)
 <LI><a href="#[63]">RESERVE82_IRQHandler</a> from startup_n32wb452.o(.text) referenced from startup_n32wb452.o(RESET)
 <LI><a href="#[64]">RESERVE83_IRQHandler</a> from startup_n32wb452.o(.text) referenced from startup_n32wb452.o(RESET)
 <LI><a href="#[65]">RESERVE84_IRQHandler</a> from startup_n32wb452.o(.text) referenced from startup_n32wb452.o(RESET)
 <LI><a href="#[66]">RSRAM_IRQHandler</a> from startup_n32wb452.o(.text) referenced from startup_n32wb452.o(RESET)
 <LI><a href="#[3a]">RTCAlarm_IRQHandler</a> from startup_n32wb452.o(.text) referenced from startup_n32wb452.o(RESET)
 <LI><a href="#[14]">RTC_WKUP_IRQHandler</a> from startup_n32wb452.o(.text) referenced from startup_n32wb452.o(RESET)
 <LI><a href="#[7]">Reset_Handler</a> from startup_n32wb452.o(.text) referenced from startup_n32wb452.o(RESET)
 <LI><a href="#[60]">SAC_IRQHandler</a> from startup_n32wb452.o(.text) referenced from startup_n32wb452.o(RESET)
 <LI><a href="#[42]">SDIO_IRQHandler</a> from startup_n32wb452.o(.text) referenced from startup_n32wb452.o(RESET)
 <LI><a href="#[34]">SPI1_IRQHandler</a> from startup_n32wb452.o(.text) referenced from startup_n32wb452.o(RESET)
 <LI><a href="#[35]">SPI2_IRQHandler</a> from startup_n32wb452.o(.text) referenced from startup_n32wb452.o(RESET)
 <LI><a href="#[44]">SPI3_IRQHandler</a> from startup_n32wb452.o(.text) referenced from startup_n32wb452.o(RESET)
 <LI><a href="#[d]">SVC_Handler</a> from n32wb452_it.o(.text.SVC_Handler) referenced from startup_n32wb452.o(RESET)
 <LI><a href="#[10]">SysTick_Handler</a> from board.o(.text.SysTick_Handler) referenced from startup_n32wb452.o(RESET)
 <LI><a href="#[68]">SystemInit</a> from system_n32wb452.o(.text.SystemInit) referenced from startup_n32wb452.o(.text)
 <LI><a href="#[13]">TAMPER_IRQHandler</a> from startup_n32wb452.o(.text) referenced from startup_n32wb452.o(RESET)
 <LI><a href="#[29]">TIM1_BRK_IRQHandler</a> from startup_n32wb452.o(.text) referenced from startup_n32wb452.o(RESET)
 <LI><a href="#[2c]">TIM1_CC_IRQHandler</a> from startup_n32wb452.o(.text) referenced from startup_n32wb452.o(RESET)
 <LI><a href="#[2b]">TIM1_TRG_COM_IRQHandler</a> from startup_n32wb452.o(.text) referenced from startup_n32wb452.o(RESET)
 <LI><a href="#[2a]">TIM1_UP_IRQHandler</a> from startup_n32wb452.o(.text) referenced from startup_n32wb452.o(RESET)
 <LI><a href="#[2d]">TIM2_IRQHandler</a> from startup_n32wb452.o(.text) referenced from startup_n32wb452.o(RESET)
 <LI><a href="#[2e]">TIM3_IRQHandler</a> from startup_n32wb452.o(.text) referenced from startup_n32wb452.o(RESET)
 <LI><a href="#[2f]">TIM4_IRQHandler</a> from startup_n32wb452.o(.text) referenced from startup_n32wb452.o(RESET)
 <LI><a href="#[43]">TIM5_IRQHandler</a> from startup_n32wb452.o(.text) referenced from startup_n32wb452.o(RESET)
 <LI><a href="#[47]">TIM6_IRQHandler</a> from startup_n32wb452.o(.text) referenced from startup_n32wb452.o(RESET)
 <LI><a href="#[48]">TIM7_IRQHandler</a> from startup_n32wb452.o(.text) referenced from startup_n32wb452.o(RESET)
 <LI><a href="#[3c]">TIM8_BRK_IRQHandler</a> from startup_n32wb452.o(.text) referenced from startup_n32wb452.o(RESET)
 <LI><a href="#[3f]">TIM8_CC_IRQHandler</a> from startup_n32wb452.o(.text) referenced from startup_n32wb452.o(RESET)
 <LI><a href="#[3e]">TIM8_TRG_COM_IRQHandler</a> from startup_n32wb452.o(.text) referenced from startup_n32wb452.o(RESET)
 <LI><a href="#[3d]">TIM8_UP_IRQHandler</a> from startup_n32wb452.o(.text) referenced from startup_n32wb452.o(RESET)
 <LI><a href="#[62]">TSC_IRQHandler</a> from startup_n32wb452.o(.text) referenced from startup_n32wb452.o(RESET)
 <LI><a href="#[45]">UART4_IRQHandler</a> from startup_n32wb452.o(.text) referenced from startup_n32wb452.o(RESET)
 <LI><a href="#[46]">UART5_IRQHandler</a> from startup_n32wb452.o(.text) referenced from startup_n32wb452.o(RESET)
 <LI><a href="#[5b]">UART6_IRQHandler</a> from startup_n32wb452.o(.text) referenced from startup_n32wb452.o(RESET)
 <LI><a href="#[5c]">UART7_IRQHandler</a> from startup_n32wb452.o(.text) referenced from startup_n32wb452.o(RESET)
 <LI><a href="#[36]">USART1_IRQHandler</a> from startup_n32wb452.o(.text) referenced from startup_n32wb452.o(RESET)
 <LI><a href="#[37]">USART2_IRQHandler</a> from startup_n32wb452.o(.text) referenced from startup_n32wb452.o(RESET)
 <LI><a href="#[38]">USART3_IRQHandler</a> from drv_usart.o(.text.USART3_IRQHandler) referenced from startup_n32wb452.o(RESET)
 <LI><a href="#[3b]">USBWakeUp_IRQHandler</a> from startup_n32wb452.o(.text) referenced from startup_n32wb452.o(RESET)
 <LI><a href="#[24]">USB_HP_CAN1_TX_IRQHandler</a> from startup_n32wb452.o(.text) referenced from startup_n32wb452.o(RESET)
 <LI><a href="#[25]">USB_LP_CAN1_RX0_IRQHandler</a> from startup_n32wb452.o(.text) referenced from startup_n32wb452.o(RESET)
 <LI><a href="#[c]">UsageFault_Handler</a> from n32wb452_it.o(.text.UsageFault_Handler) referenced from startup_n32wb452.o(RESET)
 <LI><a href="#[11]">WWDG_IRQHandler</a> from startup_n32wb452.o(.text) referenced from startup_n32wb452.o(RESET)
 <LI><a href="#[69]">__main</a> from entry.o(.ARM.Collect$$$$00000000) referenced from startup_n32wb452.o(.text)
 <LI><a href="#[73]">_pin_control</a> from pin.o(.text._pin_control) referenced 2 times from pin.o(.text.rt_device_pin_register)
 <LI><a href="#[71]">_pin_read</a> from pin.o(.text._pin_read) referenced 2 times from pin.o(.text.rt_device_pin_register)
 <LI><a href="#[72]">_pin_write</a> from pin.o(.text._pin_write) referenced 2 times from pin.o(.text.rt_device_pin_register)
 <LI><a href="#[6c]">finsh_rx_ind</a> from shell.o(.text.finsh_rx_ind) referenced 2 times from shell.o(.text.finsh_set_device)
 <LI><a href="#[ba]">finsh_system_init</a> from shell.o(.text.finsh_system_init) referenced from shell.o(.rti_fn.6)
 <LI><a href="#[6d]">finsh_thread_entry</a> from shell.o(.text.finsh_thread_entry) referenced 2 times from shell.o(.text.finsh_system_init)
 <LI><a href="#[0]">hello</a> from cmd.o(.text.hello) referenced 2 times from symbol.o(.data._syscall_table)
 <LI><a href="#[6e]">led0_thread_entry</a> from main.o(.text.led0_thread_entry) referenced 2 times from main.o(.text.main)
 <LI><a href="#[6f]">led1_thread_entry</a> from main.o(.text.led1_thread_entry) referenced 2 times from main.o(.text.main)
 <LI><a href="#[2]">list</a> from cmd.o(.text.list) referenced 2 times from symbol.o(.data._syscall_table)
 <LI><a href="#[5]">list_mutex</a> from cmd.o(.text.list_mutex) referenced 2 times from symbol.o(.data._syscall_table)
 <LI><a href="#[4]">list_sem</a> from cmd.o(.text.list_sem) referenced 2 times from symbol.o(.data._syscall_table)
 <LI><a href="#[3]">list_thread</a> from cmd.o(.text.list_thread) referenced 2 times from symbol.o(.data._syscall_table)
 <LI><a href="#[6]">list_timer</a> from cmd.o(.text.list_timer) referenced 2 times from symbol.o(.data._syscall_table)
 <LI><a href="#[67]">main</a> from components.o(.text.$Sub$$main) referenced from entry9a.o(.ARM.Collect$$$$0000000B)
 <LI><a href="#[70]">main_thread_entry</a> from components.o(.text.main_thread_entry) referenced 2 times from components.o(.text.rt_application_init)
 <LI><a href="#[81]">n32wb452_configure</a> from drv_usart.o(.text.n32wb452_configure) referenced from drv_usart.o(.rodata.n32wb452_uart_ops)
 <LI><a href="#[82]">n32wb452_control</a> from drv_usart.o(.text.n32wb452_control) referenced from drv_usart.o(.rodata.n32wb452_uart_ops)
 <LI><a href="#[84]">n32wb452_getc</a> from drv_usart.o(.text.n32wb452_getc) referenced from drv_usart.o(.rodata.n32wb452_uart_ops)
 <LI><a href="#[83]">n32wb452_putc</a> from drv_usart.o(.text.n32wb452_putc) referenced from drv_usart.o(.rodata.n32wb452_uart_ops)
 <LI><a href="#[b7]">rt_hw_pin_init</a> from drv_gpio.o(.text.rt_hw_pin_init) referenced from drv_gpio.o(.rti_fn.1)
 <LI><a href="#[b8]">rt_hw_usart_init</a> from drv_usart.o(.text.rt_hw_usart_init) referenced from drv_usart.o(.rti_fn.1)
 <LI><a href="#[76]">rt_serial_close</a> from serial.o(.text.rt_serial_close) referenced 2 times from serial.o(.text.rt_hw_serial_register)
 <LI><a href="#[79]">rt_serial_control</a> from serial.o(.text.rt_serial_control) referenced 2 times from serial.o(.text.rt_hw_serial_register)
 <LI><a href="#[74]">rt_serial_init</a> from serial.o(.text.rt_serial_init) referenced 2 times from serial.o(.text.rt_hw_serial_register)
 <LI><a href="#[75]">rt_serial_open</a> from serial.o(.text.rt_serial_open) referenced 2 times from serial.o(.text.rt_hw_serial_register)
 <LI><a href="#[77]">rt_serial_read</a> from serial.o(.text.rt_serial_read) referenced 2 times from serial.o(.text.rt_hw_serial_register)
 <LI><a href="#[78]">rt_serial_write</a> from serial.o(.text.rt_serial_write) referenced 2 times from serial.o(.text.rt_hw_serial_register)
 <LI><a href="#[6a]">rt_thread_exit</a> from thread.o(.text.rt_thread_exit) referenced 2 times from thread.o(.text._rt_thread_init)
 <LI><a href="#[7a]">rt_thread_idle_entry</a> from idle.o(.text.rt_thread_idle_entry) referenced 2 times from idle.o(.text.rt_thread_idle_init)
 <LI><a href="#[6b]">rt_thread_timeout</a> from thread.o(.text.rt_thread_timeout) referenced 2 times from thread.o(.text._rt_thread_init)
 <LI><a href="#[b9]">rti_board_end</a> from components.o(.text.rti_board_end) referenced from components.o(.rti_fn.1.end)
 <LI><a href="#[b6]">rti_board_start</a> from components.o(.text.rti_board_start) referenced from components.o(.rti_fn.0.end)
 <LI><a href="#[bb]">rti_end</a> from components.o(.text.rti_end) referenced from components.o(.rti_fn.6.end)
 <LI><a href="#[b5]">rti_start</a> from components.o(.text.rti_start) referenced from components.o(.rti_fn.0)
 <LI><a href="#[1]">version</a> from cmd.o(.text.version) referenced 2 times from symbol.o(.data._syscall_table)
</UL>
<P>
<H3>
Global Symbols
</H3>
<P><STRONG><a name="[69]"></a>__main</STRONG> (Thumb, 0 bytes, Stack size unknown bytes, entry.o(.ARM.Collect$$$$00000000))
<BR>[Address Reference Count : 1]<UL><LI> startup_n32wb452.o(.text)
</UL>
<P><STRONG><a name="[1da]"></a>_main_stk</STRONG> (Thumb, 0 bytes, Stack size unknown bytes, entry2.o(.ARM.Collect$$$$00000001))

<P><STRONG><a name="[bc]"></a>_main_scatterload</STRONG> (Thumb, 0 bytes, Stack size unknown bytes, entry5.o(.ARM.Collect$$$$00000004))
<BR><BR>[Calls]<UL><LI><a href="#[bd]">&gt;&gt;</a>&nbsp;&nbsp;&nbsp;__scatterload
</UL>

<P><STRONG><a name="[c7]"></a>__main_after_scatterload</STRONG> (Thumb, 0 bytes, Stack size unknown bytes, entry5.o(.ARM.Collect$$$$00000004))
<BR><BR>[Called By]<UL><LI><a href="#[bd]">&gt;&gt;</a>&nbsp;&nbsp;&nbsp;__scatterload
</UL>

<P><STRONG><a name="[1db]"></a>_main_clock</STRONG> (Thumb, 0 bytes, Stack size unknown bytes, entry7b.o(.ARM.Collect$$$$00000008))

<P><STRONG><a name="[1dc]"></a>_main_cpp_init</STRONG> (Thumb, 0 bytes, Stack size unknown bytes, entry8b.o(.ARM.Collect$$$$0000000A))

<P><STRONG><a name="[1dd]"></a>_main_init</STRONG> (Thumb, 0 bytes, Stack size unknown bytes, entry9a.o(.ARM.Collect$$$$0000000B))

<P><STRONG><a name="[1de]"></a>__rt_final_cpp</STRONG> (Thumb, 0 bytes, Stack size unknown bytes, entry10a.o(.ARM.Collect$$$$0000000D))

<P><STRONG><a name="[1df]"></a>__rt_final_exit</STRONG> (Thumb, 0 bytes, Stack size unknown bytes, entry11a.o(.ARM.Collect$$$$0000000F))

<P><STRONG><a name="[d2]"></a>rt_hw_interrupt_disable</STRONG> (Thumb, 8 bytes, Stack size 0 bytes, context_rvds.o(.text))
<BR><BR>[Called By]<UL><LI><a href="#[1ad]">&gt;&gt;</a>&nbsp;&nbsp;&nbsp;rt_object_detach
<LI><a href="#[19b]">&gt;&gt;</a>&nbsp;&nbsp;&nbsp;rt_object_init
<LI><a href="#[1c9]">&gt;&gt;</a>&nbsp;&nbsp;&nbsp;rt_timer_check
<LI><a href="#[1c7]">&gt;&gt;</a>&nbsp;&nbsp;&nbsp;rt_thread_yield
<LI><a href="#[11c]">&gt;&gt;</a>&nbsp;&nbsp;&nbsp;rt_sem_take
<LI><a href="#[13d]">&gt;&gt;</a>&nbsp;&nbsp;&nbsp;rt_sem_release
<LI><a href="#[173]">&gt;&gt;</a>&nbsp;&nbsp;&nbsp;rt_exit_critical
<LI><a href="#[172]">&gt;&gt;</a>&nbsp;&nbsp;&nbsp;rt_enter_critical
<LI><a href="#[18a]">&gt;&gt;</a>&nbsp;&nbsp;&nbsp;rt_thread_resume
<LI><a href="#[18b]">&gt;&gt;</a>&nbsp;&nbsp;&nbsp;rt_schedule
<LI><a href="#[193]">&gt;&gt;</a>&nbsp;&nbsp;&nbsp;rt_timer_start
<LI><a href="#[191]">&gt;&gt;</a>&nbsp;&nbsp;&nbsp;rt_interrupt_get_nest
<LI><a href="#[18f]">&gt;&gt;</a>&nbsp;&nbsp;&nbsp;rt_thread_suspend
<LI><a href="#[109]">&gt;&gt;</a>&nbsp;&nbsp;&nbsp;rt_completion_wait
<LI><a href="#[188]">&gt;&gt;</a>&nbsp;&nbsp;&nbsp;rt_completion_done
<LI><a href="#[19d]">&gt;&gt;</a>&nbsp;&nbsp;&nbsp;rt_free
<LI><a href="#[18c]">&gt;&gt;</a>&nbsp;&nbsp;&nbsp;rt_completion_init
<LI><a href="#[187]">&gt;&gt;</a>&nbsp;&nbsp;&nbsp;rt_malloc
<LI><a href="#[107]">&gt;&gt;</a>&nbsp;&nbsp;&nbsp;_serial_int_rx
<LI><a href="#[1a0]">&gt;&gt;</a>&nbsp;&nbsp;&nbsp;rt_hw_serial_isr
<LI><a href="#[80]">&gt;&gt;</a>&nbsp;&nbsp;&nbsp;N32WB452_pin_irq_enable
<LI><a href="#[7f]">&gt;&gt;</a>&nbsp;&nbsp;&nbsp;N32WB452_pin_dettach_irq
<LI><a href="#[7e]">&gt;&gt;</a>&nbsp;&nbsp;&nbsp;N32WB452_pin_attach_irq
<LI><a href="#[19f]">&gt;&gt;</a>&nbsp;&nbsp;&nbsp;rt_system_heap_init
<LI><a href="#[cc]">&gt;&gt;</a>&nbsp;&nbsp;&nbsp;rt_interrupt_leave
<LI><a href="#[ca]">&gt;&gt;</a>&nbsp;&nbsp;&nbsp;rt_interrupt_enter
<LI><a href="#[c9]">&gt;&gt;</a>&nbsp;&nbsp;&nbsp;rtthread_startup
<LI><a href="#[1be]">&gt;&gt;</a>&nbsp;&nbsp;&nbsp;rt_thread_sleep
<LI><a href="#[1c6]">&gt;&gt;</a>&nbsp;&nbsp;&nbsp;rt_timer_stop
<LI><a href="#[1bf]">&gt;&gt;</a>&nbsp;&nbsp;&nbsp;rt_timer_detach
<LI><a href="#[6a]">&gt;&gt;</a>&nbsp;&nbsp;&nbsp;rt_thread_exit
<LI><a href="#[1b4]">&gt;&gt;</a>&nbsp;&nbsp;&nbsp;rt_schedule_remove_thread
<LI><a href="#[1b2]">&gt;&gt;</a>&nbsp;&nbsp;&nbsp;rt_schedule_insert_thread
<LI><a href="#[fc]">&gt;&gt;</a>&nbsp;&nbsp;&nbsp;_rt_scheduler_stack_check
<LI><a href="#[1a9]">&gt;&gt;</a>&nbsp;&nbsp;&nbsp;rt_object_allocate
<LI><a href="#[1ab]">&gt;&gt;</a>&nbsp;&nbsp;&nbsp;rt_object_delete
<LI><a href="#[1c1]">&gt;&gt;</a>&nbsp;&nbsp;&nbsp;rt_thread_idle_excute
</UL>

<P><STRONG><a name="[d3]"></a>rt_hw_interrupt_enable</STRONG> (Thumb, 6 bytes, Stack size 0 bytes, context_rvds.o(.text))
<BR><BR>[Called By]<UL><LI><a href="#[1ad]">&gt;&gt;</a>&nbsp;&nbsp;&nbsp;rt_object_detach
<LI><a href="#[19b]">&gt;&gt;</a>&nbsp;&nbsp;&nbsp;rt_object_init
<LI><a href="#[1c9]">&gt;&gt;</a>&nbsp;&nbsp;&nbsp;rt_timer_check
<LI><a href="#[1c7]">&gt;&gt;</a>&nbsp;&nbsp;&nbsp;rt_thread_yield
<LI><a href="#[11c]">&gt;&gt;</a>&nbsp;&nbsp;&nbsp;rt_sem_take
<LI><a href="#[13d]">&gt;&gt;</a>&nbsp;&nbsp;&nbsp;rt_sem_release
<LI><a href="#[173]">&gt;&gt;</a>&nbsp;&nbsp;&nbsp;rt_exit_critical
<LI><a href="#[172]">&gt;&gt;</a>&nbsp;&nbsp;&nbsp;rt_enter_critical
<LI><a href="#[18a]">&gt;&gt;</a>&nbsp;&nbsp;&nbsp;rt_thread_resume
<LI><a href="#[18b]">&gt;&gt;</a>&nbsp;&nbsp;&nbsp;rt_schedule
<LI><a href="#[193]">&gt;&gt;</a>&nbsp;&nbsp;&nbsp;rt_timer_start
<LI><a href="#[191]">&gt;&gt;</a>&nbsp;&nbsp;&nbsp;rt_interrupt_get_nest
<LI><a href="#[18f]">&gt;&gt;</a>&nbsp;&nbsp;&nbsp;rt_thread_suspend
<LI><a href="#[109]">&gt;&gt;</a>&nbsp;&nbsp;&nbsp;rt_completion_wait
<LI><a href="#[188]">&gt;&gt;</a>&nbsp;&nbsp;&nbsp;rt_completion_done
<LI><a href="#[19d]">&gt;&gt;</a>&nbsp;&nbsp;&nbsp;rt_free
<LI><a href="#[18c]">&gt;&gt;</a>&nbsp;&nbsp;&nbsp;rt_completion_init
<LI><a href="#[187]">&gt;&gt;</a>&nbsp;&nbsp;&nbsp;rt_malloc
<LI><a href="#[107]">&gt;&gt;</a>&nbsp;&nbsp;&nbsp;_serial_int_rx
<LI><a href="#[1a0]">&gt;&gt;</a>&nbsp;&nbsp;&nbsp;rt_hw_serial_isr
<LI><a href="#[80]">&gt;&gt;</a>&nbsp;&nbsp;&nbsp;N32WB452_pin_irq_enable
<LI><a href="#[7f]">&gt;&gt;</a>&nbsp;&nbsp;&nbsp;N32WB452_pin_dettach_irq
<LI><a href="#[7e]">&gt;&gt;</a>&nbsp;&nbsp;&nbsp;N32WB452_pin_attach_irq
<LI><a href="#[19f]">&gt;&gt;</a>&nbsp;&nbsp;&nbsp;rt_system_heap_init
<LI><a href="#[cc]">&gt;&gt;</a>&nbsp;&nbsp;&nbsp;rt_interrupt_leave
<LI><a href="#[ca]">&gt;&gt;</a>&nbsp;&nbsp;&nbsp;rt_interrupt_enter
<LI><a href="#[1be]">&gt;&gt;</a>&nbsp;&nbsp;&nbsp;rt_thread_sleep
<LI><a href="#[1c6]">&gt;&gt;</a>&nbsp;&nbsp;&nbsp;rt_timer_stop
<LI><a href="#[1bf]">&gt;&gt;</a>&nbsp;&nbsp;&nbsp;rt_timer_detach
<LI><a href="#[6a]">&gt;&gt;</a>&nbsp;&nbsp;&nbsp;rt_thread_exit
<LI><a href="#[1b4]">&gt;&gt;</a>&nbsp;&nbsp;&nbsp;rt_schedule_remove_thread
<LI><a href="#[1b2]">&gt;&gt;</a>&nbsp;&nbsp;&nbsp;rt_schedule_insert_thread
<LI><a href="#[1a9]">&gt;&gt;</a>&nbsp;&nbsp;&nbsp;rt_object_allocate
<LI><a href="#[1ab]">&gt;&gt;</a>&nbsp;&nbsp;&nbsp;rt_object_delete
<LI><a href="#[1c1]">&gt;&gt;</a>&nbsp;&nbsp;&nbsp;rt_thread_idle_excute
</UL>

<P><STRONG><a name="[1b0]"></a>rt_hw_context_switch</STRONG> (Thumb, 32 bytes, Stack size 0 bytes, context_rvds.o(.text))
<BR><BR>[Called By]<UL><LI><a href="#[18b]">&gt;&gt;</a>&nbsp;&nbsp;&nbsp;rt_schedule
</UL>

<P><STRONG><a name="[1b1]"></a>rt_hw_context_switch_interrupt</STRONG> (Thumb, 0 bytes, Stack size 0 bytes, context_rvds.o(.text))
<BR><BR>[Called By]<UL><LI><a href="#[18b]">&gt;&gt;</a>&nbsp;&nbsp;&nbsp;rt_schedule
</UL>

<P><STRONG><a name="[f]"></a>PendSV_Handler</STRONG> (Thumb, 108 bytes, Stack size 0 bytes, context_rvds.o(.text))
<BR>[Address Reference Count : 1]<UL><LI> startup_n32wb452.o(RESET)
</UL>
<P><STRONG><a name="[1bc]"></a>rt_hw_context_switch_to</STRONG> (Thumb, 70 bytes, Stack size 0 bytes, context_rvds.o(.text))
<BR><BR>[Called By]<UL><LI><a href="#[1bb]">&gt;&gt;</a>&nbsp;&nbsp;&nbsp;rt_system_scheduler_start
</UL>

<P><STRONG><a name="[1e0]"></a>rt_hw_interrupt_thread_switch</STRONG> (Thumb, 2 bytes, Stack size 0 bytes, context_rvds.o(.text), UNUSED)

<P><STRONG><a name="[9]"></a>HardFault_Handler</STRONG> (Thumb, 56 bytes, Stack size 0 bytes, context_rvds.o(.text))
<BR><BR>[Stack]<UL><LI>Max Depth = 388<LI>Call Chain = HardFault_Handler &rArr; rt_hw_hard_fault_exception &rArr; list_thread &rArr; _list_thread &rArr; object_name_maxlen &rArr; rt_exit_critical &rArr; rt_schedule &rArr; _rt_scheduler_stack_check &rArr;  list_thread (Cycle)
</UL>
<BR>[Calls]<UL><LI><a href="#[be]">&gt;&gt;</a>&nbsp;&nbsp;&nbsp;rt_hw_hard_fault_exception
</UL>
<BR>[Address Reference Count : 1]<UL><LI> startup_n32wb452.o(RESET)
</UL>
<P><STRONG><a name="[7]"></a>Reset_Handler</STRONG> (Thumb, 8 bytes, Stack size 0 bytes, startup_n32wb452.o(.text))
<BR>[Address Reference Count : 1]<UL><LI> startup_n32wb452.o(RESET)
</UL>
<P><STRONG><a name="[23]"></a>ADC1_2_IRQHandler</STRONG> (Thumb, 0 bytes, Stack size 0 bytes, startup_n32wb452.o(.text))
<BR><BR>[Calls]<UL><LI><a href="#[23]">&gt;&gt;</a>&nbsp;&nbsp;&nbsp;ADC1_2_IRQHandler
</UL>
<BR>[Called By]<UL><LI><a href="#[23]">&gt;&gt;</a>&nbsp;&nbsp;&nbsp;ADC1_2_IRQHandler
</UL>
<BR>[Address Reference Count : 1]<UL><LI> startup_n32wb452.o(RESET)
</UL>
<P><STRONG><a name="[26]"></a>CAN1_RX1_IRQHandler</STRONG> (Thumb, 0 bytes, Stack size 0 bytes, startup_n32wb452.o(.text))
<BR>[Address Reference Count : 1]<UL><LI> startup_n32wb452.o(RESET)
</UL>
<P><STRONG><a name="[27]"></a>CAN1_SCE_IRQHandler</STRONG> (Thumb, 0 bytes, Stack size 0 bytes, startup_n32wb452.o(.text))
<BR>[Address Reference Count : 1]<UL><LI> startup_n32wb452.o(RESET)
</UL>
<P><STRONG><a name="[51]"></a>CAN2_RX0_IRQHandler</STRONG> (Thumb, 0 bytes, Stack size 0 bytes, startup_n32wb452.o(.text))
<BR>[Address Reference Count : 1]<UL><LI> startup_n32wb452.o(RESET)
</UL>
<P><STRONG><a name="[52]"></a>CAN2_RX1_IRQHandler</STRONG> (Thumb, 0 bytes, Stack size 0 bytes, startup_n32wb452.o(.text))
<BR>[Address Reference Count : 1]<UL><LI> startup_n32wb452.o(RESET)
</UL>
<P><STRONG><a name="[53]"></a>CAN2_SCE_IRQHandler</STRONG> (Thumb, 0 bytes, Stack size 0 bytes, startup_n32wb452.o(.text))
<BR>[Address Reference Count : 1]<UL><LI> startup_n32wb452.o(RESET)
</UL>
<P><STRONG><a name="[50]"></a>CAN2_TX_IRQHandler</STRONG> (Thumb, 0 bytes, Stack size 0 bytes, startup_n32wb452.o(.text))
<BR>[Address Reference Count : 1]<UL><LI> startup_n32wb452.o(RESET)
</UL>
<P><STRONG><a name="[1c]"></a>DMA1_Channel1_IRQHandler</STRONG> (Thumb, 0 bytes, Stack size 0 bytes, startup_n32wb452.o(.text))
<BR>[Address Reference Count : 1]<UL><LI> startup_n32wb452.o(RESET)
</UL>
<P><STRONG><a name="[1d]"></a>DMA1_Channel2_IRQHandler</STRONG> (Thumb, 0 bytes, Stack size 0 bytes, startup_n32wb452.o(.text))
<BR>[Address Reference Count : 1]<UL><LI> startup_n32wb452.o(RESET)
</UL>
<P><STRONG><a name="[1e]"></a>DMA1_Channel3_IRQHandler</STRONG> (Thumb, 0 bytes, Stack size 0 bytes, startup_n32wb452.o(.text))
<BR>[Address Reference Count : 1]<UL><LI> startup_n32wb452.o(RESET)
</UL>
<P><STRONG><a name="[1f]"></a>DMA1_Channel4_IRQHandler</STRONG> (Thumb, 0 bytes, Stack size 0 bytes, startup_n32wb452.o(.text))
<BR>[Address Reference Count : 1]<UL><LI> startup_n32wb452.o(RESET)
</UL>
<P><STRONG><a name="[20]"></a>DMA1_Channel5_IRQHandler</STRONG> (Thumb, 0 bytes, Stack size 0 bytes, startup_n32wb452.o(.text))
<BR>[Address Reference Count : 1]<UL><LI> startup_n32wb452.o(RESET)
</UL>
<P><STRONG><a name="[21]"></a>DMA1_Channel6_IRQHandler</STRONG> (Thumb, 0 bytes, Stack size 0 bytes, startup_n32wb452.o(.text))
<BR>[Address Reference Count : 1]<UL><LI> startup_n32wb452.o(RESET)
</UL>
<P><STRONG><a name="[22]"></a>DMA1_Channel7_IRQHandler</STRONG> (Thumb, 0 bytes, Stack size 0 bytes, startup_n32wb452.o(.text))
<BR>[Address Reference Count : 1]<UL><LI> startup_n32wb452.o(RESET)
</UL>
<P><STRONG><a name="[5d]"></a>DMA1_Channel8_IRQHandler</STRONG> (Thumb, 0 bytes, Stack size 0 bytes, startup_n32wb452.o(.text))
<BR>[Address Reference Count : 1]<UL><LI> startup_n32wb452.o(RESET)
</UL>
<P><STRONG><a name="[49]"></a>DMA2_Channel1_IRQHandler</STRONG> (Thumb, 0 bytes, Stack size 0 bytes, startup_n32wb452.o(.text))
<BR>[Address Reference Count : 1]<UL><LI> startup_n32wb452.o(RESET)
</UL>
<P><STRONG><a name="[4a]"></a>DMA2_Channel2_IRQHandler</STRONG> (Thumb, 0 bytes, Stack size 0 bytes, startup_n32wb452.o(.text))
<BR>[Address Reference Count : 1]<UL><LI> startup_n32wb452.o(RESET)
</UL>
<P><STRONG><a name="[4b]"></a>DMA2_Channel3_IRQHandler</STRONG> (Thumb, 0 bytes, Stack size 0 bytes, startup_n32wb452.o(.text))
<BR>[Address Reference Count : 1]<UL><LI> startup_n32wb452.o(RESET)
</UL>
<P><STRONG><a name="[4c]"></a>DMA2_Channel4_IRQHandler</STRONG> (Thumb, 0 bytes, Stack size 0 bytes, startup_n32wb452.o(.text))
<BR>[Address Reference Count : 1]<UL><LI> startup_n32wb452.o(RESET)
</UL>
<P><STRONG><a name="[4d]"></a>DMA2_Channel5_IRQHandler</STRONG> (Thumb, 0 bytes, Stack size 0 bytes, startup_n32wb452.o(.text))
<BR>[Address Reference Count : 1]<UL><LI> startup_n32wb452.o(RESET)
</UL>
<P><STRONG><a name="[55]"></a>DMA2_Channel6_IRQHandler</STRONG> (Thumb, 0 bytes, Stack size 0 bytes, startup_n32wb452.o(.text))
<BR>[Address Reference Count : 1]<UL><LI> startup_n32wb452.o(RESET)
</UL>
<P><STRONG><a name="[56]"></a>DMA2_Channel7_IRQHandler</STRONG> (Thumb, 0 bytes, Stack size 0 bytes, startup_n32wb452.o(.text))
<BR>[Address Reference Count : 1]<UL><LI> startup_n32wb452.o(RESET)
</UL>
<P><STRONG><a name="[5e]"></a>DMA2_Channel8_IRQHandler</STRONG> (Thumb, 0 bytes, Stack size 0 bytes, startup_n32wb452.o(.text))
<BR>[Address Reference Count : 1]<UL><LI> startup_n32wb452.o(RESET)
</UL>
<P><STRONG><a name="[5f]"></a>DVP_IRQHandler</STRONG> (Thumb, 0 bytes, Stack size 0 bytes, startup_n32wb452.o(.text))
<BR>[Address Reference Count : 1]<UL><LI> startup_n32wb452.o(RESET)
</UL>
<P><STRONG><a name="[15]"></a>FLASH_IRQHandler</STRONG> (Thumb, 0 bytes, Stack size 0 bytes, startup_n32wb452.o(.text))
<BR>[Address Reference Count : 1]<UL><LI> startup_n32wb452.o(RESET)
</UL>
<P><STRONG><a name="[31]"></a>I2C1_ER_IRQHandler</STRONG> (Thumb, 0 bytes, Stack size 0 bytes, startup_n32wb452.o(.text))
<BR>[Address Reference Count : 1]<UL><LI> startup_n32wb452.o(RESET)
</UL>
<P><STRONG><a name="[30]"></a>I2C1_EV_IRQHandler</STRONG> (Thumb, 0 bytes, Stack size 0 bytes, startup_n32wb452.o(.text))
<BR>[Address Reference Count : 1]<UL><LI> startup_n32wb452.o(RESET)
</UL>
<P><STRONG><a name="[33]"></a>I2C2_ER_IRQHandler</STRONG> (Thumb, 0 bytes, Stack size 0 bytes, startup_n32wb452.o(.text))
<BR>[Address Reference Count : 1]<UL><LI> startup_n32wb452.o(RESET)
</UL>
<P><STRONG><a name="[32]"></a>I2C2_EV_IRQHandler</STRONG> (Thumb, 0 bytes, Stack size 0 bytes, startup_n32wb452.o(.text))
<BR>[Address Reference Count : 1]<UL><LI> startup_n32wb452.o(RESET)
</UL>
<P><STRONG><a name="[58]"></a>I2C3_ER_IRQHandler</STRONG> (Thumb, 0 bytes, Stack size 0 bytes, startup_n32wb452.o(.text))
<BR>[Address Reference Count : 1]<UL><LI> startup_n32wb452.o(RESET)
</UL>
<P><STRONG><a name="[57]"></a>I2C3_EV_IRQHandler</STRONG> (Thumb, 0 bytes, Stack size 0 bytes, startup_n32wb452.o(.text))
<BR>[Address Reference Count : 1]<UL><LI> startup_n32wb452.o(RESET)
</UL>
<P><STRONG><a name="[5a]"></a>I2C4_ER_IRQHandler</STRONG> (Thumb, 0 bytes, Stack size 0 bytes, startup_n32wb452.o(.text))
<BR>[Address Reference Count : 1]<UL><LI> startup_n32wb452.o(RESET)
</UL>
<P><STRONG><a name="[59]"></a>I2C4_EV_IRQHandler</STRONG> (Thumb, 0 bytes, Stack size 0 bytes, startup_n32wb452.o(.text))
<BR>[Address Reference Count : 1]<UL><LI> startup_n32wb452.o(RESET)
</UL>
<P><STRONG><a name="[61]"></a>MMU_IRQHandler</STRONG> (Thumb, 0 bytes, Stack size 0 bytes, startup_n32wb452.o(.text))
<BR>[Address Reference Count : 1]<UL><LI> startup_n32wb452.o(RESET)
</UL>
<P><STRONG><a name="[12]"></a>PVD_IRQHandler</STRONG> (Thumb, 0 bytes, Stack size 0 bytes, startup_n32wb452.o(.text))
<BR>[Address Reference Count : 1]<UL><LI> startup_n32wb452.o(RESET)
</UL>
<P><STRONG><a name="[16]"></a>RCC_IRQHandler</STRONG> (Thumb, 0 bytes, Stack size 0 bytes, startup_n32wb452.o(.text))
<BR>[Address Reference Count : 1]<UL><LI> startup_n32wb452.o(RESET)
</UL>
<P><STRONG><a name="[66]"></a>RSRAM_IRQHandler</STRONG> (Thumb, 0 bytes, Stack size 0 bytes, startup_n32wb452.o(.text))
<BR>[Address Reference Count : 1]<UL><LI> startup_n32wb452.o(RESET)
</UL>
<P><STRONG><a name="[3a]"></a>RTCAlarm_IRQHandler</STRONG> (Thumb, 0 bytes, Stack size 0 bytes, startup_n32wb452.o(.text))
<BR>[Address Reference Count : 1]<UL><LI> startup_n32wb452.o(RESET)
</UL>
<P><STRONG><a name="[14]"></a>RTC_WKUP_IRQHandler</STRONG> (Thumb, 0 bytes, Stack size 0 bytes, startup_n32wb452.o(.text))
<BR>[Address Reference Count : 1]<UL><LI> startup_n32wb452.o(RESET)
</UL>
<P><STRONG><a name="[60]"></a>SAC_IRQHandler</STRONG> (Thumb, 0 bytes, Stack size 0 bytes, startup_n32wb452.o(.text))
<BR>[Address Reference Count : 1]<UL><LI> startup_n32wb452.o(RESET)
</UL>
<P><STRONG><a name="[42]"></a>SDIO_IRQHandler</STRONG> (Thumb, 0 bytes, Stack size 0 bytes, startup_n32wb452.o(.text))
<BR>[Address Reference Count : 1]<UL><LI> startup_n32wb452.o(RESET)
</UL>
<P><STRONG><a name="[34]"></a>SPI1_IRQHandler</STRONG> (Thumb, 0 bytes, Stack size 0 bytes, startup_n32wb452.o(.text))
<BR>[Address Reference Count : 1]<UL><LI> startup_n32wb452.o(RESET)
</UL>
<P><STRONG><a name="[35]"></a>SPI2_IRQHandler</STRONG> (Thumb, 0 bytes, Stack size 0 bytes, startup_n32wb452.o(.text))
<BR>[Address Reference Count : 1]<UL><LI> startup_n32wb452.o(RESET)
</UL>
<P><STRONG><a name="[44]"></a>SPI3_IRQHandler</STRONG> (Thumb, 0 bytes, Stack size 0 bytes, startup_n32wb452.o(.text))
<BR>[Address Reference Count : 1]<UL><LI> startup_n32wb452.o(RESET)
</UL>
<P><STRONG><a name="[13]"></a>TAMPER_IRQHandler</STRONG> (Thumb, 0 bytes, Stack size 0 bytes, startup_n32wb452.o(.text))
<BR>[Address Reference Count : 1]<UL><LI> startup_n32wb452.o(RESET)
</UL>
<P><STRONG><a name="[29]"></a>TIM1_BRK_IRQHandler</STRONG> (Thumb, 0 bytes, Stack size 0 bytes, startup_n32wb452.o(.text))
<BR>[Address Reference Count : 1]<UL><LI> startup_n32wb452.o(RESET)
</UL>
<P><STRONG><a name="[2c]"></a>TIM1_CC_IRQHandler</STRONG> (Thumb, 0 bytes, Stack size 0 bytes, startup_n32wb452.o(.text))
<BR>[Address Reference Count : 1]<UL><LI> startup_n32wb452.o(RESET)
</UL>
<P><STRONG><a name="[2b]"></a>TIM1_TRG_COM_IRQHandler</STRONG> (Thumb, 0 bytes, Stack size 0 bytes, startup_n32wb452.o(.text))
<BR>[Address Reference Count : 1]<UL><LI> startup_n32wb452.o(RESET)
</UL>
<P><STRONG><a name="[2a]"></a>TIM1_UP_IRQHandler</STRONG> (Thumb, 0 bytes, Stack size 0 bytes, startup_n32wb452.o(.text))
<BR>[Address Reference Count : 1]<UL><LI> startup_n32wb452.o(RESET)
</UL>
<P><STRONG><a name="[2d]"></a>TIM2_IRQHandler</STRONG> (Thumb, 0 bytes, Stack size 0 bytes, startup_n32wb452.o(.text))
<BR>[Address Reference Count : 1]<UL><LI> startup_n32wb452.o(RESET)
</UL>
<P><STRONG><a name="[2e]"></a>TIM3_IRQHandler</STRONG> (Thumb, 0 bytes, Stack size 0 bytes, startup_n32wb452.o(.text))
<BR>[Address Reference Count : 1]<UL><LI> startup_n32wb452.o(RESET)
</UL>
<P><STRONG><a name="[2f]"></a>TIM4_IRQHandler</STRONG> (Thumb, 0 bytes, Stack size 0 bytes, startup_n32wb452.o(.text))
<BR>[Address Reference Count : 1]<UL><LI> startup_n32wb452.o(RESET)
</UL>
<P><STRONG><a name="[43]"></a>TIM5_IRQHandler</STRONG> (Thumb, 0 bytes, Stack size 0 bytes, startup_n32wb452.o(.text))
<BR>[Address Reference Count : 1]<UL><LI> startup_n32wb452.o(RESET)
</UL>
<P><STRONG><a name="[47]"></a>TIM6_IRQHandler</STRONG> (Thumb, 0 bytes, Stack size 0 bytes, startup_n32wb452.o(.text))
<BR>[Address Reference Count : 1]<UL><LI> startup_n32wb452.o(RESET)
</UL>
<P><STRONG><a name="[48]"></a>TIM7_IRQHandler</STRONG> (Thumb, 0 bytes, Stack size 0 bytes, startup_n32wb452.o(.text))
<BR>[Address Reference Count : 1]<UL><LI> startup_n32wb452.o(RESET)
</UL>
<P><STRONG><a name="[3c]"></a>TIM8_BRK_IRQHandler</STRONG> (Thumb, 0 bytes, Stack size 0 bytes, startup_n32wb452.o(.text))
<BR>[Address Reference Count : 1]<UL><LI> startup_n32wb452.o(RESET)
</UL>
<P><STRONG><a name="[3f]"></a>TIM8_CC_IRQHandler</STRONG> (Thumb, 0 bytes, Stack size 0 bytes, startup_n32wb452.o(.text))
<BR>[Address Reference Count : 1]<UL><LI> startup_n32wb452.o(RESET)
</UL>
<P><STRONG><a name="[3e]"></a>TIM8_TRG_COM_IRQHandler</STRONG> (Thumb, 0 bytes, Stack size 0 bytes, startup_n32wb452.o(.text))
<BR>[Address Reference Count : 1]<UL><LI> startup_n32wb452.o(RESET)
</UL>
<P><STRONG><a name="[3d]"></a>TIM8_UP_IRQHandler</STRONG> (Thumb, 0 bytes, Stack size 0 bytes, startup_n32wb452.o(.text))
<BR>[Address Reference Count : 1]<UL><LI> startup_n32wb452.o(RESET)
</UL>
<P><STRONG><a name="[62]"></a>TSC_IRQHandler</STRONG> (Thumb, 0 bytes, Stack size 0 bytes, startup_n32wb452.o(.text))
<BR>[Address Reference Count : 1]<UL><LI> startup_n32wb452.o(RESET)
</UL>
<P><STRONG><a name="[45]"></a>UART4_IRQHandler</STRONG> (Thumb, 0 bytes, Stack size 0 bytes, startup_n32wb452.o(.text))
<BR>[Address Reference Count : 1]<UL><LI> startup_n32wb452.o(RESET)
</UL>
<P><STRONG><a name="[46]"></a>UART5_IRQHandler</STRONG> (Thumb, 0 bytes, Stack size 0 bytes, startup_n32wb452.o(.text))
<BR>[Address Reference Count : 1]<UL><LI> startup_n32wb452.o(RESET)
</UL>
<P><STRONG><a name="[5b]"></a>UART6_IRQHandler</STRONG> (Thumb, 0 bytes, Stack size 0 bytes, startup_n32wb452.o(.text))
<BR>[Address Reference Count : 1]<UL><LI> startup_n32wb452.o(RESET)
</UL>
<P><STRONG><a name="[5c]"></a>UART7_IRQHandler</STRONG> (Thumb, 0 bytes, Stack size 0 bytes, startup_n32wb452.o(.text))
<BR>[Address Reference Count : 1]<UL><LI> startup_n32wb452.o(RESET)
</UL>
<P><STRONG><a name="[36]"></a>USART1_IRQHandler</STRONG> (Thumb, 0 bytes, Stack size 0 bytes, startup_n32wb452.o(.text))
<BR>[Address Reference Count : 1]<UL><LI> startup_n32wb452.o(RESET)
</UL>
<P><STRONG><a name="[37]"></a>USART2_IRQHandler</STRONG> (Thumb, 0 bytes, Stack size 0 bytes, startup_n32wb452.o(.text))
<BR>[Address Reference Count : 1]<UL><LI> startup_n32wb452.o(RESET)
</UL>
<P><STRONG><a name="[3b]"></a>USBWakeUp_IRQHandler</STRONG> (Thumb, 0 bytes, Stack size 0 bytes, startup_n32wb452.o(.text))
<BR>[Address Reference Count : 1]<UL><LI> startup_n32wb452.o(RESET)
</UL>
<P><STRONG><a name="[24]"></a>USB_HP_CAN1_TX_IRQHandler</STRONG> (Thumb, 0 bytes, Stack size 0 bytes, startup_n32wb452.o(.text))
<BR>[Address Reference Count : 1]<UL><LI> startup_n32wb452.o(RESET)
</UL>
<P><STRONG><a name="[25]"></a>USB_LP_CAN1_RX0_IRQHandler</STRONG> (Thumb, 0 bytes, Stack size 0 bytes, startup_n32wb452.o(.text))
<BR>[Address Reference Count : 1]<UL><LI> startup_n32wb452.o(RESET)
</UL>
<P><STRONG><a name="[11]"></a>WWDG_IRQHandler</STRONG> (Thumb, 0 bytes, Stack size 0 bytes, startup_n32wb452.o(.text))
<BR>[Address Reference Count : 1]<UL><LI> startup_n32wb452.o(RESET)
</UL>
<P><STRONG><a name="[14b]"></a>__aeabi_memcpy</STRONG> (Thumb, 36 bytes, Stack size 0 bytes, memcpya.o(.text))
<BR><BR>[Called By]<UL><LI><a href="#[6d]">&gt;&gt;</a>&nbsp;&nbsp;&nbsp;finsh_thread_entry
<LI><a href="#[14f]">&gt;&gt;</a>&nbsp;&nbsp;&nbsp;shell_push_history
</UL>

<P><STRONG><a name="[1e1]"></a>__aeabi_memcpy4</STRONG> (Thumb, 0 bytes, Stack size 0 bytes, memcpya.o(.text), UNUSED)

<P><STRONG><a name="[1e2]"></a>__aeabi_memcpy8</STRONG> (Thumb, 0 bytes, Stack size 0 bytes, memcpya.o(.text), UNUSED)

<P><STRONG><a name="[c0]"></a>__aeabi_memset</STRONG> (Thumb, 14 bytes, Stack size 0 bytes, memseta.o(.text))
<BR><BR>[Called By]<UL><LI><a href="#[c1]">&gt;&gt;</a>&nbsp;&nbsp;&nbsp;_memset$wrapper
<LI><a href="#[bf]">&gt;&gt;</a>&nbsp;&nbsp;&nbsp;__aeabi_memclr
</UL>

<P><STRONG><a name="[1e3]"></a>__aeabi_memset4</STRONG> (Thumb, 0 bytes, Stack size 0 bytes, memseta.o(.text), UNUSED)

<P><STRONG><a name="[1e4]"></a>__aeabi_memset8</STRONG> (Thumb, 0 bytes, Stack size 0 bytes, memseta.o(.text), UNUSED)

<P><STRONG><a name="[bf]"></a>__aeabi_memclr</STRONG> (Thumb, 4 bytes, Stack size 0 bytes, memseta.o(.text))
<BR><BR>[Calls]<UL><LI><a href="#[c0]">&gt;&gt;</a>&nbsp;&nbsp;&nbsp;__aeabi_memset
</UL>
<BR>[Called By]<UL><LI><a href="#[14f]">&gt;&gt;</a>&nbsp;&nbsp;&nbsp;shell_push_history
<LI><a href="#[11d]">&gt;&gt;</a>&nbsp;&nbsp;&nbsp;finsh_heap_allocate
<LI><a href="#[10f]">&gt;&gt;</a>&nbsp;&nbsp;&nbsp;finsh_compiler_run
</UL>

<P><STRONG><a name="[125]"></a>__aeabi_memclr4</STRONG> (Thumb, 0 bytes, Stack size 0 bytes, memseta.o(.text))
<BR><BR>[Called By]<UL><LI><a href="#[6d]">&gt;&gt;</a>&nbsp;&nbsp;&nbsp;finsh_thread_entry
<LI><a href="#[13e]">&gt;&gt;</a>&nbsp;&nbsp;&nbsp;finsh_set_device
<LI><a href="#[134]">&gt;&gt;</a>&nbsp;&nbsp;&nbsp;finsh_token_init
<LI><a href="#[127]">&gt;&gt;</a>&nbsp;&nbsp;&nbsp;finsh_var_init
<LI><a href="#[113]">&gt;&gt;</a>&nbsp;&nbsp;&nbsp;finsh_node_init
<LI><a href="#[112]">&gt;&gt;</a>&nbsp;&nbsp;&nbsp;finsh_parser_init
<LI><a href="#[124]">&gt;&gt;</a>&nbsp;&nbsp;&nbsp;finsh_heap_init
</UL>

<P><STRONG><a name="[1e5]"></a>__aeabi_memclr8</STRONG> (Thumb, 0 bytes, Stack size 0 bytes, memseta.o(.text), UNUSED)

<P><STRONG><a name="[c1]"></a>_memset$wrapper</STRONG> (Thumb, 18 bytes, Stack size 8 bytes, memseta.o(.text), UNUSED)
<BR><BR>[Calls]<UL><LI><a href="#[c0]">&gt;&gt;</a>&nbsp;&nbsp;&nbsp;__aeabi_memset
</UL>

<P><STRONG><a name="[119]"></a>strcat</STRONG> (Thumb, 24 bytes, Stack size 0 bytes, strcat.o(.text))
<BR><BR>[Called By]<UL><LI><a href="#[115]">&gt;&gt;</a>&nbsp;&nbsp;&nbsp;finsh_get_prompt
</UL>

<P><STRONG><a name="[116]"></a>strncpy</STRONG> (Thumb, 24 bytes, Stack size 8 bytes, strncpy.o(.text))
<BR><BR>[Stack]<UL><LI>Max Depth = 8<LI>Call Chain = strncpy
</UL>
<BR>[Called By]<UL><LI><a href="#[115]">&gt;&gt;</a>&nbsp;&nbsp;&nbsp;finsh_get_prompt
<LI><a href="#[152]">&gt;&gt;</a>&nbsp;&nbsp;&nbsp;finsh_var_insert
<LI><a href="#[182]">&gt;&gt;</a>&nbsp;&nbsp;&nbsp;proc_identifier
<LI><a href="#[131]">&gt;&gt;</a>&nbsp;&nbsp;&nbsp;finsh_node_new_string
</UL>

<P><STRONG><a name="[132]"></a>strlen</STRONG> (Thumb, 14 bytes, Stack size 0 bytes, strlen.o(.text))
<BR><BR>[Called By]<UL><LI><a href="#[6d]">&gt;&gt;</a>&nbsp;&nbsp;&nbsp;finsh_thread_entry
<LI><a href="#[162]">&gt;&gt;</a>&nbsp;&nbsp;&nbsp;msh_auto_complete
<LI><a href="#[1d5]">&gt;&gt;</a>&nbsp;&nbsp;&nbsp;token_proc_number
<LI><a href="#[1d0]">&gt;&gt;</a>&nbsp;&nbsp;&nbsp;token_next_char
<LI><a href="#[131]">&gt;&gt;</a>&nbsp;&nbsp;&nbsp;finsh_node_new_string
<LI><a href="#[12d]">&gt;&gt;</a>&nbsp;&nbsp;&nbsp;finsh_syscall_lookup
<LI><a href="#[12c]">&gt;&gt;</a>&nbsp;&nbsp;&nbsp;finsh_sysvar_lookup
<LI><a href="#[159]">&gt;&gt;</a>&nbsp;&nbsp;&nbsp;list_prefix
</UL>

<P><STRONG><a name="[144]"></a>strcmp</STRONG> (Thumb, 28 bytes, Stack size 8 bytes, strcmp.o(.text))
<BR><BR>[Stack]<UL><LI>Max Depth = 8<LI>Call Chain = strcmp
</UL>
<BR>[Called By]<UL><LI><a href="#[1d2]">&gt;&gt;</a>&nbsp;&nbsp;&nbsp;token_match_name
<LI><a href="#[12d]">&gt;&gt;</a>&nbsp;&nbsp;&nbsp;finsh_syscall_lookup
<LI><a href="#[12c]">&gt;&gt;</a>&nbsp;&nbsp;&nbsp;finsh_sysvar_lookup
</UL>

<P><STRONG><a name="[1ce]"></a>memcmp</STRONG> (Thumb, 26 bytes, Stack size 12 bytes, memcmp.o(.text))
<BR><BR>[Stack]<UL><LI>Max Depth = 12<LI>Call Chain = memcmp
</UL>
<BR>[Called By]<UL><LI><a href="#[14f]">&gt;&gt;</a>&nbsp;&nbsp;&nbsp;shell_push_history
</UL>

<P><STRONG><a name="[118]"></a>strcpy</STRONG> (Thumb, 18 bytes, Stack size 0 bytes, strcpy.o(.text))
<BR><BR>[Called By]<UL><LI><a href="#[115]">&gt;&gt;</a>&nbsp;&nbsp;&nbsp;finsh_get_prompt
</UL>

<P><STRONG><a name="[145]"></a>strncmp</STRONG> (Thumb, 30 bytes, Stack size 12 bytes, strncmp.o(.text))
<BR><BR>[Stack]<UL><LI>Max Depth = 12<LI>Call Chain = strncmp
</UL>
<BR>[Called By]<UL><LI><a href="#[162]">&gt;&gt;</a>&nbsp;&nbsp;&nbsp;msh_auto_complete
<LI><a href="#[163]">&gt;&gt;</a>&nbsp;&nbsp;&nbsp;msh_help
<LI><a href="#[fa]">&gt;&gt;</a>&nbsp;&nbsp;&nbsp;msh_get_cmd
<LI><a href="#[152]">&gt;&gt;</a>&nbsp;&nbsp;&nbsp;finsh_var_insert
<LI><a href="#[12d]">&gt;&gt;</a>&nbsp;&nbsp;&nbsp;finsh_syscall_lookup
<LI><a href="#[12c]">&gt;&gt;</a>&nbsp;&nbsp;&nbsp;finsh_sysvar_lookup
<LI><a href="#[12b]">&gt;&gt;</a>&nbsp;&nbsp;&nbsp;finsh_var_lookup
<LI><a href="#[2]">&gt;&gt;</a>&nbsp;&nbsp;&nbsp;list
</UL>

<P><STRONG><a name="[c2]"></a>atoi</STRONG> (Thumb, 26 bytes, Stack size 16 bytes, atoi.o(.text))
<BR><BR>[Stack]<UL><LI>Max Depth = 88<LI>Call Chain = atoi &rArr; strtol &rArr; _strtoul
</UL>
<BR>[Calls]<UL><LI><a href="#[c4]">&gt;&gt;</a>&nbsp;&nbsp;&nbsp;strtol
<LI><a href="#[c3]">&gt;&gt;</a>&nbsp;&nbsp;&nbsp;__aeabi_errno_addr
</UL>
<BR>[Called By]<UL><LI><a href="#[1d3]">&gt;&gt;</a>&nbsp;&nbsp;&nbsp;token_proc_char
</UL>

<P><STRONG><a name="[c4]"></a>strtol</STRONG> (Thumb, 112 bytes, Stack size 32 bytes, strtol.o(.text))
<BR><BR>[Stack]<UL><LI>Max Depth = 72<LI>Call Chain = strtol &rArr; _strtoul
</UL>
<BR>[Calls]<UL><LI><a href="#[c6]">&gt;&gt;</a>&nbsp;&nbsp;&nbsp;_strtoul
<LI><a href="#[c5]">&gt;&gt;</a>&nbsp;&nbsp;&nbsp;__rt_ctype_table
<LI><a href="#[c3]">&gt;&gt;</a>&nbsp;&nbsp;&nbsp;__aeabi_errno_addr
</UL>
<BR>[Called By]<UL><LI><a href="#[c2]">&gt;&gt;</a>&nbsp;&nbsp;&nbsp;atoi
</UL>

<P><STRONG><a name="[bd]"></a>__scatterload</STRONG> (Thumb, 28 bytes, Stack size 0 bytes, init.o(.text))
<BR><BR>[Calls]<UL><LI><a href="#[c7]">&gt;&gt;</a>&nbsp;&nbsp;&nbsp;__main_after_scatterload
</UL>
<BR>[Called By]<UL><LI><a href="#[bc]">&gt;&gt;</a>&nbsp;&nbsp;&nbsp;_main_scatterload
</UL>

<P><STRONG><a name="[1e6]"></a>__scatterload_rt2</STRONG> (Thumb, 0 bytes, Stack size 0 bytes, init.o(.text), UNUSED)

<P><STRONG><a name="[c5]"></a>__rt_ctype_table</STRONG> (Thumb, 4 bytes, Stack size 0 bytes, ctype_o.o(.text))
<BR><BR>[Called By]<UL><LI><a href="#[c4]">&gt;&gt;</a>&nbsp;&nbsp;&nbsp;strtol
</UL>

<P><STRONG><a name="[c6]"></a>_strtoul</STRONG> (Thumb, 158 bytes, Stack size 40 bytes, _strtoul.o(.text))
<BR><BR>[Stack]<UL><LI>Max Depth = 40<LI>Call Chain = _strtoul
</UL>
<BR>[Calls]<UL><LI><a href="#[c8]">&gt;&gt;</a>&nbsp;&nbsp;&nbsp;_chval
<LI><a href="#[c3]">&gt;&gt;</a>&nbsp;&nbsp;&nbsp;__aeabi_errno_addr
</UL>
<BR>[Called By]<UL><LI><a href="#[c4]">&gt;&gt;</a>&nbsp;&nbsp;&nbsp;strtol
</UL>

<P><STRONG><a name="[c8]"></a>_chval</STRONG> (Thumb, 28 bytes, Stack size 0 bytes, _chval.o(.text))
<BR><BR>[Called By]<UL><LI><a href="#[c6]">&gt;&gt;</a>&nbsp;&nbsp;&nbsp;_strtoul
</UL>

<P><STRONG><a name="[1e7]"></a>__decompress</STRONG> (Thumb, 0 bytes, Stack size unknown bytes, __dczerorl2.o(.text), UNUSED)

<P><STRONG><a name="[1e8]"></a>__decompress1</STRONG> (Thumb, 86 bytes, Stack size unknown bytes, __dczerorl2.o(.text), UNUSED)

<P><STRONG><a name="[67]"></a>main</STRONG> (Thumb, 10 bytes, Stack size 8 bytes, components.o(.text.$Sub$$main))
<BR><BR>[Stack]<UL><LI>Max Depth = 500<LI>Call Chain = main &rArr; rtthread_startup &rArr; rt_application_init &rArr; rt_thread_create &rArr; rt_object_allocate &rArr; rt_malloc &rArr; rt_sem_take &rArr; rt_schedule &rArr; _rt_scheduler_stack_check &rArr;  list_thread (Cycle)
</UL>
<BR>[Calls]<UL><LI><a href="#[c9]">&gt;&gt;</a>&nbsp;&nbsp;&nbsp;rtthread_startup
</UL>
<BR>[Address Reference Count : 1]<UL><LI> entry9a.o(.ARM.Collect$$$$0000000B)
</UL>
<P><STRONG><a name="[b]"></a>BusFault_Handler</STRONG> (Thumb, 4 bytes, Stack size 0 bytes, n32wb452_it.o(.text.BusFault_Handler))
<BR>[Address Reference Count : 1]<UL><LI> startup_n32wb452.o(RESET)
</UL>
<P><STRONG><a name="[e]"></a>DebugMon_Handler</STRONG> (Thumb, 2 bytes, Stack size 0 bytes, n32wb452_it.o(.text.DebugMon_Handler))
<BR>[Address Reference Count : 1]<UL><LI> startup_n32wb452.o(RESET)
</UL>
<P><STRONG><a name="[17]"></a>EXTI0_IRQHandler</STRONG> (Thumb, 18 bytes, Stack size 8 bytes, drv_gpio.o(.text.EXTI0_IRQHandler))
<BR><BR>[Stack]<UL><LI>Max Depth = 40<LI>Call Chain = EXTI0_IRQHandler &rArr; N32WB452_GPIO_EXTI_IRQHandler &rArr; pin_irq_hdr
</UL>
<BR>[Calls]<UL><LI><a href="#[cb]">&gt;&gt;</a>&nbsp;&nbsp;&nbsp;N32WB452_GPIO_EXTI_IRQHandler
<LI><a href="#[cc]">&gt;&gt;</a>&nbsp;&nbsp;&nbsp;rt_interrupt_leave
<LI><a href="#[ca]">&gt;&gt;</a>&nbsp;&nbsp;&nbsp;rt_interrupt_enter
</UL>
<BR>[Address Reference Count : 1]<UL><LI> startup_n32wb452.o(RESET)
</UL>
<P><STRONG><a name="[39]"></a>EXTI15_10_IRQHandler</STRONG> (Thumb, 48 bytes, Stack size 8 bytes, drv_gpio.o(.text.EXTI15_10_IRQHandler))
<BR><BR>[Stack]<UL><LI>Max Depth = 40<LI>Call Chain = EXTI15_10_IRQHandler &rArr; N32WB452_GPIO_EXTI_IRQHandler &rArr; pin_irq_hdr
</UL>
<BR>[Calls]<UL><LI><a href="#[cb]">&gt;&gt;</a>&nbsp;&nbsp;&nbsp;N32WB452_GPIO_EXTI_IRQHandler
<LI><a href="#[cc]">&gt;&gt;</a>&nbsp;&nbsp;&nbsp;rt_interrupt_leave
<LI><a href="#[ca]">&gt;&gt;</a>&nbsp;&nbsp;&nbsp;rt_interrupt_enter
</UL>
<BR>[Address Reference Count : 1]<UL><LI> startup_n32wb452.o(RESET)
</UL>
<P><STRONG><a name="[18]"></a>EXTI1_IRQHandler</STRONG> (Thumb, 18 bytes, Stack size 8 bytes, drv_gpio.o(.text.EXTI1_IRQHandler))
<BR><BR>[Stack]<UL><LI>Max Depth = 40<LI>Call Chain = EXTI1_IRQHandler &rArr; N32WB452_GPIO_EXTI_IRQHandler &rArr; pin_irq_hdr
</UL>
<BR>[Calls]<UL><LI><a href="#[cb]">&gt;&gt;</a>&nbsp;&nbsp;&nbsp;N32WB452_GPIO_EXTI_IRQHandler
<LI><a href="#[cc]">&gt;&gt;</a>&nbsp;&nbsp;&nbsp;rt_interrupt_leave
<LI><a href="#[ca]">&gt;&gt;</a>&nbsp;&nbsp;&nbsp;rt_interrupt_enter
</UL>
<BR>[Address Reference Count : 1]<UL><LI> startup_n32wb452.o(RESET)
</UL>
<P><STRONG><a name="[19]"></a>EXTI2_IRQHandler</STRONG> (Thumb, 18 bytes, Stack size 8 bytes, drv_gpio.o(.text.EXTI2_IRQHandler))
<BR><BR>[Stack]<UL><LI>Max Depth = 40<LI>Call Chain = EXTI2_IRQHandler &rArr; N32WB452_GPIO_EXTI_IRQHandler &rArr; pin_irq_hdr
</UL>
<BR>[Calls]<UL><LI><a href="#[cb]">&gt;&gt;</a>&nbsp;&nbsp;&nbsp;N32WB452_GPIO_EXTI_IRQHandler
<LI><a href="#[cc]">&gt;&gt;</a>&nbsp;&nbsp;&nbsp;rt_interrupt_leave
<LI><a href="#[ca]">&gt;&gt;</a>&nbsp;&nbsp;&nbsp;rt_interrupt_enter
</UL>
<BR>[Address Reference Count : 1]<UL><LI> startup_n32wb452.o(RESET)
</UL>
<P><STRONG><a name="[1a]"></a>EXTI3_IRQHandler</STRONG> (Thumb, 18 bytes, Stack size 8 bytes, drv_gpio.o(.text.EXTI3_IRQHandler))
<BR><BR>[Stack]<UL><LI>Max Depth = 40<LI>Call Chain = EXTI3_IRQHandler &rArr; N32WB452_GPIO_EXTI_IRQHandler &rArr; pin_irq_hdr
</UL>
<BR>[Calls]<UL><LI><a href="#[cb]">&gt;&gt;</a>&nbsp;&nbsp;&nbsp;N32WB452_GPIO_EXTI_IRQHandler
<LI><a href="#[cc]">&gt;&gt;</a>&nbsp;&nbsp;&nbsp;rt_interrupt_leave
<LI><a href="#[ca]">&gt;&gt;</a>&nbsp;&nbsp;&nbsp;rt_interrupt_enter
</UL>
<BR>[Address Reference Count : 1]<UL><LI> startup_n32wb452.o(RESET)
</UL>
<P><STRONG><a name="[1b]"></a>EXTI4_IRQHandler</STRONG> (Thumb, 18 bytes, Stack size 8 bytes, drv_gpio.o(.text.EXTI4_IRQHandler))
<BR><BR>[Stack]<UL><LI>Max Depth = 40<LI>Call Chain = EXTI4_IRQHandler &rArr; N32WB452_GPIO_EXTI_IRQHandler &rArr; pin_irq_hdr
</UL>
<BR>[Calls]<UL><LI><a href="#[cb]">&gt;&gt;</a>&nbsp;&nbsp;&nbsp;N32WB452_GPIO_EXTI_IRQHandler
<LI><a href="#[cc]">&gt;&gt;</a>&nbsp;&nbsp;&nbsp;rt_interrupt_leave
<LI><a href="#[ca]">&gt;&gt;</a>&nbsp;&nbsp;&nbsp;rt_interrupt_enter
</UL>
<BR>[Address Reference Count : 1]<UL><LI> startup_n32wb452.o(RESET)
</UL>
<P><STRONG><a name="[28]"></a>EXTI9_5_IRQHandler</STRONG> (Thumb, 42 bytes, Stack size 8 bytes, drv_gpio.o(.text.EXTI9_5_IRQHandler))
<BR><BR>[Stack]<UL><LI>Max Depth = 40<LI>Call Chain = EXTI9_5_IRQHandler &rArr; N32WB452_GPIO_EXTI_IRQHandler &rArr; pin_irq_hdr
</UL>
<BR>[Calls]<UL><LI><a href="#[cb]">&gt;&gt;</a>&nbsp;&nbsp;&nbsp;N32WB452_GPIO_EXTI_IRQHandler
<LI><a href="#[cc]">&gt;&gt;</a>&nbsp;&nbsp;&nbsp;rt_interrupt_leave
<LI><a href="#[ca]">&gt;&gt;</a>&nbsp;&nbsp;&nbsp;rt_interrupt_enter
</UL>
<BR>[Address Reference Count : 1]<UL><LI> startup_n32wb452.o(RESET)
</UL>
<P><STRONG><a name="[cf]"></a>EXTI_ClrITPendBit</STRONG> (Thumb, 20 bytes, Stack size 4 bytes, n32wb452_exti.o(.text.EXTI_ClrITPendBit))
<BR><BR>[Stack]<UL><LI>Max Depth = 4<LI>Call Chain = EXTI_ClrITPendBit
</UL>
<BR>[Called By]<UL><LI><a href="#[cb]">&gt;&gt;</a>&nbsp;&nbsp;&nbsp;N32WB452_GPIO_EXTI_IRQHandler
<LI><a href="#[80]">&gt;&gt;</a>&nbsp;&nbsp;&nbsp;N32WB452_pin_irq_enable
</UL>

<P><STRONG><a name="[cd]"></a>EXTI_GetStatusFlag</STRONG> (Thumb, 52 bytes, Stack size 8 bytes, n32wb452_exti.o(.text.EXTI_GetStatusFlag))
<BR><BR>[Stack]<UL><LI>Max Depth = 8<LI>Call Chain = EXTI_GetStatusFlag
</UL>
<BR>[Called By]<UL><LI><a href="#[cb]">&gt;&gt;</a>&nbsp;&nbsp;&nbsp;N32WB452_GPIO_EXTI_IRQHandler
</UL>

<P><STRONG><a name="[d8]"></a>EXTI_InitPeripheral</STRONG> (Thumb, 234 bytes, Stack size 8 bytes, n32wb452_exti.o(.text.EXTI_InitPeripheral))
<BR><BR>[Stack]<UL><LI>Max Depth = 8<LI>Call Chain = EXTI_InitPeripheral
</UL>
<BR>[Called By]<UL><LI><a href="#[80]">&gt;&gt;</a>&nbsp;&nbsp;&nbsp;N32WB452_pin_irq_enable
</UL>

<P><STRONG><a name="[d4]"></a>EXTI_InitStruct</STRONG> (Thumb, 28 bytes, Stack size 4 bytes, n32wb452_exti.o(.text.EXTI_InitStruct))
<BR><BR>[Stack]<UL><LI>Max Depth = 4<LI>Call Chain = EXTI_InitStruct
</UL>
<BR>[Called By]<UL><LI><a href="#[80]">&gt;&gt;</a>&nbsp;&nbsp;&nbsp;N32WB452_pin_irq_enable
</UL>

<P><STRONG><a name="[d7]"></a>GPIO_ConfigEXTILine</STRONG> (Thumb, 84 bytes, Stack size 8 bytes, n32wb452_gpio.o(.text.GPIO_ConfigEXTILine))
<BR><BR>[Stack]<UL><LI>Max Depth = 8<LI>Call Chain = GPIO_ConfigEXTILine
</UL>
<BR>[Called By]<UL><LI><a href="#[80]">&gt;&gt;</a>&nbsp;&nbsp;&nbsp;N32WB452_pin_irq_enable
</UL>

<P><STRONG><a name="[de]"></a>GPIO_InitPeripheral</STRONG> (Thumb, 390 bytes, Stack size 32 bytes, n32wb452_gpio.o(.text.GPIO_InitPeripheral))
<BR><BR>[Stack]<UL><LI>Max Depth = 32<LI>Call Chain = GPIO_InitPeripheral
</UL>
<BR>[Called By]<UL><LI><a href="#[165]">&gt;&gt;</a>&nbsp;&nbsp;&nbsp;n32wb452_uart_gpio_init
<LI><a href="#[7b]">&gt;&gt;</a>&nbsp;&nbsp;&nbsp;N32WB452_pin_mode
</UL>

<P><STRONG><a name="[dd]"></a>GPIO_InitStruct</STRONG> (Thumb, 28 bytes, Stack size 4 bytes, n32wb452_gpio.o(.text.GPIO_InitStruct))
<BR><BR>[Stack]<UL><LI>Max Depth = 4<LI>Call Chain = GPIO_InitStruct
</UL>
<BR>[Called By]<UL><LI><a href="#[165]">&gt;&gt;</a>&nbsp;&nbsp;&nbsp;n32wb452_uart_gpio_init
<LI><a href="#[7b]">&gt;&gt;</a>&nbsp;&nbsp;&nbsp;N32WB452_pin_mode
</UL>

<P><STRONG><a name="[df]"></a>GPIO_ReadInputDataBit</STRONG> (Thumb, 52 bytes, Stack size 8 bytes, n32wb452_gpio.o(.text.GPIO_ReadInputDataBit))
<BR><BR>[Stack]<UL><LI>Max Depth = 8<LI>Call Chain = GPIO_ReadInputDataBit
</UL>
<BR>[Called By]<UL><LI><a href="#[7d]">&gt;&gt;</a>&nbsp;&nbsp;&nbsp;N32WB452_pin_read
</UL>

<P><STRONG><a name="[e0]"></a>GPIO_WriteBit</STRONG> (Thumb, 44 bytes, Stack size 8 bytes, n32wb452_gpio.o(.text.GPIO_WriteBit))
<BR><BR>[Stack]<UL><LI>Max Depth = 8<LI>Call Chain = GPIO_WriteBit
</UL>
<BR>[Called By]<UL><LI><a href="#[7c]">&gt;&gt;</a>&nbsp;&nbsp;&nbsp;N32WB452_pin_write
</UL>

<P><STRONG><a name="[a]"></a>MemManage_Handler</STRONG> (Thumb, 4 bytes, Stack size 0 bytes, n32wb452_it.o(.text.MemManage_Handler))
<BR>[Address Reference Count : 1]<UL><LI> startup_n32wb452.o(RESET)
</UL>
<P><STRONG><a name="[cb]"></a>N32WB452_GPIO_EXTI_IRQHandler</STRONG> (Thumb, 50 bytes, Stack size 16 bytes, drv_gpio.o(.text.N32WB452_GPIO_EXTI_IRQHandler))
<BR><BR>[Stack]<UL><LI>Max Depth = 32<LI>Call Chain = N32WB452_GPIO_EXTI_IRQHandler &rArr; pin_irq_hdr
</UL>
<BR>[Calls]<UL><LI><a href="#[cf]">&gt;&gt;</a>&nbsp;&nbsp;&nbsp;EXTI_ClrITPendBit
<LI><a href="#[cd]">&gt;&gt;</a>&nbsp;&nbsp;&nbsp;EXTI_GetStatusFlag
<LI><a href="#[ce]">&gt;&gt;</a>&nbsp;&nbsp;&nbsp;pin_irq_hdr
</UL>
<BR>[Called By]<UL><LI><a href="#[39]">&gt;&gt;</a>&nbsp;&nbsp;&nbsp;EXTI15_10_IRQHandler
<LI><a href="#[28]">&gt;&gt;</a>&nbsp;&nbsp;&nbsp;EXTI9_5_IRQHandler
<LI><a href="#[1b]">&gt;&gt;</a>&nbsp;&nbsp;&nbsp;EXTI4_IRQHandler
<LI><a href="#[1a]">&gt;&gt;</a>&nbsp;&nbsp;&nbsp;EXTI3_IRQHandler
<LI><a href="#[19]">&gt;&gt;</a>&nbsp;&nbsp;&nbsp;EXTI2_IRQHandler
<LI><a href="#[18]">&gt;&gt;</a>&nbsp;&nbsp;&nbsp;EXTI1_IRQHandler
<LI><a href="#[17]">&gt;&gt;</a>&nbsp;&nbsp;&nbsp;EXTI0_IRQHandler
</UL>

<P><STRONG><a name="[8]"></a>NMI_Handler</STRONG> (Thumb, 2 bytes, Stack size 0 bytes, n32wb452_it.o(.text.NMI_Handler))
<BR>[Address Reference Count : 1]<UL><LI> startup_n32wb452.o(RESET)
</UL>
<P><STRONG><a name="[e1]"></a>NVIC_Configuration</STRONG> (Thumb, 14 bytes, Stack size 8 bytes, board.o(.text.NVIC_Configuration))
<BR><BR>[Stack]<UL><LI>Max Depth = 16<LI>Call Chain = NVIC_Configuration &rArr; NVIC_SetVectorTable
</UL>
<BR>[Calls]<UL><LI><a href="#[e2]">&gt;&gt;</a>&nbsp;&nbsp;&nbsp;NVIC_SetVectorTable
</UL>
<BR>[Called By]<UL><LI><a href="#[19e]">&gt;&gt;</a>&nbsp;&nbsp;&nbsp;rt_hw_board_init
</UL>

<P><STRONG><a name="[169]"></a>NVIC_Init</STRONG> (Thumb, 170 bytes, Stack size 16 bytes, misc.o(.text.NVIC_Init))
<BR><BR>[Stack]<UL><LI>Max Depth = 16<LI>Call Chain = NVIC_Init
</UL>
<BR>[Called By]<UL><LI><a href="#[82]">&gt;&gt;</a>&nbsp;&nbsp;&nbsp;n32wb452_control
</UL>

<P><STRONG><a name="[168]"></a>NVIC_PriorityGroupConfig</STRONG> (Thumb, 28 bytes, Stack size 4 bytes, misc.o(.text.NVIC_PriorityGroupConfig))
<BR><BR>[Stack]<UL><LI>Max Depth = 4<LI>Call Chain = NVIC_PriorityGroupConfig
</UL>
<BR>[Called By]<UL><LI><a href="#[82]">&gt;&gt;</a>&nbsp;&nbsp;&nbsp;n32wb452_control
</UL>

<P><STRONG><a name="[e2]"></a>NVIC_SetVectorTable</STRONG> (Thumb, 36 bytes, Stack size 8 bytes, misc.o(.text.NVIC_SetVectorTable))
<BR><BR>[Stack]<UL><LI>Max Depth = 8<LI>Call Chain = NVIC_SetVectorTable
</UL>
<BR>[Called By]<UL><LI><a href="#[e1]">&gt;&gt;</a>&nbsp;&nbsp;&nbsp;NVIC_Configuration
</UL>

<P><STRONG><a name="[86]"></a>OP_add_byte</STRONG> (Thumb, 36 bytes, Stack size 0 bytes, finsh_ops.o(.text.OP_add_byte))
<BR>[Address Reference Count : 1]<UL><LI> finsh_ops.o(.rodata.op_table)
</UL>
<P><STRONG><a name="[88]"></a>OP_add_dword</STRONG> (Thumb, 36 bytes, Stack size 0 bytes, finsh_ops.o(.text.OP_add_dword))
<BR>[Address Reference Count : 1]<UL><LI> finsh_ops.o(.rodata.op_table)
</UL>
<P><STRONG><a name="[87]"></a>OP_add_word</STRONG> (Thumb, 36 bytes, Stack size 0 bytes, finsh_ops.o(.text.OP_add_word))
<BR>[Address Reference Count : 1]<UL><LI> finsh_ops.o(.rodata.op_table)
</UL>
<P><STRONG><a name="[95]"></a>OP_and_byte</STRONG> (Thumb, 36 bytes, Stack size 0 bytes, finsh_ops.o(.text.OP_and_byte))
<BR>[Address Reference Count : 1]<UL><LI> finsh_ops.o(.rodata.op_table)
</UL>
<P><STRONG><a name="[97]"></a>OP_and_dword</STRONG> (Thumb, 36 bytes, Stack size 0 bytes, finsh_ops.o(.text.OP_and_dword))
<BR>[Address Reference Count : 1]<UL><LI> finsh_ops.o(.rodata.op_table)
</UL>
<P><STRONG><a name="[96]"></a>OP_and_word</STRONG> (Thumb, 36 bytes, Stack size 0 bytes, finsh_ops.o(.text.OP_and_word))
<BR>[Address Reference Count : 1]<UL><LI> finsh_ops.o(.rodata.op_table)
</UL>
<P><STRONG><a name="[9e]"></a>OP_bw_byte</STRONG> (Thumb, 22 bytes, Stack size 0 bytes, finsh_ops.o(.text.OP_bw_byte))
<BR>[Address Reference Count : 1]<UL><LI> finsh_ops.o(.rodata.op_table)
</UL>
<P><STRONG><a name="[a0]"></a>OP_bw_dword</STRONG> (Thumb, 22 bytes, Stack size 0 bytes, finsh_ops.o(.text.OP_bw_dword))
<BR>[Address Reference Count : 1]<UL><LI> finsh_ops.o(.rodata.op_table)
</UL>
<P><STRONG><a name="[9f]"></a>OP_bw_word</STRONG> (Thumb, 22 bytes, Stack size 0 bytes, finsh_ops.o(.text.OP_bw_word))
<BR>[Address Reference Count : 1]<UL><LI> finsh_ops.o(.rodata.op_table)
</UL>
<P><STRONG><a name="[b1]"></a>OP_call</STRONG> (Thumb, 1030 bytes, Stack size 232 bytes, finsh_ops.o(.text.OP_call))
<BR><BR>[Stack]<UL><LI>Max Depth = 232<LI>Call Chain = OP_call
</UL>
<BR>[Address Reference Count : 1]<UL><LI> finsh_ops.o(.rodata.op_table)
</UL>
<P><STRONG><a name="[8c]"></a>OP_div_byte</STRONG> (Thumb, 38 bytes, Stack size 0 bytes, finsh_ops.o(.text.OP_div_byte))
<BR>[Address Reference Count : 1]<UL><LI> finsh_ops.o(.rodata.op_table)
</UL>
<P><STRONG><a name="[8e]"></a>OP_div_dword</STRONG> (Thumb, 38 bytes, Stack size 0 bytes, finsh_ops.o(.text.OP_div_dword))
<BR>[Address Reference Count : 1]<UL><LI> finsh_ops.o(.rodata.op_table)
</UL>
<P><STRONG><a name="[8d]"></a>OP_div_word</STRONG> (Thumb, 38 bytes, Stack size 0 bytes, finsh_ops.o(.text.OP_div_word))
<BR>[Address Reference Count : 1]<UL><LI> finsh_ops.o(.rodata.op_table)
</UL>
<P><STRONG><a name="[a7]"></a>OP_ld_byte</STRONG> (Thumb, 38 bytes, Stack size 0 bytes, finsh_ops.o(.text.OP_ld_byte))
<BR>[Address Reference Count : 1]<UL><LI> finsh_ops.o(.rodata.op_table)
</UL>
<P><STRONG><a name="[a9]"></a>OP_ld_dword</STRONG> (Thumb, 38 bytes, Stack size 0 bytes, finsh_ops.o(.text.OP_ld_dword))
<BR>[Address Reference Count : 1]<UL><LI> finsh_ops.o(.rodata.op_table)
</UL>
<P><STRONG><a name="[aa]"></a>OP_ld_value_byte</STRONG> (Thumb, 48 bytes, Stack size 4 bytes, finsh_ops.o(.text.OP_ld_value_byte))
<BR><BR>[Stack]<UL><LI>Max Depth = 4<LI>Call Chain = OP_ld_value_byte
</UL>
<BR>[Address Reference Count : 1]<UL><LI> finsh_ops.o(.rodata.op_table)
</UL>
<P><STRONG><a name="[b2]"></a>OP_ld_value_byte_stack</STRONG> (Thumb, 32 bytes, Stack size 4 bytes, finsh_ops.o(.text.OP_ld_value_byte_stack))
<BR><BR>[Stack]<UL><LI>Max Depth = 4<LI>Call Chain = OP_ld_value_byte_stack
</UL>
<BR>[Address Reference Count : 1]<UL><LI> finsh_ops.o(.rodata.op_table)
</UL>
<P><STRONG><a name="[ac]"></a>OP_ld_value_dword</STRONG> (Thumb, 48 bytes, Stack size 4 bytes, finsh_ops.o(.text.OP_ld_value_dword))
<BR><BR>[Stack]<UL><LI>Max Depth = 4<LI>Call Chain = OP_ld_value_dword
</UL>
<BR>[Address Reference Count : 1]<UL><LI> finsh_ops.o(.rodata.op_table)
</UL>
<P><STRONG><a name="[b4]"></a>OP_ld_value_dword_stack</STRONG> (Thumb, 32 bytes, Stack size 4 bytes, finsh_ops.o(.text.OP_ld_value_dword_stack))
<BR><BR>[Stack]<UL><LI>Max Depth = 4<LI>Call Chain = OP_ld_value_dword_stack
</UL>
<BR>[Address Reference Count : 1]<UL><LI> finsh_ops.o(.rodata.op_table)
</UL>
<P><STRONG><a name="[ab]"></a>OP_ld_value_word</STRONG> (Thumb, 48 bytes, Stack size 4 bytes, finsh_ops.o(.text.OP_ld_value_word))
<BR><BR>[Stack]<UL><LI>Max Depth = 4<LI>Call Chain = OP_ld_value_word
</UL>
<BR>[Address Reference Count : 1]<UL><LI> finsh_ops.o(.rodata.op_table)
</UL>
<P><STRONG><a name="[b3]"></a>OP_ld_value_word_stack</STRONG> (Thumb, 32 bytes, Stack size 4 bytes, finsh_ops.o(.text.OP_ld_value_word_stack))
<BR><BR>[Stack]<UL><LI>Max Depth = 4<LI>Call Chain = OP_ld_value_word_stack
</UL>
<BR>[Address Reference Count : 1]<UL><LI> finsh_ops.o(.rodata.op_table)
</UL>
<P><STRONG><a name="[a8]"></a>OP_ld_word</STRONG> (Thumb, 44 bytes, Stack size 0 bytes, finsh_ops.o(.text.OP_ld_word))
<BR>[Address Reference Count : 1]<UL><LI> finsh_ops.o(.rodata.op_table)
</UL>
<P><STRONG><a name="[8f]"></a>OP_mod_byte</STRONG> (Thumb, 42 bytes, Stack size 0 bytes, finsh_ops.o(.text.OP_mod_byte))
<BR>[Address Reference Count : 1]<UL><LI> finsh_ops.o(.rodata.op_table)
</UL>
<P><STRONG><a name="[91]"></a>OP_mod_dword</STRONG> (Thumb, 42 bytes, Stack size 0 bytes, finsh_ops.o(.text.OP_mod_dword))
<BR>[Address Reference Count : 1]<UL><LI> finsh_ops.o(.rodata.op_table)
</UL>
<P><STRONG><a name="[90]"></a>OP_mod_word</STRONG> (Thumb, 42 bytes, Stack size 0 bytes, finsh_ops.o(.text.OP_mod_word))
<BR>[Address Reference Count : 1]<UL><LI> finsh_ops.o(.rodata.op_table)
</UL>
<P><STRONG><a name="[92]"></a>OP_mul_byte</STRONG> (Thumb, 36 bytes, Stack size 0 bytes, finsh_ops.o(.text.OP_mul_byte))
<BR>[Address Reference Count : 1]<UL><LI> finsh_ops.o(.rodata.op_table)
</UL>
<P><STRONG><a name="[94]"></a>OP_mul_dword</STRONG> (Thumb, 36 bytes, Stack size 0 bytes, finsh_ops.o(.text.OP_mul_dword))
<BR>[Address Reference Count : 1]<UL><LI> finsh_ops.o(.rodata.op_table)
</UL>
<P><STRONG><a name="[93]"></a>OP_mul_word</STRONG> (Thumb, 36 bytes, Stack size 0 bytes, finsh_ops.o(.text.OP_mul_word))
<BR>[Address Reference Count : 1]<UL><LI> finsh_ops.o(.rodata.op_table)
</UL>
<P><STRONG><a name="[85]"></a>OP_no_op</STRONG> (Thumb, 2 bytes, Stack size 0 bytes, finsh_ops.o(.text.OP_no_op))
<BR>[Address Reference Count : 1]<UL><LI> finsh_ops.o(.rodata.op_table)
</UL>
<P><STRONG><a name="[98]"></a>OP_or_byte</STRONG> (Thumb, 36 bytes, Stack size 0 bytes, finsh_ops.o(.text.OP_or_byte))
<BR>[Address Reference Count : 1]<UL><LI> finsh_ops.o(.rodata.op_table)
</UL>
<P><STRONG><a name="[9a]"></a>OP_or_dword</STRONG> (Thumb, 36 bytes, Stack size 0 bytes, finsh_ops.o(.text.OP_or_dword))
<BR>[Address Reference Count : 1]<UL><LI> finsh_ops.o(.rodata.op_table)
</UL>
<P><STRONG><a name="[99]"></a>OP_or_word</STRONG> (Thumb, 36 bytes, Stack size 0 bytes, finsh_ops.o(.text.OP_or_word))
<BR>[Address Reference Count : 1]<UL><LI> finsh_ops.o(.rodata.op_table)
</UL>
<P><STRONG><a name="[b0]"></a>OP_pop</STRONG> (Thumb, 16 bytes, Stack size 0 bytes, finsh_ops.o(.text.OP_pop))
<BR>[Address Reference Count : 1]<UL><LI> finsh_ops.o(.rodata.op_table)
</UL>
<P><STRONG><a name="[a1]"></a>OP_shl_byte</STRONG> (Thumb, 36 bytes, Stack size 0 bytes, finsh_ops.o(.text.OP_shl_byte))
<BR>[Address Reference Count : 1]<UL><LI> finsh_ops.o(.rodata.op_table)
</UL>
<P><STRONG><a name="[a3]"></a>OP_shl_dword</STRONG> (Thumb, 36 bytes, Stack size 0 bytes, finsh_ops.o(.text.OP_shl_dword))
<BR>[Address Reference Count : 1]<UL><LI> finsh_ops.o(.rodata.op_table)
</UL>
<P><STRONG><a name="[a2]"></a>OP_shl_word</STRONG> (Thumb, 36 bytes, Stack size 0 bytes, finsh_ops.o(.text.OP_shl_word))
<BR>[Address Reference Count : 1]<UL><LI> finsh_ops.o(.rodata.op_table)
</UL>
<P><STRONG><a name="[a4]"></a>OP_shr_byte</STRONG> (Thumb, 36 bytes, Stack size 0 bytes, finsh_ops.o(.text.OP_shr_byte))
<BR>[Address Reference Count : 1]<UL><LI> finsh_ops.o(.rodata.op_table)
</UL>
<P><STRONG><a name="[a6]"></a>OP_shr_dword</STRONG> (Thumb, 36 bytes, Stack size 0 bytes, finsh_ops.o(.text.OP_shr_dword))
<BR>[Address Reference Count : 1]<UL><LI> finsh_ops.o(.rodata.op_table)
</UL>
<P><STRONG><a name="[a5]"></a>OP_shr_word</STRONG> (Thumb, 36 bytes, Stack size 0 bytes, finsh_ops.o(.text.OP_shr_word))
<BR>[Address Reference Count : 1]<UL><LI> finsh_ops.o(.rodata.op_table)
</UL>
<P><STRONG><a name="[ad]"></a>OP_st_byte</STRONG> (Thumb, 28 bytes, Stack size 0 bytes, finsh_ops.o(.text.OP_st_byte))
<BR>[Address Reference Count : 1]<UL><LI> finsh_ops.o(.rodata.op_table)
</UL>
<P><STRONG><a name="[af]"></a>OP_st_dword</STRONG> (Thumb, 28 bytes, Stack size 0 bytes, finsh_ops.o(.text.OP_st_dword))
<BR>[Address Reference Count : 1]<UL><LI> finsh_ops.o(.rodata.op_table)
</UL>
<P><STRONG><a name="[ae]"></a>OP_st_word</STRONG> (Thumb, 28 bytes, Stack size 0 bytes, finsh_ops.o(.text.OP_st_word))
<BR>[Address Reference Count : 1]<UL><LI> finsh_ops.o(.rodata.op_table)
</UL>
<P><STRONG><a name="[89]"></a>OP_sub_byte</STRONG> (Thumb, 36 bytes, Stack size 0 bytes, finsh_ops.o(.text.OP_sub_byte))
<BR>[Address Reference Count : 1]<UL><LI> finsh_ops.o(.rodata.op_table)
</UL>
<P><STRONG><a name="[8b]"></a>OP_sub_dword</STRONG> (Thumb, 36 bytes, Stack size 0 bytes, finsh_ops.o(.text.OP_sub_dword))
<BR>[Address Reference Count : 1]<UL><LI> finsh_ops.o(.rodata.op_table)
</UL>
<P><STRONG><a name="[8a]"></a>OP_sub_word</STRONG> (Thumb, 36 bytes, Stack size 0 bytes, finsh_ops.o(.text.OP_sub_word))
<BR>[Address Reference Count : 1]<UL><LI> finsh_ops.o(.rodata.op_table)
</UL>
<P><STRONG><a name="[9b]"></a>OP_xor_byte</STRONG> (Thumb, 36 bytes, Stack size 0 bytes, finsh_ops.o(.text.OP_xor_byte))
<BR>[Address Reference Count : 1]<UL><LI> finsh_ops.o(.rodata.op_table)
</UL>
<P><STRONG><a name="[9d]"></a>OP_xor_dword</STRONG> (Thumb, 36 bytes, Stack size 0 bytes, finsh_ops.o(.text.OP_xor_dword))
<BR>[Address Reference Count : 1]<UL><LI> finsh_ops.o(.rodata.op_table)
</UL>
<P><STRONG><a name="[9c]"></a>OP_xor_word</STRONG> (Thumb, 36 bytes, Stack size 0 bytes, finsh_ops.o(.text.OP_xor_word))
<BR>[Address Reference Count : 1]<UL><LI> finsh_ops.o(.rodata.op_table)
</UL>
<P><STRONG><a name="[e6]"></a>RCC_ConfigSysclk</STRONG> (Thumb, 44 bytes, Stack size 8 bytes, n32wb452_rcc.o(.text.RCC_ConfigSysclk))
<BR><BR>[Stack]<UL><LI>Max Depth = 8<LI>Call Chain = RCC_ConfigSysclk
</UL>
<BR>[Called By]<UL><LI><a href="#[68]">&gt;&gt;</a>&nbsp;&nbsp;&nbsp;SystemInit
</UL>

<P><STRONG><a name="[16e]"></a>RCC_EnableAPB1PeriphClk</STRONG> (Thumb, 56 bytes, Stack size 8 bytes, n32wb452_rcc.o(.text.RCC_EnableAPB1PeriphClk))
<BR><BR>[Stack]<UL><LI>Max Depth = 8<LI>Call Chain = RCC_EnableAPB1PeriphClk
</UL>
<BR>[Called By]<UL><LI><a href="#[165]">&gt;&gt;</a>&nbsp;&nbsp;&nbsp;n32wb452_uart_gpio_init
</UL>

<P><STRONG><a name="[d5]"></a>RCC_EnableAPB2PeriphClk</STRONG> (Thumb, 56 bytes, Stack size 8 bytes, n32wb452_rcc.o(.text.RCC_EnableAPB2PeriphClk))
<BR><BR>[Stack]<UL><LI>Max Depth = 8<LI>Call Chain = RCC_EnableAPB2PeriphClk
</UL>
<BR>[Called By]<UL><LI><a href="#[165]">&gt;&gt;</a>&nbsp;&nbsp;&nbsp;n32wb452_uart_gpio_init
<LI><a href="#[b7]">&gt;&gt;</a>&nbsp;&nbsp;&nbsp;rt_hw_pin_init
<LI><a href="#[80]">&gt;&gt;</a>&nbsp;&nbsp;&nbsp;N32WB452_pin_irq_enable
</UL>

<P><STRONG><a name="[ec]"></a>RCC_GetClocksFreqValue</STRONG> (Thumb, 452 bytes, Stack size 28 bytes, n32wb452_rcc.o(.text.RCC_GetClocksFreqValue))
<BR><BR>[Stack]<UL><LI>Max Depth = 28<LI>Call Chain = RCC_GetClocksFreqValue
</UL>
<BR>[Called By]<UL><LI><a href="#[eb]">&gt;&gt;</a>&nbsp;&nbsp;&nbsp;USART_Init
</UL>

<P><STRONG><a name="[e7]"></a>RCC_GetSysclkSrc</STRONG> (Thumb, 16 bytes, Stack size 0 bytes, n32wb452_rcc.o(.text.RCC_GetSysclkSrc))
<BR><BR>[Called By]<UL><LI><a href="#[68]">&gt;&gt;</a>&nbsp;&nbsp;&nbsp;SystemInit
</UL>

<P><STRONG><a name="[d]"></a>SVC_Handler</STRONG> (Thumb, 2 bytes, Stack size 0 bytes, n32wb452_it.o(.text.SVC_Handler))
<BR>[Address Reference Count : 1]<UL><LI> startup_n32wb452.o(RESET)
</UL>
<P><STRONG><a name="[10]"></a>SysTick_Handler</STRONG> (Thumb, 16 bytes, Stack size 8 bytes, board.o(.text.SysTick_Handler))
<BR><BR>[Stack]<UL><LI>Max Depth = 300<LI>Call Chain = SysTick_Handler &rArr; rt_tick_increase &rArr; rt_thread_yield &rArr; rt_schedule &rArr; _rt_scheduler_stack_check &rArr;  list_thread (Cycle)
</UL>
<BR>[Calls]<UL><LI><a href="#[cc]">&gt;&gt;</a>&nbsp;&nbsp;&nbsp;rt_interrupt_leave
<LI><a href="#[e5]">&gt;&gt;</a>&nbsp;&nbsp;&nbsp;rt_tick_increase
<LI><a href="#[ca]">&gt;&gt;</a>&nbsp;&nbsp;&nbsp;rt_interrupt_enter
</UL>
<BR>[Address Reference Count : 1]<UL><LI> startup_n32wb452.o(RESET)
</UL>
<P><STRONG><a name="[68]"></a>SystemInit</STRONG> (Thumb, 296 bytes, Stack size 8 bytes, system_n32wb452.o(.text.SystemInit))
<BR><BR>[Stack]<UL><LI>Max Depth = 32<LI>Call Chain = SystemInit &rArr; SetSysClock
</UL>
<BR>[Calls]<UL><LI><a href="#[e9]">&gt;&gt;</a>&nbsp;&nbsp;&nbsp;SetVDDDBKTrim
<LI><a href="#[e8]">&gt;&gt;</a>&nbsp;&nbsp;&nbsp;SetSysClock
<LI><a href="#[e7]">&gt;&gt;</a>&nbsp;&nbsp;&nbsp;RCC_GetSysclkSrc
<LI><a href="#[e6]">&gt;&gt;</a>&nbsp;&nbsp;&nbsp;RCC_ConfigSysclk
</UL>
<BR>[Address Reference Count : 1]<UL><LI> startup_n32wb452.o(.text)
</UL>
<P><STRONG><a name="[38]"></a>USART3_IRQHandler</STRONG> (Thumb, 24 bytes, Stack size 8 bytes, drv_usart.o(.text.USART3_IRQHandler))
<BR><BR>[Stack]<UL><LI>Max Depth = 348<LI>Call Chain = USART3_IRQHandler &rArr; uart_isr &rArr; rt_hw_serial_isr &rArr; rt_completion_done &rArr; rt_schedule &rArr; _rt_scheduler_stack_check &rArr;  list_thread (Cycle)
</UL>
<BR>[Calls]<UL><LI><a href="#[ea]">&gt;&gt;</a>&nbsp;&nbsp;&nbsp;uart_isr
<LI><a href="#[cc]">&gt;&gt;</a>&nbsp;&nbsp;&nbsp;rt_interrupt_leave
<LI><a href="#[ca]">&gt;&gt;</a>&nbsp;&nbsp;&nbsp;rt_interrupt_enter
</UL>
<BR>[Address Reference Count : 1]<UL><LI> startup_n32wb452.o(RESET)
</UL>
<P><STRONG><a name="[16a]"></a>USART_ConfigInt</STRONG> (Thumb, 146 bytes, Stack size 24 bytes, n32wb452_usart.o(.text.USART_ConfigInt))
<BR><BR>[Stack]<UL><LI>Max Depth = 24<LI>Call Chain = USART_ConfigInt
</UL>
<BR>[Called By]<UL><LI><a href="#[82]">&gt;&gt;</a>&nbsp;&nbsp;&nbsp;n32wb452_control
</UL>

[...]
<BR><BR>[Stack]<UL><LI>Max Depth = 292<LI>Call Chain = finsh_rx_ind &rArr; rt_sem_release &rArr; rt_schedule &rArr; _rt_scheduler_stack_check &rArr;  list_thread (Cycle)
</UL>
<BR>[Calls]<UL><LI><a href="#[13d]">&gt;&gt;</a>&nbsp;&nbsp;&nbsp;rt_sem_release
<LI><a href="#[f9]">&gt;&gt;</a>&nbsp;&nbsp;&nbsp;rt_assert_handler
</UL>
<BR>[Address Reference Count : 1]<UL><LI> shell.o(.text.finsh_set_device)
</UL>
<P><STRONG><a name="[11a]"></a>finsh_getchar</STRONG> (Thumb, 112 bytes, Stack size 16 bytes, shell.o(.text.finsh_getchar))
<BR><BR>[Stack]<UL><LI>Max Depth = 316<LI>Call Chain = finsh_getchar &rArr; rt_sem_take &rArr; rt_schedule &rArr; _rt_scheduler_stack_check &rArr;  list_thread (Cycle)
</UL>
<BR>[Calls]<UL><LI><a href="#[11c]">&gt;&gt;</a>&nbsp;&nbsp;&nbsp;rt_sem_take
<LI><a href="#[11b]">&gt;&gt;</a>&nbsp;&nbsp;&nbsp;rt_device_read
<LI><a href="#[f9]">&gt;&gt;</a>&nbsp;&nbsp;&nbsp;rt_assert_handler
</UL>
<BR>[Called By]<UL><LI><a href="#[6d]">&gt;&gt;</a>&nbsp;&nbsp;&nbsp;finsh_thread_entry
</UL>

<P><STRONG><a name="[14c]"></a>shell_handle_history</STRONG> (Thumb, 48 bytes, Stack size 16 bytes, shell.o(.text.shell_handle_history))
<BR><BR>[Stack]<UL><LI>Max Depth = 228<LI>Call Chain = shell_handle_history &rArr; rt_kprintf &rArr; rt_vsnprintf &rArr; print_number &rArr; divide
</UL>
<BR>[Calls]<UL><LI><a href="#[115]">&gt;&gt;</a>&nbsp;&nbsp;&nbsp;finsh_get_prompt
<LI><a href="#[ef]">&gt;&gt;</a>&nbsp;&nbsp;&nbsp;rt_kprintf
</UL>
<BR>[Called By]<UL><LI><a href="#[6d]">&gt;&gt;</a>&nbsp;&nbsp;&nbsp;finsh_thread_entry
</UL>

<P><STRONG><a name="[14d]"></a>shell_auto_complete</STRONG> (Thumb, 68 bytes, Stack size 16 bytes, shell.o(.text.shell_auto_complete))
<BR><BR>[Stack]<UL><LI>Max Depth = 292<LI>Call Chain = shell_auto_complete &rArr; msh_auto_complete &rArr; msh_help &rArr; rt_kprintf &rArr; rt_vsnprintf &rArr; print_number &rArr; divide
</UL>
<BR>[Calls]<UL><LI><a href="#[115]">&gt;&gt;</a>&nbsp;&nbsp;&nbsp;finsh_get_prompt
<LI><a href="#[162]">&gt;&gt;</a>&nbsp;&nbsp;&nbsp;msh_auto_complete
<LI><a href="#[117]">&gt;&gt;</a>&nbsp;&nbsp;&nbsp;msh_is_used
<LI><a href="#[159]">&gt;&gt;</a>&nbsp;&nbsp;&nbsp;list_prefix
<LI><a href="#[ef]">&gt;&gt;</a>&nbsp;&nbsp;&nbsp;rt_kprintf
</UL>
<BR>[Called By]<UL><LI><a href="#[6d]">&gt;&gt;</a>&nbsp;&nbsp;&nbsp;finsh_thread_entry
</UL>

<P><STRONG><a name="[14f]"></a>shell_push_history</STRONG> (Thumb, 264 bytes, Stack size 16 bytes, shell.o(.text.shell_push_history))
<BR><BR>[Stack]<UL><LI>Max Depth = 28<LI>Call Chain = shell_push_history &rArr; memcmp
</UL>
<BR>[Calls]<UL><LI><a href="#[1ce]">&gt;&gt;</a>&nbsp;&nbsp;&nbsp;memcmp
<LI><a href="#[bf]">&gt;&gt;</a>&nbsp;&nbsp;&nbsp;__aeabi_memclr
<LI><a href="#[14b]">&gt;&gt;</a>&nbsp;&nbsp;&nbsp;__aeabi_memcpy
</UL>
<BR>[Called By]<UL><LI><a href="#[6d]">&gt;&gt;</a>&nbsp;&nbsp;&nbsp;finsh_thread_entry
</UL>

<P><STRONG><a name="[1c2]"></a>_has_defunct_thread</STRONG> (Thumb, 28 bytes, Stack size 4 bytes, idle.o(.text._has_defunct_thread))
<BR><BR>[Stack]<UL><LI>Max Depth = 4<LI>Call Chain = _has_defunct_thread
</UL>
<BR>[Called By]<UL><LI><a href="#[1c1]">&gt;&gt;</a>&nbsp;&nbsp;&nbsp;rt_thread_idle_excute
</UL>

<P><STRONG><a name="[1c3]"></a>rt_list_remove</STRONG> (Thumb, 32 bytes, Stack size 4 bytes, idle.o(.text.rt_list_remove))
<BR><BR>[Stack]<UL><LI>Max Depth = 4<LI>Call Chain = rt_list_remove
</UL>
<BR>[Called By]<UL><LI><a href="#[1c1]">&gt;&gt;</a>&nbsp;&nbsp;&nbsp;rt_thread_idle_excute
</UL>

<P><STRONG><a name="[7a]"></a>rt_thread_idle_entry</STRONG> (Thumb, 14 bytes, Stack size 16 bytes, idle.o(.text.rt_thread_idle_entry))
<BR><BR>[Stack]<UL><LI>Max Depth = 380<LI>Call Chain = rt_thread_idle_entry &rArr; rt_thread_idle_excute &rArr; rt_object_delete &rArr; rt_free &rArr; rt_sem_take &rArr; rt_schedule &rArr; _rt_scheduler_stack_check &rArr;  list_thread (Cycle)
</UL>
<BR>[Calls]<UL><LI><a href="#[1c1]">&gt;&gt;</a>&nbsp;&nbsp;&nbsp;rt_thread_idle_excute
</UL>
<BR>[Address Reference Count : 1]<UL><LI> idle.o(.text.rt_thread_idle_init)
</UL>
<P><STRONG><a name="[1a5]"></a>rt_ipc_object_init</STRONG> (Thumb, 20 bytes, Stack size 16 bytes, ipc.o(.text.rt_ipc_object_init))
<BR><BR>[Stack]<UL><LI>Max Depth = 20<LI>Call Chain = rt_ipc_object_init &rArr; rt_list_init
</UL>
<BR>[Calls]<UL><LI><a href="#[1a6]">&gt;&gt;</a>&nbsp;&nbsp;&nbsp;rt_list_init
</UL>
<BR>[Called By]<UL><LI><a href="#[148]">&gt;&gt;</a>&nbsp;&nbsp;&nbsp;rt_sem_init
</UL>

<P><STRONG><a name="[1a6]"></a>rt_list_init</STRONG> (Thumb, 16 bytes, Stack size 4 bytes, ipc.o(.text.rt_list_init))
<BR><BR>[Stack]<UL><LI>Max Depth = 4<LI>Call Chain = rt_list_init
</UL>
<BR>[Called By]<UL><LI><a href="#[1a5]">&gt;&gt;</a>&nbsp;&nbsp;&nbsp;rt_ipc_object_init
</UL>

<P><STRONG><a name="[1b7]"></a>rt_list_isempty</STRONG> (Thumb, 20 bytes, Stack size 4 bytes, ipc.o(.text.rt_list_isempty))
<BR><BR>[Stack]<UL><LI>Max Depth = 4<LI>Call Chain = rt_list_isempty
</UL>
<BR>[Called By]<UL><LI><a href="#[13d]">&gt;&gt;</a>&nbsp;&nbsp;&nbsp;rt_sem_release
</UL>

<P><STRONG><a name="[1a3]"></a>rt_ipc_list_suspend</STRONG> (Thumb, 146 bytes, Stack size 32 bytes, ipc.o(.text.rt_ipc_list_suspend))
<BR><BR>[Stack]<UL><LI>Max Depth = 120<LI>Call Chain = rt_ipc_list_suspend &rArr; rt_thread_suspend &rArr; rt_timer_stop &rArr; rt_object_get_type &rArr; rt_assert_handler &rArr;  rt_kprintf (Cycle)
</UL>
<BR>[Calls]<UL><LI><a href="#[18f]">&gt;&gt;</a>&nbsp;&nbsp;&nbsp;rt_thread_suspend
<LI><a href="#[1a4]">&gt;&gt;</a>&nbsp;&nbsp;&nbsp;rt_list_insert_before
</UL>
<BR>[Called By]<UL><LI><a href="#[11c]">&gt;&gt;</a>&nbsp;&nbsp;&nbsp;rt_sem_take
</UL>

<P><STRONG><a name="[1a4]"></a>rt_list_insert_before</STRONG> (Thumb, 38 bytes, Stack size 8 bytes, ipc.o(.text.rt_list_insert_before))
<BR><BR>[Stack]<UL><LI>Max Depth = 8<LI>Call Chain = rt_list_insert_before
</UL>
<BR>[Called By]<UL><LI><a href="#[1a3]">&gt;&gt;</a>&nbsp;&nbsp;&nbsp;rt_ipc_list_suspend
</UL>

<P><STRONG><a name="[1a2]"></a>rt_ipc_list_resume</STRONG> (Thumb, 30 bytes, Stack size 16 bytes, ipc.o(.text.rt_ipc_list_resume))
<BR><BR>[Stack]<UL><LI>Max Depth = 104<LI>Call Chain = rt_ipc_list_resume &rArr; rt_thread_resume &rArr; rt_timer_stop &rArr; rt_object_get_type &rArr; rt_assert_handler &rArr;  rt_kprintf (Cycle)
</UL>
<BR>[Calls]<UL><LI><a href="#[18a]">&gt;&gt;</a>&nbsp;&nbsp;&nbsp;rt_thread_resume
</UL>
<BR>[Called By]<UL><LI><a href="#[13d]">&gt;&gt;</a>&nbsp;&nbsp;&nbsp;rt_sem_release
</UL>

<P><STRONG><a name="[1cc]"></a>skip_atoi</STRONG> (Thumb, 56 bytes, Stack size 8 bytes, kservice.o(.text.skip_atoi))
<BR><BR>[Stack]<UL><LI>Max Depth = 8<LI>Call Chain = skip_atoi
</UL>
<BR>[Called By]<UL><LI><a href="#[1a7]">&gt;&gt;</a>&nbsp;&nbsp;&nbsp;rt_vsnprintf
</UL>

<P><STRONG><a name="[175]"></a>print_number</STRONG> (Thumb, 612 bytes, Stack size 72 bytes, kservice.o(.text.print_number))
<BR><BR>[Stack]<UL><LI>Max Depth = 84<LI>Call Chain = print_number &rArr; divide
</UL>
<BR>[Calls]<UL><LI><a href="#[176]">&gt;&gt;</a>&nbsp;&nbsp;&nbsp;divide
</UL>
<BR>[Called By]<UL><LI><a href="#[1a7]">&gt;&gt;</a>&nbsp;&nbsp;&nbsp;rt_vsnprintf
</UL>

<P><STRONG><a name="[176]"></a>divide</STRONG> (Thumb, 82 bytes, Stack size 12 bytes, kservice.o(.text.divide))
<BR><BR>[Stack]<UL><LI>Max Depth = 12<LI>Call Chain = divide
</UL>
<BR>[Called By]<UL><LI><a href="#[175]">&gt;&gt;</a>&nbsp;&nbsp;&nbsp;print_number
</UL>

<P><STRONG><a name="[174]"></a>plug_holes</STRONG> (Thumb, 344 bytes, Stack size 24 bytes, mem.o(.text.plug_holes))
<BR><BR>[Stack]<UL><LI>Max Depth = 48<LI>Call Chain = plug_holes &rArr; rt_assert_handler &rArr;  rt_kprintf (Cycle)
</UL>
<BR>[Calls]<UL><LI><a href="#[f9]">&gt;&gt;</a>&nbsp;&nbsp;&nbsp;rt_assert_handler
</UL>
<BR>[Called By]<UL><LI><a href="#[19d]">&gt;&gt;</a>&nbsp;&nbsp;&nbsp;rt_free
</UL>

<P><STRONG><a name="[1aa]"></a>rt_list_insert_after</STRONG> (Thumb, 38 bytes, Stack size 8 bytes, object.o(.text.rt_list_insert_after))
<BR><BR>[Stack]<UL><LI>Max Depth = 8<LI>Call Chain = rt_list_insert_after
</UL>
<BR>[Called By]<UL><LI><a href="#[19b]">&gt;&gt;</a>&nbsp;&nbsp;&nbsp;rt_object_init
<LI><a href="#[1a9]">&gt;&gt;</a>&nbsp;&nbsp;&nbsp;rt_object_allocate
</UL>

<P><STRONG><a name="[1ac]"></a>rt_list_remove</STRONG> (Thumb, 32 bytes, Stack size 4 bytes, object.o(.text.rt_list_remove))
<BR><BR>[Stack]<UL><LI>Max Depth = 4<LI>Call Chain = rt_list_remove
</UL>
<BR>[Called By]<UL><LI><a href="#[1ad]">&gt;&gt;</a>&nbsp;&nbsp;&nbsp;rt_object_detach
<LI><a href="#[1ab]">&gt;&gt;</a>&nbsp;&nbsp;&nbsp;rt_object_delete
</UL>

<P><STRONG><a name="[1ba]"></a>rt_list_init</STRONG> (Thumb, 16 bytes, Stack size 4 bytes, scheduler.o(.text.rt_list_init))
<BR><BR>[Stack]<UL><LI>Max Depth = 4<LI>Call Chain = rt_list_init
</UL>
<BR>[Called By]<UL><LI><a href="#[1b9]">&gt;&gt;</a>&nbsp;&nbsp;&nbsp;rt_system_scheduler_init
</UL>

<P><STRONG><a name="[fc]"></a>_rt_scheduler_stack_check</STRONG> (Thumb, 148 bytes, Stack size 16 bytes, scheduler.o(.text._rt_scheduler_stack_check))
<BR><BR>[Stack]<UL><LI>Max Depth = 228 + In Cycle
<LI>Call Chain = _rt_scheduler_stack_check &rArr;  list_thread (Cycle)
</UL>
<BR>[Calls]<UL><LI><a href="#[3]">&gt;&gt;</a>&nbsp;&nbsp;&nbsp;list_thread
<LI><a href="#[ef]">&gt;&gt;</a>&nbsp;&nbsp;&nbsp;rt_kprintf
<LI><a href="#[f9]">&gt;&gt;</a>&nbsp;&nbsp;&nbsp;rt_assert_handler
<LI><a href="#[d2]">&gt;&gt;</a>&nbsp;&nbsp;&nbsp;rt_hw_interrupt_disable
</UL>
<BR>[Called By]<UL><LI><a href="#[18b]">&gt;&gt;</a>&nbsp;&nbsp;&nbsp;rt_schedule
</UL>

<P><STRONG><a name="[1b3]"></a>rt_list_insert_before</STRONG> (Thumb, 38 bytes, Stack size 8 bytes, scheduler.o(.text.rt_list_insert_before))
<BR><BR>[Stack]<UL><LI>Max Depth = 8<LI>Call Chain = rt_list_insert_before
</UL>
<BR>[Called By]<UL><LI><a href="#[1b2]">&gt;&gt;</a>&nbsp;&nbsp;&nbsp;rt_schedule_insert_thread
</UL>

<P><STRONG><a name="[1b5]"></a>rt_list_remove</STRONG> (Thumb, 32 bytes, Stack size 4 bytes, scheduler.o(.text.rt_list_remove))
<BR><BR>[Stack]<UL><LI>Max Depth = 4<LI>Call Chain = rt_list_remove
</UL>
<BR>[Called By]<UL><LI><a href="#[1b4]">&gt;&gt;</a>&nbsp;&nbsp;&nbsp;rt_schedule_remove_thread
</UL>

<P><STRONG><a name="[1b6]"></a>rt_list_isempty</STRONG> (Thumb, 20 bytes, Stack size 4 bytes, scheduler.o(.text.rt_list_isempty))
<BR><BR>[Stack]<UL><LI>Max Depth = 4<LI>Call Chain = rt_list_isempty
</UL>
<BR>[Called By]<UL><LI><a href="#[1b4]">&gt;&gt;</a>&nbsp;&nbsp;&nbsp;rt_schedule_remove_thread
</UL>

<P><STRONG><a name="[1c0]"></a>rt_list_insert_after</STRONG> (Thumb, 38 bytes, Stack size 8 bytes, thread.o(.text.rt_list_insert_after))
<BR><BR>[Stack]<UL><LI>Max Depth = 8<LI>Call Chain = rt_list_insert_after
</UL>
<BR>[Called By]<UL><LI><a href="#[6a]">&gt;&gt;</a>&nbsp;&nbsp;&nbsp;rt_thread_exit
</UL>

<P><STRONG><a name="[fd]"></a>_rt_thread_init</STRONG> (Thumb, 230 bytes, Stack size 40 bytes, thread.o(.text._rt_thread_init))
<BR><BR>[Stack]<UL><LI>Max Depth = 380<LI>Call Chain = _rt_thread_init &rArr; rt_timer_init &rArr; rt_object_init &rArr; rt_exit_critical &rArr; rt_schedule &rArr; _rt_scheduler_stack_check &rArr;  list_thread (Cycle)
</UL>
<BR>[Calls]<UL><LI><a href="#[ff]">&gt;&gt;</a>&nbsp;&nbsp;&nbsp;rt_memset
<LI><a href="#[f9]">&gt;&gt;</a>&nbsp;&nbsp;&nbsp;rt_assert_handler
<LI><a href="#[101]">&gt;&gt;</a>&nbsp;&nbsp;&nbsp;rt_timer_init
<LI><a href="#[100]">&gt;&gt;</a>&nbsp;&nbsp;&nbsp;rt_hw_stack_init
<LI><a href="#[fe]">&gt;&gt;</a>&nbsp;&nbsp;&nbsp;rt_list_init
</UL>
<BR>[Called By]<UL><LI><a href="#[147]">&gt;&gt;</a>&nbsp;&nbsp;&nbsp;rt_thread_create
<LI><a href="#[15f]">&gt;&gt;</a>&nbsp;&nbsp;&nbsp;rt_thread_init
</UL>

<P><STRONG><a name="[fe]"></a>rt_list_init</STRONG> (Thumb, 16 bytes, Stack size 4 bytes, thread.o(.text.rt_list_init))
<BR><BR>[Stack]<UL><LI>Max Depth = 4<LI>Call Chain = rt_list_init
</UL>
<BR>[Called By]<UL><LI><a href="#[fd]">&gt;&gt;</a>&nbsp;&nbsp;&nbsp;_rt_thread_init
</UL>

<P><STRONG><a name="[1c5]"></a>rt_list_remove</STRONG> (Thumb, 32 bytes, Stack size 4 bytes, thread.o(.text.rt_list_remove))
<BR><BR>[Stack]<UL><LI>Max Depth = 4<LI>Call Chain = rt_list_remove
</UL>
<BR>[Called By]<UL><LI><a href="#[1c7]">&gt;&gt;</a>&nbsp;&nbsp;&nbsp;rt_thread_yield
<LI><a href="#[18a]">&gt;&gt;</a>&nbsp;&nbsp;&nbsp;rt_thread_resume
<LI><a href="#[6b]">&gt;&gt;</a>&nbsp;&nbsp;&nbsp;rt_thread_timeout
</UL>

<P><STRONG><a name="[1c8]"></a>rt_list_insert_before</STRONG> (Thumb, 38 bytes, Stack size 8 bytes, thread.o(.text.rt_list_insert_before))
<BR><BR>[Stack]<UL><LI>Max Depth = 8<LI>Call Chain = rt_list_insert_before
</UL>
<BR>[Called By]<UL><LI><a href="#[1c7]">&gt;&gt;</a>&nbsp;&nbsp;&nbsp;rt_thread_yield
</UL>

<P><STRONG><a name="[102]"></a>_rt_timer_init</STRONG> (Thumb, 104 bytes, Stack size 32 bytes, timer.o(.text._rt_timer_init))
<BR><BR>[Stack]<UL><LI>Max Depth = 36<LI>Call Chain = _rt_timer_init &rArr; rt_list_init
</UL>
<BR>[Calls]<UL><LI><a href="#[103]">&gt;&gt;</a>&nbsp;&nbsp;&nbsp;rt_list_init
</UL>
<BR>[Called By]<UL><LI><a href="#[101]">&gt;&gt;</a>&nbsp;&nbsp;&nbsp;rt_timer_init
</UL>

<P><STRONG><a name="[103]"></a>rt_list_init</STRONG> (Thumb, 16 bytes, Stack size 4 bytes, timer.o(.text.rt_list_init))
<BR><BR>[Stack]<UL><LI>Max Depth = 4<LI>Call Chain = rt_list_init
</UL>
<BR>[Called By]<UL><LI><a href="#[1bd]">&gt;&gt;</a>&nbsp;&nbsp;&nbsp;rt_system_timer_init
<LI><a href="#[102]">&gt;&gt;</a>&nbsp;&nbsp;&nbsp;_rt_timer_init
</UL>

<P><STRONG><a name="[104]"></a>_rt_timer_remove</STRONG> (Thumb, 48 bytes, Stack size 16 bytes, timer.o(.text._rt_timer_remove))
<BR><BR>[Stack]<UL><LI>Max Depth = 20<LI>Call Chain = _rt_timer_remove &rArr; rt_list_remove
</UL>
<BR>[Calls]<UL><LI><a href="#[105]">&gt;&gt;</a>&nbsp;&nbsp;&nbsp;rt_list_remove
</UL>
<BR>[Called By]<UL><LI><a href="#[1c9]">&gt;&gt;</a>&nbsp;&nbsp;&nbsp;rt_timer_check
<LI><a href="#[193]">&gt;&gt;</a>&nbsp;&nbsp;&nbsp;rt_timer_start
<LI><a href="#[1c6]">&gt;&gt;</a>&nbsp;&nbsp;&nbsp;rt_timer_stop
<LI><a href="#[1bf]">&gt;&gt;</a>&nbsp;&nbsp;&nbsp;rt_timer_detach
</UL>

<P><STRONG><a name="[105]"></a>rt_list_remove</STRONG> (Thumb, 32 bytes, Stack size 4 bytes, timer.o(.text.rt_list_remove))
<BR><BR>[Stack]<UL><LI>Max Depth = 4<LI>Call Chain = rt_list_remove
</UL>
<BR>[Called By]<UL><LI><a href="#[104]">&gt;&gt;</a>&nbsp;&nbsp;&nbsp;_rt_timer_remove
</UL>

<P><STRONG><a name="[1cb]"></a>rt_list_insert_after</STRONG> (Thumb, 38 bytes, Stack size 8 bytes, timer.o(.text.rt_list_insert_after))
<BR><BR>[Stack]<UL><LI>Max Depth = 8<LI>Call Chain = rt_list_insert_after
</UL>
<BR>[Called By]<UL><LI><a href="#[193]">&gt;&gt;</a>&nbsp;&nbsp;&nbsp;rt_timer_start
</UL>

<P><STRONG><a name="[1ca]"></a>rt_list_isempty</STRONG> (Thumb, 20 bytes, Stack size 4 bytes, timer.o(.text.rt_list_isempty))
<BR><BR>[Stack]<UL><LI>Max Depth = 4<LI>Call Chain = rt_list_isempty
</UL>
<BR>[Called By]<UL><LI><a href="#[1c9]">&gt;&gt;</a>&nbsp;&nbsp;&nbsp;rt_timer_check
</UL>

<P><STRONG><a name="[b5]"></a>rti_start</STRONG> (Thumb, 4 bytes, Stack size 0 bytes, components.o(.text.rti_start))
<BR>[Address Reference Count : 1]<UL><LI> components.o(.rti_fn.0)
</UL>
<P><STRONG><a name="[b6]"></a>rti_board_start</STRONG> (Thumb, 4 bytes, Stack size 0 bytes, components.o(.text.rti_board_start))
<BR>[Address Reference Count : 1]<UL><LI> components.o(.rti_fn.0.end)
</UL>
<P><STRONG><a name="[b9]"></a>rti_board_end</STRONG> (Thumb, 4 bytes, Stack size 0 bytes, components.o(.text.rti_board_end))
<BR>[Address Reference Count : 1]<UL><LI> components.o(.rti_fn.1.end)
</UL>
<P><STRONG><a name="[bb]"></a>rti_end</STRONG> (Thumb, 4 bytes, Stack size 0 bytes, components.o(.text.rti_end))
<BR>[Address Reference Count : 1]<UL><LI> components.o(.rti_fn.6.end)
</UL>
<P><STRONG><a name="[153]"></a>hard_fault_track</STRONG> (Thumb, 146 bytes, Stack size 8 bytes, cpuport.o(.text.hard_fault_track))
<BR><BR>[Stack]<UL><LI>Max Depth = 236<LI>Call Chain = hard_fault_track &rArr; usage_fault_track &rArr; rt_kprintf &rArr; rt_vsnprintf &rArr; print_number &rArr; divide
</UL>
<BR>[Calls]<UL><LI><a href="#[ef]">&gt;&gt;</a>&nbsp;&nbsp;&nbsp;rt_kprintf
<LI><a href="#[155]">&gt;&gt;</a>&nbsp;&nbsp;&nbsp;usage_fault_track
<LI><a href="#[154]">&gt;&gt;</a>&nbsp;&nbsp;&nbsp;mem_manage_fault_track
<LI><a href="#[10c]">&gt;&gt;</a>&nbsp;&nbsp;&nbsp;bus_fault_track
</UL>
<BR>[Called By]<UL><LI><a href="#[be]">&gt;&gt;</a>&nbsp;&nbsp;&nbsp;rt_hw_hard_fault_exception
</UL>

<P><STRONG><a name="[10c]"></a>bus_fault_track</STRONG> (Thumb, 252 bytes, Stack size 16 bytes, cpuport.o(.text.bus_fault_track))
<BR><BR>[Stack]<UL><LI>Max Depth = 228<LI>Call Chain = bus_fault_track &rArr; rt_kprintf &rArr; rt_vsnprintf &rArr; print_number &rArr; divide
</UL>
<BR>[Calls]<UL><LI><a href="#[ef]">&gt;&gt;</a>&nbsp;&nbsp;&nbsp;rt_kprintf
</UL>
<BR>[Called By]<UL><LI><a href="#[153]">&gt;&gt;</a>&nbsp;&nbsp;&nbsp;hard_fault_track
</UL>

<P><STRONG><a name="[154]"></a>mem_manage_fault_track</STRONG> (Thumb, 220 bytes, Stack size 16 bytes, cpuport.o(.text.mem_manage_fault_track))
<BR><BR>[Stack]<UL><LI>Max Depth = 228<LI>Call Chain = mem_manage_fault_track &rArr; rt_kprintf &rArr; rt_vsnprintf &rArr; print_number &rArr; divide
</UL>
<BR>[Calls]<UL><LI><a href="#[ef]">&gt;&gt;</a>&nbsp;&nbsp;&nbsp;rt_kprintf
</UL>
<BR>[Called By]<UL><LI><a href="#[153]">&gt;&gt;</a>&nbsp;&nbsp;&nbsp;hard_fault_track
</UL>

<P><STRONG><a name="[155]"></a>usage_fault_track</STRONG> (Thumb, 240 bytes, Stack size 16 bytes, cpuport.o(.text.usage_fault_track))
<BR><BR>[Stack]<UL><LI>Max Depth = 228<LI>Call Chain = usage_fault_track &rArr; rt_kprintf &rArr; rt_vsnprintf &rArr; print_number &rArr; divide
</UL>
<BR>[Calls]<UL><LI><a href="#[ef]">&gt;&gt;</a>&nbsp;&nbsp;&nbsp;rt_kprintf
</UL>
<BR>[Called By]<UL><LI><a href="#[153]">&gt;&gt;</a>&nbsp;&nbsp;&nbsp;hard_fault_track
</UL>

<P><STRONG><a name="[e8]"></a>SetSysClock</STRONG> (Thumb, 366 bytes, Stack size 24 bytes, system_n32wb452.o(.text.SetSysClock))
<BR><BR>[Stack]<UL><LI>Max Depth = 24<LI>Call Chain = SetSysClock
</UL>
<BR>[Called By]<UL><LI><a href="#[68]">&gt;&gt;</a>&nbsp;&nbsp;&nbsp;SystemInit
</UL>

<P><STRONG><a name="[e9]"></a>SetVDDDBKTrim</STRONG> (Thumb, 152 bytes, Stack size 8 bytes, system_n32wb452.o(.text.SetVDDDBKTrim))
<BR><BR>[Stack]<UL><LI>Max Depth = 8<LI>Call Chain = SetVDDDBKTrim
</UL>
<BR>[Called By]<UL><LI><a href="#[68]">&gt;&gt;</a>&nbsp;&nbsp;&nbsp;SystemInit
</UL>

<P><STRONG><a name="[40]"></a>RESERVE47_IRQHandler</STRONG> (Thumb, 0 bytes, Stack size 0 bytes, startup_n32wb452.o(.text))
<BR>[Address Reference Count : 1]<UL><LI> startup_n32wb452.o(RESET)
</UL>
<P><STRONG><a name="[41]"></a>RESERVE48_IRQHandler</STRONG> (Thumb, 0 bytes, Stack size 0 bytes, startup_n32wb452.o(.text))
<BR>[Address Reference Count : 1]<UL><LI> startup_n32wb452.o(RESET)
</UL>
<P><STRONG><a name="[4e]"></a>RESERVE61_IRQHandler</STRONG> (Thumb, 0 bytes, Stack size 0 bytes, startup_n32wb452.o(.text))
<BR>[Address Reference Count : 1]<UL><LI> startup_n32wb452.o(RESET)
</UL>
<P><STRONG><a name="[4f]"></a>RESERVE62_IRQHandler</STRONG> (Thumb, 0 bytes, Stack size 0 bytes, startup_n32wb452.o(.text))
<BR>[Address Reference Count : 1]<UL><LI> startup_n32wb452.o(RESET)
</UL>
<P><STRONG><a name="[54]"></a>RESERVE67_IRQHandler</STRONG> (Thumb, 0 bytes, Stack size 0 bytes, startup_n32wb452.o(.text))
<BR>[Address Reference Count : 1]<UL><LI> startup_n32wb452.o(RESET)
</UL>
<P><STRONG><a name="[63]"></a>RESERVE82_IRQHandler</STRONG> (Thumb, 0 bytes, Stack size 0 bytes, startup_n32wb452.o(.text))
<BR>[Address Reference Count : 1]<UL><LI> startup_n32wb452.o(RESET)
</UL>
<P><STRONG><a name="[64]"></a>RESERVE83_IRQHandler</STRONG> (Thumb, 0 bytes, Stack size 0 bytes, startup_n32wb452.o(.text))
<BR>[Address Reference Count : 1]<UL><LI> startup_n32wb452.o(RESET)
</UL>
<P><STRONG><a name="[65]"></a>RESERVE84_IRQHandler</STRONG> (Thumb, 0 bytes, Stack size 0 bytes, startup_n32wb452.o(.text))
<BR>[Address Reference Count : 1]<UL><LI> startup_n32wb452.o(RESET)
</UL><P>
<H3>
Undefined Global Symbols
</H3><HR></body></html>
