<html>
<body>
<pre>
<h1>µVision Build Log</h1>
<h2>Tool Versions:</h2>
IDE-Version: ¦ÌVision V5.38.0.0
Copyright (C) 2022 ARM Ltd and ARM Germany GmbH. All rights reserved.
License Information: 111 jiavav233@gmail.com, 11111, LIC=X96CK-ZQZVI-TG07T-RX7GG-M33TV-10M1B
 
Tool Versions:
Toolchain:       MDK-ARM Plus  Version: 5.38.0.0
Toolchain Path:  D:\APP\Keil_v5\ARM\ARMCLANG\Bin
C Compiler:      ArmClang.exe V6.19
Assembler:       Armasm.exe V6.19
Linker/Locator:  ArmLink.exe V6.19
Library Manager: ArmAr.exe V6.19
Hex Converter:   FromElf.exe V6.19
CPU DLL:         SARMCM3.DLL V5.38.0.0
Dialog DLL:      DCM.DLL V1.17.5.0
Target DLL:      CMSIS_AGDI.dll V1.33.15.0
Dialog DLL:      TCM.DLL V1.56.4.0
 
<h2>Project:</h2>
D:\Desktop\tumble watches\0.N32WB452_dome\rt-thread\Project\MDK-ARM\dame.uvprojx
Project File Date:  11/04/2025

<h2>Output:</h2>
*** Using Compiler 'V6.19', folder: 'D:\APP\Keil_v5\ARM\ARMCLANG\Bin'
Build target 'Target 1'
compiling mempool.c...
compiling idle.c...
compiling n32wb452_it.c...
compiling main.c...
compiling finsh_parser.c...
compiling completion.c...
compiling pin.c...
../../Middleware/rt-thread/components/finsh/finsh_ops.c(450): warning: passing arguments to a function without a prototype is deprecated in all versions of C and is not supported in C2x [-Wdeprecated-non-prototype]
        r = f(0);
             ^
../../Middleware/rt-thread/components/finsh/finsh_ops.c(454): warning: passing arguments to a function without a prototype is deprecated in all versions of C and is not supported in C2x [-Wdeprecated-non-prototype]
        r = f(parameterv[0]);
             ^
../../Middleware/rt-thread/components/finsh/finsh_ops.c(458): warning: passing arguments to a function without a prototype is deprecated in all versions of C and is not supported in C2x [-Wdeprecated-non-prototype]
        r = f(parameterv[0], parameterv[1]);
             ^
../../Middleware/rt-thread/components/finsh/finsh_ops.c(462): warning: passing arguments to a function without a prototype is deprecated in all versions of C and is not supported in C2x [-Wdeprecated-non-prototype]
        r = f(parameterv[0], parameterv[1], parameterv[2]);
             ^
../../Middleware/rt-thread/components/finsh/finsh_ops.c(466): warning: passing arguments to a function without a prototype is deprecated in all versions of C and is not supported in C2x [-Wdeprecated-non-prototype]
        r = f(parameterv[0], parameterv[1], parameterv[2], parameterv[3]);
             ^
../../Middleware/rt-thread/components/finsh/finsh_ops.c(470): warning: passing arguments to a function without a prototype is deprecated in all versions of C and is not supported in C2x [-Wdeprecated-non-prototype]
        r = f(parameterv[0], parameterv[1], parameterv[2], parameterv[3],
             ^
../../Middleware/rt-thread/components/finsh/finsh_ops.c(475): warning: passing arguments to a function without a prototype is deprecated in all versions of C and is not supported in C2x [-Wdeprecated-non-prototype]
        r = f(parameterv[0], parameterv[1], parameterv[2], parameterv[3],
             ^
../../Middleware/rt-thread/components/finsh/finsh_ops.c(480): warning: passing arguments to a function without a prototype is deprecated in all versions of C and is not supported in C2x [-Wdeprecated-non-prototype]
        r = f(parameterv[0], parameterv[1], parameterv[2], parameterv[3],
             ^
../../Middleware/rt-thread/components/finsh/finsh_ops.c(485): warning: passing arguments to a function without a prototype is deprecated in all versions of C and is not supported in C2x [-Wdeprecated-non-prototype]
        r = f(parameterv[0], parameterv[1], parameterv[2], parameterv[3],
             ^
../../Middleware/rt-thread/components/finsh/finsh_ops.c(490): warning: passing arguments to a function without a prototype is deprecated in all versions of C and is not supported in C2x [-Wdeprecated-non-prototype]
        r = f(parameterv[0], parameterv[1], parameterv[2], parameterv[3],
             ^
../../Middleware/rt-thread/components/finsh/finsh_ops.c(496): warning: passing arguments to a function without a prototype is deprecated in all versions of C and is not supported in C2x [-Wdeprecated-non-prototype]
        r = f(parameterv[0], parameterv[1], parameterv[2], parameterv[3],
             ^
../../Middleware/rt-thread/components/finsh/finsh_ops.c(502): warning: passing arguments to a function without a prototype is deprecated in all versions of C and is not supported in C2x [-Wdeprecated-non-prototype]
        r = f(parameterv[0], parameterv[1], parameterv[2], parameterv[3],
             ^
../../Middleware/rt-thread/components/finsh/finsh_ops.c(508): warning: passing arguments to a function without a prototype is deprecated in all versions of C and is not supported in C2x [-Wdeprecated-non-prototype]
        r = f(parameterv[0], parameterv[1], parameterv[2], parameterv[3],
             ^
../../Middleware/rt-thread/components/finsh/finsh_ops.c(514): warning: passing arguments to a function without a prototype is deprecated in all versions of C and is not supported in C2x [-Wdeprecated-non-prototype]
        r = f(parameterv[0], parameterv[1], parameterv[2], parameterv[3],
             ^
../../Middleware/rt-thread/components/finsh/finsh_ops.c(521): warning: passing arguments to a function without a prototype is deprecated in all versions of C and is not supported in C2x [-Wdeprecated-non-prototype]
        r = f(parameterv[0], parameterv[1], parameterv[2], parameterv[3],
             ^
../../Middleware/rt-thread/components/finsh/finsh_ops.c(528): warning: passing arguments to a function without a prototype is deprecated in all versions of C and is not supported in C2x [-Wdeprecated-non-prototype]
        r = f(parameterv[0], parameterv[1], parameterv[2], parameterv[3],
             ^
../../Middleware/rt-thread/components/finsh/finsh_ops.c(535): warning: passing arguments to a function without a prototype is deprecated in all versions of C and is not supported in C2x [-Wdeprecated-non-prototype]
        r = f(parameterv[0], parameterv[1], parameterv[2], parameterv[3],
             ^
17 warnings generated.
compiling finsh_ops.c...
compiling kservice.c...
compiling finsh_compiler.c...
compiling ipc.c...
compiling finsh_node.c...
compiling irq.c...
compiling msh.c...
compiling finsh_heap.c...
compiling finsh_token.c...
compiling msh_file.c...
compiling cmd.c...
compiling finsh_error.c...
compiling memheap.c...
compiling serial.c...
compiling board.c...
compiling finsh_vm.c...
compiling finsh_init.c...
compiling symbol.c...
compiling drv_gpio.c...
compiling finsh_var.c...
compiling clock.c...
compiling device.c...
compiling slab.c...
compiling shell.c...
compiling mem.c...
compiling scheduler.c...
compiling drv_usart.c...
compiling object.c...
compiling thread.c...
compiling timer.c...
compiling components.c...
compiling cpu.c...
compiling signal.c...
compiling misc.c...
compiling n32wb452_crc.c...
compiling n32wb452_adc.c...
compiling n32wb452_bkp.c...
compiling n32wb452_can.c...
compiling n32wb452_dbg.c...
compiling n32wb452_dvp.c...
compiling n32wb452_dac.c...
compiling n32wb452_exti.c...
compiling n32wb452_dma.c...
compiling n32wb452_gpio.c...
compiling n32wb452_flash.c...
compiling n32wb452_i2c.c...
compiling n32wb452_iwdg.c...
compiling n32wb452_pwr.c...
compiling n32wb452_rcc.c...
compiling n32wb452_sdio.c...
compiling n32wb452_spi.c...
compiling n32wb452_rtc.c...
compiling n32wb452_tsc.c...
compiling n32wb452_usart.c...
compiling n32wb452_tim.c...
compiling cpuport.c...
compiling n32wb452_wwdg.c...
compiling system_n32wb452.c...
assembling startup_n32wb452.s...
assembling context_rvds.S...
linking...
Program Size: Code=53578 RO-data=7442 RW-data=404 ZI-data=11724  
".\Objects\dame.axf" - 0 Error(s), 17 Warning(s).

<h2>Software Packages used:</h2>

Package Vendor: Nationstech
                http://www.keil.com/pack/Nationstech.N32WB452_DFP.1.1.0.pack
                Nationstech.N32WB452_DFP.1.1.0
                Nationstech N32WB452 Series Device Support, Drivers and Examples

<h2>Collection of Component include folders:</h2>
  D:/APP/Keil_v5/ARM/PACK/Nationstech/N32WB452_DFP/1.1.0/firmware/CMSIS/device

<h2>Collection of Component Files used:</h2>
Build Time Elapsed:  00:00:06
</pre>
</body>
</html>
