Component: Arm Compiler for Embedded 6.19 Tool: armlink [5e73cb00]

==============================================================================

Section Cross References

    main.o(.text.main) refers to pin.o(.text.rt_pin_mode) for rt_pin_mode
    main.o(.text.main) refers to main.o(.bss.led0_stack) for led0_stack
    main.o(.text.main) refers to main.o(.bss.led0_thread) for led0_thread
    main.o(.text.main) refers to main.o(.rodata.str1.1) for .L.str
    main.o(.text.main) refers to main.o(.text.led0_thread_entry) for led0_thread_entry
    main.o(.text.main) refers to thread.o(.text.rt_thread_init) for rt_thread_init
    main.o(.text.main) refers to thread.o(.text.rt_thread_startup) for rt_thread_startup
    main.o(.text.main) refers to main.o(.bss.led1_stack) for led1_stack
    main.o(.text.main) refers to main.o(.bss.led1_thread) for led1_thread
    main.o(.text.main) refers to main.o(.text.led1_thread_entry) for led1_thread_entry
    main.o(.text.main) refers to thread.o(.text.rt_thread_delay) for rt_thread_delay
    main.o(.ARM.exidx.text.main) refers to main.o(.text.main) for [Anonymous Symbol]
    main.o(.text.led0_thread_entry) refers to thread.o(.text.rt_thread_delay) for rt_thread_delay
    main.o(.text.led0_thread_entry) refers to pin.o(.text.rt_pin_write) for rt_pin_write
    main.o(.ARM.exidx.text.led0_thread_entry) refers to main.o(.text.led0_thread_entry) for [Anonymous Symbol]
    main.o(.text.led1_thread_entry) refers to thread.o(.text.rt_thread_delay) for rt_thread_delay
    main.o(.text.led1_thread_entry) refers to pin.o(.text.rt_pin_write) for rt_pin_write
    main.o(.ARM.exidx.text.led1_thread_entry) refers to main.o(.text.led1_thread_entry) for [Anonymous Symbol]
    n32wb452_it.o(.ARM.exidx.text.NMI_Handler) refers to n32wb452_it.o(.text.NMI_Handler) for [Anonymous Symbol]
    n32wb452_it.o(.ARM.exidx.text.MemManage_Handler) refers to n32wb452_it.o(.text.MemManage_Handler) for [Anonymous Symbol]
    n32wb452_it.o(.ARM.exidx.text.BusFault_Handler) refers to n32wb452_it.o(.text.BusFault_Handler) for [Anonymous Symbol]
    n32wb452_it.o(.ARM.exidx.text.UsageFault_Handler) refers to n32wb452_it.o(.text.UsageFault_Handler) for [Anonymous Symbol]
    n32wb452_it.o(.ARM.exidx.text.SVC_Handler) refers to n32wb452_it.o(.text.SVC_Handler) for [Anonymous Symbol]
    n32wb452_it.o(.ARM.exidx.text.DebugMon_Handler) refers to n32wb452_it.o(.text.DebugMon_Handler) for [Anonymous Symbol]
    n32wb452_it.o(.ARM.exidx.text.DMA_IRQ_HANDLER) refers to n32wb452_it.o(.text.DMA_IRQ_HANDLER) for [Anonymous Symbol]
    board.o(.text.NVIC_Configuration) refers to misc.o(.text.NVIC_SetVectorTable) for NVIC_SetVectorTable
    board.o(.ARM.exidx.text.NVIC_Configuration) refers to board.o(.text.NVIC_Configuration) for [Anonymous Symbol]
    board.o(.text.SysTick_Handler) refers to irq.o(.text.rt_interrupt_enter) for rt_interrupt_enter
    board.o(.text.SysTick_Handler) refers to clock.o(.text.rt_tick_increase) for rt_tick_increase
    board.o(.text.SysTick_Handler) refers to irq.o(.text.rt_interrupt_leave) for rt_interrupt_leave
    board.o(.ARM.exidx.text.SysTick_Handler) refers to board.o(.text.SysTick_Handler) for [Anonymous Symbol]
    board.o(.text.rt_hw_board_init) refers to board.o(.text.NVIC_Configuration) for NVIC_Configuration
    board.o(.text.rt_hw_board_init) refers to system_n32wb452.o(.data.SystemCoreClock) for SystemCoreClock
    board.o(.text.rt_hw_board_init) refers to board.o(.text.SysTick_Config) for SysTick_Config
    board.o(.text.rt_hw_board_init) refers to mem.o(.text.rt_system_heap_init) for rt_system_heap_init
    board.o(.text.rt_hw_board_init) refers to components.o(.text.rt_components_board_init) for rt_components_board_init
    board.o(.text.rt_hw_board_init) refers to board.o(.rodata.str1.1) for .L.str
    board.o(.text.rt_hw_board_init) refers to kservice.o(.text.rt_console_set_device) for rt_console_set_device
    board.o(.ARM.exidx.text.rt_hw_board_init) refers to board.o(.text.rt_hw_board_init) for [Anonymous Symbol]
    board.o(.text.SysTick_Config) refers to board.o(.text.__NVIC_SetPriority) for __NVIC_SetPriority
    board.o(.ARM.exidx.text.SysTick_Config) refers to board.o(.text.SysTick_Config) for [Anonymous Symbol]
    board.o(.ARM.exidx.text.__NVIC_SetPriority) refers to board.o(.text.__NVIC_SetPriority) for [Anonymous Symbol]
    drv_gpio.o(.text.rt_hw_pin_init) refers to n32wb452_rcc.o(.text.RCC_EnableAPB2PeriphClk) for RCC_EnableAPB2PeriphClk
    drv_gpio.o(.text.rt_hw_pin_init) refers to drv_gpio.o(.rodata.str1.1) for .L.str
    drv_gpio.o(.text.rt_hw_pin_init) refers to drv_gpio.o(.rodata._N32WB452_pin_ops) for _N32WB452_pin_ops
    drv_gpio.o(.text.rt_hw_pin_init) refers to pin.o(.text.rt_device_pin_register) for rt_device_pin_register
    drv_gpio.o(.ARM.exidx.text.rt_hw_pin_init) refers to drv_gpio.o(.text.rt_hw_pin_init) for [Anonymous Symbol]
[...]
    OP_mul_word                              0x08001859   Thumb Code    36  finsh_ops.o(.text.OP_mul_word)
    OP_no_op                                 0x0800187d   Thumb Code     2  finsh_ops.o(.text.OP_no_op)
    OP_or_byte                               0x08001881   Thumb Code    36  finsh_ops.o(.text.OP_or_byte)
    OP_or_dword                              0x080018a5   Thumb Code    36  finsh_ops.o(.text.OP_or_dword)
    OP_or_word                               0x080018c9   Thumb Code    36  finsh_ops.o(.text.OP_or_word)
    OP_pop                                   0x080018ed   Thumb Code    16  finsh_ops.o(.text.OP_pop)
    OP_shl_byte                              0x080018fd   Thumb Code    36  finsh_ops.o(.text.OP_shl_byte)
    OP_shl_dword                             0x08001921   Thumb Code    36  finsh_ops.o(.text.OP_shl_dword)
    OP_shl_word                              0x08001945   Thumb Code    36  finsh_ops.o(.text.OP_shl_word)
    OP_shr_byte                              0x08001969   Thumb Code    36  finsh_ops.o(.text.OP_shr_byte)
    OP_shr_dword                             0x0800198d   Thumb Code    36  finsh_ops.o(.text.OP_shr_dword)
    OP_shr_word                              0x080019b1   Thumb Code    36  finsh_ops.o(.text.OP_shr_word)
    OP_st_byte                               0x080019d5   Thumb Code    28  finsh_ops.o(.text.OP_st_byte)
    OP_st_dword                              0x080019f1   Thumb Code    28  finsh_ops.o(.text.OP_st_dword)
    OP_st_word                               0x08001a0d   Thumb Code    28  finsh_ops.o(.text.OP_st_word)
    OP_sub_byte                              0x08001a29   Thumb Code    36  finsh_ops.o(.text.OP_sub_byte)
    OP_sub_dword                             0x08001a4d   Thumb Code    36  finsh_ops.o(.text.OP_sub_dword)
    OP_sub_word                              0x08001a71   Thumb Code    36  finsh_ops.o(.text.OP_sub_word)
    OP_xor_byte                              0x08001a95   Thumb Code    36  finsh_ops.o(.text.OP_xor_byte)
    OP_xor_dword                             0x08001ab9   Thumb Code    36  finsh_ops.o(.text.OP_xor_dword)
    OP_xor_word                              0x08001add   Thumb Code    36  finsh_ops.o(.text.OP_xor_word)
    RCC_ConfigSysclk                         0x08001b01   Thumb Code    44  n32wb452_rcc.o(.text.RCC_ConfigSysclk)
    RCC_EnableAPB1PeriphClk                  0x08001b2d   Thumb Code    56  n32wb452_rcc.o(.text.RCC_EnableAPB1PeriphClk)
    RCC_EnableAPB2PeriphClk                  0x08001b65   Thumb Code    56  n32wb452_rcc.o(.text.RCC_EnableAPB2PeriphClk)
    RCC_GetClocksFreqValue                   0x08001b9d   Thumb Code   452  n32wb452_rcc.o(.text.RCC_GetClocksFreqValue)
    RCC_GetSysclkSrc                         0x08001d61   Thumb Code    16  n32wb452_rcc.o(.text.RCC_GetSysclkSrc)
    SVC_Handler                              0x08001d71   Thumb Code     2  n32wb452_it.o(.text.SVC_Handler)
    SysTick_Handler                          0x08001fd1   Thumb Code    16  board.o(.text.SysTick_Handler)
    SystemInit                               0x08001fe1   Thumb Code   296  system_n32wb452.o(.text.SystemInit)
    USART3_IRQHandler                        0x08002109   Thumb Code    24  drv_usart.o(.text.USART3_IRQHandler)
    USART_ConfigInt                          0x08002121   Thumb Code   146  n32wb452_usart.o(.text.USART_ConfigInt)
    USART_Enable                             0x080021b5   Thumb Code    44  n32wb452_usart.o(.text.USART_Enable)
    USART_GetFlagStatus                      0x080021e1   Thumb Code    68  n32wb452_usart.o(.text.USART_GetFlagStatus)
    USART_GetIntStatus                       0x08002225   Thumb Code   176  n32wb452_usart.o(.text.USART_GetIntStatus)
    USART_Init                               0x080022d5   Thumb Code   334  n32wb452_usart.o(.text.USART_Init)
    USART_ReceiveData                        0x08002425   Thumb Code    16  n32wb452_usart.o(.text.USART_ReceiveData)
    USART_SendData                           0x08002435   Thumb Code    24  n32wb452_usart.o(.text.USART_SendData)
    USART_StructInit                         0x0800244d   Thumb Code    40  n32wb452_usart.o(.text.USART_StructInit)
    UsageFault_Handler                       0x08002475   Thumb Code     4  n32wb452_it.o(.text.UsageFault_Handler)
    __rt_ffs                                 0x080025dd   Thumb Code   126  kservice.o(.text.__rt_ffs)
    finsh_compiler_run                       0x08004fcd   Thumb Code   140  finsh_compiler.o(.text.finsh_compiler_run)
    finsh_errno                              0x08005059   Thumb Code    12  finsh_error.o(.text.finsh_errno)
    finsh_error_init                         0x08005065   Thumb Code    14  finsh_error.o(.text.finsh_error_init)
    finsh_error_set                          0x08005075   Thumb Code    26  finsh_error.o(.text.finsh_error_set)
    finsh_error_string                       0x08005091   Thumb Code    26  finsh_error.o(.text.finsh_error_string)
    finsh_flush                              0x080050ad   Thumb Code    26  finsh_init.o(.text.finsh_flush)
    finsh_get_prompt                         0x080050c9   Thumb Code   174  shell.o(.text.finsh_get_prompt)
    finsh_heap_allocate                      0x080051e9   Thumb Code   234  finsh_heap.o(.text.finsh_heap_allocate)
    finsh_heap_free                          0x080052d5   Thumb Code    54  finsh_heap.o(.text.finsh_heap_free)
    finsh_heap_init                          0x0800539d   Thumb Code    58  finsh_heap.o(.text.finsh_heap_init)
    finsh_init                               0x080053d9   Thumb Code    34  finsh_init.o(.text.finsh_init)
    finsh_node_allocate                      0x080053fd   Thumb Code   110  finsh_node.o(.text.finsh_node_allocate)
    finsh_node_init                          0x0800546d   Thumb Code    22  finsh_node.o(.text.finsh_node_init)
    finsh_node_new_char                      0x08005485   Thumb Code    54  finsh_node.o(.text.finsh_node_new_char)
    finsh_node_new_id                        0x080054bd   Thumb Code   202  finsh_node.o(.text.finsh_node_new_id)
    finsh_node_new_int                       0x08005589   Thumb Code    50  finsh_node.o(.text.finsh_node_new_int)
    finsh_node_new_long                      0x080055bd   Thumb Code    50  finsh_node.o(.text.finsh_node_new_long)
    finsh_node_new_ptr                       0x080055f1   Thumb Code    50  finsh_node.o(.text.finsh_node_new_ptr)
    finsh_node_new_string                    0x08005625   Thumb Code   104  finsh_node.o(.text.finsh_node_new_string)
    finsh_parser_init                        0x0800568d   Thumb Code    20  finsh_parser.o(.text.finsh_parser_init)
    finsh_parser_run                         0x080056a1   Thumb Code   390  finsh_parser.o(.text.finsh_parser_run)
    finsh_run_line                           0x08005829   Thumb Code   214  shell.o(.text.finsh_run_line)
    finsh_set_device                         0x08005945   Thumb Code   236  shell.o(.text.finsh_set_device)
    finsh_set_prompt_mode                    0x08005a31   Thumb Code    82  shell.o(.text.finsh_set_prompt_mode)
    finsh_stack_bottom                       0x08005a85   Thumb Code    12  finsh_init.o(.text.finsh_stack_bottom)
    finsh_syscall_lookup                     0x08005a91   Thumb Code   144  finsh_vm.o(.text.finsh_syscall_lookup)
    finsh_system_init                        0x08005b21   Thumb Code   160  shell.o(.text.finsh_system_init)
    finsh_sysvar_lookup                      0x08005bc1   Thumb Code   144  finsh_var.o(.text.finsh_sysvar_lookup)
    finsh_thread_entry                       0x08005c51   Thumb Code  1646  shell.o(.text.finsh_thread_entry)
    finsh_token_init                         0x080062c1   Thumb Code    28  finsh_token.o(.text.finsh_token_init)
    finsh_token_token                        0x080062dd   Thumb Code    38  finsh_token.o(.text.finsh_token_token)
    finsh_var_init                           0x080064f9   Thumb Code    20  finsh_var.o(.text.finsh_var_init)
    finsh_var_insert                         0x0800650d   Thumb Code   186  finsh_var.o(.text.finsh_var_insert)
    finsh_var_lookup                         0x080065c9   Thumb Code   104  finsh_var.o(.text.finsh_var_lookup)
    finsh_vm_run                             0x08006631   Thumb Code   156  finsh_vm.o(.text.finsh_vm_run)
    hello                                    0x080067e1   Thumb Code    18  cmd.o(.text.hello)
    list                                     0x0800684d   Thumb Code   262  cmd.o(.text.list)
    list_mutex                               0x08006955   Thumb Code    24  cmd.o(.text.list_mutex)
    list_prefix                              0x0800696d   Thumb Code   730  cmd.o(.text.list_prefix)
    list_sem                                 0x08006c49   Thumb Code    24  cmd.o(.text.list_sem)
    list_thread                              0x08006c61   Thumb Code    24  cmd.o(.text.list_thread)
    list_timer                               0x08006c79   Thumb Code    24  cmd.o(.text.list_timer)
    $Super$$main                             0x08006c91   Thumb Code   188  main.o(.text.main)
    main_thread_entry                        0x08006d4d   Thumb Code    18  components.o(.text.main_thread_entry)
    msh_auto_complete                        0x08006e7d   Thumb Code   216  msh.o(.text.msh_auto_complete)
    msh_exec                                 0x08006f55   Thumb Code   178  msh.o(.text.msh_exec)
    msh_help                                 0x08007085   Thumb Code   122  msh.o(.text.msh_help)
    msh_is_used                              0x08007101   Thumb Code    12  msh.o(.text.msh_is_used)
    n32wb452_uart_gpio_init                  0x080075c9   Thumb Code   232  drv_usart.o(.text.n32wb452_uart_gpio_init)
    rt_application_init                      0x08008869   Thumb Code    82  components.o(.text.rt_application_init)
    rt_assert_handler                        0x080088bd   Thumb Code    86  kservice.o(.text.rt_assert_handler)
    rt_calloc                                0x08008915   Thumb Code    48  mem.o(.text.rt_calloc)
    rt_completion_done                       0x08008945   Thumb Code   110  completion.o(.text.rt_completion_done)
    rt_completion_init                       0x080089b5   Thumb Code    66  completion.o(.text.rt_completion_init)
    rt_completion_wait                       0x080089f9   Thumb Code   278  completion.o(.text.rt_completion_wait)
    rt_components_board_init                 0x08008b11   Thumb Code    84  components.o(.text.rt_components_board_init)
    rt_components_init                       0x08008b65   Thumb Code    96  components.o(.text.rt_components_init)
    rt_console_get_device                    0x08008bc5   Thumb Code    12  kservice.o(.text.rt_console_get_device)
    rt_console_set_device                    0x08008bd1   Thumb Code    90  kservice.o(.text.rt_console_set_device)
    rt_device_close                          0x08008c2d   Thumb Code   170  device.o(.text.rt_device_close)
    rt_device_find                           0x08008cd9   Thumb Code   154  device.o(.text.rt_device_find)
    rt_device_open                           0x08008d75   Thumb Code   300  device.o(.text.rt_device_open)
    rt_device_pin_register                   0x08008ea1   Thumb Code    88  pin.o(.text.rt_device_pin_register)
    rt_device_read                           0x08008ef9   Thumb Code   150  device.o(.text.rt_device_read)
    rt_device_register                       0x08008f91   Thumb Code    82  device.o(.text.rt_device_register)
    rt_device_set_rx_indicate                0x08008fe5   Thumb Code    90  device.o(.text.rt_device_set_rx_indicate)
    rt_device_write                          0x08009041   Thumb Code   150  device.o(.text.rt_device_write)
    rt_enter_critical                        0x080090d9   Thumb Code    34  scheduler.o(.text.rt_enter_critical)
    rt_exit_critical                         0x080090fd   Thumb Code    86  scheduler.o(.text.rt_exit_critical)
    rt_free                                  0x08009155   Thumb Code   472  mem.o(.text.rt_free)
    rt_hw_board_init                         0x0800932d   Thumb Code    72  board.o(.text.rt_hw_board_init)
    rt_hw_console_output                     0x08009375   Thumb Code     8  kservice.o(.text.rt_hw_console_output)
    rt_hw_hard_fault_exception               0x0800937d   Thumb Code   400  cpuport.o(.text.rt_hw_hard_fault_exception)
    rt_hw_pin_init                           0x0800950d   Thumb Code    72  drv_gpio.o(.text.rt_hw_pin_init)
    rt_hw_serial_isr                         0x08009555   Thumb Code   352  serial.o(.text.rt_hw_serial_isr)
    rt_hw_serial_register                    0x080096b5   Thumb Code   160  serial.o(.text.rt_hw_serial_register)
    rt_hw_stack_init                         0x08009755   Thumb Code   128  cpuport.o(.text.rt_hw_stack_init)
    rt_hw_usart_init                         0x080097d5   Thumb Code   124  drv_usart.o(.text.rt_hw_usart_init)
    rt_interrupt_enter                       0x08009851   Thumb Code    38  irq.o(.text.rt_interrupt_enter)
    rt_interrupt_get_nest                    0x08009879   Thumb Code    38  irq.o(.text.rt_interrupt_get_nest)
    rt_interrupt_leave                       0x080098a1   Thumb Code    38  irq.o(.text.rt_interrupt_leave)
    rt_kprintf                               0x08009991   Thumb Code   148  kservice.o(.text.rt_kprintf)
    rt_malloc                                0x08009cc1   Thumb Code   922  mem.o(.text.rt_malloc)
    rt_memmove                               0x0800a05d   Thumb Code   130  kservice.o(.text.rt_memmove)
    rt_memset                                0x0800a0e1   Thumb Code    42  kservice.o(.text.rt_memset)
    rt_object_allocate                       0x0800a10d   Thumb Code   214  object.o(.text.rt_object_allocate)
    rt_object_delete                         0x0800a1e5   Thumb Code   112  object.o(.text.rt_object_delete)
    rt_object_detach                         0x0800a255   Thumb Code    68  object.o(.text.rt_object_detach)
    rt_object_get_information                0x0800a299   Thumb Code    84  object.o(.text.rt_object_get_information)
    rt_object_get_type                       0x0800a2ed   Thumb Code    50  object.o(.text.rt_object_get_type)
    rt_object_init                           0x0800a321   Thumb Code   194  object.o(.text.rt_object_init)
    rt_object_is_systemobject                0x0800a3e5   Thumb Code    68  object.o(.text.rt_object_is_systemobject)
    rt_pin_mode                              0x0800a429   Thumb Code    68  pin.o(.text.rt_pin_mode)
    rt_pin_write                             0x0800a46d   Thumb Code    68  pin.o(.text.rt_pin_write)
    rt_schedule                              0x0800a4b1   Thumb Code   188  scheduler.o(.text.rt_schedule)
    rt_schedule_insert_thread                0x0800a56d   Thumb Code   116  scheduler.o(.text.rt_schedule_insert_thread)
    rt_schedule_remove_thread                0x0800a5e1   Thumb Code   112  scheduler.o(.text.rt_schedule_remove_thread)
    rt_sem_init                              0x0800a651   Thumb Code   114  ipc.o(.text.rt_sem_init)
    rt_sem_release                           0x0800a6c5   Thumb Code   152  ipc.o(.text.rt_sem_release)
    rt_sem_take                              0x0800a75d   Thumb Code   372  ipc.o(.text.rt_sem_take)
    rt_set_errno                             0x0800ae25   Thumb Code    66  kservice.o(.text.rt_set_errno)
    rt_show_version                          0x0800ae69   Thumb Code    74  kservice.o(.text.rt_show_version)
    rt_strlen                                0x0800aeb5   Thumb Code    38  kservice.o(.text.rt_strlen)
    rt_strncmp                               0x0800aedd   Thumb Code    76  kservice.o(.text.rt_strncmp)
    rt_strncpy                               0x0800af29   Thumb Code    92  kservice.o(.text.rt_strncpy)
    rt_system_heap_init                      0x0800af85   Thumb Code   330  mem.o(.text.rt_system_heap_init)
    rt_system_scheduler_init                 0x0800b0d1   Thumb Code   112  scheduler.o(.text.rt_system_scheduler_init)
    rt_system_scheduler_start                0x0800b141   Thumb Code    64  scheduler.o(.text.rt_system_scheduler_start)
    rt_system_timer_init                     0x0800b181   Thumb Code    48  timer.o(.text.rt_system_timer_init)
    rt_system_timer_thread_init              0x0800b1b1   Thumb Code     2  timer.o(.text.rt_system_timer_thread_init)
    rt_thread_create                         0x0800b1b5   Thumb Code   126  thread.o(.text.rt_thread_create)
    rt_thread_delay                          0x0800b235   Thumb Code    16  thread.o(.text.rt_thread_delay)
    rt_thread_exit                           0x0800b245   Thumb Code   106  thread.o(.text.rt_thread_exit)
    rt_thread_idle_excute                    0x0800b2c1   Thumb Code   206  idle.o(.text.rt_thread_idle_excute)
    rt_thread_idle_init                      0x0800b391   Thumb Code    72  idle.o(.text.rt_thread_idle_init)
    rt_thread_init                           0x0800b3d9   Thumb Code   148  thread.o(.text.rt_thread_init)
    rt_thread_resume                         0x0800b46d   Thumb Code   154  thread.o(.text.rt_thread_resume)
    rt_thread_self                           0x0800b509   Thumb Code    12  thread.o(.text.rt_thread_self)
    rt_thread_sleep                          0x0800b515   Thumb Code   154  thread.o(.text.rt_thread_sleep)
    rt_thread_startup                        0x0800b5b1   Thumb Code   174  thread.o(.text.rt_thread_startup)
    rt_thread_suspend                        0x0800b661   Thumb Code   162  thread.o(.text.rt_thread_suspend)
    rt_thread_timeout                        0x0800b705   Thumb Code   152  thread.o(.text.rt_thread_timeout)
    rt_thread_yield                          0x0800b79d   Thumb Code   116  thread.o(.text.rt_thread_yield)
    rt_tick_get                              0x0800b811   Thumb Code    12  clock.o(.text.rt_tick_get)
    rt_tick_increase                         0x0800b81d   Thumb Code    60  clock.o(.text.rt_tick_increase)
    rt_timer_check                           0x0800b859   Thumb Code   170  timer.o(.text.rt_timer_check)
    rt_timer_control                         0x0800b905   Thumb Code   148  timer.o(.text.rt_timer_control)
    rt_timer_detach                          0x0800b999   Thumb Code   136  timer.o(.text.rt_timer_detach)
    rt_timer_init                            0x0800ba21   Thumb Code    92  timer.o(.text.rt_timer_init)
    rt_timer_start                           0x0800ba7d   Thumb Code   452  timer.o(.text.rt_timer_start)
    rt_timer_stop                            0x0800bc41   Thumb Code   134  timer.o(.text.rt_timer_stop)
    rt_vsnprintf                             0x0800bcc9   Thumb Code  1434  kservice.o(.text.rt_vsnprintf)
    rtthread_startup                         0x0800c275   Thumb Code    42  components.o(.text.rtthread_startup)
    token_get_string                         0x0800c5b5   Thumb Code   230  finsh_token.o(.text.token_get_string)
    version                                  0x0800d2b1   Thumb Code    10  cmd.o(.text.version)
    __aeabi_errno_addr                       0x0800d2bd   Thumb Code     4  errno.o(i.__aeabi_errno_addr)
    __rt_errno_addr                          0x0800d2bd   Thumb Code     0  errno.o(i.__aeabi_errno_addr)
    __scatterload_copy                       0x0800d2c5   Thumb Code    14  handlers.o(i.__scatterload_copy)
    __scatterload_null                       0x0800d2d3   Thumb Code     2  handlers.o(i.__scatterload_null)
    __scatterload_zeroinit                   0x0800d2d5   Thumb Code    14  handlers.o(i.__scatterload_zeroinit)
    __ctype_table                            0x0800d2e2   Data         129  ctype_o.o(.constdata)
    __lowest_bit_bitmap                      0x0800d380   Data         256  kservice.o(.rodata.__lowest_bit_bitmap)
    __rti_finsh_system_init_name             0x0800d480   Data          18  shell.o(.rodata.__rti_finsh_system_init_name)
    __rti_rt_hw_pin_init_name                0x0800d492   Data          15  drv_gpio.o(.rodata.__rti_rt_hw_pin_init_name)
    __rti_rt_hw_usart_init_name              0x0800d4a1   Data          17  drv_usart.o(.rodata.__rti_rt_hw_usart_init_name)
    __rti_rti_board_end_name                 0x0800d4b2   Data          14  components.o(.rodata.__rti_rti_board_end_name)
    __rti_rti_board_start_name               0x0800d4c0   Data          16  components.o(.rodata.__rti_rti_board_start_name)
    __rti_rti_end_name                       0x0800d4d0   Data           8  components.o(.rodata.__rti_rti_end_name)
    __rti_rti_start_name                     0x0800d4d8   Data          10  components.o(.rodata.__rti_rti_start_name)
    op_table                                 0x0800d538   Data         196  finsh_ops.o(.rodata.op_table)
    __rt_init_desc_rti_start                 0x0800ee04   Data           8  components.o(.rti_fn.0)
    __rt_init_desc_rti_board_start           0x0800ee0c   Data           8  components.o(.rti_fn.0.end)
    __rt_init_desc_rt_hw_pin_init            0x0800ee14   Data           8  drv_gpio.o(.rti_fn.1)
    __rt_init_desc_rt_hw_usart_init          0x0800ee1c   Data           8  drv_usart.o(.rti_fn.1)
    __rt_init_desc_rti_board_end             0x0800ee24   Data           8  components.o(.rti_fn.1.end)
    __rt_init_desc_finsh_system_init         0x0800ee2c   Data           8  shell.o(.rti_fn.6)
    __rt_init_desc_rti_end                   0x0800ee34   Data           8  components.o(.rti_fn.6.end)
    Region$$Table$$Base                      0x0800ee3c   Number         0  anon$$obj.o(Region$$Table)
    Region$$Table$$Limit                     0x0800ee5c   Number         0  anon$$obj.o(Region$$Table)
    SystemCoreClock                          0x20000004   Data           4  system_n32wb452.o(.data.SystemCoreClock)
    _syscall_table                           0x20000008   Data          56  symbol.o(.data._syscall_table)
    _syscall_table_begin                     0x20000040   Data           4  symbol.o(.data._syscall_table_begin)
    _syscall_table_end                       0x20000044   Data           4  symbol.o(.data._syscall_table_end)
    _sysvar_table_begin                      0x200001ec   Data           4  symbol.o(.bss._sysvar_table_begin)
    _sysvar_table_end                        0x200001f0   Data           4  symbol.o(.bss._sysvar_table_end)
    finsh_compile_pc                         0x200001f8   Data           4  finsh_compiler.o(.bss.finsh_compile_pc)
    finsh_compile_sp                         0x200001fc   Data           4  finsh_compiler.o(.bss.finsh_compile_sp)
    finsh_heap                               0x20000284   Data         128  finsh_heap.o(.bss.finsh_heap)
    finsh_pc                                 0x20000304   Data           4  finsh_vm.o(.bss.finsh_pc)
    finsh_sp                                 0x2000030c   Data           4  finsh_vm.o(.bss.finsh_sp)
    finsh_vm_stack                           0x20000310   Data         256  finsh_vm.o(.bss.finsh_vm_stack)
    global_errno                             0x20000414   Data           1  finsh_error.o(.bss.global_errno)
    global_node_table                        0x20000418   Data         320  finsh_node.o(.bss.global_node_table)
    global_syscall_list                      0x20000558   Data           4  finsh_vm.o(.bss.global_syscall_list)
    global_sysvar_list                       0x2000055c   Data           4  finsh_var.o(.bss.global_sysvar_list)
    global_variable                          0x20000560   Data         192  finsh_var.o(.bss.global_variable)
    rt_assert_hook                           0x20000bc0   Data           4  kservice.o(.bss.rt_assert_hook)
    rt_current_priority                      0x20000bc4   Data           1  scheduler.o(.bss.rt_current_priority)
    rt_current_thread                        0x20000bc8   Data           4  scheduler.o(.bss.rt_current_thread)
    rt_interrupt_from_thread                 0x20000bd0   Data           4  cpuport.o(.bss.rt_interrupt_from_thread)
    rt_interrupt_nest                        0x20000bd4   Data           1  irq.o(.bss.rt_interrupt_nest)
    rt_interrupt_to_thread                   0x20000bd8   Data           4  cpuport.o(.bss.rt_interrupt_to_thread)
    rt_thread_defunct                        0x20000c60   Data           8  scheduler.o(.bss.rt_thread_defunct)
    rt_thread_priority_table                 0x20000c68   Data         256  scheduler.o(.bss.rt_thread_priority_table)
    rt_thread_ready_priority_group           0x20000d68   Data           4  scheduler.o(.bss.rt_thread_ready_priority_group)
    rt_thread_switch_interrupt_flag          0x20000e6c   Data           4  cpuport.o(.bss.rt_thread_switch_interrupt_flag)
    serial3                                  0x20000e80   Data          88  drv_usart.o(.bss.serial3)
    shell                                    0x20000ed8   Data           4  shell.o(.bss.shell)
    text_segment                             0x20000edc   Data         128  finsh_vm.o(.bss.text_segment)
    __initial_sp                             0x20002f60   Data           0  startup_n32wb452.o(STACK)



==============================================================================

Memory Map of the image

  Image Entry point : 0x08000199

  Load Region LR_IROM1 (Base: 0x08000000, Size: 0x0000eff8, Max: 0x00080000, ABSOLUTE, COMPRESSED[0x0000ef00])

    Execution Region ER_IROM1 (Exec base: 0x08000000, Load base: 0x08000000, Size: 0x0000ee5c, Max: 0x00080000, ABSOLUTE)

    Exec Addr    Load Addr    Size         Type   Attr      Idx    E Section Name        Object

    0x08000000   0x08000000   0x00000198   Data   RO         2468    RESET               startup_n32wb452.o
    0x08000198   0x08000198   0x00000000   Code   RO         2473  * .ARM.Collect$$$$00000000  mc_w.l(entry.o)
    0x08000198   0x08000198   0x00000004   Code   RO         2498    .ARM.Collect$$$$00000001  mc_w.l(entry2.o)
    0x0800019c   0x0800019c   0x00000004   Code   RO         2501    .ARM.Collect$$$$00000004  mc_w.l(entry5.o)
    0x080001a0   0x080001a0   0x00000000   Code   RO         2503    .ARM.Collect$$$$00000008  mc_w.l(entry7b.o)
    0x080001a0   0x080001a0   0x00000000   Code   RO         2505    .ARM.Collect$$$$0000000A  mc_w.l(entry8b.o)
    0x080001a0   0x080001a0   0x00000008   Code   RO         2506    .ARM.Collect$$$$0000000B  mc_w.l(entry9a.o)
    0x080001a8   0x080001a8   0x00000000   Code   RO         2508    .ARM.Collect$$$$0000000D  mc_w.l(entry10a.o)
    0x080001a8   0x080001a8   0x00000000   Code   RO         2510    .ARM.Collect$$$$0000000F  mc_w.l(entry11a.o)
    0x080001a8   0x080001a8   0x00000004   Code   RO         2499    .ARM.Collect$$$$00002712  mc_w.l(entry2.o)
    0x080001ac   0x080001ac   0x00000134   Code   RO         2443    .text               context_rvds.o
    0x080002e0   0x080002e0   0x00000024   Code   RO         2469    .text               startup_n32wb452.o
    0x08000304   0x08000304   0x00000024   Code   RO         2476    .text               mc_w.l(memcpya.o)
    0x08000328   0x08000328   0x00000024   Code   RO         2478    .text               mc_w.l(memseta.o)
    0x0800034c   0x0800034c   0x00000018   Code   RO         2480    .text               mc_w.l(strcat.o)
    0x08000364   0x08000364   0x00000018   Code   RO         2482    .text               mc_w.l(strncpy.o)
    0x0800037c   0x0800037c   0x0000000e   Code   RO         2484    .text               mc_w.l(strlen.o)
    0x0800038a   0x0800038a   0x0000001c   Code   RO         2486    .text               mc_w.l(strcmp.o)
    0x080003a6   0x080003a6   0x0000001a   Code   RO         2488    .text               mc_w.l(memcmp.o)
    0x080003c0   0x080003c0   0x00000012   Code   RO         2490    .text               mc_w.l(strcpy.o)
    0x080003d2   0x080003d2   0x0000001e   Code   RO         2492    .text               mc_w.l(strncmp.o)
    0x080003f0   0x080003f0   0x0000001a   Code   RO         2496    .text               mc_w.l(atoi.o)
    0x0800040a   0x0800040a   0x00000070   Code   RO         2519    .text               mc_w.l(strtol.o)
    0x0800047a   0x0800047a   0x00000002   PAD
    0x0800047c   0x0800047c   0x00000024   Code   RO         2521    .text               mc_w.l(init.o)
    0x080004a0   0x080004a0   0x00000008   Code   RO         2523    .text               mc_w.l(ctype_o.o)
    0x080004a8   0x080004a8   0x0000009e   Code   RO         2551    .text               mc_w.l(_strtoul.o)
    0x08000546   0x08000546   0x0000001c   Code   RO         2553    .text               mc_w.l(_chval.o)
    0x08000562   0x08000562   0x00000056   Code   RO         2563    .text               mc_w.l(__dczerorl2.o)
    0x080005b8   0x080005b8   0x0000000a   Code   RO         1145    .text.$Sub$$main    components.o
    0x080005c2   0x080005c2   0x00000002   PAD
    0x080005c4   0x080005c4   0x00000004   Code   RO           25    .text.BusFault_Handler  n32wb452_it.o
    0x080005c8   0x080005c8   0x00000002   Code   RO           31    .text.DebugMon_Handler  n32wb452_it.o
    0x080005ca   0x080005ca   0x00000002   PAD
    0x080005cc   0x080005cc   0x00000012   Code   RO           66    .text.EXTI0_IRQHandler  drv_gpio.o
    0x080005de   0x080005de   0x00000002   PAD
    0x080005e0   0x080005e0   0x00000030   Code   RO           78    .text.EXTI15_10_IRQHandler  drv_gpio.o
    0x08000610   0x08000610   0x00000012   Code   RO           68    .text.EXTI1_IRQHandler  drv_gpio.o
    0x08000622   0x08000622   0x00000002   PAD
    0x08000624   0x08000624   0x00000012   Code   RO           70    .text.EXTI2_IRQHandler  drv_gpio.o
    0x08000636   0x08000636   0x00000002   PAD
    0x08000638   0x08000638   0x00000012   Code   RO           72    .text.EXTI3_IRQHandler  drv_gpio.o
    0x0800064a   0x0800064a   0x00000002   PAD
    0x0800064c   0x0800064c   0x00000012   Code   RO           74    .text.EXTI4_IRQHandler  drv_gpio.o
    0x0800065e   0x0800065e   0x00000002   PAD
    0x08000660   0x08000660   0x0000002a   Code   RO           76    .text.EXTI9_5_IRQHandler  drv_gpio.o
    0x0800068a   0x0800068a   0x00000002   PAD
    0x0800068c   0x0800068c   0x00000014   Code   RO         1525    .text.EXTI_ClrITPendBit  n32wb452_exti.o
    0x080006a0   0x080006a0   0x00000034   Code   RO         1519    .text.EXTI_GetStatusFlag  n32wb452_exti.o
    0x080006d4   0x080006d4   0x000000ea   Code   RO         1513    .text.EXTI_InitPeripheral  n32wb452_exti.o
    0x080007be   0x080007be   0x00000002   PAD
    0x080007c0   0x080007c0   0x0000001c   Code   RO         1515    .text.EXTI_InitStruct  n32wb452_exti.o
    0x080007dc   0x080007dc   0x00000054   Code   RO         1631    .text.GPIO_ConfigEXTILine  n32wb452_gpio.o
    0x08000830   0x08000830   0x00000186   Code   RO         1601    .text.GPIO_InitPeripheral  n32wb452_gpio.o
    0x080009b6   0x080009b6   0x00000002   PAD
    0x080009b8   0x080009b8   0x0000001c   Code   RO         1603    .text.GPIO_InitStruct  n32wb452_gpio.o
    0x080009d4   0x080009d4   0x00000034   Code   RO         1605    .text.GPIO_ReadInputDataBit  n32wb452_gpio.o
    0x08000a08   0x08000a08   0x0000002c   Code   RO         1619    .text.GPIO_WriteBit  n32wb452_gpio.o
    0x08000a34   0x08000a34   0x00000004   Code   RO           23    .text.MemManage_Handler  n32wb452_it.o
    0x08000a38   0x08000a38   0x00000032   Code   RO           62    .text.N32WB452_GPIO_EXTI_IRQHandler  drv_gpio.o
    0x08000a6a   0x08000a6a   0x00000002   PAD
    0x08000a6c   0x08000a6c   0x00000140   Code   RO           88    .text.N32WB452_pin_attach_irq  drv_gpio.o
    0x08000bac   0x08000bac   0x000000be   Code   RO           90    .text.N32WB452_pin_dettach_irq  drv_gpio.o
    0x08000c6a   0x08000c6a   0x00000002   PAD
    0x08000c6c   0x08000c6c   0x00000210   Code   RO           92    .text.N32WB452_pin_irq_enable  drv_gpio.o
    0x08000e7c   0x08000e7c   0x00000096   Code   RO           82    .text.N32WB452_pin_mode  drv_gpio.o
    0x08000f12   0x08000f12   0x00000002   PAD
    0x08000f14   0x08000f14   0x0000003a   Code   RO           86    .text.N32WB452_pin_read  drv_gpio.o
    0x08000f4e   0x08000f4e   0x00000002   PAD
    0x08000f50   0x08000f50   0x00000030   Code   RO           84    .text.N32WB452_pin_write  drv_gpio.o
    0x08000f80   0x08000f80   0x00000002   Code   RO           21    .text.NMI_Handler   n32wb452_it.o
    0x08000f82   0x08000f82   0x00000002   PAD
    0x08000f84   0x08000f84   0x0000000e   Code   RO           42    .text.NVIC_Configuration  board.o
    0x08000f92   0x08000f92   0x00000002   PAD
    0x08000f94   0x08000f94   0x000000aa   Code   RO         1173    .text.NVIC_Init     misc.o
    0x0800103e   0x0800103e   0x00000002   PAD
    0x08001040   0x08001040   0x0000001c   Code   RO         1171    .text.NVIC_PriorityGroupConfig  misc.o
    0x0800105c   0x0800105c   0x00000024   Code   RO         1175    .text.NVIC_SetVectorTable  misc.o
    0x08001080   0x08001080   0x00000024   Code   RO          392    .text.OP_add_byte   finsh_ops.o
    0x080010a4   0x080010a4   0x00000024   Code   RO          396    .text.OP_add_dword  finsh_ops.o
    0x080010c8   0x080010c8   0x00000024   Code   RO          394    .text.OP_add_word   finsh_ops.o
    0x080010ec   0x080010ec   0x00000024   Code   RO          422    .text.OP_and_byte   finsh_ops.o
    0x08001110   0x08001110   0x00000024   Code   RO          426    .text.OP_and_dword  finsh_ops.o
    0x08001134   0x08001134   0x00000024   Code   RO          424    .text.OP_and_word   finsh_ops.o
    0x08001158   0x08001158   0x00000016   Code   RO          440    .text.OP_bw_byte    finsh_ops.o
    0x0800116e   0x0800116e   0x00000002   PAD
    0x08001170   0x08001170   0x00000016   Code   RO          444    .text.OP_bw_dword   finsh_ops.o
    0x08001186   0x08001186   0x00000002   PAD
    0x08001188   0x08001188   0x00000016   Code   RO          442    .text.OP_bw_word    finsh_ops.o
    0x0800119e   0x0800119e   0x00000002   PAD
    0x080011a0   0x080011a0   0x00000406   Code   RO          484    .text.OP_call       finsh_ops.o
    0x080015a6   0x080015a6   0x00000002   PAD
    0x080015a8   0x080015a8   0x00000026   Code   RO          404    .text.OP_div_byte   finsh_ops.o
    0x080015ce   0x080015ce   0x00000002   PAD
    0x080015d0   0x080015d0   0x00000026   Code   RO          408    .text.OP_div_dword  finsh_ops.o
    0x080015f6   0x080015f6   0x00000002   PAD
    0x080015f8   0x080015f8   0x00000026   Code   RO          406    .text.OP_div_word   finsh_ops.o
    0x0800161e   0x0800161e   0x00000002   PAD
    0x08001620   0x08001620   0x00000026   Code   RO          458    .text.OP_ld_byte    finsh_ops.o
    0x08001646   0x08001646   0x00000002   PAD
    0x08001648   0x08001648   0x00000026   Code   RO          462    .text.OP_ld_dword   finsh_ops.o
    0x0800166e   0x0800166e   0x00000002   PAD
    0x08001670   0x08001670   0x00000030   Code   RO          464    .text.OP_ld_value_byte  finsh_ops.o
    0x080016a0   0x080016a0   0x00000020   Code   RO          466    .text.OP_ld_value_byte_stack  finsh_ops.o
    0x080016c0   0x080016c0   0x00000030   Code   RO          472    .text.OP_ld_value_dword  finsh_ops.o
    0x080016f0   0x080016f0   0x00000020   Code   RO          474    .text.OP_ld_value_dword_stack  finsh_ops.o
    0x08001710   0x08001710   0x00000030   Code   RO          468    .text.OP_ld_value_word  finsh_ops.o
    0x08001740   0x08001740   0x00000020   Code   RO          470    .text.OP_ld_value_word_stack  finsh_ops.o
    0x08001760   0x08001760   0x0000002c   Code   RO          460    .text.OP_ld_word    finsh_ops.o
    0x0800178c   0x0800178c   0x0000002a   Code   RO          410    .text.OP_mod_byte   finsh_ops.o
    0x080017b6   0x080017b6   0x00000002   PAD
    0x080017b8   0x080017b8   0x0000002a   Code   RO          414    .text.OP_mod_dword  finsh_ops.o
    0x080017e2   0x080017e2   0x00000002   PAD
    0x080017e4   0x080017e4   0x0000002a   Code   RO          412    .text.OP_mod_word   finsh_ops.o
    0x0800180e   0x0800180e   0x00000002   PAD
    0x08001810   0x08001810   0x00000024   Code   RO          416    .text.OP_mul_byte   finsh_ops.o
    0x08001834   0x08001834   0x00000024   Code   RO          420    .text.OP_mul_dword  finsh_ops.o
    0x08001858   0x08001858   0x00000024   Code   RO          418    .text.OP_mul_word   finsh_ops.o
    0x0800187c   0x0800187c   0x00000002   Code   RO          390    .text.OP_no_op      finsh_ops.o
    0x0800187e   0x0800187e   0x00000002   PAD
    0x08001880   0x08001880   0x00000024   Code   RO          428    .text.OP_or_byte    finsh_ops.o
    0x080018a4   0x080018a4   0x00000024   Code   RO          432    .text.OP_or_dword   finsh_ops.o
    0x080018c8   0x080018c8   0x00000024   Code   RO          430    .text.OP_or_word    finsh_ops.o
    0x080018ec   0x080018ec   0x00000010   Code   RO          482    .text.OP_pop        finsh_ops.o
    0x080018fc   0x080018fc   0x00000024   Code   RO          446    .text.OP_shl_byte   finsh_ops.o
    0x08001920   0x08001920   0x00000024   Code   RO          450    .text.OP_shl_dword  finsh_ops.o
    0x08001944   0x08001944   0x00000024   Code   RO          448    .text.OP_shl_word   finsh_ops.o
    0x08001968   0x08001968   0x00000024   Code   RO          452    .text.OP_shr_byte   finsh_ops.o
    0x0800198c   0x0800198c   0x00000024   Code   RO          456    .text.OP_shr_dword  finsh_ops.o
    0x080019b0   0x080019b0   0x00000024   Code   RO          454    .text.OP_shr_word   finsh_ops.o
    0x080019d4   0x080019d4   0x0000001c   Code   RO          476    .text.OP_st_byte    finsh_ops.o
    0x080019f0   0x080019f0   0x0000001c   Code   RO          480    .text.OP_st_dword   finsh_ops.o
    0x08001a0c   0x08001a0c   0x0000001c   Code   RO          478    .text.OP_st_word    finsh_ops.o
    0x08001a28   0x08001a28   0x00000024   Code   RO          398    .text.OP_sub_byte   finsh_ops.o
    0x08001a4c   0x08001a4c   0x00000024   Code   RO          402    .text.OP_sub_dword  finsh_ops.o
    0x08001a70   0x08001a70   0x00000024   Code   RO          400    .text.OP_sub_word   finsh_ops.o
    0x08001a94   0x08001a94   0x00000024   Code   RO          434    .text.OP_xor_byte   finsh_ops.o
    0x08001ab8   0x08001ab8   0x00000024   Code   RO          438    .text.OP_xor_dword  finsh_ops.o
    0x08001adc   0x08001adc   0x00000024   Code   RO          436    .text.OP_xor_word   finsh_ops.o
    0x08001b00   0x08001b00   0x0000002c   Code   RO         1777    .text.RCC_ConfigSysclk  n32wb452_rcc.o
    0x08001b2c   0x08001b2c   0x00000038   Code   RO         1819    .text.RCC_EnableAPB1PeriphClk  n32wb452_rcc.o
    0x08001b64   0x08001b64   0x00000038   Code   RO         1817    .text.RCC_EnableAPB2PeriphClk  n32wb452_rcc.o
    0x08001b9c   0x08001b9c   0x000001c4   Code   RO         1813    .text.RCC_GetClocksFreqValue  n32wb452_rcc.o
    0x08001d60   0x08001d60   0x00000010   Code   RO         1779    .text.RCC_GetSysclkSrc  n32wb452_rcc.o
    0x08001d70   0x08001d70   0x00000002   Code   RO           29    .text.SVC_Handler   n32wb452_it.o
    0x08001d72   0x08001d72   0x00000002   PAD
    0x08001d74   0x08001d74   0x0000016e   Code   RO         2452    .text.SetSysClock   system_n32wb452.o
    0x08001ee2   0x08001ee2   0x00000002   PAD
    0x08001ee4   0x08001ee4   0x00000098   Code   RO         2454    .text.SetVDDDBKTrim  system_n32wb452.o
    0x08001f7c   0x08001f7c   0x00000052   Code   RO           48    .text.SysTick_Config  board.o
    0x08001fce   0x08001fce   0x00000002   PAD
    0x08001fd0   0x08001fd0   0x00000010   Code   RO           44    .text.SysTick_Handler  board.o
    0x08001fe0   0x08001fe0   0x00000128   Code   RO         2450    .text.SystemInit    system_n32wb452.o
    0x08002108   0x08002108   0x00000018   Code   RO          123    .text.USART3_IRQHandler  drv_usart.o
    0x08002120   0x08002120   0x00000092   Code   RO         2342    .text.USART_ConfigInt  n32wb452_usart.o
    0x080021b2   0x080021b2   0x00000002   PAD
    0x080021b4   0x080021b4   0x0000002c   Code   RO         2340    .text.USART_Enable  n32wb452_usart.o
    0x080021e0   0x080021e0   0x00000044   Code   RO         2376    .text.USART_GetFlagStatus  n32wb452_usart.o
    0x08002224   0x08002224   0x000000b0   Code   RO         2380    .text.USART_GetIntStatus  n32wb452_usart.o
    0x080022d4   0x080022d4   0x0000014e   Code   RO         2332    .text.USART_Init    n32wb452_usart.o
    0x08002422   0x08002422   0x00000002   PAD
    0x08002424   0x08002424   0x00000010   Code   RO         2358    .text.USART_ReceiveData  n32wb452_usart.o
    0x08002434   0x08002434   0x00000018   Code   RO         2356    .text.USART_SendData  n32wb452_usart.o
    0x0800244c   0x0800244c   0x00000028   Code   RO         2334    .text.USART_StructInit  n32wb452_usart.o
    0x08002474   0x08002474   0x00000004   Code   RO           27    .text.UsageFault_Handler  n32wb452_it.o
    0x08002478   0x08002478   0x00000038   Code   RO          106    .text.__NVIC_DisableIRQ  drv_gpio.o
    0x080024b0   0x080024b0   0x00000030   Code   RO          102    .text.__NVIC_EnableIRQ  drv_gpio.o
    0x080024e0   0x080024e0   0x00000030   Code   RO          131    .text.__NVIC_EnableIRQ  drv_usart.o
    0x08002510   0x08002510   0x00000042   Code   RO           50    .text.__NVIC_SetPriority  board.o
    0x08002552   0x08002552   0x00000002   PAD
    0x08002554   0x08002554   0x00000042   Code   RO          100    .text.__NVIC_SetPriority  drv_gpio.o
    0x08002596   0x08002596   0x00000002   PAD
    0x08002598   0x08002598   0x00000042   Code   RO          129    .text.__NVIC_SetPriority  drv_usart.o
    0x080025da   0x080025da   0x00000002   PAD
    0x080025dc   0x080025dc   0x0000007e   Code   RO          907    .text.__rt_ffs      kservice.o
    0x0800265a   0x0800265a   0x00000002   PAD
    0x0800265c   0x0800265c   0x0000001c   Code   RO          763    .text._has_defunct_thread  idle.o
    0x08002678   0x08002678   0x000000a2   Code   RO          255    .text._list_mutex   cmd.o
    0x0800271a   0x0800271a   0x00000002   PAD
    0x0800271c   0x0800271c   0x000000e8   Code   RO          251    .text._list_sem     cmd.o
    0x08002804   0x08002804   0x00000146   Code   RO          247    .text._list_thread  cmd.o
    0x0800294a   0x0800294a   0x00000002   PAD
    0x0800294c   0x0800294c   0x000000bc   Code   RO          259    .text._list_timer   cmd.o
    0x08002a08   0x08002a08   0x000000fc   Code   RO          627    .text._msh_exec_cmd  msh.o
    0x08002b04   0x08002b04   0x0000005a   Code   RO          163    .text._pin_control  pin.o
    0x08002b5e   0x08002b5e   0x00000002   PAD
    0x08002b60   0x08002b60   0x00000064   Code   RO          159    .text._pin_read     pin.o
    0x08002bc4   0x08002bc4   0x00000062   Code   RO          161    .text._pin_write    pin.o
    0x08002c26   0x08002c26   0x00000002   PAD
    0x08002c28   0x08002c28   0x00000094   Code   RO         1002    .text._rt_scheduler_stack_check  scheduler.o
    0x08002cbc   0x08002cbc   0x000000e6   Code   RO         1041    .text._rt_thread_init  thread.o
    0x08002da2   0x08002da2   0x00000002   PAD
    0x08002da4   0x08002da4   0x00000068   Code   RO         1089    .text._rt_timer_init  timer.o
    0x08002e0c   0x08002e0c   0x00000030   Code   RO         1093    .text._rt_timer_remove  timer.o
    0x08002e3c   0x08002e3c   0x00000048   Code   RO          202    .text._serial_check_buffer_size  serial.o
    0x08002e84   0x08002e84   0x000000ec   Code   RO          204    .text._serial_int_rx  serial.o
    0x08002f70   0x08002f70   0x00000092   Code   RO          208    .text._serial_int_tx  serial.o
    0x08003002   0x08003002   0x00000002   PAD
    0x08003004   0x08003004   0x00000070   Code   RO          206    .text._serial_poll_rx  serial.o
    0x08003074   0x08003074   0x0000007a   Code   RO          210    .text._serial_poll_tx  serial.o
    0x080030ee   0x080030ee   0x00000002   PAD
    0x080030f0   0x080030f0   0x00000040   Code   RO           96    .text.bit2bitno     drv_gpio.o
    0x08003130   0x08003130   0x000000fc   Code   RO         2426    .text.bus_fault_track  cpuport.o
    0x0800322c   0x0800322c   0x00000052   Code   RO          913    .text.divide        kservice.o
    0x0800327e   0x0800327e   0x00000002   PAD
    0x08003280   0x08003280   0x00000084   Code   RO          335    .text.finsh_block_insert  finsh_heap.o
    0x08003304   0x08003304   0x000000de   Code   RO          339    .text.finsh_block_merge  finsh_heap.o
    0x080033e2   0x080033e2   0x00000002   PAD
    0x080033e4   0x080033e4   0x00000058   Code   RO          333    .text.finsh_block_remove  finsh_heap.o
    0x0800343c   0x0800343c   0x00000036   Code   RO          331    .text.finsh_block_split  finsh_heap.o
    0x08003472   0x08003472   0x00000002   PAD
    0x08003474   0x08003474   0x00001b58   Code   RO          296    .text.finsh_compile  finsh_compiler.o
    0x08004fcc   0x08004fcc   0x0000008c   Code   RO          292    .text.finsh_compiler_run  finsh_compiler.o
    0x08005058   0x08005058   0x0000000c   Code   RO          311    .text.finsh_errno   finsh_error.o
    0x08005064   0x08005064   0x0000000e   Code   RO          307    .text.finsh_error_init  finsh_error.o
    0x08005072   0x08005072   0x00000002   PAD
    0x08005074   0x08005074   0x0000001a   Code   RO          309    .text.finsh_error_set  finsh_error.o
    0x0800508e   0x0800508e   0x00000002   PAD
    0x08005090   0x08005090   0x0000001a   Code   RO          313    .text.finsh_error_string  finsh_error.o
    0x080050aa   0x080050aa   0x00000002   PAD
    0x080050ac   0x080050ac   0x0000001a   Code   RO          355    .text.finsh_flush   finsh_init.o
    0x080050c6   0x080050c6   0x00000002   PAD
    0x080050c8   0x080050c8   0x000000ae   Code   RO          649    .text.finsh_get_prompt  shell.o
    0x08005176   0x08005176   0x00000002   PAD
    0x08005178   0x08005178   0x00000070   Code   RO          669    .text.finsh_getchar  shell.o
    0x080051e8   0x080051e8   0x000000ea   Code   RO          327    .text.finsh_heap_allocate  finsh_heap.o
    0x080052d2   0x080052d2   0x00000002   PAD
    0x080052d4   0x080052d4   0x00000036   Code   RO          337    .text.finsh_heap_free  finsh_heap.o
    0x0800530a   0x0800530a   0x00000002   PAD
    0x0800530c   0x0800530c   0x00000090   Code   RO          329    .text.finsh_heap_gc  finsh_heap.o
    0x0800539c   0x0800539c   0x0000003a   Code   RO          325    .text.finsh_heap_init  finsh_heap.o
    0x080053d6   0x080053d6   0x00000002   PAD
    0x080053d8   0x080053d8   0x00000022   Code   RO          351    .text.finsh_init    finsh_init.o
    0x080053fa   0x080053fa   0x00000002   PAD
    0x080053fc   0x080053fc   0x0000006e   Code   RO          368    .text.finsh_node_allocate  finsh_node.o
    0x0800546a   0x0800546a   0x00000002   PAD
    0x0800546c   0x0800546c   0x00000016   Code   RO          366    .text.finsh_node_init  finsh_node.o
    0x08005482   0x08005482   0x00000002   PAD
    0x08005484   0x08005484   0x00000036   Code   RO          372    .text.finsh_node_new_char  finsh_node.o
    0x080054ba   0x080054ba   0x00000002   PAD
    0x080054bc   0x080054bc   0x000000ca   Code   RO          370    .text.finsh_node_new_id  finsh_node.o
    0x08005586   0x08005586   0x00000002   PAD
    0x08005588   0x08005588   0x00000032   Code   RO          374    .text.finsh_node_new_int  finsh_node.o
    0x080055ba   0x080055ba   0x00000002   PAD
    0x080055bc   0x080055bc   0x00000032   Code   RO          376    .text.finsh_node_new_long  finsh_node.o
    0x080055ee   0x080055ee   0x00000002   PAD
    0x080055f0   0x080055f0   0x00000032   Code   RO          380    .text.finsh_node_new_ptr  finsh_node.o
    0x08005622   0x08005622   0x00000002   PAD
    0x08005624   0x08005624   0x00000068   Code   RO          378    .text.finsh_node_new_string  finsh_node.o
    0x0800568c   0x0800568c   0x00000014   Code   RO          500    .text.finsh_parser_init  finsh_parser.o
    0x080056a0   0x080056a0   0x00000186   Code   RO          494    .text.finsh_parser_run  finsh_parser.o
    0x08005826   0x08005826   0x00000002   PAD
    0x08005828   0x08005828   0x000000d6   Code   RO          665    .text.finsh_run_line  shell.o
    0x080058fe   0x080058fe   0x00000002   PAD
    0x08005900   0x08005900   0x00000042   Code   RO          657    .text.finsh_rx_ind  shell.o
    0x08005942   0x08005942   0x00000002   PAD
    0x08005944   0x08005944   0x000000ec   Code   RO          655    .text.finsh_set_device  shell.o
    0x08005a30   0x08005a30   0x00000052   Code   RO          653    .text.finsh_set_prompt_mode  shell.o
    0x08005a82   0x08005a82   0x00000002   PAD
    0x08005a84   0x08005a84   0x0000000c   Code   RO          353    .text.finsh_stack_bottom  finsh_init.o
    0x08005a90   0x08005a90   0x00000090   Code   RO          603    .text.finsh_syscall_lookup  finsh_vm.o
    0x08005b20   0x08005b20   0x000000a0   Code   RO          681    .text.finsh_system_init  shell.o
    0x08005bc0   0x08005bc0   0x00000090   Code   RO          588    .text.finsh_sysvar_lookup  finsh_var.o
    0x08005c50   0x08005c50   0x0000066e   Code   RO          667    .text.finsh_thread_entry  shell.o
    0x080062be   0x080062be   0x00000002   PAD
    0x080062c0   0x080062c0   0x0000001c   Code   RO          541    .text.finsh_token_init  finsh_token.o
    0x080062dc   0x080062dc   0x00000026   Code   RO          543    .text.finsh_token_token  finsh_token.o
    0x08006302   0x08006302   0x00000002   PAD
    0x08006304   0x08006304   0x000001f2   Code   RO          294    .text.finsh_type_check  finsh_compiler.o
    0x080064f6   0x080064f6   0x00000002   PAD
    0x080064f8   0x080064f8   0x00000014   Code   RO          578    .text.finsh_var_init  finsh_var.o
    0x0800650c   0x0800650c   0x000000ba   Code   RO          580    .text.finsh_var_insert  finsh_var.o
    0x080065c6   0x080065c6   0x00000002   PAD
    0x080065c8   0x080065c8   0x00000068   Code   RO          584    .text.finsh_var_lookup  finsh_var.o
    0x08006630   0x08006630   0x0000009c   Code   RO          599    .text.finsh_vm_run  finsh_vm.o
    0x080066cc   0x080066cc   0x00000044   Code   RO           94    .text.get_pin       drv_gpio.o
    0x08006710   0x08006710   0x0000003c   Code   RO          104    .text.get_pin_irq_map  drv_gpio.o
    0x0800674c   0x0800674c   0x00000092   Code   RO         2420    .text.hard_fault_track  cpuport.o
    0x080067de   0x080067de   0x00000002   PAD
    0x080067e0   0x080067e0   0x00000012   Code   RO          241    .text.hello         cmd.o
    0x080067f2   0x080067f2   0x00000002   PAD
    0x080067f4   0x080067f4   0x0000002a   Code   RO            4    .text.led0_thread_entry  main.o
    0x0800681e   0x0800681e   0x00000002   PAD
    0x08006820   0x08006820   0x0000002a   Code   RO            6    .text.led1_thread_entry  main.o
    0x0800684a   0x0800684a   0x00000002   PAD
    0x0800684c   0x0800684c   0x00000106   Code   RO          265    .text.list          cmd.o
    0x08006952   0x08006952   0x00000002   PAD
    0x08006954   0x08006954   0x00000018   Code   RO          253    .text.list_mutex    cmd.o
    0x0800696c   0x0800696c   0x000002da   Code   RO          267    .text.list_prefix   cmd.o
    0x08006c46   0x08006c46   0x00000002   PAD
    0x08006c48   0x08006c48   0x00000018   Code   RO          249    .text.list_sem      cmd.o
    0x08006c60   0x08006c60   0x00000018   Code   RO          245    .text.list_thread   cmd.o
    0x08006c78   0x08006c78   0x00000018   Code   RO          257    .text.list_timer    cmd.o
    0x08006c90   0x08006c90   0x000000bc   Code   RO            2    .text.main          main.o
    0x08006d4c   0x08006d4c   0x00000012   Code   RO         1149    .text.main_thread_entry  components.o
    0x08006d5e   0x08006d5e   0x00000002   PAD
    0x08006d60   0x08006d60   0x0000003e   Code   RO          508    .text.make_sys_node  finsh_parser.o
    0x08006d9e   0x08006d9e   0x00000002   PAD
    0x08006da0   0x08006da0   0x000000dc   Code   RO         2428    .text.mem_manage_fault_track  cpuport.o
    0x08006e7c   0x08006e7c   0x000000d8   Code   RO          629    .text.msh_auto_complete  msh.o
    0x08006f54   0x08006f54   0x000000b2   Code   RO          625    .text.msh_exec      msh.o
    0x08007006   0x08007006   0x00000002   PAD
    0x08007008   0x08007008   0x0000007c   Code   RO          633    .text.msh_get_cmd   msh.o
    0x08007084   0x08007084   0x0000007a   Code   RO          619    .text.msh_help      msh.o
    0x080070fe   0x080070fe   0x00000002   PAD
    0x08007100   0x08007100   0x0000000c   Code   RO          617    .text.msh_is_used   msh.o
    0x0800710c   0x0800710c   0x000001ce   Code   RO          635    .text.msh_split     msh.o
    0x080072da   0x080072da   0x00000002   PAD
    0x080072dc   0x080072dc   0x0000019a   Code   RO          135    .text.n32wb452_configure  drv_usart.o
    0x08007476   0x08007476   0x00000002   PAD
    0x08007478   0x08007478   0x000000a6   Code   RO          137    .text.n32wb452_control  drv_usart.o
    0x0800751e   0x0800751e   0x00000002   PAD
    0x08007520   0x08007520   0x00000052   Code   RO          141    .text.n32wb452_getc  drv_usart.o
    0x08007572   0x08007572   0x00000002   PAD
    0x08007574   0x08007574   0x00000054   Code   RO          139    .text.n32wb452_putc  drv_usart.o
    0x080075c8   0x080075c8   0x000000e8   Code   RO          127    .text.n32wb452_uart_gpio_init  drv_usart.o
    0x080076b0   0x080076b0   0x00000070   Code   RO          273    .text.object_name_maxlen  cmd.o
    0x08007720   0x08007720   0x00000024   Code   RO          275    .text.object_split  cmd.o
    0x08007744   0x08007744   0x0000003c   Code   RO           64    .text.pin_irq_hdr   drv_gpio.o
    0x08007780   0x08007780   0x00000158   Code   RO          938    .text.plug_holes    mem.o
    0x080078d8   0x080078d8   0x0000007e   Code   RO           98    .text.port2portsource  drv_gpio.o
    0x08007956   0x08007956   0x00000002   PAD
    0x08007958   0x08007958   0x00000264   Code   RO          887    .text.print_number  kservice.o
    0x08007bbc   0x08007bbc   0x000000ae   Code   RO          516    .text.proc_additive_expr  finsh_parser.o
    0x08007c6a   0x08007c6a   0x00000002   PAD
    0x08007c6c   0x08007c6c   0x00000064   Code   RO          512    .text.proc_and_expr  finsh_parser.o
    0x08007cd0   0x08007cd0   0x0000004e   Code   RO          504    .text.proc_assign_expr  finsh_parser.o
    0x08007d1e   0x08007d1e   0x00000002   PAD
    0x08007d20   0x08007d20   0x00000080   Code   RO          520    .text.proc_cast_expr  finsh_parser.o
    0x08007da0   0x08007da0   0x00000064   Code   RO          510    .text.proc_exclusive_or_expr  finsh_parser.o
    0x08007e04   0x08007e04   0x00000010   Code   RO          502    .text.proc_expr     finsh_parser.o
    0x08007e14   0x08007e14   0x0000005c   Code   RO          496    .text.proc_expr_statement  finsh_parser.o
    0x08007e70   0x08007e70   0x00000040   Code   RO          532    .text.proc_identifier  finsh_parser.o
    0x08007eb0   0x08007eb0   0x00000064   Code   RO          506    .text.proc_inclusive_or_expr  finsh_parser.o
    0x08007f14   0x08007f14   0x000000d2   Code   RO          518    .text.proc_multiplicative_expr  finsh_parser.o
    0x08007fe6   0x08007fe6   0x00000002   PAD
    0x08007fe8   0x08007fe8   0x00000078   Code   RO          530    .text.proc_param_list  finsh_parser.o
    0x08008060   0x08008060   0x00000106   Code   RO          526    .text.proc_postfix_expr  finsh_parser.o
    0x08008166   0x08008166   0x00000002   PAD
    0x08008168   0x08008168   0x000000e6   Code   RO          528    .text.proc_primary_expr  finsh_parser.o
    0x0800824e   0x0800824e   0x00000002   PAD
    0x08008250   0x08008250   0x000000ae   Code   RO          514    .text.proc_shift_expr  finsh_parser.o
    0x080082fe   0x080082fe   0x00000002   PAD
    0x08008300   0x08008300   0x000001c2   Code   RO          522    .text.proc_type     finsh_parser.o
    0x080084c2   0x080084c2   0x00000002   PAD
    0x080084c4   0x080084c4   0x000000e0   Code   RO          524    .text.proc_unary_expr  finsh_parser.o
    0x080085a4   0x080085a4   0x000002c4   Code   RO          498    .text.proc_variable_decl  finsh_parser.o
    0x08008868   0x08008868   0x00000052   Code   RO         1151    .text.rt_application_init  components.o
    0x080088ba   0x080088ba   0x00000002   PAD
    0x080088bc   0x080088bc   0x00000056   Code   RO          911    .text.rt_assert_handler  kservice.o
    0x08008912   0x08008912   0x00000002   PAD
    0x08008914   0x08008914   0x00000030   Code   RO          940    .text.rt_calloc     mem.o
    0x08008944   0x08008944   0x0000006e   Code   RO          231    .text.rt_completion_done  completion.o
    0x080089b2   0x080089b2   0x00000002   PAD
    0x080089b4   0x080089b4   0x00000042   Code   RO          221    .text.rt_completion_init  completion.o
    0x080089f6   0x080089f6   0x00000002   PAD
    0x080089f8   0x080089f8   0x00000116   Code   RO          225    .text.rt_completion_wait  completion.o
    0x08008b0e   0x08008b0e   0x00000002   PAD
    0x08008b10   0x08008b10   0x00000054   Code   RO         1141    .text.rt_components_board_init  components.o
    0x08008b64   0x08008b64   0x00000060   Code   RO         1143    .text.rt_components_init  components.o
    0x08008bc4   0x08008bc4   0x0000000c   Code   RO          895    .text.rt_console_get_device  kservice.o
    0x08008bd0   0x08008bd0   0x0000005a   Code   RO          897    .text.rt_console_set_device  kservice.o
    0x08008c2a   0x08008c2a   0x00000002   PAD
    0x08008c2c   0x08008c2c   0x000000aa   Code   RO          741    .text.rt_device_close  device.o
    0x08008cd6   0x08008cd6   0x00000002   PAD
    0x08008cd8   0x08008cd8   0x0000009a   Code   RO          727    .text.rt_device_find  device.o
    0x08008d72   0x08008d72   0x00000002   PAD
    0x08008d74   0x08008d74   0x0000012c   Code   RO          739    .text.rt_device_open  device.o
    0x08008ea0   0x08008ea0   0x00000058   Code   RO          157    .text.rt_device_pin_register  pin.o
    0x08008ef8   0x08008ef8   0x00000096   Code   RO          743    .text.rt_device_read  device.o
    0x08008f8e   0x08008f8e   0x00000002   PAD
    0x08008f90   0x08008f90   0x00000052   Code   RO          725    .text.rt_device_register  device.o
    0x08008fe2   0x08008fe2   0x00000002   PAD
    0x08008fe4   0x08008fe4   0x0000005a   Code   RO          749    .text.rt_device_set_rx_indicate  device.o
    0x0800903e   0x0800903e   0x00000002   PAD
    0x08009040   0x08009040   0x00000096   Code   RO          745    .text.rt_device_write  device.o
    0x080090d6   0x080090d6   0x00000002   PAD
    0x080090d8   0x080090d8   0x00000022   Code   RO         1014    .text.rt_enter_critical  scheduler.o
    0x080090fa   0x080090fa   0x00000002   PAD
    0x080090fc   0x080090fc   0x00000056   Code   RO         1016    .text.rt_exit_critical  scheduler.o
    0x08009152   0x08009152   0x00000002   PAD
    0x08009154   0x08009154   0x000001d8   Code   RO          936    .text.rt_free       mem.o
    0x0800932c   0x0800932c   0x00000048   Code   RO           46    .text.rt_hw_board_init  board.o
    0x08009374   0x08009374   0x00000008   Code   RO          899    .text.rt_hw_console_output  kservice.o
    0x0800937c   0x0800937c   0x00000190   Code   RO         2418    .text.rt_hw_hard_fault_exception  cpuport.o
    0x0800950c   0x0800950c   0x00000048   Code   RO           60    .text.rt_hw_pin_init  drv_gpio.o
    0x08009554   0x08009554   0x00000160   Code   RO          200    .text.rt_hw_serial_isr  serial.o
    0x080096b4   0x080096b4   0x000000a0   Code   RO          186    .text.rt_hw_serial_register  serial.o
    0x08009754   0x08009754   0x00000080   Code   RO         2414    .text.rt_hw_stack_init  cpuport.o
    0x080097d4   0x080097d4   0x0000007c   Code   RO          133    .text.rt_hw_usart_init  drv_usart.o
    0x08009850   0x08009850   0x00000026   Code   RO          835    .text.rt_interrupt_enter  irq.o
    0x08009876   0x08009876   0x00000002   PAD
    0x08009878   0x08009878   0x00000026   Code   RO          839    .text.rt_interrupt_get_nest  irq.o
    0x0800989e   0x0800989e   0x00000002   PAD
    0x080098a0   0x080098a0   0x00000026   Code   RO          837    .text.rt_interrupt_leave  irq.o
    0x080098c6   0x080098c6   0x00000002   PAD
    0x080098c8   0x080098c8   0x0000001e   Code   RO          805    .text.rt_ipc_list_resume  ipc.o
    0x080098e6   0x080098e6   0x00000002   PAD
    0x080098e8   0x080098e8   0x00000092   Code   RO          797    .text.rt_ipc_list_suspend  ipc.o
    0x0800997a   0x0800997a   0x00000002   PAD
    0x0800997c   0x0800997c   0x00000014   Code   RO          785    .text.rt_ipc_object_init  ipc.o
    0x08009990   0x08009990   0x00000094   Code   RO          881    .text.rt_kprintf    kservice.o
    0x08009a24   0x08009a24   0x00000010   Code   RO          223    .text.rt_list_init  completion.o
    0x08009a34   0x08009a34   0x00000010   Code   RO          823    .text.rt_list_init  ipc.o
    0x08009a44   0x08009a44   0x00000010   Code   RO          996    .text.rt_list_init  scheduler.o
    0x08009a54   0x08009a54   0x00000010   Code   RO         1077    .text.rt_list_init  thread.o
    0x08009a64   0x08009a64   0x00000010   Code   RO         1117    .text.rt_list_init  timer.o
    0x08009a74   0x08009a74   0x00000026   Code   RO          969    .text.rt_list_insert_after  object.o
    0x08009a9a   0x08009a9a   0x00000002   PAD
    0x08009a9c   0x08009a9c   0x00000026   Code   RO         1037    .text.rt_list_insert_after  thread.o
    0x08009ac2   0x08009ac2   0x00000002   PAD
    0x08009ac4   0x08009ac4   0x00000026   Code   RO         1101    .text.rt_list_insert_after  timer.o
    0x08009aea   0x08009aea   0x00000002   PAD
    0x08009aec   0x08009aec   0x00000026   Code   RO          229    .text.rt_list_insert_before  completion.o
    0x08009b12   0x08009b12   0x00000002   PAD
    0x08009b14   0x08009b14   0x00000026   Code   RO          825    .text.rt_list_insert_before  ipc.o
    0x08009b3a   0x08009b3a   0x00000002   PAD
    0x08009b3c   0x08009b3c   0x00000026   Code   RO         1006    .text.rt_list_insert_before  scheduler.o
    0x08009b62   0x08009b62   0x00000002   PAD
    0x08009b64   0x08009b64   0x00000026   Code   RO         1059    .text.rt_list_insert_before  thread.o
    0x08009b8a   0x08009b8a   0x00000002   PAD
    0x08009b8c   0x08009b8c   0x00000014   Code   RO          227    .text.rt_list_isempty  completion.o
    0x08009ba0   0x08009ba0   0x00000014   Code   RO          277    .text.rt_list_isempty  cmd.o
    0x08009bb4   0x08009bb4   0x00000014   Code   RO          803    .text.rt_list_isempty  ipc.o
    0x08009bc8   0x08009bc8   0x00000014   Code   RO         1012    .text.rt_list_isempty  scheduler.o
    0x08009bdc   0x08009bdc   0x00000014   Code   RO         1109    .text.rt_list_isempty  timer.o
    0x08009bf0   0x08009bf0   0x0000002e   Code   RO          279    .text.rt_list_len   cmd.o
    0x08009c1e   0x08009c1e   0x00000002   PAD
    0x08009c20   0x08009c20   0x00000020   Code   RO          765    .text.rt_list_remove  idle.o
    0x08009c40   0x08009c40   0x00000020   Code   RO          973    .text.rt_list_remove  object.o
    0x08009c60   0x08009c60   0x00000020   Code   RO         1010    .text.rt_list_remove  scheduler.o
    0x08009c80   0x08009c80   0x00000020   Code   RO         1057    .text.rt_list_remove  thread.o
    0x08009ca0   0x08009ca0   0x00000020   Code   RO         1121    .text.rt_list_remove  timer.o
    0x08009cc0   0x08009cc0   0x0000039a   Code   RO          932    .text.rt_malloc     mem.o
    0x0800a05a   0x0800a05a   0x00000002   PAD
    0x0800a05c   0x0800a05c   0x00000082   Code   RO          859    .text.rt_memmove    kservice.o
    0x0800a0de   0x0800a0de   0x00000002   PAD
    0x0800a0e0   0x0800a0e0   0x0000002a   Code   RO          855    .text.rt_memset     kservice.o
    0x0800a10a   0x0800a10a   0x00000002   PAD
    0x0800a10c   0x0800a10c   0x000000d6   Code   RO          975    .text.rt_object_allocate  object.o
    0x0800a1e2   0x0800a1e2   0x00000002   PAD
    0x0800a1e4   0x0800a1e4   0x00000070   Code   RO          977    .text.rt_object_delete  object.o
    0x0800a254   0x0800a254   0x00000044   Code   RO          971    .text.rt_object_detach  object.o
    0x0800a298   0x0800a298   0x00000054   Code   RO          965    .text.rt_object_get_information  object.o
    0x0800a2ec   0x0800a2ec   0x00000032   Code   RO          981    .text.rt_object_get_type  object.o
    0x0800a31e   0x0800a31e   0x00000002   PAD
    0x0800a320   0x0800a320   0x000000c2   Code   RO          967    .text.rt_object_init  object.o
    0x0800a3e2   0x0800a3e2   0x00000002   PAD
    0x0800a3e4   0x0800a3e4   0x00000044   Code   RO          979    .text.rt_object_is_systemobject  object.o
    0x0800a428   0x0800a428   0x00000044   Code   RO          171    .text.rt_pin_mode   pin.o
    0x0800a46c   0x0800a46c   0x00000044   Code   RO          173    .text.rt_pin_write  pin.o
    0x0800a4b0   0x0800a4b0   0x000000bc   Code   RO         1000    .text.rt_schedule   scheduler.o
    0x0800a56c   0x0800a56c   0x00000074   Code   RO         1004    .text.rt_schedule_insert_thread  scheduler.o
    0x0800a5e0   0x0800a5e0   0x00000070   Code   RO         1008    .text.rt_schedule_remove_thread  scheduler.o
    0x0800a650   0x0800a650   0x00000072   Code   RO          783    .text.rt_sem_init   ipc.o
    0x0800a6c2   0x0800a6c2   0x00000002   PAD
    0x0800a6c4   0x0800a6c4   0x00000098   Code   RO          801    .text.rt_sem_release  ipc.o
    0x0800a75c   0x0800a75c   0x00000174   Code   RO          795    .text.rt_sem_take   ipc.o
    0x0800a8d0   0x0800a8d0   0x000000f6   Code   RO          192    .text.rt_serial_close  serial.o
    0x0800a9c6   0x0800a9c6   0x00000002   PAD
    0x0800a9c8   0x0800a9c8   0x000000e8   Code   RO          198    .text.rt_serial_control  serial.o
    0x0800aab0   0x0800aab0   0x00000058   Code   RO          188    .text.rt_serial_init  serial.o
    0x0800ab08   0x0800ab08   0x00000244   Code   RO          190    .text.rt_serial_open  serial.o
    0x0800ad4c   0x0800ad4c   0x0000006a   Code   RO          194    .text.rt_serial_read  serial.o
    0x0800adb6   0x0800adb6   0x00000002   PAD
    0x0800adb8   0x0800adb8   0x0000006a   Code   RO          196    .text.rt_serial_write  serial.o
    0x0800ae22   0x0800ae22   0x00000002   PAD
    0x0800ae24   0x0800ae24   0x00000042   Code   RO          851    .text.rt_set_errno  kservice.o
    0x0800ae66   0x0800ae66   0x00000002   PAD
    0x0800ae68   0x0800ae68   0x0000004a   Code   RO          879    .text.rt_show_version  kservice.o
    0x0800aeb2   0x0800aeb2   0x00000002   PAD
    0x0800aeb4   0x0800aeb4   0x00000026   Code   RO          865    .text.rt_strlen     kservice.o
    0x0800aeda   0x0800aeda   0x00000002   PAD
    0x0800aedc   0x0800aedc   0x0000004c   Code   RO          871    .text.rt_strncmp    kservice.o
    0x0800af28   0x0800af28   0x0000005c   Code   RO          869    .text.rt_strncpy    kservice.o
    0x0800af84   0x0800af84   0x0000014a   Code   RO          930    .text.rt_system_heap_init  mem.o
    0x0800b0ce   0x0800b0ce   0x00000002   PAD
    0x0800b0d0   0x0800b0d0   0x00000070   Code   RO          994    .text.rt_system_scheduler_init  scheduler.o
    0x0800b140   0x0800b140   0x00000040   Code   RO          998    .text.rt_system_scheduler_start  scheduler.o
    0x0800b180   0x0800b180   0x00000030   Code   RO         1115    .text.rt_system_timer_init  timer.o
    0x0800b1b0   0x0800b1b0   0x00000002   Code   RO         1119    .text.rt_system_timer_thread_init  timer.o
    0x0800b1b2   0x0800b1b2   0x00000002   PAD
    0x0800b1b4   0x0800b1b4   0x0000007e   Code   RO         1051    .text.rt_thread_create  thread.o
    0x0800b232   0x0800b232   0x00000002   PAD
    0x0800b234   0x0800b234   0x00000010   Code   RO         1065    .text.rt_thread_delay  thread.o
    0x0800b244   0x0800b244   0x0000006a   Code   RO         1035    .text.rt_thread_exit  thread.o
    0x0800b2ae   0x0800b2ae   0x00000002   PAD
    0x0800b2b0   0x0800b2b0   0x0000000e   Code   RO          769    .text.rt_thread_idle_entry  idle.o
    0x0800b2be   0x0800b2be   0x00000002   PAD
    0x0800b2c0   0x0800b2c0   0x000000ce   Code   RO          761    .text.rt_thread_idle_excute  idle.o
    0x0800b38e   0x0800b38e   0x00000002   PAD
    0x0800b390   0x0800b390   0x00000048   Code   RO          767    .text.rt_thread_idle_init  idle.o
    0x0800b3d8   0x0800b3d8   0x00000094   Code   RO         1039    .text.rt_thread_init  thread.o
    0x0800b46c   0x0800b46c   0x0000009a   Code   RO         1047    .text.rt_thread_resume  thread.o
    0x0800b506   0x0800b506   0x00000002   PAD
    0x0800b508   0x0800b508   0x0000000c   Code   RO         1043    .text.rt_thread_self  thread.o
    0x0800b514   0x0800b514   0x0000009a   Code   RO         1061    .text.rt_thread_sleep  thread.o
    0x0800b5ae   0x0800b5ae   0x00000002   PAD
    0x0800b5b0   0x0800b5b0   0x000000ae   Code   RO         1045    .text.rt_thread_startup  thread.o
    0x0800b65e   0x0800b65e   0x00000002   PAD
    0x0800b660   0x0800b660   0x000000a2   Code   RO         1063    .text.rt_thread_suspend  thread.o
    0x0800b702   0x0800b702   0x00000002   PAD
    0x0800b704   0x0800b704   0x00000098   Code   RO         1073    .text.rt_thread_timeout  thread.o
    0x0800b79c   0x0800b79c   0x00000074   Code   RO         1055    .text.rt_thread_yield  thread.o
    0x0800b810   0x0800b810   0x0000000c   Code   RO          709    .text.rt_tick_get   clock.o
    0x0800b81c   0x0800b81c   0x0000003c   Code   RO          713    .text.rt_tick_increase  clock.o
    0x0800b858   0x0800b858   0x000000aa   Code   RO         1107    .text.rt_timer_check  timer.o
    0x0800b902   0x0800b902   0x00000002   PAD
    0x0800b904   0x0800b904   0x00000094   Code   RO         1105    .text.rt_timer_control  timer.o
    0x0800b998   0x0800b998   0x00000088   Code   RO         1091    .text.rt_timer_detach  timer.o
    0x0800ba20   0x0800ba20   0x0000005c   Code   RO         1087    .text.rt_timer_init  timer.o
    0x0800ba7c   0x0800ba7c   0x000001c4   Code   RO         1099    .text.rt_timer_start  timer.o
    0x0800bc40   0x0800bc40   0x00000086   Code   RO         1103    .text.rt_timer_stop  timer.o
    0x0800bcc6   0x0800bcc6   0x00000002   PAD
    0x0800bcc8   0x0800bcc8   0x0000059a   Code   RO          883    .text.rt_vsnprintf  kservice.o
    0x0800c262   0x0800c262   0x00000002   PAD
    0x0800c264   0x0800c264   0x00000004   Code   RO         1137    .text.rti_board_end  components.o
    0x0800c268   0x0800c268   0x00000004   Code   RO         1135    .text.rti_board_start  components.o
    0x0800c26c   0x0800c26c   0x00000004   Code   RO         1139    .text.rti_end       components.o
    0x0800c270   0x0800c270   0x00000004   Code   RO         1133    .text.rti_start     components.o
    0x0800c274   0x0800c274   0x0000002a   Code   RO         1147    .text.rtthread_startup  components.o
    0x0800c29e   0x0800c29e   0x00000002   PAD
    0x0800c2a0   0x0800c2a0   0x00000044   Code   RO          673    .text.shell_auto_complete  shell.o
    0x0800c2e4   0x0800c2e4   0x00000030   Code   RO          671    .text.shell_handle_history  shell.o
    0x0800c314   0x0800c314   0x00000108   Code   RO          675    .text.shell_push_history  shell.o
    0x0800c41c   0x0800c41c   0x00000054   Code   RO          281    .text.show_wait_queue  cmd.o
    0x0800c470   0x0800c470   0x00000038   Code   RO          885    .text.skip_atoi     kservice.o
    0x0800c4a8   0x0800c4a8   0x00000058   Code   RO          271    .text.str_common    cmd.o
    0x0800c500   0x0800c500   0x00000058   Code   RO          631    .text.str_common    msh.o
    0x0800c558   0x0800c558   0x0000005a   Code   RO          269    .text.str_is_prefix  cmd.o
    0x0800c5b2   0x0800c5b2   0x00000002   PAD
    0x0800c5b4   0x0800c5b4   0x000000e6   Code   RO          549    .text.token_get_string  finsh_token.o
    0x0800c69a   0x0800c69a   0x00000002   PAD
    0x0800c69c   0x0800c69c   0x0000005e   Code   RO          557    .text.token_match_name  finsh_token.o
    0x0800c6fa   0x0800c6fa   0x00000002   PAD
    0x0800c6fc   0x0800c6fc   0x0000006c   Code   RO          551    .text.token_next_char  finsh_token.o
    0x0800c768   0x0800c768   0x00000026   Code   RO          553    .text.token_prev_char  finsh_token.o
    0x0800c78e   0x0800c78e   0x00000002   PAD
    0x0800c790   0x0800c790   0x0000012e   Code   RO          559    .text.token_proc_char  finsh_token.o
    0x0800c8be   0x0800c8be   0x00000002   PAD
    0x0800c8c0   0x0800c8c0   0x000001dc   Code   RO          565    .text.token_proc_escape  finsh_token.o
    0x0800ca9c   0x0800ca9c   0x00000220   Code   RO          563    .text.token_proc_number  finsh_token.o
    0x0800ccbc   0x0800ccbc   0x00000084   Code   RO          561    .text.token_proc_string  finsh_token.o
    0x0800cd40   0x0800cd40   0x000002aa   Code   RO          545    .text.token_run     finsh_token.o
    0x0800cfea   0x0800cfea   0x00000002   PAD
    0x0800cfec   0x0800cfec   0x00000104   Code   RO          567    .text.token_spec_number  finsh_token.o
    0x0800d0f0   0x0800d0f0   0x00000050   Code   RO          555    .text.token_trim_space  finsh_token.o
    0x0800d140   0x0800d140   0x00000080   Code   RO          125    .text.uart_isr      drv_usart.o
    0x0800d1c0   0x0800d1c0   0x000000f0   Code   RO         2430    .text.usage_fault_track  cpuport.o
    0x0800d2b0   0x0800d2b0   0x0000000a   Code   RO          243    .text.version       cmd.o
    0x0800d2ba   0x0800d2ba   0x00000002   PAD
    0x0800d2bc   0x0800d2bc   0x00000008   Code   RO         2512    i.__aeabi_errno_addr  mc_w.l(errno.o)
    0x0800d2c4   0x0800d2c4   0x0000000e   Code   RO         2557    i.__scatterload_copy  mc_w.l(handlers.o)
    0x0800d2d2   0x0800d2d2   0x00000002   Code   RO         2558    i.__scatterload_null  mc_w.l(handlers.o)
    0x0800d2d4   0x0800d2d4   0x0000000e   Code   RO         2559    i.__scatterload_zeroinit  mc_w.l(handlers.o)
    0x0800d2e2   0x0800d2e2   0x00000081   Data   RO         2524    .constdata          mc_w.l(ctype_o.o)
    0x0800d363   0x0800d363   0x00000001   PAD
    0x0800d364   0x0800d364   0x00000004   Data   RO         2525    .constdata          mc_w.l(ctype_o.o)
    0x0800d368   0x0800d368   0x00000018   Data   RO          109    .rodata._N32WB452_pin_ops  drv_gpio.o
    0x0800d380   0x0800d380   0x00000100   Data   RO          919    .rodata.__lowest_bit_bitmap  kservice.o
    0x0800d480   0x0800d480   0x00000012   Data   RO          687    .rodata.__rti_finsh_system_init_name  shell.o
    0x0800d492   0x0800d492   0x0000000f   Data   RO          110    .rodata.__rti_rt_hw_pin_init_name  drv_gpio.o
    0x0800d4a1   0x0800d4a1   0x00000011   Data   RO          147    .rodata.__rti_rt_hw_usart_init_name  drv_usart.o
    0x0800d4b2   0x0800d4b2   0x0000000e   Data   RO         1157    .rodata.__rti_rti_board_end_name  components.o
    0x0800d4c0   0x0800d4c0   0x00000010   Data   RO         1155    .rodata.__rti_rti_board_start_name  components.o
    0x0800d4d0   0x0800d4d0   0x00000008   Data   RO         1159    .rodata.__rti_rti_end_name  components.o
    0x0800d4d8   0x0800d4d8   0x0000000a   Data   RO         1153    .rodata.__rti_rti_start_name  components.o
    0x0800d4e2   0x0800d4e2   0x00000002   PAD
    0x0800d4e4   0x0800d4e4   0x00000040   Data   RO          569    .rodata.finsh_name_table  finsh_token.o
    0x0800d524   0x0800d524   0x00000014   Data   RO          145    .rodata.n32wb452_uart_ops  drv_usart.o
    0x0800d538   0x0800d538   0x000000c4   Data   RO          486    .rodata.op_table    finsh_ops.o
    0x0800d5fc   0x0800d5fc   0x00000040   Data   RO          114    .rodata.pin_irq_map  drv_gpio.o
    0x0800d63c   0x0800d63c   0x000003c0   Data   RO          112    .rodata.pins        drv_gpio.o
    0x0800d9fc   0x0800d9fc   0x00000011   Data   RO          922    .rodata.print_number.large_digits  kservice.o
    0x0800da0d   0x0800da0d   0x00000011   Data   RO          921    .rodata.print_number.small_digits  kservice.o
    0x0800da1e   0x0800da1e   0x00000010   Data   RO         1852    .rodata.s_AdcHclkPresTable  n32wb452_rcc.o
    0x0800da2e   0x0800da2e   0x00000020   Data   RO         1853    .rodata.s_AdcPllClkPresTable  n32wb452_rcc.o
    0x0800da4e   0x0800da4e   0x00000010   Data   RO         1851    .rodata.s_ApbAhbPresTable  n32wb452_rcc.o
    0x0800da5e   0x0800da5e   0x0000000a   Data   RO            9    .rodata.str1.1      main.o
    0x0800da68   0x0800da68   0x00000007   Data   RO           52    .rodata.str1.1      board.o
    0x0800da6f   0x0800da6f   0x00000004   Data   RO          108    .rodata.str1.1      drv_gpio.o
    0x0800da73   0x0800da73   0x0000007a   Data   RO          149    .rodata.str1.1      drv_usart.o
    0x0800daed   0x0800daed   0x00000056   Data   RO          178    .rodata.str1.1      pin.o
    0x0800db43   0x0800db43   0x00000174   Data   RO          212    .rodata.str1.1      serial.o
    0x0800dcb7   0x0800dcb7   0x000000a5   Data   RO          233    .rodata.str1.1      completion.o
    0x0800dd5c   0x0800dd5c   0x00000275   Data   RO          283    .rodata.str1.1      cmd.o
    0x0800dfd1   0x0800dfd1   0x000000d8   Data   RO          317    .rodata.str1.1      finsh_error.o
    0x0800e0a9   0x0800e0a9   0x00000022   Data   RO          570    .rodata.str1.1      finsh_token.o
    0x0800e0cb   0x0800e0cb   0x0000006f   Data   RO          638    .rodata.str1.1      msh.o
    0x0800e13a   0x0800e13a   0x000000db   Data   RO          686    .rodata.str1.1      shell.o
    0x0800e215   0x0800e215   0x0000003e   Data   RO          696    .rodata.str1.1      symbol.o
    0x0800e253   0x0800e253   0x00000103   Data   RO          753    .rodata.str1.1      device.o
    0x0800e356   0x0800e356   0x0000001c   Data   RO          773    .rodata.str1.1      idle.o
    0x0800e372   0x0800e372   0x000000c3   Data   RO          827    .rodata.str1.1      ipc.o
    0x0800e435   0x0800e435   0x000000bf   Data   RO          916    .rodata.str1.1      kservice.o
    0x0800e4f4   0x0800e4f4   0x000002a5   Data   RO          946    .rodata.str1.1      mem.o
    0x0800e799   0x0800e799   0x000000ba   Data   RO          986    .rodata.str1.1      object.o
    0x0800e853   0x0800e853   0x000000af   Data   RO         1026    .rodata.str1.1      scheduler.o
    0x0800e902   0x0800e902   0x00000153   Data   RO         1079    .rodata.str1.1      thread.o
    0x0800ea55   0x0800ea55   0x000000e6   Data   RO         1123    .rodata.str1.1      timer.o
    0x0800eb3b   0x0800eb3b   0x0000005f   Data   RO         1161    .rodata.str1.1      components.o
    0x0800eb9a   0x0800eb9a   0x0000023d   Data   RO         2433    .rodata.str1.1      cpuport.o
    0x0800edd7   0x0800edd7   0x00000001   PAD
    0x0800edd8   0x0800edd8   0x0000002c   Data   RO          146    .rodata.uarts       drv_usart.o
    0x0800ee04   0x0800ee04   0x00000008   Data   RO         1154    .rti_fn.0           components.o
    0x0800ee0c   0x0800ee0c   0x00000008   Data   RO         1156    .rti_fn.0.end       components.o
    0x0800ee14   0x0800ee14   0x00000008   Data   RO          111    .rti_fn.1           drv_gpio.o
    0x0800ee1c   0x0800ee1c   0x00000008   Data   RO          148    .rti_fn.1           drv_usart.o
    0x0800ee24   0x0800ee24   0x00000008   Data   RO         1158    .rti_fn.1.end       components.o
    0x0800ee2c   0x0800ee2c   0x00000008   Data   RO          688    .rti_fn.6           shell.o
    0x0800ee34   0x0800ee34   0x00000008   Data   RO         1160    .rti_fn.6.end       components.o
    0x0800ee3c   0x0800ee3c   0x00000020   Data   RO         2556    Region$$Table       anon$$obj.o


    Execution Region RW_IRAM1 (Exec base: 0x20000000, Load base: 0x0800ee60, Size: 0x00002f60, Max: 0x00024000, ABSOLUTE, COMPRESSED[0x000000a0])

    Exec Addr    Load Addr    Size         Type   Attr      Idx    E Section Name        Object

    0x20000000   COMPRESSED   0x00000004   Data   RW         2515    .data               mc_w.l(errno.o)
    0x20000004   COMPRESSED   0x00000004   Data   RW         2458    .data.SystemCoreClock  system_n32wb452.o
    0x20000008   COMPRESSED   0x00000038   Data   RW          697    .data._syscall_table  symbol.o
    0x20000040   COMPRESSED   0x00000004   Data   RW          698    .data._syscall_table_begin  symbol.o
    0x20000044   COMPRESSED   0x00000004   Data   RW          699    .data._syscall_table_end  symbol.o
    0x20000048   COMPRESSED   0x0000003c   Data   RW          316    .data.finsh_error_string_table  finsh_error.o
    0x20000084   COMPRESSED   0x000000c0   Data   RW          113    .data.pin_irq_hdr_tab  drv_gpio.o
    0x20000144   COMPRESSED   0x00000050   Data   RW          985    .data.rt_object_container  object.o
    0x20000194   COMPRESSED   0x00000004   PAD
    0x20000198        -       0x00000004   Zero   RW          637    .bss.__msh_state    msh.o
    0x2000019c        -       0x00000004   Zero   RW          915    .bss.__rt_errno     kservice.o
    0x200001a0        -       0x00000004   Zero   RW          917    .bss._console_device  kservice.o
    0x200001a4        -       0x00000044   Zero   RW          177    .bss._hw_pin        pin.o
    0x200001e8        -       0x00000004   Zero   RW          213    .bss._serial_check_buffer_size.already_output  serial.o
    0x200001ec        -       0x00000004   Zero   RW          700    .bss._sysvar_table_begin  symbol.o
    0x200001f0        -       0x00000004   Zero   RW          701    .bss._sysvar_table_end  symbol.o
    0x200001f4        -       0x00000004   Zero   RW          343    .bss.allocate_list  finsh_heap.o
    0x200001f8        -       0x00000004   Zero   RW          299    .bss.finsh_compile_pc  finsh_compiler.o
    0x200001fc        -       0x00000004   Zero   RW          298    .bss.finsh_compile_sp  finsh_compiler.o
    0x20000200        -       0x00000081   Zero   RW          684    .bss.finsh_get_prompt.finsh_prompt  shell.o
    0x20000281   COMPRESSED   0x00000003   PAD
    0x20000284        -       0x00000080   Zero   RW          341    .bss.finsh_heap     finsh_heap.o
    0x20000304        -       0x00000004   Zero   RW          609    .bss.finsh_pc       finsh_vm.o
    0x20000308        -       0x00000004   Zero   RW          683    .bss.finsh_prompt_custom  shell.o
    0x2000030c        -       0x00000004   Zero   RW          607    .bss.finsh_sp       finsh_vm.o
    0x20000310        -       0x00000100   Zero   RW          606    .bss.finsh_vm_stack  finsh_vm.o
    0x20000410        -       0x00000004   Zero   RW          342    .bss.free_list      finsh_heap.o
    0x20000414        -       0x00000001   Zero   RW          315    .bss.global_errno   finsh_error.o
    0x20000415   COMPRESSED   0x00000003   PAD
    0x20000418        -       0x00000140   Zero   RW          382    .bss.global_node_table  finsh_node.o
    0x20000558        -       0x00000004   Zero   RW          605    .bss.global_syscall_list  finsh_vm.o
    0x2000055c        -       0x00000004   Zero   RW          591    .bss.global_sysvar_list  finsh_var.o
    0x20000560        -       0x000000c0   Zero   RW          590    .bss.global_variable  finsh_var.o
    0x20000620        -       0x00000004   Zero   RW          949    .bss.heap_end       mem.o
    0x20000624        -       0x00000004   Zero   RW          948    .bss.heap_ptr       mem.o
    0x20000628        -       0x00000020   Zero   RW          950    .bss.heap_sem       mem.o
    0x20000648        -       0x00000078   Zero   RW          774    .bss.idle           idle.o
    0x200006c0        -       0x00000200   Zero   RW           10    .bss.led0_stack     main.o
    0x200008c0        -       0x00000078   Zero   RW            8    .bss.led0_thread    main.o
    0x20000938        -       0x00000200   Zero   RW           12    .bss.led1_stack     main.o
    0x20000b38        -       0x00000078   Zero   RW           11    .bss.led1_thread    main.o
    0x20000bb0        -       0x00000004   Zero   RW          951    .bss.lfree          mem.o
    0x20000bb4        -       0x00000004   Zero   RW          953    .bss.max_mem        mem.o
    0x20000bb8        -       0x00000004   Zero   RW          947    .bss.mem_size_aligned  mem.o
    0x20000bbc        -       0x00000004   Zero   RW          115    .bss.pin_irq_enable_mask  drv_gpio.o
    0x20000bc0        -       0x00000004   Zero   RW          920    .bss.rt_assert_hook  kservice.o
    0x20000bc4        -       0x00000001   Zero   RW         1022    .bss.rt_current_priority  scheduler.o
    0x20000bc5   COMPRESSED   0x00000003   PAD
    0x20000bc8        -       0x00000004   Zero   RW         1023    .bss.rt_current_thread  scheduler.o
    0x20000bcc        -       0x00000004   Zero   RW         2432    .bss.rt_exception_hook  cpuport.o
    0x20000bd0        -       0x00000004   Zero   RW         2434    .bss.rt_interrupt_from_thread  cpuport.o
    0x20000bd4        -       0x00000001   Zero   RW          841    .bss.rt_interrupt_nest  irq.o
    0x20000bd5   COMPRESSED   0x00000003   PAD
    0x20000bd8        -       0x00000004   Zero   RW         2435    .bss.rt_interrupt_to_thread  cpuport.o
    0x20000bdc        -       0x00000080   Zero   RW          918    .bss.rt_kprintf.rt_log_buf  kservice.o
    0x20000c5c        -       0x00000002   Zero   RW         1020    .bss.rt_scheduler_lock_nest  scheduler.o
    0x20000c5e   COMPRESSED   0x00000002   PAD
    0x20000c60        -       0x00000008   Zero   RW         1025    .bss.rt_thread_defunct  scheduler.o
    0x20000c68        -       0x00000100   Zero   RW         1021    .bss.rt_thread_priority_table  scheduler.o
    0x20000d68        -       0x00000004   Zero   RW         1024    .bss.rt_thread_ready_priority_group  scheduler.o
    0x20000d6c        -       0x00000100   Zero   RW          775    .bss.rt_thread_stack  idle.o
    0x20000e6c        -       0x00000004   Zero   RW         2436    .bss.rt_thread_switch_interrupt_flag  cpuport.o
    0x20000e70        -       0x00000004   Zero   RW          717    .bss.rt_tick        clock.o
    0x20000e74        -       0x00000008   Zero   RW         1125    .bss.rt_timer_list  timer.o
    0x20000e7c        -       0x00000004   Zero   RW         1124    .bss.rt_timer_start.random_nr  timer.o
    0x20000e80        -       0x00000058   Zero   RW          143    .bss.serial3        drv_usart.o
    0x20000ed8        -       0x00000004   Zero   RW          685    .bss.shell          shell.o
    0x20000edc        -       0x00000080   Zero   RW          608    .bss.text_segment   finsh_vm.o
    0x20000f5c        -       0x00000004   Zero   RW          952    .bss.used_mem       mem.o
    0x20000f60        -       0x00002000   Zero   RW         2466    STACK               startup_n32wb452.o


==============================================================================

Image component sizes


      Code (inc. data)   RO Data    RW Data    ZI Data      Debug   Object Name

       250          0          7          0          0       4411   board.o
        72          0          0          0          4       2402   clock.o
      2500          0        629          0          0      10925   cmd.o
       528          0        165          0          0       3396   completion.o
       348          0        175          0          0       3539   components.o
       308         26          0          0          0        900   context_rvds.o
      1386          0        573          0         16       4571   cpuport.o
      1096          0        259          0          0       6193   device.o
      2144          0       1075        192          4      12861   drv_gpio.o
      1364          8        211          0         88      10965   drv_usart.o
      7638         82          0          0          8       5171   finsh_compiler.o
        78          0        216         60          1       1490   finsh_error.o
       986          0          0          0        136       3504   finsh_heap.o
        72          0          0          0          0       2125   finsh_init.o
       642          0          0          0        320       3071   finsh_node.o
      2662         34        196          0          0       6094   finsh_ops.o
      3702         68          0          0          0       9421   finsh_parser.o
      3012        360         98          0          0       7009   finsh_token.o
       454          0          0          0        196       2913   finsh_var.o
       300          0          0          0        396       1923   finsh_vm.o
       352          0         28          0        376       2951   idle.o
       908          0        195          0          0       8288   ipc.o
       114          0          0          0          1       1032   irq.o
      3172        168        481          0        140      12512   kservice.o
       272          0         10          0       1264       2323   main.o
      2116          0        677          0         56       5307   mem.o
       234          0          0          0          0       3047   misc.o
      1454          0        111          0          4       4139   msh.o
       334          0          0          0          0       2868   n32wb452_exti.o
       598          0          0          0          0       6170   n32wb452_gpio.o
        18          0          0          0          0        886   n32wb452_it.o
       624          0         64          0          0      10162   n32wb452_rcc.o
       848          0          0          0          0       6961   n32wb452_usart.o
       860          0        186         80          0       4605   object.o
       512          0         86          0         68       5177   pin.o
       966          0        175          0        275       4612   scheduler.o
      2558          0        372          0          4       8391   serial.o
      3070          0        245          0        137      10072   shell.o
        36          8        408          0       8192        892   startup_n32wb452.o
         0          0         62         64          8       1163   symbol.o
       814          0          0          4          0       3339   system_n32wb452.o
      1674          0        339          0          0       7830   thread.o
      1440          4        230          0         12       5955   timer.o

    ----------------------------------------------------------------------
     52828        758       7308        400      11724     221566   Object Totals
         0          0         32          0          0          0   (incl. Generated)
       312          0          3          0         18          0   (incl. Padding)

    ----------------------------------------------------------------------

      Code (inc. data)   RO Data    RW Data    ZI Data      Debug   Library Member Name

        86          0          0          0          0          0   __dczerorl2.o
        28          0          0          0          0         68   _chval.o
       158          0          0          0          0         92   _strtoul.o
        26          0          0          0          0         80   atoi.o
         8          4        133          0          0         68   ctype_o.o
         0          0          0          0          0          0   entry.o
         0          0          0          0          0          0   entry10a.o
         0          0          0          0          0          0   entry11a.o
         8          4          0          0          0          0   entry2.o
         4          0          0          0          0          0   entry5.o
         0          0          0          0          0          0   entry7b.o
         0          0          0          0          0          0   entry8b.o
         8          4          0          0          0          0   entry9a.o
         8          4          0          4          0         68   errno.o
        30          0          0          0          0          0   handlers.o
        36          8          0          0          0         68   init.o
        26          0          0          0          0         80   memcmp.o
        36          0          0          0          0         68   memcpya.o
        36          0          0          0          0        108   memseta.o
        24          0          0          0          0         68   strcat.o
        28          0          0          0          0         76   strcmp.o
        18          0          0          0          0         68   strcpy.o
        14          0          0          0          0         68   strlen.o
        30          0          0          0          0         80   strncmp.o
        24          0          0          0          0         76   strncpy.o
       112          0          0          0          0         88   strtol.o

    ----------------------------------------------------------------------
       750         24        134          4          0       1224   Library Totals
         2          0          1          0          0          0   (incl. Padding)

    ----------------------------------------------------------------------

      Code (inc. data)   RO Data    RW Data    ZI Data      Debug   Library Name

       748         24        133          4          0       1224   mc_w.l

    ----------------------------------------------------------------------
       750         24        134          4          0       1224   Library Totals

    ----------------------------------------------------------------------

==============================================================================


      Code (inc. data)   RO Data    RW Data    ZI Data      Debug   

     53578        782       7442        404      11724     221622   Grand Totals
     53578        782       7442        160      11724     221622   ELF Image Totals (compressed)
     53578        782       7442        160          0          0   ROM Totals

==============================================================================

    Total RO  Size (Code + RO Data)                61020 (  59.59kB)
    Total RW  Size (RW Data + ZI Data)             12128 (  11.84kB)
    Total ROM Size (Code + RO Data + RW Data)      61180 (  59.75kB)

==============================================================================

