Component: Arm Compiler for Embedded 6.19 Tool: armlink [5e73cb00]

==============================================================================

Section Cross References

    main.o(.ARM.exidx.text.Delay) refers to main.o(.text.Delay) for [Anonymous Symbol]
    main.o(.text.main) refers to bsp_gpio.o(.text.BSP_GPIO_Init) for BSP_GPIO_Init
    main.o(.text.main) refers to bsp_gpio.o(.text.BSP_GPIO_WritePin) for BSP_GPIO_WritePin
    main.o(.text.main) refers to n32wb452_gpio.o(.text.GPIO_ResetBits) for GPIO_ResetBits
    main.o(.text.main) refers to main.o(.bss.uart2_device) for uart2_device
    main.o(.text.main) refers to bsp_uart.o(.text.BSP_UART_Init) for BSP_UART_Init
    main.o(.text.main) refers to main.o(.bss.uart3_device) for uart3_device
    main.o(.text.main) refers to bsp_uart.o(.bss.debug_uart_device) for debug_uart_device
    main.o(.text.main) refers to main.o(.data.tx_buffer) for tx_buffer
    main.o(.text.main) refers to bsp_uart.o(.text.BSP_Uart_Transmit_IT) for BSP_Uart_Transmit_IT
    main.o(.text.main) refers to bsp_gpio.o(.text.BSP_GPIO_TogglePin) for BSP_GPIO_TogglePin
    main.o(.text.main) refers to main.o(.text.Delay) for Delay
    main.o(.text.main) refers to main.o(.rodata.str1.1) for .L.str
    main.o(.text.main) refers to printfa.o(i.__0printf) for printf
    main.o(.ARM.exidx.text.main) refers to main.o(.text.main) for [Anonymous Symbol]
    n32wb452_it.o(.ARM.exidx.text.NMI_Handler) refers to n32wb452_it.o(.text.NMI_Handler) for [Anonymous Symbol]
    n32wb452_it.o(.ARM.exidx.text.HardFault_Handler) refers to n32wb452_it.o(.text.HardFault_Handler) for [Anonymous Symbol]
    n32wb452_it.o(.ARM.exidx.text.MemManage_Handler) refers to n32wb452_it.o(.text.MemManage_Handler) for [Anonymous Symbol]
    n32wb452_it.o(.ARM.exidx.text.BusFault_Handler) refers to n32wb452_it.o(.text.BusFault_Handler) for [Anonymous Symbol]
    n32wb452_it.o(.ARM.exidx.text.UsageFault_Handler) refers to n32wb452_it.o(.text.UsageFault_Handler) for [Anonymous Symbol]
    n32wb452_it.o(.ARM.exidx.text.SVC_Handler) refers to n32wb452_it.o(.text.SVC_Handler) for [Anonymous Symbol]
    n32wb452_it.o(.ARM.exidx.text.DebugMon_Handler) refers to n32wb452_it.o(.text.DebugMon_Handler) for [Anonymous Symbol]
    n32wb452_it.o(.ARM.exidx.text.SysTick_Handler) refers to n32wb452_it.o(.text.SysTick_Handler) for [Anonymous Symbol]
    n32wb452_it.o(.ARM.exidx.text.DMA_IRQ_HANDLER) refers to n32wb452_it.o(.text.DMA_IRQ_HANDLER) for [Anonymous Symbol]
    bsp_i2c.o(.text.BSP_I2C_Init) refers to bsp_i2c.o(.text.bsp_i2c_polingInit) for bsp_i2c_polingInit
    bsp_i2c.o(.ARM.exidx.text.BSP_I2C_Init) refers to bsp_i2c.o(.text.BSP_I2C_Init) for [Anonymous Symbol]
    bsp_i2c.o(.text.bsp_i2c_polingInit) refers to n32wb452_rcc.o(.text.RCC_EnableAPB1PeriphClk) for RCC_EnableAPB1PeriphClk
    bsp_i2c.o(.text.bsp_i2c_polingInit) refers to n32wb452_i2c.o(.text.I2C_DeInit) for I2C_DeInit
    bsp_i2c.o(.text.bsp_i2c_polingInit) refers to n32wb452_rcc.o(.text.RCC_EnableAPB2PeriphClk) for RCC_EnableAPB2PeriphClk
    bsp_i2c.o(.text.bsp_i2c_polingInit) refers to n32wb452_gpio.o(.text.GPIO_InitStruct) for GPIO_InitStruct
    bsp_i2c.o(.text.bsp_i2c_polingInit) refers to n32wb452_gpio.o(.text.GPIO_InitPeripheral) for GPIO_InitPeripheral
    bsp_i2c.o(.text.bsp_i2c_polingInit) refers to n32wb452_i2c.o(.text.I2C_InitStruct) for I2C_InitStruct
    bsp_i2c.o(.text.bsp_i2c_polingInit) refers to n32wb452_i2c.o(.text.I2C_Init) for I2C_Init
    bsp_i2c.o(.ARM.exidx.text.bsp_i2c_polingInit) refers to bsp_i2c.o(.text.bsp_i2c_polingInit) for [Anonymous Symbol]
    bsp_i2c.o(.text.BSP_I2C_Master_Transmit) refers to bsp_i2c.o(.text.BSP_I2C_Master_Transmit_Polling) for BSP_I2C_Master_Transmit_Polling
    bsp_i2c.o(.text.BSP_I2C_Master_Transmit) refers to bsp_i2c.o(.text.BSP_I2C_Master_Transmit_IT) for BSP_I2C_Master_Transmit_IT
    bsp_i2c.o(.text.BSP_I2C_Master_Transmit) refers to bsp_i2c.o(.text.BSP_I2C_Master_Transmit_DMA) for BSP_I2C_Master_Transmit_DMA
    bsp_i2c.o(.ARM.exidx.text.BSP_I2C_Master_Transmit) refers to bsp_i2c.o(.text.BSP_I2C_Master_Transmit) for [Anonymous Symbol]
    bsp_i2c.o(.text.BSP_I2C_Master_Transmit_Polling) refers to bsp_i2c.o(.bss.I2CTimeout) for I2CTimeout
    bsp_i2c.o(.text.BSP_I2C_Master_Transmit_Polling) refers to n32wb452_i2c.o(.text.I2C_GetFlag) for I2C_GetFlag
    bsp_i2c.o(.text.BSP_I2C_Master_Transmit_Polling) refers to bsp_i2c.o(.text.CommTimeOut_CallBack) for CommTimeOut_CallBack
    bsp_i2c.o(.text.BSP_I2C_Master_Transmit_Polling) refers to bsp_i2c.o(.bss.Comm_Flag) for Comm_Flag
    bsp_i2c.o(.text.BSP_I2C_Master_Transmit_Polling) refers to n32wb452_i2c.o(.text.I2C_GenerateStart) for I2C_GenerateStart
    bsp_i2c.o(.text.BSP_I2C_Master_Transmit_Polling) refers to n32wb452_i2c.o(.text.I2C_CheckEvent) for I2C_CheckEvent
    bsp_i2c.o(.text.BSP_I2C_Master_Transmit_Polling) refers to n32wb452_i2c.o(.text.I2C_SendAddr7bit) for I2C_SendAddr7bit
[...]
    Removing n32wb452_rcc.o(.ARM.exidx.text.RCC_ConfigPclk1), (8 bytes).
    Removing n32wb452_rcc.o(.text.RCC_ConfigPclk2), (46 bytes).
    Removing n32wb452_rcc.o(.ARM.exidx.text.RCC_ConfigPclk2), (8 bytes).
    Removing n32wb452_rcc.o(.text.RCC_ConfigInt), (62 bytes).
    Removing n32wb452_rcc.o(.ARM.exidx.text.RCC_ConfigInt), (8 bytes).
    Removing n32wb452_rcc.o(.text.RCC_ConfigUsbClk), (30 bytes).
    Removing n32wb452_rcc.o(.ARM.exidx.text.RCC_ConfigUsbClk), (8 bytes).
    Removing n32wb452_rcc.o(.text.RCC_ConfigTim18Clk), (44 bytes).
    Removing n32wb452_rcc.o(.ARM.exidx.text.RCC_ConfigTim18Clk), (8 bytes).
    Removing n32wb452_rcc.o(.text.RCC_ConfigRngcClk), (44 bytes).
    Removing n32wb452_rcc.o(.ARM.exidx.text.RCC_ConfigRngcClk), (8 bytes).
    Removing n32wb452_rcc.o(.text.RCC_ConfigAdc1mClk), (62 bytes).
    Removing n32wb452_rcc.o(.ARM.exidx.text.RCC_ConfigAdc1mClk), (8 bytes).
    Removing n32wb452_rcc.o(.text.RCC_ConfigAdcPllClk), (84 bytes).
    Removing n32wb452_rcc.o(.ARM.exidx.text.RCC_ConfigAdcPllClk), (8 bytes).
    Removing n32wb452_rcc.o(.text.RCC_ConfigAdcHclk), (44 bytes).
    Removing n32wb452_rcc.o(.ARM.exidx.text.RCC_ConfigAdcHclk), (8 bytes).
    Removing n32wb452_rcc.o(.text.RCC_ConfigTrng1mClk), (62 bytes).
    Removing n32wb452_rcc.o(.ARM.exidx.text.RCC_ConfigTrng1mClk), (8 bytes).
    Removing n32wb452_rcc.o(.text.RCC_EnableTrng1mClk), (54 bytes).
    Removing n32wb452_rcc.o(.ARM.exidx.text.RCC_EnableTrng1mClk), (8 bytes).
    Removing n32wb452_rcc.o(.text.RCC_ConfigLse), (76 bytes).
    Removing n32wb452_rcc.o(.ARM.exidx.text.RCC_ConfigLse), (8 bytes).
    Removing n32wb452_rcc.o(.text.RCC_EnableLsi), (24 bytes).
    Removing n32wb452_rcc.o(.ARM.exidx.text.RCC_EnableLsi), (8 bytes).
    Removing n32wb452_rcc.o(.text.RCC_ConfigRtcClk), (32 bytes).
    Removing n32wb452_rcc.o(.ARM.exidx.text.RCC_ConfigRtcClk), (8 bytes).
    Removing n32wb452_rcc.o(.text.RCC_EnableRtcClk), (24 bytes).
    Removing n32wb452_rcc.o(.ARM.exidx.text.RCC_EnableRtcClk), (8 bytes).
    Removing n32wb452_rcc.o(.ARM.exidx.text.RCC_GetClocksFreqValue), (8 bytes).
    Removing n32wb452_rcc.o(.text.RCC_EnableAHBPeriphClk), (56 bytes).
    Removing n32wb452_rcc.o(.ARM.exidx.text.RCC_EnableAHBPeriphClk), (8 bytes).
    Removing n32wb452_rcc.o(.ARM.exidx.text.RCC_EnableAPB2PeriphClk), (8 bytes).
    Removing n32wb452_rcc.o(.ARM.exidx.text.RCC_EnableAPB1PeriphClk), (8 bytes).
    Removing n32wb452_rcc.o(.text.RCC_EnableAHBPeriphReset), (56 bytes).
    Removing n32wb452_rcc.o(.ARM.exidx.text.RCC_EnableAHBPeriphReset), (8 bytes).
    Removing n32wb452_rcc.o(.ARM.exidx.text.RCC_EnableAPB2PeriphReset), (8 bytes).
    Removing n32wb452_rcc.o(.ARM.exidx.text.RCC_EnableAPB1PeriphReset), (8 bytes).
    Removing n32wb452_rcc.o(.text.RCC_EnableBORReset), (54 bytes).
    Removing n32wb452_rcc.o(.ARM.exidx.text.RCC_EnableBORReset), (8 bytes).
    Removing n32wb452_rcc.o(.text.RCC_EnableBackupReset), (24 bytes).
    Removing n32wb452_rcc.o(.ARM.exidx.text.RCC_EnableBackupReset), (8 bytes).
    Removing n32wb452_rcc.o(.text.RCC_EnableClockSecuritySystem), (22 bytes).
    Removing n32wb452_rcc.o(.ARM.exidx.text.RCC_EnableClockSecuritySystem), (8 bytes).
    Removing n32wb452_rcc.o(.text.RCC_ConfigMcoPllClk), (44 bytes).
    Removing n32wb452_rcc.o(.ARM.exidx.text.RCC_ConfigMcoPllClk), (8 bytes).
    Removing n32wb452_rcc.o(.text.RCC_ConfigMco), (50 bytes).
    Removing n32wb452_rcc.o(.ARM.exidx.text.RCC_ConfigMco), (8 bytes).
    Removing n32wb452_rcc.o(.text.RCC_ClrFlag), (26 bytes).
    Removing n32wb452_rcc.o(.ARM.exidx.text.RCC_ClrFlag), (8 bytes).
    Removing n32wb452_rcc.o(.text.RCC_GetIntStatus), (56 bytes).
    Removing n32wb452_rcc.o(.ARM.exidx.text.RCC_GetIntStatus), (8 bytes).
    Removing n32wb452_rcc.o(.text.RCC_ClrIntPendingBit), (24 bytes).
    Removing n32wb452_rcc.o(.ARM.exidx.text.RCC_ClrIntPendingBit), (8 bytes).
    Removing n32wb452_rcc.o(.text.RCC_SYSCLKConfigFromSTOP), (422 bytes).
    Removing n32wb452_rcc.o(.ARM.exidx.text.RCC_SYSCLKConfigFromSTOP), (8 bytes).
    Removing n32wb452_rcc.o(.text.RCC_GetCurHSITrim), (28 bytes).
    Removing n32wb452_rcc.o(.ARM.exidx.text.RCC_GetCurHSITrim), (8 bytes).
    Removing n32wb452_rcc.o(.text.RCC_ConfigHSITrim), (134 bytes).
    Removing n32wb452_rcc.o(.ARM.exidx.text.RCC_ConfigHSITrim), (8 bytes).
    Removing n32wb452_rcc.o(.text.RCC_SetHSITrim), (50 bytes).
    Removing n32wb452_rcc.o(.ARM.exidx.text.RCC_SetHSITrim), (8 bytes).
    Removing n32wb452_rtc.o(.text), (0 bytes).
    Removing n32wb452_rtc.o(.text.RTC_DeInit), (406 bytes).
    Removing n32wb452_rtc.o(.ARM.exidx.text.RTC_DeInit), (8 bytes).
    Removing n32wb452_rtc.o(.text.RTC_EnterInitMode), (250 bytes).
    Removing n32wb452_rtc.o(.ARM.exidx.text.RTC_EnterInitMode), (8 bytes).
    Removing n32wb452_rtc.o(.text.RTC_WaitForSynchro), (160 bytes).
    Removing n32wb452_rtc.o(.ARM.exidx.text.RTC_WaitForSynchro), (8 bytes).
    Removing n32wb452_rtc.o(.text.RTC_Init), (158 bytes).
    Removing n32wb452_rtc.o(.ARM.exidx.text.RTC_Init), (8 bytes).
    Removing n32wb452_rtc.o(.text.RTC_ExitInitMode), (18 bytes).
    Removing n32wb452_rtc.o(.ARM.exidx.text.RTC_ExitInitMode), (8 bytes).
    Removing n32wb452_rtc.o(.text.RTC_StructInit), (26 bytes).
    Removing n32wb452_rtc.o(.ARM.exidx.text.RTC_StructInit), (8 bytes).
    Removing n32wb452_rtc.o(.text.RTC_EnableWriteProtection), (50 bytes).
    Removing n32wb452_rtc.o(.ARM.exidx.text.RTC_EnableWriteProtection), (8 bytes).
    Removing n32wb452_rtc.o(.text.RTC_EnableBypassShadow), (82 bytes).
    Removing n32wb452_rtc.o(.ARM.exidx.text.RTC_EnableBypassShadow), (8 bytes).
    Removing n32wb452_rtc.o(.text.RTC_ConfigTime), (320 bytes).
    Removing n32wb452_rtc.o(.ARM.exidx.text.RTC_ConfigTime), (8 bytes).
    Removing n32wb452_rtc.o(.text.RTC_Bcd2ToByte), (48 bytes).
    Removing n32wb452_rtc.o(.ARM.exidx.text.RTC_Bcd2ToByte), (8 bytes).
    Removing n32wb452_rtc.o(.text.RTC_ByteToBcd2), (66 bytes).
    Removing n32wb452_rtc.o(.ARM.exidx.text.RTC_ByteToBcd2), (8 bytes).
    Removing n32wb452_rtc.o(.text.RTC_TimeStructInit), (26 bytes).
    Removing n32wb452_rtc.o(.ARM.exidx.text.RTC_TimeStructInit), (8 bytes).
    Removing n32wb452_rtc.o(.text.RTC_GetTime), (134 bytes).
    Removing n32wb452_rtc.o(.ARM.exidx.text.RTC_GetTime), (8 bytes).
    Removing n32wb452_rtc.o(.text.RTC_GetSubSecond), (24 bytes).
    Removing n32wb452_rtc.o(.ARM.exidx.text.RTC_GetSubSecond), (8 bytes).
    Removing n32wb452_rtc.o(.text.RTC_SetDate), (306 bytes).
    Removing n32wb452_rtc.o(.ARM.exidx.text.RTC_SetDate), (8 bytes).
    Removing n32wb452_rtc.o(.text.RTC_DateStructInit), (28 bytes).
    Removing n32wb452_rtc.o(.ARM.exidx.text.RTC_DateStructInit), (8 bytes).
    Removing n32wb452_rtc.o(.text.RTC_GetDate), (120 bytes).
    Removing n32wb452_rtc.o(.ARM.exidx.text.RTC_GetDate), (8 bytes).
    Removing n32wb452_rtc.o(.text.RTC_SetAlarm), (334 bytes).
    Removing n32wb452_rtc.o(.ARM.exidx.text.RTC_SetAlarm), (8 bytes).
    Removing n32wb452_rtc.o(.text.RTC_AlarmStructInit), (40 bytes).
    Removing n32wb452_rtc.o(.ARM.exidx.text.RTC_AlarmStructInit), (8 bytes).
    Removing n32wb452_rtc.o(.text.RTC_GetAlarm), (184 bytes).
    Removing n32wb452_rtc.o(.ARM.exidx.text.RTC_GetAlarm), (8 bytes).
    Removing n32wb452_rtc.o(.text.RTC_EnableAlarm), (204 bytes).
    Removing n32wb452_rtc.o(.ARM.exidx.text.RTC_EnableAlarm), (8 bytes).
    Removing n32wb452_rtc.o(.text.RTC_ConfigAlarmSubSecond), (90 bytes).
    Removing n32wb452_rtc.o(.ARM.exidx.text.RTC_ConfigAlarmSubSecond), (8 bytes).
    Removing n32wb452_rtc.o(.text.RTC_GetAlarmSubSecond), (60 bytes).
    Removing n32wb452_rtc.o(.ARM.exidx.text.RTC_GetAlarmSubSecond), (8 bytes).
    Removing n32wb452_rtc.o(.text.RTC_ConfigWakeUpClock), (52 bytes).
    Removing n32wb452_rtc.o(.ARM.exidx.text.RTC_ConfigWakeUpClock), (8 bytes).
    Removing n32wb452_rtc.o(.text.RTC_SetWakeUpCounter), (40 bytes).
    Removing n32wb452_rtc.o(.ARM.exidx.text.RTC_SetWakeUpCounter), (8 bytes).
    Removing n32wb452_rtc.o(.text.RTC_GetWakeUpCounter), (14 bytes).
    Removing n32wb452_rtc.o(.ARM.exidx.text.RTC_GetWakeUpCounter), (8 bytes).
    Removing n32wb452_rtc.o(.text.RTC_EnableWakeUp), (198 bytes).
    Removing n32wb452_rtc.o(.ARM.exidx.text.RTC_EnableWakeUp), (8 bytes).
    Removing n32wb452_rtc.o(.text.RTC_ConfigDayLightSaving), (62 bytes).
    Removing n32wb452_rtc.o(.ARM.exidx.text.RTC_ConfigDayLightSaving), (8 bytes).
    Removing n32wb452_rtc.o(.text.RTC_GetStoreOperation), (16 bytes).
    Removing n32wb452_rtc.o(.ARM.exidx.text.RTC_GetStoreOperation), (8 bytes).
    Removing n32wb452_rtc.o(.text.RTC_ConfigOutput), (58 bytes).
    Removing n32wb452_rtc.o(.ARM.exidx.text.RTC_ConfigOutput), (8 bytes).
    Removing n32wb452_rtc.o(.text.RTC_EnableCalibOutput), (82 bytes).
    Removing n32wb452_rtc.o(.ARM.exidx.text.RTC_EnableCalibOutput), (8 bytes).
    Removing n32wb452_rtc.o(.text.RTC_ConfigCalibOutput), (52 bytes).
    Removing n32wb452_rtc.o(.ARM.exidx.text.RTC_ConfigCalibOutput), (8 bytes).
    Removing n32wb452_rtc.o(.text.RTC_ConfigSmoothCalib), (180 bytes).
    Removing n32wb452_rtc.o(.ARM.exidx.text.RTC_ConfigSmoothCalib), (8 bytes).
    Removing n32wb452_rtc.o(.text.RTC_EnableTimeStamp), (98 bytes).
    Removing n32wb452_rtc.o(.ARM.exidx.text.RTC_EnableTimeStamp), (8 bytes).
    Removing n32wb452_rtc.o(.text.RTC_GetTimeStamp), (224 bytes).
    Removing n32wb452_rtc.o(.ARM.exidx.text.RTC_GetTimeStamp), (8 bytes).
    Removing n32wb452_rtc.o(.text.RTC_GetTimeStampSubSecond), (12 bytes).
    Removing n32wb452_rtc.o(.ARM.exidx.text.RTC_GetTimeStampSubSecond), (8 bytes).
    Removing n32wb452_rtc.o(.text.RTC_ConfigOutputType), (32 bytes).
    Removing n32wb452_rtc.o(.ARM.exidx.text.RTC_ConfigOutputType), (8 bytes).
    Removing n32wb452_rtc.o(.text.RTC_ConfigSynchroShift), (194 bytes).
    Removing n32wb452_rtc.o(.ARM.exidx.text.RTC_ConfigSynchroShift), (8 bytes).
    Removing n32wb452_rtc.o(.text.RTC_ConfigInt), (84 bytes).
    Removing n32wb452_rtc.o(.ARM.exidx.text.RTC_ConfigInt), (8 bytes).
    Removing n32wb452_rtc.o(.text.RTC_GetFlagStatus), (68 bytes).
    Removing n32wb452_rtc.o(.ARM.exidx.text.RTC_GetFlagStatus), (8 bytes).
    Removing n32wb452_rtc.o(.text.RTC_ClrFlag), (40 bytes).
    Removing n32wb452_rtc.o(.ARM.exidx.text.RTC_ClrFlag), (8 bytes).
    Removing n32wb452_rtc.o(.text.RTC_GetITStatus), (86 bytes).
    Removing n32wb452_rtc.o(.ARM.exidx.text.RTC_GetITStatus), (8 bytes).
    Removing n32wb452_rtc.o(.text.RTC_ClrIntPendingBit), (44 bytes).
    Removing n32wb452_rtc.o(.ARM.exidx.text.RTC_ClrIntPendingBit), (8 bytes).
    Removing n32wb452_sdio.o(.text), (0 bytes).
    Removing n32wb452_sdio.o(.text.SDIO_DeInit), (102 bytes).
    Removing n32wb452_sdio.o(.ARM.exidx.text.SDIO_DeInit), (8 bytes).
    Removing n32wb452_sdio.o(.text.SDIO_Init), (78 bytes).
    Removing n32wb452_sdio.o(.ARM.exidx.text.SDIO_Init), (8 bytes).
    Removing n32wb452_sdio.o(.text.SDIO_InitStruct), (34 bytes).
    Removing n32wb452_sdio.o(.ARM.exidx.text.SDIO_InitStruct), (8 bytes).
    Removing n32wb452_sdio.o(.text.SDIO_EnableClock), (22 bytes).
    Removing n32wb452_sdio.o(.ARM.exidx.text.SDIO_EnableClock), (8 bytes).
    Removing n32wb452_sdio.o(.text.SDIO_SetPower), (32 bytes).
    Removing n32wb452_sdio.o(.ARM.exidx.text.SDIO_SetPower), (8 bytes).
    Removing n32wb452_sdio.o(.text.SDIO_GetPower), (16 bytes).
    Removing n32wb452_sdio.o(.ARM.exidx.text.SDIO_GetPower), (8 bytes).
    Removing n32wb452_sdio.o(.text.SDIO_ConfigInt), (56 bytes).
    Removing n32wb452_sdio.o(.ARM.exidx.text.SDIO_ConfigInt), (8 bytes).
    Removing n32wb452_sdio.o(.text.SDIO_DMACmd), (24 bytes).
    Removing n32wb452_sdio.o(.ARM.exidx.text.SDIO_DMACmd), (8 bytes).
    Removing n32wb452_sdio.o(.text.SDIO_SendCmd), (78 bytes).
    Removing n32wb452_sdio.o(.ARM.exidx.text.SDIO_SendCmd), (8 bytes).
    Removing n32wb452_sdio.o(.text.SDIO_InitCmdStruct), (30 bytes).
    Removing n32wb452_sdio.o(.ARM.exidx.text.SDIO_InitCmdStruct), (8 bytes).
    Removing n32wb452_sdio.o(.text.SDIO_GetCmdResp), (14 bytes).
    Removing n32wb452_sdio.o(.ARM.exidx.text.SDIO_GetCmdResp), (8 bytes).
    Removing n32wb452_sdio.o(.text.SDIO_GetResp), (30 bytes).
    Removing n32wb452_sdio.o(.ARM.exidx.text.SDIO_GetResp), (8 bytes).
    Removing n32wb452_sdio.o(.text.SDIO_ConfigData), (122 bytes).
    Removing n32wb452_sdio.o(.ARM.exidx.text.SDIO_ConfigData), (8 bytes).
    Removing n32wb452_sdio.o(.text.SDIO_InitDataStruct), (38 bytes).
    Removing n32wb452_sdio.o(.ARM.exidx.text.SDIO_InitDataStruct), (8 bytes).
    Removing n32wb452_sdio.o(.text.SDIO_GetDataCountValue), (12 bytes).
    Removing n32wb452_sdio.o(.ARM.exidx.text.SDIO_GetDataCountValue), (8 bytes).
    Removing n32wb452_sdio.o(.text.SDIO_ReadData), (12 bytes).
    Removing n32wb452_sdio.o(.ARM.exidx.text.SDIO_ReadData), (8 bytes).
    Removing n32wb452_sdio.o(.text.SDIO_WriteData), (20 bytes).
    Removing n32wb452_sdio.o(.ARM.exidx.text.SDIO_WriteData), (8 bytes).
    Removing n32wb452_sdio.o(.text.SDIO_GetFifoCounter), (12 bytes).
    Removing n32wb452_sdio.o(.ARM.exidx.text.SDIO_GetFifoCounter), (8 bytes).
    Removing n32wb452_sdio.o(.text.SDIO_EnableReadWait), (24 bytes).
    Removing n32wb452_sdio.o(.ARM.exidx.text.SDIO_EnableReadWait), (8 bytes).
    Removing n32wb452_sdio.o(.text.SDIO_DisableReadWait), (24 bytes).
    Removing n32wb452_sdio.o(.ARM.exidx.text.SDIO_DisableReadWait), (8 bytes).
    Removing n32wb452_sdio.o(.text.SDIO_EnableSdioReadWaitMode), (20 bytes).
    Removing n32wb452_sdio.o(.ARM.exidx.text.SDIO_EnableSdioReadWaitMode), (8 bytes).
    Removing n32wb452_sdio.o(.text.SDIO_EnableSdioOperation), (24 bytes).
    Removing n32wb452_sdio.o(.ARM.exidx.text.SDIO_EnableSdioOperation), (8 bytes).
    Removing n32wb452_sdio.o(.text.SDIO_EnableSendSdioSuspend), (24 bytes).
    Removing n32wb452_sdio.o(.ARM.exidx.text.SDIO_EnableSendSdioSuspend), (8 bytes).
    Removing n32wb452_sdio.o(.text.SDIO_EnableCommandCompletion), (24 bytes).
    Removing n32wb452_sdio.o(.ARM.exidx.text.SDIO_EnableCommandCompletion), (8 bytes).
    Removing n32wb452_sdio.o(.text.SDIO_EnableCEATAInt), (28 bytes).
    Removing n32wb452_sdio.o(.ARM.exidx.text.SDIO_EnableCEATAInt), (8 bytes).
    Removing n32wb452_sdio.o(.text.SDIO_EnableSendCEATA), (24 bytes).
    Removing n32wb452_sdio.o(.ARM.exidx.text.SDIO_EnableSendCEATA), (8 bytes).
    Removing n32wb452_sdio.o(.text.SDIO_GetFlag), (52 bytes).
    Removing n32wb452_sdio.o(.ARM.exidx.text.SDIO_GetFlag), (8 bytes).
    Removing n32wb452_sdio.o(.text.SDIO_ClrFlag), (20 bytes).
    Removing n32wb452_sdio.o(.ARM.exidx.text.SDIO_ClrFlag), (8 bytes).
    Removing n32wb452_sdio.o(.text.SDIO_GetIntStatus), (52 bytes).
    Removing n32wb452_sdio.o(.ARM.exidx.text.SDIO_GetIntStatus), (8 bytes).
    Removing n32wb452_sdio.o(.text.SDIO_ClrIntPendingBit), (20 bytes).
    Removing n32wb452_sdio.o(.ARM.exidx.text.SDIO_ClrIntPendingBit), (8 bytes).
    Removing n32wb452_spi.o(.text), (0 bytes).
    Removing n32wb452_spi.o(.text.SPI_I2S_DeInit), (128 bytes).
    Removing n32wb452_spi.o(.ARM.exidx.text.SPI_I2S_DeInit), (8 bytes).
    Removing n32wb452_spi.o(.text.SPI_Init), (104 bytes).
    Removing n32wb452_spi.o(.ARM.exidx.text.SPI_Init), (8 bytes).
    Removing n32wb452_spi.o(.text.I2S_Init), (372 bytes).
    Removing n32wb452_spi.o(.ARM.exidx.text.I2S_Init), (8 bytes).
    Removing n32wb452_spi.o(.text.SPI_InitStruct), (48 bytes).
    Removing n32wb452_spi.o(.ARM.exidx.text.SPI_InitStruct), (8 bytes).
    Removing n32wb452_spi.o(.text.I2S_InitStruct), (36 bytes).
    Removing n32wb452_spi.o(.ARM.exidx.text.I2S_InitStruct), (8 bytes).
    Removing n32wb452_spi.o(.text.SPI_Enable), (44 bytes).
    Removing n32wb452_spi.o(.ARM.exidx.text.SPI_Enable), (8 bytes).
    Removing n32wb452_spi.o(.text.I2S_Enable), (44 bytes).
    Removing n32wb452_spi.o(.ARM.exidx.text.I2S_Enable), (8 bytes).
    Removing n32wb452_spi.o(.text.SPI_I2S_EnableInt), (84 bytes).
    Removing n32wb452_spi.o(.ARM.exidx.text.SPI_I2S_EnableInt), (8 bytes).
    Removing n32wb452_spi.o(.text.SPI_I2S_EnableDma), (52 bytes).
    Removing n32wb452_spi.o(.ARM.exidx.text.SPI_I2S_EnableDma), (8 bytes).
    Removing n32wb452_spi.o(.text.SPI_I2S_TransmitData), (20 bytes).
    Removing n32wb452_spi.o(.ARM.exidx.text.SPI_I2S_TransmitData), (8 bytes).
    Removing n32wb452_spi.o(.text.SPI_I2S_ReceiveData), (12 bytes).
    Removing n32wb452_spi.o(.ARM.exidx.text.SPI_I2S_ReceiveData), (8 bytes).
    Removing n32wb452_spi.o(.text.SPI_SetNssLevel), (50 bytes).
    Removing n32wb452_spi.o(.ARM.exidx.text.SPI_SetNssLevel), (8 bytes).
    Removing n32wb452_spi.o(.text.SPI_SSOutputEnable), (44 bytes).
    Removing n32wb452_spi.o(.ARM.exidx.text.SPI_SSOutputEnable), (8 bytes).
    Removing n32wb452_spi.o(.text.SPI_ConfigDataLen), (34 bytes).
    Removing n32wb452_spi.o(.ARM.exidx.text.SPI_ConfigDataLen), (8 bytes).
    Removing n32wb452_spi.o(.text.SPI_TransmitCrcNext), (18 bytes).
    Removing n32wb452_spi.o(.ARM.exidx.text.SPI_TransmitCrcNext), (8 bytes).
    Removing n32wb452_spi.o(.text.SPI_EnableCalculateCrc), (44 bytes).
    Removing n32wb452_spi.o(.ARM.exidx.text.SPI_EnableCalculateCrc), (8 bytes).
    Removing n32wb452_spi.o(.text.SPI_GetCRCDat), (52 bytes).
    Removing n32wb452_spi.o(.ARM.exidx.text.SPI_GetCRCDat), (8 bytes).
    Removing n32wb452_spi.o(.text.SPI_GetCRCPoly), (12 bytes).
    Removing n32wb452_spi.o(.ARM.exidx.text.SPI_GetCRCPoly), (8 bytes).
    Removing n32wb452_spi.o(.text.SPI_ConfigBidirectionalMode), (48 bytes).
    Removing n32wb452_spi.o(.ARM.exidx.text.SPI_ConfigBidirectionalMode), (8 bytes).
    Removing n32wb452_spi.o(.text.SPI_I2S_GetStatus), (54 bytes).
    Removing n32wb452_spi.o(.ARM.exidx.text.SPI_I2S_GetStatus), (8 bytes).
    Removing n32wb452_spi.o(.text.SPI_I2S_ClrCRCErrFlag), (22 bytes).
    Removing n32wb452_spi.o(.ARM.exidx.text.SPI_I2S_ClrCRCErrFlag), (8 bytes).
    Removing n32wb452_spi.o(.text.SPI_I2S_GetIntStatus), (126 bytes).
    Removing n32wb452_spi.o(.ARM.exidx.text.SPI_I2S_GetIntStatus), (8 bytes).
    Removing n32wb452_spi.o(.text.SPI_I2S_ClrITPendingBit), (44 bytes).
    Removing n32wb452_spi.o(.ARM.exidx.text.SPI_I2S_ClrITPendingBit), (8 bytes).
    Removing n32wb452_tim.o(.text), (0 bytes).
    Removing n32wb452_tim.o(.text.TIM_DeInit), (310 bytes).
    Removing n32wb452_tim.o(.ARM.exidx.text.TIM_DeInit), (8 bytes).
    Removing n32wb452_tim.o(.text.TIM_InitTimeBase), (756 bytes).
    Removing n32wb452_tim.o(.ARM.exidx.text.TIM_InitTimeBase), (8 bytes).
    Removing n32wb452_tim.o(.text.TIM_InitOc1), (250 bytes).
    Removing n32wb452_tim.o(.ARM.exidx.text.TIM_InitOc1), (8 bytes).
    Removing n32wb452_tim.o(.text.TIM_InitOc2), (264 bytes).
    Removing n32wb452_tim.o(.ARM.exidx.text.TIM_InitOc2), (8 bytes).
    Removing n32wb452_tim.o(.text.TIM_InitOc3), (262 bytes).
    Removing n32wb452_tim.o(.ARM.exidx.text.TIM_InitOc3), (8 bytes).
    Removing n32wb452_tim.o(.text.TIM_InitOc4), (206 bytes).
    Removing n32wb452_tim.o(.ARM.exidx.text.TIM_InitOc4), (8 bytes).
    Removing n32wb452_tim.o(.text.TIM_InitOc5), (196 bytes).
    Removing n32wb452_tim.o(.ARM.exidx.text.TIM_InitOc5), (8 bytes).
    Removing n32wb452_tim.o(.text.TIM_InitOc6), (198 bytes).
    Removing n32wb452_tim.o(.ARM.exidx.text.TIM_InitOc6), (8 bytes).
    Removing n32wb452_tim.o(.text.TIM_ICInit), (242 bytes).
    Removing n32wb452_tim.o(.ARM.exidx.text.TIM_ICInit), (8 bytes).
    Removing n32wb452_tim.o(.text.ConfigTI1), (238 bytes).
    Removing n32wb452_tim.o(.ARM.exidx.text.ConfigTI1), (8 bytes).
    Removing n32wb452_tim.o(.text.TIM_SetInCap1Prescaler), (34 bytes).
    Removing n32wb452_tim.o(.ARM.exidx.text.TIM_SetInCap1Prescaler), (8 bytes).
    Removing n32wb452_tim.o(.text.ConfigTI2), (258 bytes).
    Removing n32wb452_tim.o(.ARM.exidx.text.ConfigTI2), (8 bytes).
    Removing n32wb452_tim.o(.text.TIM_SetInCap2Prescaler), (36 bytes).
    Removing n32wb452_tim.o(.ARM.exidx.text.TIM_SetInCap2Prescaler), (8 bytes).
    Removing n32wb452_tim.o(.text.ConfigTI3), (246 bytes).
    Removing n32wb452_tim.o(.ARM.exidx.text.ConfigTI3), (8 bytes).
    Removing n32wb452_tim.o(.text.TIM_SetInCap3Prescaler), (34 bytes).
    Removing n32wb452_tim.o(.ARM.exidx.text.TIM_SetInCap3Prescaler), (8 bytes).
    Removing n32wb452_tim.o(.text.ConfigTI4), (258 bytes).
    Removing n32wb452_tim.o(.ARM.exidx.text.ConfigTI4), (8 bytes).
    Removing n32wb452_tim.o(.text.TIM_SetInCap4Prescaler), (36 bytes).
    Removing n32wb452_tim.o(.ARM.exidx.text.TIM_SetInCap4Prescaler), (8 bytes).
    Removing n32wb452_tim.o(.text.TIM_ConfigPwmIc), (190 bytes).
    Removing n32wb452_tim.o(.ARM.exidx.text.TIM_ConfigPwmIc), (8 bytes).
    Removing n32wb452_tim.o(.text.TIM_ConfigBkdt), (146 bytes).
    Removing n32wb452_tim.o(.ARM.exidx.text.TIM_ConfigBkdt), (8 bytes).
    Removing n32wb452_tim.o(.text.TIM_InitTimBaseStruct), (58 bytes).
    Removing n32wb452_tim.o(.ARM.exidx.text.TIM_InitTimBaseStruct), (8 bytes).
    Removing n32wb452_tim.o(.text.TIM_InitOcStruct), (42 bytes).
    Removing n32wb452_tim.o(.ARM.exidx.text.TIM_InitOcStruct), (8 bytes).
    Removing n32wb452_tim.o(.text.TIM_InitIcStruct), (32 bytes).
    Removing n32wb452_tim.o(.ARM.exidx.text.TIM_InitIcStruct), (8 bytes).
    Removing n32wb452_tim.o(.text.TIM_InitBkdtStruct), (50 bytes).
    Removing n32wb452_tim.o(.ARM.exidx.text.TIM_InitBkdtStruct), (8 bytes).
    Removing n32wb452_tim.o(.text.TIM_Enable), (44 bytes).
    Removing n32wb452_tim.o(.ARM.exidx.text.TIM_Enable), (8 bytes).
    Removing n32wb452_tim.o(.text.TIM_EnableCtrlPwmOutputs), (52 bytes).
    Removing n32wb452_tim.o(.ARM.exidx.text.TIM_EnableCtrlPwmOutputs), (8 bytes).
    Removing n32wb452_tim.o(.text.TIM_ConfigInt), (52 bytes).
    Removing n32wb452_tim.o(.ARM.exidx.text.TIM_ConfigInt), (8 bytes).
    Removing n32wb452_tim.o(.text.TIM_GenerateEvent), (20 bytes).
    Removing n32wb452_tim.o(.ARM.exidx.text.TIM_GenerateEvent), (8 bytes).
    Removing n32wb452_tim.o(.text.TIM_ConfigDma), (32 bytes).
    Removing n32wb452_tim.o(.ARM.exidx.text.TIM_ConfigDma), (8 bytes).
    Removing n32wb452_tim.o(.text.TIM_EnableDma), (52 bytes).
    Removing n32wb452_tim.o(.ARM.exidx.text.TIM_EnableDma), (8 bytes).
    Removing n32wb452_tim.o(.text.TIM_ConfigInternalClk), (18 bytes).
    Removing n32wb452_tim.o(.ARM.exidx.text.TIM_ConfigInternalClk), (8 bytes).
    Removing n32wb452_tim.o(.text.TIM_ConfigInternalTrigToExt), (34 bytes).
    Removing n32wb452_tim.o(.ARM.exidx.text.TIM_ConfigInternalTrigToExt), (8 bytes).
    Removing n32wb452_tim.o(.text.TIM_SelectInputTrig), (60 bytes).
    Removing n32wb452_tim.o(.ARM.exidx.text.TIM_SelectInputTrig), (8 bytes).
    Removing n32wb452_tim.o(.text.TIM_ConfigExtTrigAsClk), (88 bytes).
    Removing n32wb452_tim.o(.ARM.exidx.text.TIM_ConfigExtTrigAsClk), (8 bytes).
    Removing n32wb452_tim.o(.text.TIM_ConfigExtClkMode1), (110 bytes).
    Removing n32wb452_tim.o(.ARM.exidx.text.TIM_ConfigExtClkMode1), (8 bytes).
    Removing n32wb452_tim.o(.text.TIM_ConfigExtTrig), (78 bytes).
    Removing n32wb452_tim.o(.ARM.exidx.text.TIM_ConfigExtTrig), (8 bytes).
    Removing n32wb452_tim.o(.text.TIM_ConfigExtClkMode2), (50 bytes).
    Removing n32wb452_tim.o(.ARM.exidx.text.TIM_ConfigExtClkMode2), (8 bytes).
    Removing n32wb452_tim.o(.text.TIM_ConfigPrescaler), (32 bytes).
    Removing n32wb452_tim.o(.ARM.exidx.text.TIM_ConfigPrescaler), (8 bytes).
    Removing n32wb452_tim.o(.text.TIM_ConfigCntMode), (46 bytes).
    Removing n32wb452_tim.o(.ARM.exidx.text.TIM_ConfigCntMode), (8 bytes).
    Removing n32wb452_tim.o(.text.TIM_ConfigEncoderInterface), (158 bytes).
    Removing n32wb452_tim.o(.ARM.exidx.text.TIM_ConfigEncoderInterface), (8 bytes).
    Removing n32wb452_tim.o(.text.TIM_ConfigForcedOc1), (60 bytes).
    Removing n32wb452_tim.o(.ARM.exidx.text.TIM_ConfigForcedOc1), (8 bytes).
    Removing n32wb452_tim.o(.text.TIM_ConfigForcedOc2), (62 bytes).
    Removing n32wb452_tim.o(.ARM.exidx.text.TIM_ConfigForcedOc2), (8 bytes).
    Removing n32wb452_tim.o(.text.TIM_ConfigForcedOc3), (60 bytes).
    Removing n32wb452_tim.o(.ARM.exidx.text.TIM_ConfigForcedOc3), (8 bytes).
    Removing n32wb452_tim.o(.text.TIM_ConfigForcedOc4), (62 bytes).
    Removing n32wb452_tim.o(.ARM.exidx.text.TIM_ConfigForcedOc4), (8 bytes).
    Removing n32wb452_tim.o(.text.TIM_ConfigForcedOc5), (64 bytes).
    Removing n32wb452_tim.o(.ARM.exidx.text.TIM_ConfigForcedOc5), (8 bytes).
    Removing n32wb452_tim.o(.text.TIM_ConfigForcedOc6), (66 bytes).
    Removing n32wb452_tim.o(.ARM.exidx.text.TIM_ConfigForcedOc6), (8 bytes).
    Removing n32wb452_tim.o(.text.TIM_ConfigArPreload), (44 bytes).
    Removing n32wb452_tim.o(.ARM.exidx.text.TIM_ConfigArPreload), (8 bytes).
    Removing n32wb452_tim.o(.text.TIM_SelectComEvt), (44 bytes).
    Removing n32wb452_tim.o(.ARM.exidx.text.TIM_SelectComEvt), (8 bytes).
    Removing n32wb452_tim.o(.text.TIM_SelectCapCmpDmaSrc), (44 bytes).
    Removing n32wb452_tim.o(.ARM.exidx.text.TIM_SelectCapCmpDmaSrc), (8 bytes).
    Removing n32wb452_tim.o(.text.TIM_EnableCapCmpPreloadControl), (44 bytes).
    Removing n32wb452_tim.o(.ARM.exidx.text.TIM_EnableCapCmpPreloadControl), (8 bytes).
    Removing n32wb452_tim.o(.text.TIM_ConfigOc1Preload), (60 bytes).
    Removing n32wb452_tim.o(.ARM.exidx.text.TIM_ConfigOc1Preload), (8 bytes).
    Removing n32wb452_tim.o(.text.TIM_ConfigOc2Preload), (62 bytes).
    Removing n32wb452_tim.o(.ARM.exidx.text.TIM_ConfigOc2Preload), (8 bytes).
    Removing n32wb452_tim.o(.text.TIM_ConfigOc3Preload), (60 bytes).
    Removing n32wb452_tim.o(.ARM.exidx.text.TIM_ConfigOc3Preload), (8 bytes).
    Removing n32wb452_tim.o(.text.TIM_ConfigOc4Preload), (62 bytes).
    Removing n32wb452_tim.o(.ARM.exidx.text.TIM_ConfigOc4Preload), (8 bytes).
    Removing n32wb452_tim.o(.text.TIM_ConfigOc5Preload), (64 bytes).
    Removing n32wb452_tim.o(.ARM.exidx.text.TIM_ConfigOc5Preload), (8 bytes).
    Removing n32wb452_tim.o(.text.TIM_ConfigOc6Preload), (66 bytes).
    Removing n32wb452_tim.o(.ARM.exidx.text.TIM_ConfigOc6Preload), (8 bytes).
    Removing n32wb452_tim.o(.text.TIM_ConfigOc1Fast), (60 bytes).
    Removing n32wb452_tim.o(.ARM.exidx.text.TIM_ConfigOc1Fast), (8 bytes).
    Removing n32wb452_tim.o(.text.TIM_ConfigOc2Fast), (62 bytes).
    Removing n32wb452_tim.o(.ARM.exidx.text.TIM_ConfigOc2Fast), (8 bytes).
    Removing n32wb452_tim.o(.text.TIM_ConfigOc3Fast), (60 bytes).
    Removing n32wb452_tim.o(.ARM.exidx.text.TIM_ConfigOc3Fast), (8 bytes).
    Removing n32wb452_tim.o(.text.TIM_ConfigOc4Fast), (62 bytes).
    Removing n32wb452_tim.o(.ARM.exidx.text.TIM_ConfigOc4Fast), (8 bytes).
    Removing n32wb452_tim.o(.text.TIM_ConfigOc5Fast), (64 bytes).
    Removing n32wb452_tim.o(.ARM.exidx.text.TIM_ConfigOc5Fast), (8 bytes).
    Removing n32wb452_tim.o(.text.TIM_ConfigOc6Fast), (66 bytes).
    Removing n32wb452_tim.o(.ARM.exidx.text.TIM_ConfigOc6Fast), (8 bytes).
    Removing n32wb452_tim.o(.text.TIM_ClrOc1Ref), (60 bytes).
    Removing n32wb452_tim.o(.ARM.exidx.text.TIM_ClrOc1Ref), (8 bytes).
    Removing n32wb452_tim.o(.text.TIM_ClrOc2Ref), (62 bytes).
    Removing n32wb452_tim.o(.ARM.exidx.text.TIM_ClrOc2Ref), (8 bytes).
    Removing n32wb452_tim.o(.text.TIM_ClrOc3Ref), (60 bytes).
    Removing n32wb452_tim.o(.ARM.exidx.text.TIM_ClrOc3Ref), (8 bytes).
    Removing n32wb452_tim.o(.text.TIM_ClrOc4Ref), (62 bytes).
    Removing n32wb452_tim.o(.ARM.exidx.text.TIM_ClrOc4Ref), (8 bytes).
    Removing n32wb452_tim.o(.text.TIM_ClrOc5Ref), (64 bytes).
    Removing n32wb452_tim.o(.ARM.exidx.text.TIM_ClrOc5Ref), (8 bytes).
    Removing n32wb452_tim.o(.text.TIM_ClrOc6Ref), (66 bytes).
    Removing n32wb452_tim.o(.ARM.exidx.text.TIM_ClrOc6Ref), (8 bytes).
    Removing n32wb452_tim.o(.text.TIM_ConfigOc1Polarity), (46 bytes).
    Removing n32wb452_tim.o(.ARM.exidx.text.TIM_ConfigOc1Polarity), (8 bytes).
    Removing n32wb452_tim.o(.text.TIM_ConfigOc1NPolarity), (46 bytes).
    Removing n32wb452_tim.o(.ARM.exidx.text.TIM_ConfigOc1NPolarity), (8 bytes).
    Removing n32wb452_tim.o(.text.TIM_ConfigOc2Polarity), (48 bytes).
    Removing n32wb452_tim.o(.ARM.exidx.text.TIM_ConfigOc2Polarity), (8 bytes).
    Removing n32wb452_tim.o(.text.TIM_ConfigOc2NPolarity), (48 bytes).
    Removing n32wb452_tim.o(.ARM.exidx.text.TIM_ConfigOc2NPolarity), (8 bytes).
    Removing n32wb452_tim.o(.text.TIM_ConfigOc3Polarity), (48 bytes).
    Removing n32wb452_tim.o(.ARM.exidx.text.TIM_ConfigOc3Polarity), (8 bytes).
    Removing n32wb452_tim.o(.text.TIM_ConfigOc3NPolarity), (48 bytes).
    Removing n32wb452_tim.o(.ARM.exidx.text.TIM_ConfigOc3NPolarity), (8 bytes).
    Removing n32wb452_tim.o(.text.TIM_ConfigOc4Polarity), (48 bytes).
    Removing n32wb452_tim.o(.ARM.exidx.text.TIM_ConfigOc4Polarity), (8 bytes).
    Removing n32wb452_tim.o(.text.TIM_ConfigOc5Polarity), (48 bytes).
    Removing n32wb452_tim.o(.ARM.exidx.text.TIM_ConfigOc5Polarity), (8 bytes).
    Removing n32wb452_tim.o(.text.TIM_ConfigOc6Polarity), (48 bytes).
    Removing n32wb452_tim.o(.ARM.exidx.text.TIM_ConfigOc6Polarity), (8 bytes).
    Removing n32wb452_tim.o(.text.TIM_EnableCapCmpCh), (62 bytes).
    Removing n32wb452_tim.o(.ARM.exidx.text.TIM_EnableCapCmpCh), (8 bytes).
    Removing n32wb452_tim.o(.text.TIM_EnableCapCmpChN), (62 bytes).
    Removing n32wb452_tim.o(.ARM.exidx.text.TIM_EnableCapCmpChN), (8 bytes).
    Removing n32wb452_tim.o(.text.TIM_SelectOcMode), (158 bytes).
    Removing n32wb452_tim.o(.ARM.exidx.text.TIM_SelectOcMode), (8 bytes).
    Removing n32wb452_tim.o(.text.TIM_EnableUpdateEvt), (44 bytes).
    Removing n32wb452_tim.o(.ARM.exidx.text.TIM_EnableUpdateEvt), (8 bytes).
    Removing n32wb452_tim.o(.text.TIM_ConfigUpdateEvt), (44 bytes).
    Removing n32wb452_tim.o(.ARM.exidx.text.TIM_ConfigUpdateEvt), (8 bytes).
    Removing n32wb452_tim.o(.text.TIM_ConfigUpdateRequestIntSrc), (44 bytes).
    Removing n32wb452_tim.o(.ARM.exidx.text.TIM_ConfigUpdateRequestIntSrc), (8 bytes).
    Removing n32wb452_tim.o(.text.TIM_SelectHallSensor), (44 bytes).
    Removing n32wb452_tim.o(.ARM.exidx.text.TIM_SelectHallSensor), (8 bytes).
    Removing n32wb452_tim.o(.text.TIM_SelectOnePulseMode), (34 bytes).
    Removing n32wb452_tim.o(.ARM.exidx.text.TIM_SelectOnePulseMode), (8 bytes).
    Removing n32wb452_tim.o(.text.TIM_SelectOutputTrig), (34 bytes).
    Removing n32wb452_tim.o(.ARM.exidx.text.TIM_SelectOutputTrig), (8 bytes).
    Removing n32wb452_tim.o(.text.TIM_SelectExtSignalSource), (34 bytes).
    Removing n32wb452_tim.o(.ARM.exidx.text.TIM_SelectExtSignalSource), (8 bytes).
    Removing n32wb452_tim.o(.text.TIM_SelectSlaveMode), (34 bytes).
    Removing n32wb452_tim.o(.ARM.exidx.text.TIM_SelectSlaveMode), (8 bytes).
    Removing n32wb452_tim.o(.text.TIM_SelectMasterSlaveMode), (34 bytes).
    Removing n32wb452_tim.o(.ARM.exidx.text.TIM_SelectMasterSlaveMode), (8 bytes).
    Removing n32wb452_tim.o(.text.TIM_SetCnt), (20 bytes).
    Removing n32wb452_tim.o(.ARM.exidx.text.TIM_SetCnt), (8 bytes).
    Removing n32wb452_tim.o(.text.TIM_SetAutoReload), (20 bytes).
    Removing n32wb452_tim.o(.ARM.exidx.text.TIM_SetAutoReload), (8 bytes).
    Removing n32wb452_tim.o(.text.TIM_SetCmp1), (20 bytes).
    Removing n32wb452_tim.o(.ARM.exidx.text.TIM_SetCmp1), (8 bytes).
    Removing n32wb452_tim.o(.text.TIM_SetCmp2), (20 bytes).
    Removing n32wb452_tim.o(.ARM.exidx.text.TIM_SetCmp2), (8 bytes).
    Removing n32wb452_tim.o(.text.TIM_SetCmp3), (20 bytes).
    Removing n32wb452_tim.o(.ARM.exidx.text.TIM_SetCmp3), (8 bytes).
    Removing n32wb452_tim.o(.text.TIM_SetCmp4), (22 bytes).
    Removing n32wb452_tim.o(.ARM.exidx.text.TIM_SetCmp4), (8 bytes).
    Removing n32wb452_tim.o(.text.TIM_SetCmp5), (22 bytes).
    Removing n32wb452_tim.o(.ARM.exidx.text.TIM_SetCmp5), (8 bytes).
    Removing n32wb452_tim.o(.text.TIM_SetCmp6), (22 bytes).
    Removing n32wb452_tim.o(.ARM.exidx.text.TIM_SetCmp6), (8 bytes).
    Removing n32wb452_tim.o(.text.TIM_SetClkDiv), (34 bytes).
    Removing n32wb452_tim.o(.ARM.exidx.text.TIM_SetClkDiv), (8 bytes).
    Removing n32wb452_tim.o(.text.TIM_GetCap1), (12 bytes).
    Removing n32wb452_tim.o(.ARM.exidx.text.TIM_GetCap1), (8 bytes).
    Removing n32wb452_tim.o(.text.TIM_GetCap2), (12 bytes).
    Removing n32wb452_tim.o(.ARM.exidx.text.TIM_GetCap2), (8 bytes).
    Removing n32wb452_tim.o(.text.TIM_GetCap3), (12 bytes).
    Removing n32wb452_tim.o(.ARM.exidx.text.TIM_GetCap3), (8 bytes).
    Removing n32wb452_tim.o(.text.TIM_GetCap4), (14 bytes).
    Removing n32wb452_tim.o(.ARM.exidx.text.TIM_GetCap4), (8 bytes).
    Removing n32wb452_tim.o(.text.TIM_GetCap5), (14 bytes).
    Removing n32wb452_tim.o(.ARM.exidx.text.TIM_GetCap5), (8 bytes).
    Removing n32wb452_tim.o(.text.TIM_GetCap6), (14 bytes).
    Removing n32wb452_tim.o(.ARM.exidx.text.TIM_GetCap6), (8 bytes).
    Removing n32wb452_tim.o(.text.TIM_GetCnt), (12 bytes).
    Removing n32wb452_tim.o(.ARM.exidx.text.TIM_GetCnt), (8 bytes).
    Removing n32wb452_tim.o(.text.TIM_GetPrescaler), (12 bytes).
    Removing n32wb452_tim.o(.ARM.exidx.text.TIM_GetPrescaler), (8 bytes).
    Removing n32wb452_tim.o(.text.TIM_GetAutoReload), (12 bytes).
    Removing n32wb452_tim.o(.ARM.exidx.text.TIM_GetAutoReload), (8 bytes).
    Removing n32wb452_tim.o(.text.TIM_GetCCENStatus), (172 bytes).
    Removing n32wb452_tim.o(.ARM.exidx.text.TIM_GetCCENStatus), (8 bytes).
    Removing n32wb452_tim.o(.text.TIM_GetFlagStatus), (48 bytes).
    Removing n32wb452_tim.o(.ARM.exidx.text.TIM_GetFlagStatus), (8 bytes).
    Removing n32wb452_tim.o(.text.TIM_ClearFlag), (18 bytes).
    Removing n32wb452_tim.o(.ARM.exidx.text.TIM_ClearFlag), (8 bytes).
    Removing n32wb452_tim.o(.text.TIM_GetIntStatus), (72 bytes).
    Removing n32wb452_tim.o(.ARM.exidx.text.TIM_GetIntStatus), (8 bytes).
    Removing n32wb452_tim.o(.text.TIM_ClrIntPendingBit), (18 bytes).
    Removing n32wb452_tim.o(.ARM.exidx.text.TIM_ClrIntPendingBit), (8 bytes).
    Removing n32wb452_tsc.o(.text), (0 bytes).
    Removing n32wb452_tsc.o(.text.TSC_Init), (196 bytes).
    Removing n32wb452_tsc.o(.ARM.exidx.text.TSC_Init), (8 bytes).
    Removing n32wb452_tsc.o(.text.TSC_ClockConfig), (190 bytes).
    Removing n32wb452_tsc.o(.ARM.exidx.text.TSC_ClockConfig), (8 bytes).
    Removing n32wb452_tsc.o(.text.TSC_ConfigInternalResistor), (232 bytes).
    Removing n32wb452_tsc.o(.ARM.exidx.text.TSC_ConfigInternalResistor), (8 bytes).
    Removing n32wb452_tsc.o(.text.TSC_ConfigThreshold), (218 bytes).
    Removing n32wb452_tsc.o(.ARM.exidx.text.TSC_ConfigThreshold), (8 bytes).
    Removing n32wb452_tsc.o(.text.TSC_GetChannelCfg), (202 bytes).
    Removing n32wb452_tsc.o(.ARM.exidx.text.TSC_GetChannelCfg), (8 bytes).
    Removing n32wb452_tsc.o(.text.TSC_GetStatus), (156 bytes).
    Removing n32wb452_tsc.o(.ARM.exidx.text.TSC_GetStatus), (8 bytes).
    Removing n32wb452_tsc.o(.text.TSC_Cmd), (176 bytes).
    Removing n32wb452_tsc.o(.ARM.exidx.text.TSC_Cmd), (8 bytes).
    Removing n32wb452_tsc.o(.text.TSC_SW_SwtichChn), (356 bytes).
    Removing n32wb452_tsc.o(.ARM.exidx.text.TSC_SW_SwtichChn), (8 bytes).
    Removing n32wb452_tsc.o(.text.TSC_SetAnaoCfg), (96 bytes).
    Removing n32wb452_tsc.o(.ARM.exidx.text.TSC_SetAnaoCfg), (8 bytes).
    Removing n32wb452_tsc.o(.text.TSC_SetChannelCfg), (118 bytes).
    Removing n32wb452_tsc.o(.ARM.exidx.text.TSC_SetChannelCfg), (8 bytes).
    Removing n32wb452_usart.o(.text), (0 bytes).
    Removing n32wb452_usart.o(.ARM.exidx.text.USART_DeInit), (8 bytes).
    Removing n32wb452_usart.o(.ARM.exidx.text.USART_Init), (8 bytes).
    Removing n32wb452_usart.o(.ARM.exidx.text.USART_StructInit), (8 bytes).
    Removing n32wb452_usart.o(.text.USART_ClockInit), (58 bytes).
    Removing n32wb452_usart.o(.ARM.exidx.text.USART_ClockInit), (8 bytes).
    Removing n32wb452_usart.o(.text.USART_ClockStructInit), (26 bytes).
    Removing n32wb452_usart.o(.ARM.exidx.text.USART_ClockStructInit), (8 bytes).
    Removing n32wb452_usart.o(.ARM.exidx.text.USART_Enable), (8 bytes).
    Removing n32wb452_usart.o(.ARM.exidx.text.USART_ConfigInt), (8 bytes).
    Removing n32wb452_usart.o(.text.USART_EnableDMA), (52 bytes).
    Removing n32wb452_usart.o(.ARM.exidx.text.USART_EnableDMA), (8 bytes).
    Removing n32wb452_usart.o(.text.USART_SetAddr), (34 bytes).
    Removing n32wb452_usart.o(.ARM.exidx.text.USART_SetAddr), (8 bytes).
    Removing n32wb452_usart.o(.text.USART_ConfigWakeUpMode), (34 bytes).
    Removing n32wb452_usart.o(.ARM.exidx.text.USART_ConfigWakeUpMode), (8 bytes).
    Removing n32wb452_usart.o(.text.USART_EnableRcvWakeUp), (44 bytes).
    Removing n32wb452_usart.o(.ARM.exidx.text.USART_EnableRcvWakeUp), (8 bytes).
    Removing n32wb452_usart.o(.text.USART_ConfigLINBreakDetectLength), (34 bytes).
    Removing n32wb452_usart.o(.ARM.exidx.text.USART_ConfigLINBreakDetectLength), (8 bytes).
    Removing n32wb452_usart.o(.text.USART_EnableLIN), (44 bytes).
    Removing n32wb452_usart.o(.ARM.exidx.text.USART_EnableLIN), (8 bytes).
    Removing n32wb452_usart.o(.ARM.exidx.text.USART_SendData), (8 bytes).
    Removing n32wb452_usart.o(.ARM.exidx.text.USART_ReceiveData), (8 bytes).
    Removing n32wb452_usart.o(.text.USART_SendBreak), (18 bytes).
    Removing n32wb452_usart.o(.ARM.exidx.text.USART_SendBreak), (8 bytes).
    Removing n32wb452_usart.o(.text.USART_SetGuardTime), (34 bytes).
    Removing n32wb452_usart.o(.ARM.exidx.text.USART_SetGuardTime), (8 bytes).
    Removing n32wb452_usart.o(.text.USART_SetPrescaler), (34 bytes).
    Removing n32wb452_usart.o(.ARM.exidx.text.USART_SetPrescaler), (8 bytes).
    Removing n32wb452_usart.o(.text.USART_EnableSmartCard), (44 bytes).
    Removing n32wb452_usart.o(.ARM.exidx.text.USART_EnableSmartCard), (8 bytes).
    Removing n32wb452_usart.o(.text.USART_SetSmartCardNACK), (44 bytes).
    Removing n32wb452_usart.o(.ARM.exidx.text.USART_SetSmartCardNACK), (8 bytes).
    Removing n32wb452_usart.o(.text.USART_EnableHalfDuplex), (44 bytes).
    Removing n32wb452_usart.o(.ARM.exidx.text.USART_EnableHalfDuplex), (8 bytes).
    Removing n32wb452_usart.o(.text.USART_ConfigIrDAMode), (34 bytes).
    Removing n32wb452_usart.o(.ARM.exidx.text.USART_ConfigIrDAMode), (8 bytes).
    Removing n32wb452_usart.o(.text.USART_EnableIrDA), (44 bytes).
    Removing n32wb452_usart.o(.ARM.exidx.text.USART_EnableIrDA), (8 bytes).
    Removing n32wb452_usart.o(.ARM.exidx.text.USART_GetFlagStatus), (8 bytes).
    Removing n32wb452_usart.o(.ARM.exidx.text.USART_ClrFlag), (8 bytes).
    Removing n32wb452_usart.o(.ARM.exidx.text.USART_GetIntStatus), (8 bytes).
    Removing n32wb452_usart.o(.text.USART_ClrIntPendingBit), (68 bytes).
    Removing n32wb452_usart.o(.ARM.exidx.text.USART_ClrIntPendingBit), (8 bytes).
    Removing n32wb452_wwdg.o(.text), (0 bytes).
    Removing n32wb452_wwdg.o(.text.WWDG_DeInit), (28 bytes).
    Removing n32wb452_wwdg.o(.ARM.exidx.text.WWDG_DeInit), (8 bytes).
    Removing n32wb452_wwdg.o(.text.WWDG_SetPrescalerDiv), (40 bytes).
    Removing n32wb452_wwdg.o(.ARM.exidx.text.WWDG_SetPrescalerDiv), (8 bytes).
    Removing n32wb452_wwdg.o(.text.WWDG_SetWValue), (48 bytes).
    Removing n32wb452_wwdg.o(.ARM.exidx.text.WWDG_SetWValue), (8 bytes).
    Removing n32wb452_wwdg.o(.text.WWDG_EnableInt), (14 bytes).
    Removing n32wb452_wwdg.o(.ARM.exidx.text.WWDG_EnableInt), (8 bytes).
    Removing n32wb452_wwdg.o(.text.WWDG_SetCnt), (28 bytes).
    Removing n32wb452_wwdg.o(.ARM.exidx.text.WWDG_SetCnt), (8 bytes).
    Removing n32wb452_wwdg.o(.text.WWDG_Enable), (28 bytes).
    Removing n32wb452_wwdg.o(.ARM.exidx.text.WWDG_Enable), (8 bytes).
    Removing n32wb452_wwdg.o(.text.WWDG_GetEWINTF), (14 bytes).
    Removing n32wb452_wwdg.o(.ARM.exidx.text.WWDG_GetEWINTF), (8 bytes).
    Removing n32wb452_wwdg.o(.text.WWDG_ClrEWINTF), (14 bytes).
    Removing n32wb452_wwdg.o(.ARM.exidx.text.WWDG_ClrEWINTF), (8 bytes).
    Removing system_n32wb452.o(.text), (0 bytes).
    Removing system_n32wb452.o(.ARM.exidx.text.SystemInit), (8 bytes).
    Removing system_n32wb452.o(.ARM.exidx.text.SetSysClock), (8 bytes).
    Removing system_n32wb452.o(.ARM.exidx.text.SetVDDDBKTrim), (8 bytes).
    Removing system_n32wb452.o(.text.SystemCoreClockUpdate), (322 bytes).
    Removing system_n32wb452.o(.ARM.exidx.text.SystemCoreClockUpdate), (8 bytes).
    Removing system_n32wb452.o(.rodata.AHBPrescTable), (16 bytes).
    Removing startup_n32wb452.o(HEAP), (2048 bytes).

1173 unused section(s) (total 52126 bytes) removed from the image.

==============================================================================

Image Symbol Table

    Local Symbols

    Symbol Name                              Value     Ov Type        Size  Object(Section)

    ../../Libraries/CMSIS/device/startup/startup_n32wb452.s 0x00000000   Number         0  startup_n32wb452.o ABSOLUTE
    ../clib/division.s                       0x00000000   Number         0  aeabi_sdiv.o ABSOLUTE
    ../clib/microlib/division.c              0x00000000   Number         0  uidiv.o ABSOLUTE
    ../clib/microlib/division.c              0x00000000   Number         0  uldiv.o ABSOLUTE
    ../clib/microlib/init/entry.s            0x00000000   Number         0  entry.o ABSOLUTE
    ../clib/microlib/init/entry.s            0x00000000   Number         0  entry2.o ABSOLUTE
    ../clib/microlib/init/entry.s            0x00000000   Number         0  entry5.o ABSOLUTE
    ../clib/microlib/init/entry.s            0x00000000   Number         0  entry7a.o ABSOLUTE
    ../clib/microlib/init/entry.s            0x00000000   Number         0  entry7b.o ABSOLUTE
    ../clib/microlib/init/entry.s            0x00000000   Number         0  entry8a.o ABSOLUTE
    ../clib/microlib/init/entry.s            0x00000000   Number         0  entry8b.o ABSOLUTE
    ../clib/microlib/init/entry.s            0x00000000   Number         0  entry9a.o ABSOLUTE
    ../clib/microlib/init/entry.s            0x00000000   Number         0  entry9b.o ABSOLUTE
    ../clib/microlib/init/entry.s            0x00000000   Number         0  entry10a.o ABSOLUTE
    ../clib/microlib/init/entry.s            0x00000000   Number         0  entry10b.o ABSOLUTE
    ../clib/microlib/init/entry.s            0x00000000   Number         0  entry11a.o ABSOLUTE
    ../clib/microlib/init/entry.s            0x00000000   Number         0  entry11b.o ABSOLUTE
    ../clib/microlib/longlong.c              0x00000000   Number         0  llshl.o ABSOLUTE
    ../clib/microlib/longlong.c              0x00000000   Number         0  llushr.o ABSOLUTE
    ../clib/microlib/longlong.c              0x00000000   Number         0  llsshr.o ABSOLUTE
    ../clib/microlib/printf/printf.c         0x00000000   Number         0  printfa.o ABSOLUTE
    ../clib/microlib/stdio/streams.c         0x00000000   Number         0  stdout.o ABSOLUTE
    ../clib/microlib/stubs.s                 0x00000000   Number         0  iusefp.o ABSOLUTE
    ../fplib/microlib/fpadd.c                0x00000000   Number         0  dadd.o ABSOLUTE
    ../fplib/microlib/fpdiv.c                0x00000000   Number         0  ddiv.o ABSOLUTE
    ../fplib/microlib/fpepilogue.c           0x00000000   Number         0  depilogue.o ABSOLUTE
    ../fplib/microlib/fpfix.c                0x00000000   Number         0  dfixul.o ABSOLUTE
    ../fplib/microlib/fpmul.c                0x00000000   Number         0  dmul.o ABSOLUTE
    bsp_gpio.c                               0x00000000   Number         0  bsp_gpio.o ABSOLUTE
    bsp_i2c.c                                0x00000000   Number         0  bsp_i2c.o ABSOLUTE
    bsp_uart.c                               0x00000000   Number         0  bsp_uart.o ABSOLUTE
    cdrcmple.s                               0x00000000   Number         0  cdrcmple.o ABSOLUTE
    dc.s                                     0x00000000   Number         0  dc.o ABSOLUTE
    handlers.s                               0x00000000   Number         0  handlers.o ABSOLUTE
    init.s                                   0x00000000   Number         0  init.o ABSOLUTE
    main.c                                   0x00000000   Number         0  main.o ABSOLUTE
    misc.c                                   0x00000000   Number         0  misc.o ABSOLUTE
    n32wb452_adc.c                           0x00000000   Number         0  n32wb452_adc.o ABSOLUTE
    n32wb452_bkp.c                           0x00000000   Number         0  n32wb452_bkp.o ABSOLUTE
    n32wb452_can.c                           0x00000000   Number         0  n32wb452_can.o ABSOLUTE
    n32wb452_crc.c                           0x00000000   Number         0  n32wb452_crc.o ABSOLUTE
    n32wb452_dac.c                           0x00000000   Number         0  n32wb452_dac.o ABSOLUTE
    n32wb452_dbg.c                           0x00000000   Number         0  n32wb452_dbg.o ABSOLUTE
    n32wb452_dma.c                           0x00000000   Number         0  n32wb452_dma.o ABSOLUTE
    n32wb452_dvp.c                           0x00000000   Number         0  n32wb452_dvp.o ABSOLUTE
    n32wb452_exti.c                          0x00000000   Number         0  n32wb452_exti.o ABSOLUTE
    n32wb452_flash.c                         0x00000000   Number         0  n32wb452_flash.o ABSOLUTE
    n32wb452_gpio.c                          0x00000000   Number         0  n32wb452_gpio.o ABSOLUTE
    n32wb452_i2c.c                           0x00000000   Number         0  n32wb452_i2c.o ABSOLUTE
    n32wb452_it.c                            0x00000000   Number         0  n32wb452_it.o ABSOLUTE
    n32wb452_iwdg.c                          0x00000000   Number         0  n32wb452_iwdg.o ABSOLUTE
    n32wb452_pwr.c                           0x00000000   Number         0  n32wb452_pwr.o ABSOLUTE
    n32wb452_rcc.c                           0x00000000   Number         0  n32wb452_rcc.o ABSOLUTE
    n32wb452_rtc.c                           0x00000000   Number         0  n32wb452_rtc.o ABSOLUTE
    n32wb452_sdio.c                          0x00000000   Number         0  n32wb452_sdio.o ABSOLUTE
    n32wb452_spi.c                           0x00000000   Number         0  n32wb452_spi.o ABSOLUTE
    n32wb452_tim.c                           0x00000000   Number         0  n32wb452_tim.o ABSOLUTE
    n32wb452_tsc.c                           0x00000000   Number         0  n32wb452_tsc.o ABSOLUTE
    n32wb452_usart.c                         0x00000000   Number         0  n32wb452_usart.o ABSOLUTE
    n32wb452_wwdg.c                          0x00000000   Number         0  n32wb452_wwdg.o ABSOLUTE
    system_n32wb452.c                        0x00000000   Number         0  system_n32wb452.o ABSOLUTE
    RESET                                    0x08000000   Section      408  startup_n32wb452.o(RESET)
    .ARM.Collect$$$$00000000                 0x08000198   Section        0  entry.o(.ARM.Collect$$$$00000000)
    .ARM.Collect$$$$00000001                 0x08000198   Section        4  entry2.o(.ARM.Collect$$$$00000001)
    .ARM.Collect$$$$00000004                 0x0800019c   Section        4  entry5.o(.ARM.Collect$$$$00000004)
    .ARM.Collect$$$$00000008                 0x080001a0   Section        0  entry7b.o(.ARM.Collect$$$$00000008)
    .ARM.Collect$$$$0000000A                 0x080001a0   Section        0  entry8b.o(.ARM.Collect$$$$0000000A)
    .ARM.Collect$$$$0000000B                 0x080001a0   Section        8  entry9a.o(.ARM.Collect$$$$0000000B)
    __lit__00000000                          0x080001a8   Data           4  entry2.o(.ARM.Collect$$$$00002712)
    .ARM.Collect$$$$0000000D                 0x080001a8   Section        0  entry10a.o(.ARM.Collect$$$$0000000D)
    .ARM.Collect$$$$0000000F                 0x080001a8   Section        0  entry11a.o(.ARM.Collect$$$$0000000F)
    .ARM.Collect$$$$00002712                 0x080001a8   Section        4  entry2.o(.ARM.Collect$$$$00002712)
    $v0                                      0x080001ac   Number         0  startup_n32wb452.o(.text)
    .text                                    0x080001ac   Section       36  startup_n32wb452.o(.text)
    RESERVE47_IRQHandler                     0x080001c7   Thumb Code     0  startup_n32wb452.o(.text)
    RESERVE48_IRQHandler                     0x080001c7   Thumb Code     0  startup_n32wb452.o(.text)
    RESERVE61_IRQHandler                     0x080001c7   Thumb Code     0  startup_n32wb452.o(.text)
    RESERVE62_IRQHandler                     0x080001c7   Thumb Code     0  startup_n32wb452.o(.text)
    RESERVE67_IRQHandler                     0x080001c7   Thumb Code     0  startup_n32wb452.o(.text)
    RESERVE82_IRQHandler                     0x080001c7   Thumb Code     0  startup_n32wb452.o(.text)
    RESERVE83_IRQHandler                     0x080001c7   Thumb Code     0  startup_n32wb452.o(.text)
    RESERVE84_IRQHandler                     0x080001c7   Thumb Code     0  startup_n32wb452.o(.text)
    .text                                    0x080001d0   Section        0  uidiv.o(.text)
    .text                                    0x080001fc   Section        0  uldiv.o(.text)
    .text                                    0x0800025e   Section        0  iusefp.o(.text)
    .text                                    0x0800025e   Section        0  dadd.o(.text)
    .text                                    0x080003ac   Section        0  dmul.o(.text)
    .text                                    0x08000490   Section        0  ddiv.o(.text)
    .text                                    0x0800056e   Section        0  dfixul.o(.text)
    .text                                    0x080005a0   Section       48  cdrcmple.o(.text)
    .text                                    0x080005d0   Section       36  init.o(.text)
    .text                                    0x080005f4   Section        0  llshl.o(.text)
    .text                                    0x08000612   Section        0  llushr.o(.text)
    .text                                    0x08000632   Section        0  llsshr.o(.text)
    .text                                    0x08000656   Section        0  depilogue.o(.text)
    [Anonymous Symbol]                       0x08000710   Section        0  bsp_gpio.o(.text.BSP_GPIO_Init)
    [Anonymous Symbol]                       0x080007dc   Section        0  bsp_gpio.o(.text.BSP_GPIO_TogglePin)
    [Anonymous Symbol]                       0x0800080c   Section        0  bsp_gpio.o(.text.BSP_GPIO_WritePin)
    [Anonymous Symbol]                       0x0800082c   Section        0  bsp_uart.o(.text.BSP_UART_Init)
    [Anonymous Symbol]                       0x080008b8   Section        0  bsp_uart.o(.text.BSP_Uart_Transmit)
    [Anonymous Symbol]                       0x0800098c   Section        0  bsp_uart.o(.text.BSP_Uart_Transmit_IT)
    [Anonymous Symbol]                       0x08000a18   Section        0  n32wb452_it.o(.text.BusFault_Handler)
    [Anonymous Symbol]                       0x08000a1c   Section        0  n32wb452_it.o(.text.DebugMon_Handler)
    [Anonymous Symbol]                       0x08000a20   Section        0  main.o(.text.Delay)
    [Anonymous Symbol]                       0x08000a3c   Section        0  n32wb452_gpio.o(.text.GPIO_ConfigPinRemap)
    [Anonymous Symbol]                       0x08000e18   Section        0  n32wb452_gpio.o(.text.GPIO_InitPeripheral)
    [Anonymous Symbol]                       0x08000fa0   Section        0  n32wb452_gpio.o(.text.GPIO_InitStruct)
    [Anonymous Symbol]                       0x08000fbc   Section        0  n32wb452_gpio.o(.text.GPIO_ReadOutputDataBit)
    [Anonymous Symbol]                       0x08000ff0   Section        0  n32wb452_gpio.o(.text.GPIO_ResetBits)
    [Anonymous Symbol]                       0x08001004   Section        0  n32wb452_gpio.o(.text.GPIO_WriteBit)
    [Anonymous Symbol]                       0x08001030   Section        0  n32wb452_it.o(.text.HardFault_Handler)
    [Anonymous Symbol]                       0x08001034   Section        0  n32wb452_it.o(.text.MemManage_Handler)
    [Anonymous Symbol]                       0x08001038   Section        0  n32wb452_it.o(.text.NMI_Handler)
    [Anonymous Symbol]                       0x0800103c   Section        0  misc.o(.text.NVIC_Init)
    [Anonymous Symbol]                       0x080010e8   Section        0  misc.o(.text.NVIC_PriorityGroupConfig)
    [Anonymous Symbol]                       0x08001104   Section        0  n32wb452_rcc.o(.text.RCC_ConfigSysclk)
    [Anonymous Symbol]                       0x08001130   Section        0  n32wb452_rcc.o(.text.RCC_EnableAPB1PeriphClk)
    [Anonymous Symbol]                       0x08001168   Section        0  n32wb452_rcc.o(.text.RCC_EnableAPB1PeriphReset)
    [Anonymous Symbol]                       0x080011a0   Section        0  n32wb452_rcc.o(.text.RCC_EnableAPB2PeriphClk)
    [Anonymous Symbol]                       0x080011d8   Section        0  n32wb452_rcc.o(.text.RCC_EnableAPB2PeriphReset)
    [Anonymous Symbol]                       0x08001210   Section        0  n32wb452_rcc.o(.text.RCC_GetClocksFreqValue)
    [Anonymous Symbol]                       0x080013d4   Section        0  n32wb452_rcc.o(.text.RCC_GetSysclkSrc)
    [Anonymous Symbol]                       0x080013e4   Section        0  n32wb452_it.o(.text.SVC_Handler)
    SetSysClock                              0x080013e9   Thumb Code   366  system_n32wb452.o(.text.SetSysClock)
    [Anonymous Symbol]                       0x080013e8   Section        0  system_n32wb452.o(.text.SetSysClock)
    SetVDDDBKTrim                            0x08001559   Thumb Code   152  system_n32wb452.o(.text.SetVDDDBKTrim)
    [Anonymous Symbol]                       0x08001558   Section        0  system_n32wb452.o(.text.SetVDDDBKTrim)
    [Anonymous Symbol]                       0x080015f0   Section        0  n32wb452_it.o(.text.SysTick_Handler)
    [Anonymous Symbol]                       0x080015f4   Section        0  system_n32wb452.o(.text.SystemInit)
    [Anonymous Symbol]                       0x0800171c   Section        0  bsp_uart.o(.text.USART2_IRQHandler)
    [Anonymous Symbol]                       0x080018a4   Section        0  bsp_uart.o(.text.USART3_IRQHandler)
    [Anonymous Symbol]                       0x08001a2c   Section        0  n32wb452_usart.o(.text.USART_ClrFlag)
    [Anonymous Symbol]                       0x08001a50   Section        0  n32wb452_usart.o(.text.USART_ConfigInt)
    [Anonymous Symbol]                       0x08001ae4   Section        0  n32wb452_usart.o(.text.USART_DeInit)
    [Anonymous Symbol]                       0x08001c04   Section        0  n32wb452_usart.o(.text.USART_Enable)
    [Anonymous Symbol]                       0x08001c30   Section        0  n32wb452_usart.o(.text.USART_GetFlagStatus)
    [Anonymous Symbol]                       0x08001c74   Section        0  n32wb452_usart.o(.text.USART_GetIntStatus)
    [Anonymous Symbol]                       0x08001d24   Section        0  n32wb452_usart.o(.text.USART_Init)
    [Anonymous Symbol]                       0x08001e74   Section        0  n32wb452_usart.o(.text.USART_ReceiveData)
    [Anonymous Symbol]                       0x08001e84   Section        0  n32wb452_usart.o(.text.USART_SendData)
    [Anonymous Symbol]                       0x08001e9c   Section        0  n32wb452_usart.o(.text.USART_StructInit)
    [Anonymous Symbol]                       0x08001ec4   Section        0  n32wb452_it.o(.text.UsageFault_Handler)
    bsp_uart_InterruptInit                   0x08001ec9   Thumb Code   496  bsp_uart.o(.text.bsp_uart_InterruptInit)
    [Anonymous Symbol]                       0x08001ec8   Section        0  bsp_uart.o(.text.bsp_uart_InterruptInit)
    bsp_uart_error                           0x080020b9   Thumb Code   210  bsp_uart.o(.text.bsp_uart_error)
    [Anonymous Symbol]                       0x080020b8   Section        0  bsp_uart.o(.text.bsp_uart_error)
    bsp_uart_polingInit                      0x0800218d   Thumb Code   384  bsp_uart.o(.text.bsp_uart_polingInit)
    [Anonymous Symbol]                       0x0800218c   Section        0  bsp_uart.o(.text.bsp_uart_polingInit)
    [Anonymous Symbol]                       0x0800230c   Section        0  bsp_uart.o(.text.fputc)
    get_uart_state                           0x0800233d   Thumb Code   110  bsp_uart.o(.text.get_uart_state)
    [Anonymous Symbol]                       0x0800233c   Section        0  bsp_uart.o(.text.get_uart_state)
    [Anonymous Symbol]                       0x080023ac   Section        0  main.o(.text.main)
    i.__0printf                              0x080024c0   Section        0  printfa.o(i.__0printf)
    i.__scatterload_copy                     0x080024e0   Section       14  handlers.o(i.__scatterload_copy)
    i.__scatterload_null                     0x080024ee   Section        2  handlers.o(i.__scatterload_null)
    i.__scatterload_zeroinit                 0x080024f0   Section       14  handlers.o(i.__scatterload_zeroinit)
    _fp_digits                               0x08002501   Thumb Code   366  printfa.o(i._fp_digits)
    i._fp_digits                             0x08002500   Section        0  printfa.o(i._fp_digits)
    _printf_core                             0x08002685   Thumb Code  1744  printfa.o(i._printf_core)
    i._printf_core                           0x08002684   Section        0  printfa.o(i._printf_core)
    _printf_post_padding                     0x08002d61   Thumb Code    36  printfa.o(i._printf_post_padding)
    i._printf_post_padding                   0x08002d60   Section        0  printfa.o(i._printf_post_padding)
    _printf_pre_padding                      0x08002d85   Thumb Code    46  printfa.o(i._printf_pre_padding)
    i._printf_pre_padding                    0x08002d84   Section        0  printfa.o(i._printf_pre_padding)
    s_AdcHclkPresTable                       0x08002db2   Data          16  n32wb452_rcc.o(.rodata.s_AdcHclkPresTable)
    [Anonymous Symbol]                       0x08002db2   Section        0  n32wb452_rcc.o(.rodata.s_AdcHclkPresTable)
    s_AdcPllClkPresTable                     0x08002dc2   Data          32  n32wb452_rcc.o(.rodata.s_AdcPllClkPresTable)
    [Anonymous Symbol]                       0x08002dc2   Section        0  n32wb452_rcc.o(.rodata.s_AdcPllClkPresTable)
    s_ApbAhbPresTable                        0x08002de2   Data          16  n32wb452_rcc.o(.rodata.s_ApbAhbPresTable)
    [Anonymous Symbol]                       0x08002de2   Section        0  n32wb452_rcc.o(.rodata.s_ApbAhbPresTable)
    .L.str                                   0x08002df2   Data          12  main.o(.rodata.str1.1)
    [Anonymous Symbol]                       0x08002df2   Section        0  main.o(.rodata.str1.1)
    .data                                    0x20000000   Section        4  stdout.o(.data)
    UARTTimeout                              0x20000020   Data           4  bsp_uart.o(.bss.UARTTimeout)
    [Anonymous Symbol]                       0x20000020   Section        0  bsp_uart.o(.bss.UARTTimeout)
    uart_states                              0x20000040   Data          72  bsp_uart.o(.bss.uart_states)
    [Anonymous Symbol]                       0x20000040   Section        0  bsp_uart.o(.bss.uart_states)
    STACK                                    0x20000088   Section     5120  startup_n32wb452.o(STACK)

    Global Symbols

    Symbol Name                              Value     Ov Type        Size  Object(Section)

    BuildAttributes$$THM_ISAv4$E$P$D$K$B$S$7EM$VFPi3$EXTD16$VFPS$VFMA$PE$A:L22UL41UL21$X:L11$S22US41US21$IEEE1$IW$~IW$USESV6$~STKCKD$USESV7$~SHL$OSPACE$ROPI$EBA8$MICROLIB$REQ8$PRES8$EABIv2 0x00000000   Number         0  anon$$obj.o ABSOLUTE
    __cpp_initialize__aeabi_                  - Undefined Weak Reference
    __cxa_finalize                            - Undefined Weak Reference
    __decompress                              - Undefined Weak Reference
    _clock_init                               - Undefined Weak Reference
    _microlib_exit                            - Undefined Weak Reference
    __Vectors_Size                           0x00000198   Number         0  startup_n32wb452.o ABSOLUTE
    __Vectors                                0x08000000   Data           4  startup_n32wb452.o(RESET)
    __Vectors_End                            0x08000198   Data           0  startup_n32wb452.o(RESET)
    __main                                   0x08000199   Thumb Code     0  entry.o(.ARM.Collect$$$$00000000)
    _main_stk                                0x08000199   Thumb Code     0  entry2.o(.ARM.Collect$$$$00000001)
    _main_scatterload                        0x0800019d   Thumb Code     0  entry5.o(.ARM.Collect$$$$00000004)
    __main_after_scatterload                 0x080001a1   Thumb Code     0  entry5.o(.ARM.Collect$$$$00000004)
    _main_clock                              0x080001a1   Thumb Code     0  entry7b.o(.ARM.Collect$$$$00000008)
    _main_cpp_init                           0x080001a1   Thumb Code     0  entry8b.o(.ARM.Collect$$$$0000000A)
    _main_init                               0x080001a1   Thumb Code     0  entry9a.o(.ARM.Collect$$$$0000000B)
    __rt_final_cpp                           0x080001a9   Thumb Code     0  entry10a.o(.ARM.Collect$$$$0000000D)
    __rt_final_exit                          0x080001a9   Thumb Code     0  entry11a.o(.ARM.Collect$$$$0000000F)
    Reset_Handler                            0x080001ad   Thumb Code     8  startup_n32wb452.o(.text)
    PendSV_Handler                           0x080001c3   Thumb Code     2  startup_n32wb452.o(.text)
    ADC1_2_IRQHandler                        0x080001c7   Thumb Code     0  startup_n32wb452.o(.text)
    CAN1_RX1_IRQHandler                      0x080001c7   Thumb Code     0  startup_n32wb452.o(.text)
    CAN1_SCE_IRQHandler                      0x080001c7   Thumb Code     0  startup_n32wb452.o(.text)
    CAN2_RX0_IRQHandler                      0x080001c7   Thumb Code     0  startup_n32wb452.o(.text)
    CAN2_RX1_IRQHandler                      0x080001c7   Thumb Code     0  startup_n32wb452.o(.text)
    CAN2_SCE_IRQHandler                      0x080001c7   Thumb Code     0  startup_n32wb452.o(.text)
    CAN2_TX_IRQHandler                       0x080001c7   Thumb Code     0  startup_n32wb452.o(.text)
    DMA1_Channel1_IRQHandler                 0x080001c7   Thumb Code     0  startup_n32wb452.o(.text)
    DMA1_Channel2_IRQHandler                 0x080001c7   Thumb Code     0  startup_n32wb452.o(.text)
    DMA1_Channel3_IRQHandler                 0x080001c7   Thumb Code     0  startup_n32wb452.o(.text)
    DMA1_Channel4_IRQHandler                 0x080001c7   Thumb Code     0  startup_n32wb452.o(.text)
    DMA1_Channel5_IRQHandler                 0x080001c7   Thumb Code     0  startup_n32wb452.o(.text)
    DMA1_Channel6_IRQHandler                 0x080001c7   Thumb Code     0  startup_n32wb452.o(.text)
    DMA1_Channel7_IRQHandler                 0x080001c7   Thumb Code     0  startup_n32wb452.o(.text)
    DMA1_Channel8_IRQHandler                 0x080001c7   Thumb Code     0  startup_n32wb452.o(.text)
    DMA2_Channel1_IRQHandler                 0x080001c7   Thumb Code     0  startup_n32wb452.o(.text)
    DMA2_Channel2_IRQHandler                 0x080001c7   Thumb Code     0  startup_n32wb452.o(.text)
    DMA2_Channel3_IRQHandler                 0x080001c7   Thumb Code     0  startup_n32wb452.o(.text)
    DMA2_Channel4_IRQHandler                 0x080001c7   Thumb Code     0  startup_n32wb452.o(.text)
    DMA2_Channel5_IRQHandler                 0x080001c7   Thumb Code     0  startup_n32wb452.o(.text)
    DMA2_Channel6_IRQHandler                 0x080001c7   Thumb Code     0  startup_n32wb452.o(.text)
    DMA2_Channel7_IRQHandler                 0x080001c7   Thumb Code     0  startup_n32wb452.o(.text)
    DMA2_Channel8_IRQHandler                 0x080001c7   Thumb Code     0  startup_n32wb452.o(.text)
    DVP_IRQHandler                           0x080001c7   Thumb Code     0  startup_n32wb452.o(.text)
    EXTI0_IRQHandler                         0x080001c7   Thumb Code     0  startup_n32wb452.o(.text)
    EXTI15_10_IRQHandler                     0x080001c7   Thumb Code     0  startup_n32wb452.o(.text)
    EXTI1_IRQHandler                         0x080001c7   Thumb Code     0  startup_n32wb452.o(.text)
    EXTI2_IRQHandler                         0x080001c7   Thumb Code     0  startup_n32wb452.o(.text)
    EXTI3_IRQHandler                         0x080001c7   Thumb Code     0  startup_n32wb452.o(.text)
    EXTI4_IRQHandler                         0x080001c7   Thumb Code     0  startup_n32wb452.o(.text)
    EXTI9_5_IRQHandler                       0x080001c7   Thumb Code     0  startup_n32wb452.o(.text)
    FLASH_IRQHandler                         0x080001c7   Thumb Code     0  startup_n32wb452.o(.text)
    I2C1_ER_IRQHandler                       0x080001c7   Thumb Code     0  startup_n32wb452.o(.text)
    I2C1_EV_IRQHandler                       0x080001c7   Thumb Code     0  startup_n32wb452.o(.text)
    I2C2_ER_IRQHandler                       0x080001c7   Thumb Code     0  startup_n32wb452.o(.text)
    I2C2_EV_IRQHandler                       0x080001c7   Thumb Code     0  startup_n32wb452.o(.text)
    I2C3_ER_IRQHandler                       0x080001c7   Thumb Code     0  startup_n32wb452.o(.text)
    I2C3_EV_IRQHandler                       0x080001c7   Thumb Code     0  startup_n32wb452.o(.text)
    I2C4_ER_IRQHandler                       0x080001c7   Thumb Code     0  startup_n32wb452.o(.text)
    I2C4_EV_IRQHandler                       0x080001c7   Thumb Code     0  startup_n32wb452.o(.text)
    MMU_IRQHandler                           0x080001c7   Thumb Code     0  startup_n32wb452.o(.text)
    PVD_IRQHandler                           0x080001c7   Thumb Code     0  startup_n32wb452.o(.text)
    RCC_IRQHandler                           0x080001c7   Thumb Code     0  startup_n32wb452.o(.text)
    RSRAM_IRQHandler                         0x080001c7   Thumb Code     0  startup_n32wb452.o(.text)
    RTCAlarm_IRQHandler                      0x080001c7   Thumb Code     0  startup_n32wb452.o(.text)
    RTC_WKUP_IRQHandler                      0x080001c7   Thumb Code     0  startup_n32wb452.o(.text)
    SAC_IRQHandler                           0x080001c7   Thumb Code     0  startup_n32wb452.o(.text)
    SDIO_IRQHandler                          0x080001c7   Thumb Code     0  startup_n32wb452.o(.text)
    SPI1_IRQHandler                          0x080001c7   Thumb Code     0  startup_n32wb452.o(.text)
    SPI2_IRQHandler                          0x080001c7   Thumb Code     0  startup_n32wb452.o(.text)
    SPI3_IRQHandler                          0x080001c7   Thumb Code     0  startup_n32wb452.o(.text)
    TAMPER_IRQHandler                        0x080001c7   Thumb Code     0  startup_n32wb452.o(.text)
    TIM1_BRK_IRQHandler                      0x080001c7   Thumb Code     0  startup_n32wb452.o(.text)
    TIM1_CC_IRQHandler                       0x080001c7   Thumb Code     0  startup_n32wb452.o(.text)
    TIM1_TRG_COM_IRQHandler                  0x080001c7   Thumb Code     0  startup_n32wb452.o(.text)
    TIM1_UP_IRQHandler                       0x080001c7   Thumb Code     0  startup_n32wb452.o(.text)
    TIM2_IRQHandler                          0x080001c7   Thumb Code     0  startup_n32wb452.o(.text)
    TIM3_IRQHandler                          0x080001c7   Thumb Code     0  startup_n32wb452.o(.text)
    TIM4_IRQHandler                          0x080001c7   Thumb Code     0  startup_n32wb452.o(.text)
    TIM5_IRQHandler                          0x080001c7   Thumb Code     0  startup_n32wb452.o(.text)
    TIM6_IRQHandler                          0x080001c7   Thumb Code     0  startup_n32wb452.o(.text)
    TIM7_IRQHandler                          0x080001c7   Thumb Code     0  startup_n32wb452.o(.text)
    TIM8_BRK_IRQHandler                      0x080001c7   Thumb Code     0  startup_n32wb452.o(.text)
    TIM8_CC_IRQHandler                       0x080001c7   Thumb Code     0  startup_n32wb452.o(.text)
    TIM8_TRG_COM_IRQHandler                  0x080001c7   Thumb Code     0  startup_n32wb452.o(.text)
    TIM8_UP_IRQHandler                       0x080001c7   Thumb Code     0  startup_n32wb452.o(.text)
    TSC_IRQHandler                           0x080001c7   Thumb Code     0  startup_n32wb452.o(.text)
    UART4_IRQHandler                         0x080001c7   Thumb Code     0  startup_n32wb452.o(.text)
    UART5_IRQHandler                         0x080001c7   Thumb Code     0  startup_n32wb452.o(.text)
    UART6_IRQHandler                         0x080001c7   Thumb Code     0  startup_n32wb452.o(.text)
    UART7_IRQHandler                         0x080001c7   Thumb Code     0  startup_n32wb452.o(.text)
    USART1_IRQHandler                        0x080001c7   Thumb Code     0  startup_n32wb452.o(.text)
    USBWakeUp_IRQHandler                     0x080001c7   Thumb Code     0  startup_n32wb452.o(.text)
    USB_HP_CAN1_TX_IRQHandler                0x080001c7   Thumb Code     0  startup_n32wb452.o(.text)
    USB_LP_CAN1_RX0_IRQHandler               0x080001c7   Thumb Code     0  startup_n32wb452.o(.text)
    WWDG_IRQHandler                          0x080001c7   Thumb Code     0  startup_n32wb452.o(.text)
    __aeabi_uidiv                            0x080001d1   Thumb Code     0  uidiv.o(.text)
    __aeabi_uidivmod                         0x080001d1   Thumb Code    44  uidiv.o(.text)
    __aeabi_uldivmod                         0x080001fd   Thumb Code    98  uldiv.o(.text)
    __I$use$fp                               0x0800025f   Thumb Code     0  iusefp.o(.text)
    __aeabi_dadd                             0x0800025f   Thumb Code   322  dadd.o(.text)
    __aeabi_dsub                             0x080003a1   Thumb Code     6  dadd.o(.text)
    __aeabi_drsub                            0x080003a7   Thumb Code     6  dadd.o(.text)
    __aeabi_dmul                             0x080003ad   Thumb Code   228  dmul.o(.text)
    __aeabi_ddiv                             0x08000491   Thumb Code   222  ddiv.o(.text)
    __aeabi_d2ulz                            0x0800056f   Thumb Code    48  dfixul.o(.text)
    __aeabi_cdrcmple                         0x080005a1   Thumb Code    48  cdrcmple.o(.text)
    __scatterload                            0x080005d1   Thumb Code    28  init.o(.text)
    __scatterload_rt2                        0x080005d1   Thumb Code     0  init.o(.text)
    __aeabi_llsl                             0x080005f5   Thumb Code    30  llshl.o(.text)
    _ll_shift_l                              0x080005f5   Thumb Code     0  llshl.o(.text)
    __aeabi_llsr                             0x08000613   Thumb Code    32  llushr.o(.text)
    _ll_ushift_r                             0x08000613   Thumb Code     0  llushr.o(.text)
    __aeabi_lasr                             0x08000633   Thumb Code    36  llsshr.o(.text)
    _ll_sshift_r                             0x08000633   Thumb Code     0  llsshr.o(.text)
    _double_round                            0x08000657   Thumb Code    30  depilogue.o(.text)
    _double_epilogue                         0x08000675   Thumb Code   156  depilogue.o(.text)
    BSP_GPIO_Init                            0x08000711   Thumb Code   202  bsp_gpio.o(.text.BSP_GPIO_Init)
    BSP_GPIO_TogglePin                       0x080007dd   Thumb Code    48  bsp_gpio.o(.text.BSP_GPIO_TogglePin)
    BSP_GPIO_WritePin                        0x0800080d   Thumb Code    32  bsp_gpio.o(.text.BSP_GPIO_WritePin)
    BSP_UART_Init                            0x0800082d   Thumb Code   140  bsp_uart.o(.text.BSP_UART_Init)
    BSP_Uart_Transmit                        0x080008b9   Thumb Code   210  bsp_uart.o(.text.BSP_Uart_Transmit)
    BSP_Uart_Transmit_IT                     0x0800098d   Thumb Code   140  bsp_uart.o(.text.BSP_Uart_Transmit_IT)
    BusFault_Handler                         0x08000a19   Thumb Code     4  n32wb452_it.o(.text.BusFault_Handler)
    DebugMon_Handler                         0x08000a1d   Thumb Code     2  n32wb452_it.o(.text.DebugMon_Handler)
    Delay                                    0x08000a21   Thumb Code    26  main.o(.text.Delay)
    GPIO_ConfigPinRemap                      0x08000a3d   Thumb Code   986  n32wb452_gpio.o(.text.GPIO_ConfigPinRemap)
    GPIO_InitPeripheral                      0x08000e19   Thumb Code   390  n32wb452_gpio.o(.text.GPIO_InitPeripheral)
    GPIO_InitStruct                          0x08000fa1   Thumb Code    28  n32wb452_gpio.o(.text.GPIO_InitStruct)
    GPIO_ReadOutputDataBit                   0x08000fbd   Thumb Code    52  n32wb452_gpio.o(.text.GPIO_ReadOutputDataBit)
    GPIO_ResetBits                           0x08000ff1   Thumb Code    20  n32wb452_gpio.o(.text.GPIO_ResetBits)
    GPIO_WriteBit                            0x08001005   Thumb Code    44  n32wb452_gpio.o(.text.GPIO_WriteBit)
    HardFault_Handler                        0x08001031   Thumb Code     4  n32wb452_it.o(.text.HardFault_Handler)
    MemManage_Handler                        0x08001035   Thumb Code     4  n32wb452_it.o(.text.MemManage_Handler)
    NMI_Handler                              0x08001039   Thumb Code     2  n32wb452_it.o(.text.NMI_Handler)
    NVIC_Init                                0x0800103d   Thumb Code   170  misc.o(.text.NVIC_Init)
    NVIC_PriorityGroupConfig                 0x080010e9   Thumb Code    28  misc.o(.text.NVIC_PriorityGroupConfig)
    RCC_ConfigSysclk                         0x08001105   Thumb Code    44  n32wb452_rcc.o(.text.RCC_ConfigSysclk)
    RCC_EnableAPB1PeriphClk                  0x08001131   Thumb Code    56  n32wb452_rcc.o(.text.RCC_EnableAPB1PeriphClk)
    RCC_EnableAPB1PeriphReset                0x08001169   Thumb Code    56  n32wb452_rcc.o(.text.RCC_EnableAPB1PeriphReset)
    RCC_EnableAPB2PeriphClk                  0x080011a1   Thumb Code    56  n32wb452_rcc.o(.text.RCC_EnableAPB2PeriphClk)
    RCC_EnableAPB2PeriphReset                0x080011d9   Thumb Code    56  n32wb452_rcc.o(.text.RCC_EnableAPB2PeriphReset)
    RCC_GetClocksFreqValue                   0x08001211   Thumb Code   452  n32wb452_rcc.o(.text.RCC_GetClocksFreqValue)
    RCC_GetSysclkSrc                         0x080013d5   Thumb Code    16  n32wb452_rcc.o(.text.RCC_GetSysclkSrc)
    SVC_Handler                              0x080013e5   Thumb Code     2  n32wb452_it.o(.text.SVC_Handler)
    SysTick_Handler                          0x080015f1   Thumb Code     2  n32wb452_it.o(.text.SysTick_Handler)
    SystemInit                               0x080015f5   Thumb Code   296  system_n32wb452.o(.text.SystemInit)
    USART2_IRQHandler                        0x0800171d   Thumb Code   390  bsp_uart.o(.text.USART2_IRQHandler)
    USART3_IRQHandler                        0x080018a5   Thumb Code   390  bsp_uart.o(.text.USART3_IRQHandler)
    USART_ClrFlag                            0x08001a2d   Thumb Code    36  n32wb452_usart.o(.text.USART_ClrFlag)
    USART_ConfigInt                          0x08001a51   Thumb Code   146  n32wb452_usart.o(.text.USART_ConfigInt)
    USART_DeInit                             0x08001ae5   Thumb Code   288  n32wb452_usart.o(.text.USART_DeInit)
    USART_Enable                             0x08001c05   Thumb Code    44  n32wb452_usart.o(.text.USART_Enable)
    USART_GetFlagStatus                      0x08001c31   Thumb Code    68  n32wb452_usart.o(.text.USART_GetFlagStatus)
    USART_GetIntStatus                       0x08001c75   Thumb Code   176  n32wb452_usart.o(.text.USART_GetIntStatus)
    USART_Init                               0x08001d25   Thumb Code   334  n32wb452_usart.o(.text.USART_Init)
    USART_ReceiveData                        0x08001e75   Thumb Code    16  n32wb452_usart.o(.text.USART_ReceiveData)
    USART_SendData                           0x08001e85   Thumb Code    24  n32wb452_usart.o(.text.USART_SendData)
    USART_StructInit                         0x08001e9d   Thumb Code    40  n32wb452_usart.o(.text.USART_StructInit)
    UsageFault_Handler                       0x08001ec5   Thumb Code     4  n32wb452_it.o(.text.UsageFault_Handler)
    fputc                                    0x0800230d   Thumb Code    48  bsp_uart.o(.text.fputc)
    main                                     0x080023ad   Thumb Code   276  main.o(.text.main)
    __0printf                                0x080024c1   Thumb Code    22  printfa.o(i.__0printf)
    __1printf                                0x080024c1   Thumb Code     0  printfa.o(i.__0printf)
    __2printf                                0x080024c1   Thumb Code     0  printfa.o(i.__0printf)
    __c89printf                              0x080024c1   Thumb Code     0  printfa.o(i.__0printf)
    printf                                   0x080024c1   Thumb Code     0  printfa.o(i.__0printf)
    __scatterload_copy                       0x080024e1   Thumb Code    14  handlers.o(i.__scatterload_copy)
    __scatterload_null                       0x080024ef   Thumb Code     2  handlers.o(i.__scatterload_null)
    __scatterload_zeroinit                   0x080024f1   Thumb Code    14  handlers.o(i.__scatterload_zeroinit)
    Region$$Table$$Base                      0x08002e00   Number         0  anon$$obj.o(Region$$Table)
    Region$$Table$$Limit                     0x08002e20   Number         0  anon$$obj.o(Region$$Table)
    __stdout                                 0x20000000   Data           4  stdout.o(.data)
    SystemCoreClock                          0x20000004   Data           4  system_n32wb452.o(.data.SystemCoreClock)
    tx_buffer                                0x20000008   Data          20  main.o(.data.tx_buffer)
    debug_uart_device                        0x20000024   Data           4  bsp_uart.o(.bss.debug_uart_device)
    uart2_device                             0x20000028   Data          12  main.o(.bss.uart2_device)
    uart3_device                             0x20000034   Data          12  main.o(.bss.uart3_device)
    __initial_sp                             0x20001488   Data           0  startup_n32wb452.o(STACK)



==============================================================================

Memory Map of the image

  Image Entry point : 0x08000199

  Load Region LR_IROM1 (Base: 0x08000000, Size: 0x00002e40, Max: 0x00080000, ABSOLUTE)

    Execution Region ER_IROM1 (Exec base: 0x08000000, Load base: 0x08000000, Size: 0x00002e20, Max: 0x00080000, ABSOLUTE)

    Exec Addr    Load Addr    Size         Type   Attr      Idx    E Section Name        Object

    0x08000000   0x08000000   0x00000198   Data   RO         1411    RESET               startup_n32wb452.o
    0x08000198   0x08000198   0x00000000   Code   RO         1418  * .ARM.Collect$$$$00000000  mc_w.l(entry.o)
    0x08000198   0x08000198   0x00000004   Code   RO         1449    .ARM.Collect$$$$00000001  mc_w.l(entry2.o)
    0x0800019c   0x0800019c   0x00000004   Code   RO         1452    .ARM.Collect$$$$00000004  mc_w.l(entry5.o)
    0x080001a0   0x080001a0   0x00000000   Code   RO         1454    .ARM.Collect$$$$00000008  mc_w.l(entry7b.o)
    0x080001a0   0x080001a0   0x00000000   Code   RO         1456    .ARM.Collect$$$$0000000A  mc_w.l(entry8b.o)
    0x080001a0   0x080001a0   0x00000008   Code   RO         1457    .ARM.Collect$$$$0000000B  mc_w.l(entry9a.o)
    0x080001a8   0x080001a8   0x00000000   Code   RO         1459    .ARM.Collect$$$$0000000D  mc_w.l(entry10a.o)
    0x080001a8   0x080001a8   0x00000000   Code   RO         1461    .ARM.Collect$$$$0000000F  mc_w.l(entry11a.o)
    0x080001a8   0x080001a8   0x00000004   Code   RO         1450    .ARM.Collect$$$$00002712  mc_w.l(entry2.o)
    0x080001ac   0x080001ac   0x00000024   Code   RO         1412    .text               startup_n32wb452.o
    0x080001d0   0x080001d0   0x0000002c   Code   RO         1473    .text               mc_w.l(uidiv.o)
    0x080001fc   0x080001fc   0x00000062   Code   RO         1475    .text               mc_w.l(uldiv.o)
    0x0800025e   0x0800025e   0x00000000   Code   RO         1477    .text               mc_w.l(iusefp.o)
    0x0800025e   0x0800025e   0x0000014e   Code   RO         1478    .text               mf_w.l(dadd.o)
    0x080003ac   0x080003ac   0x000000e4   Code   RO         1480    .text               mf_w.l(dmul.o)
    0x08000490   0x08000490   0x000000de   Code   RO         1482    .text               mf_w.l(ddiv.o)
    0x0800056e   0x0800056e   0x00000030   Code   RO         1484    .text               mf_w.l(dfixul.o)
    0x0800059e   0x0800059e   0x00000002   PAD
    0x080005a0   0x080005a0   0x00000030   Code   RO         1486    .text               mf_w.l(cdrcmple.o)
    0x080005d0   0x080005d0   0x00000024   Code   RO         1488    .text               mc_w.l(init.o)
    0x080005f4   0x080005f4   0x0000001e   Code   RO         1490    .text               mc_w.l(llshl.o)
    0x08000612   0x08000612   0x00000020   Code   RO         1492    .text               mc_w.l(llushr.o)
    0x08000632   0x08000632   0x00000024   Code   RO         1494    .text               mc_w.l(llsshr.o)
    0x08000656   0x08000656   0x000000ba   Code   RO         1496    .text               mf_w.l(depilogue.o)
    0x08000710   0x08000710   0x000000ca   Code   RO           87    .text.BSP_GPIO_Init  bsp_gpio.o
    0x080007da   0x080007da   0x00000002   PAD
    0x080007dc   0x080007dc   0x00000030   Code   RO           95    .text.BSP_GPIO_TogglePin  bsp_gpio.o
    0x0800080c   0x0800080c   0x00000020   Code   RO           93    .text.BSP_GPIO_WritePin  bsp_gpio.o
    0x0800082c   0x0800082c   0x0000008c   Code   RO          104    .text.BSP_UART_Init  bsp_uart.o
    0x080008b8   0x080008b8   0x000000d2   Code   RO          112    .text.BSP_Uart_Transmit  bsp_uart.o
    0x0800098a   0x0800098a   0x00000002   PAD
    0x0800098c   0x0800098c   0x0000008c   Code   RO          116    .text.BSP_Uart_Transmit_IT  bsp_uart.o
    0x08000a18   0x08000a18   0x00000004   Code   RO           25    .text.BusFault_Handler  n32wb452_it.o
    0x08000a1c   0x08000a1c   0x00000002   Code   RO           31    .text.DebugMon_Handler  n32wb452_it.o
    0x08000a1e   0x08000a1e   0x00000002   PAD
    0x08000a20   0x08000a20   0x0000001a   Code   RO            2    .text.Delay         main.o
    0x08000a3a   0x08000a3a   0x00000002   PAD
    0x08000a3c   0x08000a3c   0x000003da   Code   RO          608    .text.GPIO_ConfigPinRemap  n32wb452_gpio.o
    0x08000e16   0x08000e16   0x00000002   PAD
    0x08000e18   0x08000e18   0x00000186   Code   RO          580    .text.GPIO_InitPeripheral  n32wb452_gpio.o
    0x08000f9e   0x08000f9e   0x00000002   PAD
    0x08000fa0   0x08000fa0   0x0000001c   Code   RO          582    .text.GPIO_InitStruct  n32wb452_gpio.o
    0x08000fbc   0x08000fbc   0x00000034   Code   RO          588    .text.GPIO_ReadOutputDataBit  n32wb452_gpio.o
    0x08000ff0   0x08000ff0   0x00000014   Code   RO          596    .text.GPIO_ResetBits  n32wb452_gpio.o
    0x08001004   0x08001004   0x0000002c   Code   RO          598    .text.GPIO_WriteBit  n32wb452_gpio.o
    0x08001030   0x08001030   0x00000004   Code   RO           21    .text.HardFault_Handler  n32wb452_it.o
    0x08001034   0x08001034   0x00000004   Code   RO           23    .text.MemManage_Handler  n32wb452_it.o
    0x08001038   0x08001038   0x00000002   Code   RO           19    .text.NMI_Handler   n32wb452_it.o
    0x0800103a   0x0800103a   0x00000002   PAD
    0x0800103c   0x0800103c   0x000000aa   Code   RO          152    .text.NVIC_Init     misc.o
    0x080010e6   0x080010e6   0x00000002   PAD
    0x080010e8   0x080010e8   0x0000001c   Code   RO          150    .text.NVIC_PriorityGroupConfig  misc.o
    0x08001104   0x08001104   0x0000002c   Code   RO          756    .text.RCC_ConfigSysclk  n32wb452_rcc.o
    0x08001130   0x08001130   0x00000038   Code   RO          798    .text.RCC_EnableAPB1PeriphClk  n32wb452_rcc.o
    0x08001168   0x08001168   0x00000038   Code   RO          804    .text.RCC_EnableAPB1PeriphReset  n32wb452_rcc.o
    0x080011a0   0x080011a0   0x00000038   Code   RO          796    .text.RCC_EnableAPB2PeriphClk  n32wb452_rcc.o
    0x080011d8   0x080011d8   0x00000038   Code   RO          802    .text.RCC_EnableAPB2PeriphReset  n32wb452_rcc.o
    0x08001210   0x08001210   0x000001c4   Code   RO          792    .text.RCC_GetClocksFreqValue  n32wb452_rcc.o
    0x080013d4   0x080013d4   0x00000010   Code   RO          758    .text.RCC_GetSysclkSrc  n32wb452_rcc.o
    0x080013e4   0x080013e4   0x00000002   Code   RO           29    .text.SVC_Handler   n32wb452_it.o
    0x080013e6   0x080013e6   0x00000002   PAD
    0x080013e8   0x080013e8   0x0000016e   Code   RO         1395    .text.SetSysClock   system_n32wb452.o
    0x08001556   0x08001556   0x00000002   PAD
    0x08001558   0x08001558   0x00000098   Code   RO         1397    .text.SetVDDDBKTrim  system_n32wb452.o
    0x080015f0   0x080015f0   0x00000002   Code   RO           33    .text.SysTick_Handler  n32wb452_it.o
    0x080015f2   0x080015f2   0x00000002   PAD
    0x080015f4   0x080015f4   0x00000128   Code   RO         1393    .text.SystemInit    system_n32wb452.o
    0x0800171c   0x0800171c   0x00000186   Code   RO          120    .text.USART2_IRQHandler  bsp_uart.o
    0x080018a2   0x080018a2   0x00000002   PAD
    0x080018a4   0x080018a4   0x00000186   Code   RO          124    .text.USART3_IRQHandler  bsp_uart.o
    0x08001a2a   0x08001a2a   0x00000002   PAD
    0x08001a2c   0x08001a2c   0x00000024   Code   RO         1357    .text.USART_ClrFlag  n32wb452_usart.o
    0x08001a50   0x08001a50   0x00000092   Code   RO         1321    .text.USART_ConfigInt  n32wb452_usart.o
    0x08001ae2   0x08001ae2   0x00000002   PAD
    0x08001ae4   0x08001ae4   0x00000120   Code   RO         1309    .text.USART_DeInit  n32wb452_usart.o
    0x08001c04   0x08001c04   0x0000002c   Code   RO         1319    .text.USART_Enable  n32wb452_usart.o
    0x08001c30   0x08001c30   0x00000044   Code   RO         1355    .text.USART_GetFlagStatus  n32wb452_usart.o
    0x08001c74   0x08001c74   0x000000b0   Code   RO         1359    .text.USART_GetIntStatus  n32wb452_usart.o
    0x08001d24   0x08001d24   0x0000014e   Code   RO         1311    .text.USART_Init    n32wb452_usart.o
    0x08001e72   0x08001e72   0x00000002   PAD
    0x08001e74   0x08001e74   0x00000010   Code   RO         1337    .text.USART_ReceiveData  n32wb452_usart.o
    0x08001e84   0x08001e84   0x00000018   Code   RO         1335    .text.USART_SendData  n32wb452_usart.o
    0x08001e9c   0x08001e9c   0x00000028   Code   RO         1313    .text.USART_StructInit  n32wb452_usart.o
    0x08001ec4   0x08001ec4   0x00000004   Code   RO           27    .text.UsageFault_Handler  n32wb452_it.o
    0x08001ec8   0x08001ec8   0x000001f0   Code   RO          110    .text.bsp_uart_InterruptInit  bsp_uart.o
    0x080020b8   0x080020b8   0x000000d2   Code   RO          122    .text.bsp_uart_error  bsp_uart.o
    0x0800218a   0x0800218a   0x00000002   PAD
    0x0800218c   0x0800218c   0x00000180   Code   RO          108    .text.bsp_uart_polingInit  bsp_uart.o
    0x0800230c   0x0800230c   0x00000030   Code   RO          132    .text.fputc         bsp_uart.o
    0x0800233c   0x0800233c   0x0000006e   Code   RO          106    .text.get_uart_state  bsp_uart.o
    0x080023aa   0x080023aa   0x00000002   PAD
    0x080023ac   0x080023ac   0x00000114   Code   RO            4    .text.main          main.o
    0x080024c0   0x080024c0   0x00000020   Code   RO         1422    i.__0printf         mc_w.l(printfa.o)
    0x080024e0   0x080024e0   0x0000000e   Code   RO         1500    i.__scatterload_copy  mc_w.l(handlers.o)
    0x080024ee   0x080024ee   0x00000002   Code   RO         1501    i.__scatterload_null  mc_w.l(handlers.o)
    0x080024f0   0x080024f0   0x0000000e   Code   RO         1502    i.__scatterload_zeroinit  mc_w.l(handlers.o)
    0x080024fe   0x080024fe   0x00000002   PAD
    0x08002500   0x08002500   0x00000184   Code   RO         1429    i._fp_digits        mc_w.l(printfa.o)
    0x08002684   0x08002684   0x000006dc   Code   RO         1430    i._printf_core      mc_w.l(printfa.o)
    0x08002d60   0x08002d60   0x00000024   Code   RO         1431    i._printf_post_padding  mc_w.l(printfa.o)
    0x08002d84   0x08002d84   0x0000002e   Code   RO         1432    i._printf_pre_padding  mc_w.l(printfa.o)
    0x08002db2   0x08002db2   0x00000010   Data   RO          831    .rodata.s_AdcHclkPresTable  n32wb452_rcc.o
    0x08002dc2   0x08002dc2   0x00000020   Data   RO          832    .rodata.s_AdcPllClkPresTable  n32wb452_rcc.o
    0x08002de2   0x08002de2   0x00000010   Data   RO          830    .rodata.s_ApbAhbPresTable  n32wb452_rcc.o
    0x08002df2   0x08002df2   0x0000000c   Data   RO            9    .rodata.str1.1      main.o
    0x08002dfe   0x08002dfe   0x00000002   PAD
    0x08002e00   0x08002e00   0x00000020   Data   RO         1499    Region$$Table       anon$$obj.o


    Execution Region RW_IRAM1 (Exec base: 0x20000000, Load base: 0x08002e20, Size: 0x00001488, Max: 0x00024000, ABSOLUTE)

    Exec Addr    Load Addr    Size         Type   Attr      Idx    E Section Name        Object

    0x20000000   0x08002e20   0x00000004   Data   RW         1463    .data               mc_w.l(stdout.o)
    0x20000004   0x08002e24   0x00000004   Data   RW         1401    .data.SystemCoreClock  system_n32wb452.o
    0x20000008   0x08002e28   0x00000014   Data   RW            6    .data.tx_buffer     main.o
    0x2000001c   0x08002e3c   0x00000004   PAD
    0x20000020        -       0x00000004   Zero   RW          139    .bss.UARTTimeout    bsp_uart.o
    0x20000024        -       0x00000004   Zero   RW          138    .bss.debug_uart_device  bsp_uart.o
    0x20000028        -       0x0000000c   Zero   RW            7    .bss.uart2_device   main.o
    0x20000034        -       0x0000000c   Zero   RW            8    .bss.uart3_device   main.o
    0x20000040        -       0x00000048   Zero   RW          142    .bss.uart_states    bsp_uart.o
    0x20000088        -       0x00001400   Zero   RW         1409    STACK               startup_n32wb452.o


==============================================================================

Image component sizes


      Code (inc. data)   RO Data    RW Data    ZI Data      Debug   Object Name

       282          0          0          0          0       2488   bsp_gpio.o
      2518          0          0          0         80       9988   bsp_uart.o
       302          0         12         20         24       2082   main.o
       198          0          0          0          0       3042   misc.o
      1520          0          0          0          0       6165   n32wb452_gpio.o
        24          0          0          0          0       1035   n32wb452_it.o
       736          0         64          0          0      10157   n32wb452_rcc.o
      1172          0          0          0          0       6956   n32wb452_usart.o
        36          8        408          0       5120        916   startup_n32wb452.o
       814          0          0          4          0       3334   system_n32wb452.o

    ----------------------------------------------------------------------
      7636          8        518         24       5228      46163   Object Totals
         0          0         32          0          0          0   (incl. Generated)
        34          0          2          0          4          0   (incl. Padding)

    ----------------------------------------------------------------------

      Code (inc. data)   RO Data    RW Data    ZI Data      Debug   Library Member Name

         0          0          0          0          0          0   entry.o
         0          0          0          0          0          0   entry10a.o
         0          0          0          0          0          0   entry11a.o
         8          4          0          0          0          0   entry2.o
         4          0          0          0          0          0   entry5.o
         0          0          0          0          0          0   entry7b.o
         0          0          0          0          0          0   entry8b.o
         8          4          0          0          0          0   entry9a.o
        30          0          0          0          0          0   handlers.o
        36          8          0          0          0         68   init.o
         0          0          0          0          0          0   iusefp.o
        30          0          0          0          0         68   llshl.o
        36          0          0          0          0         68   llsshr.o
        32          0          0          0          0         68   llushr.o
      2258         90          0          0          0        452   printfa.o
         0          0          0          4          0          0   stdout.o
        44          0          0          0          0         80   uidiv.o
        98          0          0          0          0         92   uldiv.o
        48          0          0          0          0         68   cdrcmple.o
       334          0          0          0          0        148   dadd.o
       222          0          0          0          0        100   ddiv.o
       186          0          0          0          0        176   depilogue.o
        48          0          0          0          0         68   dfixul.o
       228          0          0          0          0         96   dmul.o

    ----------------------------------------------------------------------
      3654        106          0          4          0       1552   Library Totals
         4          0          0          0          0          0   (incl. Padding)

    ----------------------------------------------------------------------

      Code (inc. data)   RO Data    RW Data    ZI Data      Debug   Library Name

      2584        106          0          4          0        896   mc_w.l
      1066          0          0          0          0        656   mf_w.l

    ----------------------------------------------------------------------
      3654        106          0          4          0       1552   Library Totals

    ----------------------------------------------------------------------

==============================================================================


      Code (inc. data)   RO Data    RW Data    ZI Data      Debug   

     11290        114        518         28       5228      46979   Grand Totals
     11290        114        518         28       5228      46979   ELF Image Totals
     11290        114        518         28          0          0   ROM Totals

==============================================================================

    Total RO  Size (Code + RO Data)                11808 (  11.53kB)
    Total RW  Size (RW Data + ZI Data)              5256 (   5.13kB)
    Total ROM Size (Code + RO Data + RW Data)      11836 (  11.56kB)

==============================================================================

