Component: Arm Compiler for Embedded 6.19 Tool: armlink [5e73cb00]

==============================================================================

Section Cross References

    main.o(.ARM.exidx.text.Delay) refers to main.o(.text.Delay) for [Anonymous Symbol]
    main.o(.text.I2C_Polling_Test) refers to memseta.o(.text) for __aeabi_memclr4
    main.o(.text.I2C_Polling_Test) refers to main.o(.bss.i2c_device) for i2c_device
    main.o(.text.I2C_Polling_Test) refers to bsp_i2c.o(.text.BSP_I2C_Init) for BSP_I2C_Init
    main.o(.text.I2C_Polling_Test) refers to bsp_i2c.o(.text.BSP_I2C_Master_Receive) for BSP_I2C_Master_Receive
    main.o(.text.I2C_Polling_Test) refers to bsp_i2c.o(.text.BSP_I2C_ScanDevices) for BSP_I2C_ScanDevices
    main.o(.ARM.exidx.text.I2C_Polling_Test) refers to main.o(.text.I2C_Polling_Test) for [Anonymous Symbol]
    main.o(.text.LedInit) refers to n32wb452_rcc.o(.text.RCC_EnableAPB2PeriphClk) for RCC_EnableAPB2PeriphClk
    main.o(.text.LedInit) refers to n32wb452_gpio.o(.text.GPIO_InitPeripheral) for GPIO_InitPeripheral
    main.o(.ARM.exidx.text.LedInit) refers to main.o(.text.LedInit) for [Anonymous Symbol]
    main.o(.ARM.exidx.text.LedOn) refers to main.o(.text.LedOn) for [Anonymous Symbol]
    main.o(.ARM.exidx.text.LedOff) refers to main.o(.text.LedOff) for [Anonymous Symbol]
    main.o(.ARM.exidx.text.LedOnOff) refers to main.o(.text.LedOnOff) for [Anonymous Symbol]
    main.o(.ARM.exidx.text.LedBlink) refers to main.o(.text.LedBlink) for [Anonymous Symbol]
    main.o(.text.main) refers to n32wb452_rcc.o(.text.RCC_EnableAPB2PeriphClk) for RCC_EnableAPB2PeriphClk
    main.o(.text.main) refers to n32wb452_gpio.o(.text.GPIO_InitPeripheral) for GPIO_InitPeripheral
    main.o(.text.main) refers to memseta.o(.text) for __aeabi_memclr4
    main.o(.text.main) refers to main.o(.bss.i2c_device) for i2c_device
    main.o(.text.main) refers to bsp_i2c.o(.text.BSP_I2C_Init) for BSP_I2C_Init
    main.o(.text.main) refers to bsp_i2c.o(.text.BSP_I2C_Master_Receive) for BSP_I2C_Master_Receive
    main.o(.text.main) refers to bsp_i2c.o(.text.BSP_I2C_ScanDevices) for BSP_I2C_ScanDevices
    main.o(.ARM.exidx.text.main) refers to main.o(.text.main) for [Anonymous Symbol]
    n32wb452_it.o(.ARM.exidx.text.NMI_Handler) refers to n32wb452_it.o(.text.NMI_Handler) for [Anonymous Symbol]
    n32wb452_it.o(.ARM.exidx.text.HardFault_Handler) refers to n32wb452_it.o(.text.HardFault_Handler) for [Anonymous Symbol]
    n32wb452_it.o(.ARM.exidx.text.MemManage_Handler) refers to n32wb452_it.o(.text.MemManage_Handler) for [Anonymous Symbol]
    n32wb452_it.o(.ARM.exidx.text.BusFault_Handler) refers to n32wb452_it.o(.text.BusFault_Handler) for [Anonymous Symbol]
    n32wb452_it.o(.ARM.exidx.text.UsageFault_Handler) refers to n32wb452_it.o(.text.UsageFault_Handler) for [Anonymous Symbol]
    n32wb452_it.o(.ARM.exidx.text.SVC_Handler) refers to n32wb452_it.o(.text.SVC_Handler) for [Anonymous Symbol]
    n32wb452_it.o(.ARM.exidx.text.DebugMon_Handler) refers to n32wb452_it.o(.text.DebugMon_Handler) for [Anonymous Symbol]
    n32wb452_it.o(.ARM.exidx.text.SysTick_Handler) refers to n32wb452_it.o(.text.SysTick_Handler) for [Anonymous Symbol]
    n32wb452_it.o(.ARM.exidx.text.DMA_IRQ_HANDLER) refers to n32wb452_it.o(.text.DMA_IRQ_HANDLER) for [Anonymous Symbol]
    bsp_i2c.o(.text.BSP_I2C_Init) refers to n32wb452_rcc.o(.text.RCC_EnableAPB1PeriphClk) for RCC_EnableAPB1PeriphClk
    bsp_i2c.o(.text.BSP_I2C_Init) refers to n32wb452_i2c.o(.text.I2C_DeInit) for I2C_DeInit
    bsp_i2c.o(.text.BSP_I2C_Init) refers to n32wb452_rcc.o(.text.RCC_EnableAPB2PeriphClk) for RCC_EnableAPB2PeriphClk
    bsp_i2c.o(.text.BSP_I2C_Init) refers to n32wb452_gpio.o(.text.GPIO_InitStruct) for GPIO_InitStruct
    bsp_i2c.o(.text.BSP_I2C_Init) refers to n32wb452_gpio.o(.text.GPIO_InitPeripheral) for GPIO_InitPeripheral
    bsp_i2c.o(.text.BSP_I2C_Init) refers to n32wb452_i2c.o(.text.I2C_InitStruct) for I2C_InitStruct
    bsp_i2c.o(.text.BSP_I2C_Init) refers to n32wb452_i2c.o(.text.I2C_Init) for I2C_Init
    bsp_i2c.o(.ARM.exidx.text.BSP_I2C_Init) refers to bsp_i2c.o(.text.BSP_I2C_Init) for [Anonymous Symbol]
    bsp_i2c.o(.text.BSP_I2C_Master_Transmit) refers to bsp_i2c.o(.text.BSP_I2C_Master_Transmit_Polling) for BSP_I2C_Master_Transmit_Polling
    bsp_i2c.o(.text.BSP_I2C_Master_Transmit) refers to bsp_i2c.o(.text.BSP_I2C_Master_Transmit_DMA) for BSP_I2C_Master_Transmit_DMA
    bsp_i2c.o(.text.BSP_I2C_Master_Transmit) refers to bsp_i2c.o(.bss.i2c_current_device) for i2c_current_device
    bsp_i2c.o(.text.BSP_I2C_Master_Transmit) refers to bsp_i2c.o(.bss.i2c_tx_buffer) for i2c_tx_buffer
    bsp_i2c.o(.text.BSP_I2C_Master_Transmit) refers to bsp_i2c.o(.bss.i2c_tx_size) for i2c_tx_size
    bsp_i2c.o(.text.BSP_I2C_Master_Transmit) refers to bsp_i2c.o(.data.i2c_reg_addr) for i2c_reg_addr
    bsp_i2c.o(.text.BSP_I2C_Master_Transmit) refers to bsp_i2c.o(.bss.i2c_direction) for i2c_direction
[...]
    Removing n32wb452_gpio.o(.text.GPIO_ResetBits), (4 bytes).
    Removing n32wb452_gpio.o(.ARM.exidx.text.GPIO_ResetBits), (8 bytes).
    Removing n32wb452_gpio.o(.text.GPIO_WriteBit), (12 bytes).
    Removing n32wb452_gpio.o(.ARM.exidx.text.GPIO_WriteBit), (8 bytes).
    Removing n32wb452_gpio.o(.text.GPIO_Write), (4 bytes).
    Removing n32wb452_gpio.o(.ARM.exidx.text.GPIO_Write), (8 bytes).
    Removing n32wb452_gpio.o(.text.GPIO_ConfigPinLock), (16 bytes).
    Removing n32wb452_gpio.o(.ARM.exidx.text.GPIO_ConfigPinLock), (8 bytes).
    Removing n32wb452_gpio.o(.text.GPIO_ConfigEventOutput), (30 bytes).
    Removing n32wb452_gpio.o(.ARM.exidx.text.GPIO_ConfigEventOutput), (8 bytes).
    Removing n32wb452_gpio.o(.text.GPIO_CtrlEventOutput), (10 bytes).
    Removing n32wb452_gpio.o(.ARM.exidx.text.GPIO_CtrlEventOutput), (8 bytes).
    Removing n32wb452_gpio.o(.text.GPIO_ConfigPinRemap), (368 bytes).
    Removing n32wb452_gpio.o(.ARM.exidx.text.GPIO_ConfigPinRemap), (8 bytes).
    Removing n32wb452_gpio.o(.text.GPIO_ConfigEXTILine), (46 bytes).
    Removing n32wb452_gpio.o(.ARM.exidx.text.GPIO_ConfigEXTILine), (8 bytes).
    Removing n32wb452_gpio.o(.rodata..Lswitch.table.GPIO_DeInit.1), (20 bytes).
    Removing n32wb452_i2c.o(.text), (0 bytes).
    Removing n32wb452_i2c.o(.ARM.exidx.text.I2C_DeInit), (8 bytes).
    Removing n32wb452_i2c.o(.ARM.exidx.text.I2C_Init), (8 bytes).
    Removing n32wb452_i2c.o(.ARM.exidx.text.I2C_InitStruct), (8 bytes).
    Removing n32wb452_i2c.o(.ARM.exidx.text.I2C_Enable), (8 bytes).
    Removing n32wb452_i2c.o(.ARM.exidx.text.I2C_EnableDMA), (8 bytes).
    Removing n32wb452_i2c.o(.ARM.exidx.text.I2C_EnableDmaLastSend), (8 bytes).
    Removing n32wb452_i2c.o(.ARM.exidx.text.I2C_GenerateStart), (8 bytes).
    Removing n32wb452_i2c.o(.ARM.exidx.text.I2C_GenerateStop), (8 bytes).
    Removing n32wb452_i2c.o(.ARM.exidx.text.I2C_ConfigAck), (8 bytes).
    Removing n32wb452_i2c.o(.text.I2C_ConfigOwnAddr2), (12 bytes).
    Removing n32wb452_i2c.o(.ARM.exidx.text.I2C_ConfigOwnAddr2), (8 bytes).
    Removing n32wb452_i2c.o(.text.I2C_EnableDualAddr), (18 bytes).
    Removing n32wb452_i2c.o(.ARM.exidx.text.I2C_EnableDualAddr), (8 bytes).
    Removing n32wb452_i2c.o(.text.I2C_EnableGeneralCall), (20 bytes).
    Removing n32wb452_i2c.o(.ARM.exidx.text.I2C_EnableGeneralCall), (8 bytes).
    Removing n32wb452_i2c.o(.ARM.exidx.text.I2C_ConfigInt), (8 bytes).
    Removing n32wb452_i2c.o(.ARM.exidx.text.I2C_SendData), (8 bytes).
    Removing n32wb452_i2c.o(.ARM.exidx.text.I2C_RecvData), (8 bytes).
    Removing n32wb452_i2c.o(.ARM.exidx.text.I2C_SendAddr7bit), (8 bytes).
    Removing n32wb452_i2c.o(.text.I2C_GetRegister), (22 bytes).
    Removing n32wb452_i2c.o(.ARM.exidx.text.I2C_GetRegister), (8 bytes).
    Removing n32wb452_i2c.o(.text.I2C_EnableSoftwareReset), (20 bytes).
    Removing n32wb452_i2c.o(.ARM.exidx.text.I2C_EnableSoftwareReset), (8 bytes).
    Removing n32wb452_i2c.o(.text.I2C_ConfigNackLocation), (24 bytes).
    Removing n32wb452_i2c.o(.ARM.exidx.text.I2C_ConfigNackLocation), (8 bytes).
    Removing n32wb452_i2c.o(.text.I2C_ConfigSmbusAlert), (24 bytes).
    Removing n32wb452_i2c.o(.ARM.exidx.text.I2C_ConfigSmbusAlert), (8 bytes).
    Removing n32wb452_i2c.o(.text.I2C_SendPEC), (20 bytes).
    Removing n32wb452_i2c.o(.ARM.exidx.text.I2C_SendPEC), (8 bytes).
    Removing n32wb452_i2c.o(.text.I2C_ConfigPecLocation), (24 bytes).
    Removing n32wb452_i2c.o(.ARM.exidx.text.I2C_ConfigPecLocation), (8 bytes).
    Removing n32wb452_i2c.o(.text.I2C_ComputePec), (20 bytes).
    Removing n32wb452_i2c.o(.ARM.exidx.text.I2C_ComputePec), (8 bytes).
    Removing n32wb452_i2c.o(.text.I2C_GetPec), (6 bytes).
    Removing n32wb452_i2c.o(.ARM.exidx.text.I2C_GetPec), (8 bytes).
    Removing n32wb452_i2c.o(.text.I2C_EnableArp), (20 bytes).
    Removing n32wb452_i2c.o(.ARM.exidx.text.I2C_EnableArp), (8 bytes).
    Removing n32wb452_i2c.o(.text.I2C_EnableExtendClk), (20 bytes).
    Removing n32wb452_i2c.o(.ARM.exidx.text.I2C_EnableExtendClk), (8 bytes).
    Removing n32wb452_i2c.o(.text.I2C_ConfigFastModeDutyCycle), (24 bytes).
    Removing n32wb452_i2c.o(.ARM.exidx.text.I2C_ConfigFastModeDutyCycle), (8 bytes).
    Removing n32wb452_i2c.o(.ARM.exidx.text.I2C_CheckEvent), (8 bytes).
    Removing n32wb452_i2c.o(.text.I2C_GetLastEvent), (12 bytes).
    Removing n32wb452_i2c.o(.ARM.exidx.text.I2C_GetLastEvent), (8 bytes).
    Removing n32wb452_i2c.o(.ARM.exidx.text.I2C_GetFlag), (8 bytes).
    Removing n32wb452_i2c.o(.text.I2C_ClrFlag), (6 bytes).
    Removing n32wb452_i2c.o(.ARM.exidx.text.I2C_ClrFlag), (8 bytes).
    Removing n32wb452_i2c.o(.text.I2C_GetIntStatus), (28 bytes).
    Removing n32wb452_i2c.o(.ARM.exidx.text.I2C_GetIntStatus), (8 bytes).
    Removing n32wb452_i2c.o(.text.I2C_ClrIntPendingBit), (6 bytes).
    Removing n32wb452_i2c.o(.ARM.exidx.text.I2C_ClrIntPendingBit), (8 bytes).
    Removing n32wb452_iwdg.o(.text), (0 bytes).
    Removing n32wb452_iwdg.o(.text.IWDG_WriteConfig), (12 bytes).
    Removing n32wb452_iwdg.o(.ARM.exidx.text.IWDG_WriteConfig), (8 bytes).
    Removing n32wb452_iwdg.o(.text.IWDG_SetPrescalerDiv), (12 bytes).
    Removing n32wb452_iwdg.o(.ARM.exidx.text.IWDG_SetPrescalerDiv), (8 bytes).
    Removing n32wb452_iwdg.o(.text.IWDG_CntReload), (12 bytes).
    Removing n32wb452_iwdg.o(.ARM.exidx.text.IWDG_CntReload), (8 bytes).
    Removing n32wb452_iwdg.o(.text.IWDG_ReloadKey), (16 bytes).
    Removing n32wb452_iwdg.o(.ARM.exidx.text.IWDG_ReloadKey), (8 bytes).
    Removing n32wb452_iwdg.o(.text.IWDG_Enable), (16 bytes).
    Removing n32wb452_iwdg.o(.ARM.exidx.text.IWDG_Enable), (8 bytes).
    Removing n32wb452_iwdg.o(.text.IWDG_GetStatus), (18 bytes).
    Removing n32wb452_iwdg.o(.ARM.exidx.text.IWDG_GetStatus), (8 bytes).
    Removing n32wb452_pwr.o(.text), (0 bytes).
    Removing n32wb452_pwr.o(.text.PWR_DeInit), (26 bytes).
    Removing n32wb452_pwr.o(.ARM.exidx.text.PWR_DeInit), (8 bytes).
    Removing n32wb452_pwr.o(.text.PWR_BackupAccessEnable), (10 bytes).
    Removing n32wb452_pwr.o(.ARM.exidx.text.PWR_BackupAccessEnable), (8 bytes).
    Removing n32wb452_pwr.o(.text.PWR_PvdEnable), (10 bytes).
    Removing n32wb452_pwr.o(.ARM.exidx.text.PWR_PvdEnable), (8 bytes).
    Removing n32wb452_pwr.o(.text.PWR_PvdRangeConfig), (20 bytes).
    Removing n32wb452_pwr.o(.ARM.exidx.text.PWR_PvdRangeConfig), (8 bytes).
    Removing n32wb452_pwr.o(.text.PWR_WakeUpPinEnable), (10 bytes).
    Removing n32wb452_pwr.o(.ARM.exidx.text.PWR_WakeUpPinEnable), (8 bytes).
    Removing n32wb452_pwr.o(.text.PWR_EnterSLEEPMode), (52 bytes).
    Removing n32wb452_pwr.o(.ARM.exidx.text.PWR_EnterSLEEPMode), (8 bytes).
    Removing n32wb452_pwr.o(.text.PWR_EnterStopState), (60 bytes).
    Removing n32wb452_pwr.o(.ARM.exidx.text.PWR_EnterStopState), (8 bytes).
    Removing n32wb452_pwr.o(.text.PWR_EnterSTOP2Mode), (62 bytes).
    Removing n32wb452_pwr.o(.ARM.exidx.text.PWR_EnterSTOP2Mode), (8 bytes).
    Removing n32wb452_pwr.o(.text.PWR_EnterStandbyState), (52 bytes).
    Removing n32wb452_pwr.o(.ARM.exidx.text.PWR_EnterStandbyState), (8 bytes).
    Removing n32wb452_pwr.o(.text.PWR_GetFlagStatus), (18 bytes).
    Removing n32wb452_pwr.o(.ARM.exidx.text.PWR_GetFlagStatus), (8 bytes).
    Removing n32wb452_pwr.o(.text.PWR_ClearFlag), (18 bytes).
    Removing n32wb452_pwr.o(.ARM.exidx.text.PWR_ClearFlag), (8 bytes).
    Removing n32wb452_rcc.o(.text), (0 bytes).
    Removing n32wb452_rcc.o(.text.RCC_DeInit), (86 bytes).
    Removing n32wb452_rcc.o(.ARM.exidx.text.RCC_DeInit), (8 bytes).
    Removing n32wb452_rcc.o(.text.RCC_ConfigHse), (50 bytes).
    Removing n32wb452_rcc.o(.ARM.exidx.text.RCC_ConfigHse), (8 bytes).
    Removing n32wb452_rcc.o(.text.RCC_WaitHseStable), (48 bytes).
    Removing n32wb452_rcc.o(.ARM.exidx.text.RCC_WaitHseStable), (8 bytes).
    Removing n32wb452_rcc.o(.text.RCC_GetFlagStatus), (38 bytes).
    Removing n32wb452_rcc.o(.ARM.exidx.text.RCC_GetFlagStatus), (8 bytes).
    Removing n32wb452_rcc.o(.text.RCC_SetHsiCalibValue), (22 bytes).
    Removing n32wb452_rcc.o(.ARM.exidx.text.RCC_SetHsiCalibValue), (8 bytes).
    Removing n32wb452_rcc.o(.text.RCC_EnableHsi), (10 bytes).
    Removing n32wb452_rcc.o(.ARM.exidx.text.RCC_EnableHsi), (8 bytes).
    Removing n32wb452_rcc.o(.text.RCC_ConfigPll), (32 bytes).
    Removing n32wb452_rcc.o(.ARM.exidx.text.RCC_ConfigPll), (8 bytes).
    Removing n32wb452_rcc.o(.text.RCC_EnablePll), (10 bytes).
    Removing n32wb452_rcc.o(.ARM.exidx.text.RCC_EnablePll), (8 bytes).
    Removing n32wb452_rcc.o(.ARM.exidx.text.RCC_ConfigSysclk), (8 bytes).
    Removing n32wb452_rcc.o(.ARM.exidx.text.RCC_GetSysclkSrc), (8 bytes).
    Removing n32wb452_rcc.o(.text.RCC_ConfigHclk), (20 bytes).
    Removing n32wb452_rcc.o(.ARM.exidx.text.RCC_ConfigHclk), (8 bytes).
    Removing n32wb452_rcc.o(.text.RCC_ConfigPclk1), (20 bytes).
    Removing n32wb452_rcc.o(.ARM.exidx.text.RCC_ConfigPclk1), (8 bytes).
    Removing n32wb452_rcc.o(.text.RCC_ConfigPclk2), (22 bytes).
    Removing n32wb452_rcc.o(.ARM.exidx.text.RCC_ConfigPclk2), (8 bytes).
    Removing n32wb452_rcc.o(.text.RCC_ConfigInt), (24 bytes).
    Removing n32wb452_rcc.o(.ARM.exidx.text.RCC_ConfigInt), (8 bytes).
    Removing n32wb452_rcc.o(.text.RCC_ConfigUsbClk), (14 bytes).
    Removing n32wb452_rcc.o(.ARM.exidx.text.RCC_ConfigUsbClk), (8 bytes).
    Removing n32wb452_rcc.o(.text.RCC_ConfigTim18Clk), (20 bytes).
    Removing n32wb452_rcc.o(.ARM.exidx.text.RCC_ConfigTim18Clk), (8 bytes).
    Removing n32wb452_rcc.o(.text.RCC_ConfigRngcClk), (20 bytes).
    Removing n32wb452_rcc.o(.ARM.exidx.text.RCC_ConfigRngcClk), (8 bytes).
    Removing n32wb452_rcc.o(.text.RCC_ConfigAdc1mClk), (22 bytes).
    Removing n32wb452_rcc.o(.ARM.exidx.text.RCC_ConfigAdc1mClk), (8 bytes).
    Removing n32wb452_rcc.o(.text.RCC_ConfigAdcPllClk), (28 bytes).
    Removing n32wb452_rcc.o(.ARM.exidx.text.RCC_ConfigAdcPllClk), (8 bytes).
    Removing n32wb452_rcc.o(.text.RCC_ConfigAdcHclk), (20 bytes).
    Removing n32wb452_rcc.o(.ARM.exidx.text.RCC_ConfigAdcHclk), (8 bytes).
    Removing n32wb452_rcc.o(.text.RCC_ConfigTrng1mClk), (22 bytes).
    Removing n32wb452_rcc.o(.ARM.exidx.text.RCC_ConfigTrng1mClk), (8 bytes).
    Removing n32wb452_rcc.o(.text.RCC_EnableTrng1mClk), (26 bytes).
    Removing n32wb452_rcc.o(.ARM.exidx.text.RCC_EnableTrng1mClk), (8 bytes).
    Removing n32wb452_rcc.o(.text.RCC_ConfigLse), (30 bytes).
    Removing n32wb452_rcc.o(.ARM.exidx.text.RCC_ConfigLse), (8 bytes).
    Removing n32wb452_rcc.o(.text.RCC_EnableLsi), (12 bytes).
    Removing n32wb452_rcc.o(.ARM.exidx.text.RCC_EnableLsi), (8 bytes).
    Removing n32wb452_rcc.o(.text.RCC_ConfigRtcClk), (24 bytes).
    Removing n32wb452_rcc.o(.ARM.exidx.text.RCC_ConfigRtcClk), (8 bytes).
    Removing n32wb452_rcc.o(.text.RCC_EnableRtcClk), (12 bytes).
    Removing n32wb452_rcc.o(.ARM.exidx.text.RCC_EnableRtcClk), (8 bytes).
    Removing n32wb452_rcc.o(.ARM.exidx.text.RCC_GetClocksFreqValue), (8 bytes).
    Removing n32wb452_rcc.o(.text.RCC_EnableAHBPeriphClk), (24 bytes).
    Removing n32wb452_rcc.o(.ARM.exidx.text.RCC_EnableAHBPeriphClk), (8 bytes).
    Removing n32wb452_rcc.o(.ARM.exidx.text.RCC_EnableAPB2PeriphClk), (8 bytes).
    Removing n32wb452_rcc.o(.ARM.exidx.text.RCC_EnableAPB1PeriphClk), (8 bytes).
    Removing n32wb452_rcc.o(.text.RCC_EnableAHBPeriphReset), (24 bytes).
    Removing n32wb452_rcc.o(.ARM.exidx.text.RCC_EnableAHBPeriphReset), (8 bytes).
    Removing n32wb452_rcc.o(.ARM.exidx.text.RCC_EnableAPB2PeriphReset), (8 bytes).
    Removing n32wb452_rcc.o(.ARM.exidx.text.RCC_EnableAPB1PeriphReset), (8 bytes).
    Removing n32wb452_rcc.o(.text.RCC_EnableBORReset), (24 bytes).
    Removing n32wb452_rcc.o(.ARM.exidx.text.RCC_EnableBORReset), (8 bytes).
    Removing n32wb452_rcc.o(.text.RCC_EnableBackupReset), (12 bytes).
    Removing n32wb452_rcc.o(.ARM.exidx.text.RCC_EnableBackupReset), (8 bytes).
    Removing n32wb452_rcc.o(.text.RCC_EnableClockSecuritySystem), (10 bytes).
    Removing n32wb452_rcc.o(.ARM.exidx.text.RCC_EnableClockSecuritySystem), (8 bytes).
    Removing n32wb452_rcc.o(.text.RCC_ConfigMcoPllClk), (20 bytes).
    Removing n32wb452_rcc.o(.ARM.exidx.text.RCC_ConfigMcoPllClk), (8 bytes).
    Removing n32wb452_rcc.o(.text.RCC_ConfigMco), (22 bytes).
    Removing n32wb452_rcc.o(.ARM.exidx.text.RCC_ConfigMco), (8 bytes).
    Removing n32wb452_rcc.o(.text.RCC_ClrFlag), (26 bytes).
    Removing n32wb452_rcc.o(.ARM.exidx.text.RCC_ClrFlag), (8 bytes).
    Removing n32wb452_rcc.o(.text.RCC_GetIntStatus), (18 bytes).
    Removing n32wb452_rcc.o(.ARM.exidx.text.RCC_GetIntStatus), (8 bytes).
    Removing n32wb452_rcc.o(.text.RCC_ClrIntPendingBit), (12 bytes).
    Removing n32wb452_rcc.o(.ARM.exidx.text.RCC_ClrIntPendingBit), (8 bytes).
    Removing n32wb452_rcc.o(.text.RCC_SYSCLKConfigFromSTOP), (236 bytes).
    Removing n32wb452_rcc.o(.ARM.exidx.text.RCC_SYSCLKConfigFromSTOP), (8 bytes).
    Removing n32wb452_rcc.o(.text.RCC_GetCurHSITrim), (16 bytes).
    Removing n32wb452_rcc.o(.ARM.exidx.text.RCC_GetCurHSITrim), (8 bytes).
    Removing n32wb452_rcc.o(.text.RCC_ConfigHSITrim), (68 bytes).
    Removing n32wb452_rcc.o(.ARM.exidx.text.RCC_ConfigHSITrim), (8 bytes).
    Removing n32wb452_rtc.o(.text), (0 bytes).
    Removing n32wb452_rtc.o(.text.RTC_DeInit), (264 bytes).
    Removing n32wb452_rtc.o(.ARM.exidx.text.RTC_DeInit), (8 bytes).
    Removing n32wb452_rtc.o(.text.RTC_EnterInitMode), (80 bytes).
    Removing n32wb452_rtc.o(.ARM.exidx.text.RTC_EnterInitMode), (8 bytes).
    Removing n32wb452_rtc.o(.text.RTC_WaitForSynchro), (68 bytes).
    Removing n32wb452_rtc.o(.ARM.exidx.text.RTC_WaitForSynchro), (8 bytes).
    Removing n32wb452_rtc.o(.text.RTC_Init), (168 bytes).
    Removing n32wb452_rtc.o(.ARM.exidx.text.RTC_Init), (8 bytes).
    Removing n32wb452_rtc.o(.text.RTC_ExitInitMode), (18 bytes).
    Removing n32wb452_rtc.o(.ARM.exidx.text.RTC_ExitInitMode), (8 bytes).
    Removing n32wb452_rtc.o(.text.RTC_StructInit), (10 bytes).
    Removing n32wb452_rtc.o(.ARM.exidx.text.RTC_StructInit), (8 bytes).
    Removing n32wb452_rtc.o(.text.RTC_EnableWriteProtection), (24 bytes).
    Removing n32wb452_rtc.o(.ARM.exidx.text.RTC_EnableWriteProtection), (8 bytes).
    Removing n32wb452_rtc.o(.text.RTC_EnableBypassShadow), (44 bytes).
    Removing n32wb452_rtc.o(.ARM.exidx.text.RTC_EnableBypassShadow), (8 bytes).
    Removing n32wb452_rtc.o(.text.RTC_ConfigTime), (396 bytes).
    Removing n32wb452_rtc.o(.ARM.exidx.text.RTC_ConfigTime), (8 bytes).
    Removing n32wb452_rtc.o(.text.RTC_TimeStructInit), (6 bytes).
    Removing n32wb452_rtc.o(.ARM.exidx.text.RTC_TimeStructInit), (8 bytes).
    Removing n32wb452_rtc.o(.text.RTC_GetTime), (108 bytes).
    Removing n32wb452_rtc.o(.ARM.exidx.text.RTC_GetTime), (8 bytes).
    Removing n32wb452_rtc.o(.text.RTC_GetSubSecond), (12 bytes).
    Removing n32wb452_rtc.o(.ARM.exidx.text.RTC_GetSubSecond), (8 bytes).
    Removing n32wb452_rtc.o(.text.RTC_SetDate), (394 bytes).
    Removing n32wb452_rtc.o(.ARM.exidx.text.RTC_SetDate), (8 bytes).
    Removing n32wb452_rtc.o(.text.RTC_DateStructInit), (12 bytes).
    Removing n32wb452_rtc.o(.ARM.exidx.text.RTC_DateStructInit), (8 bytes).
    Removing n32wb452_rtc.o(.text.RTC_GetDate), (104 bytes).
    Removing n32wb452_rtc.o(.ARM.exidx.text.RTC_GetDate), (8 bytes).
    Removing n32wb452_rtc.o(.text.RTC_SetAlarm), (282 bytes).
    Removing n32wb452_rtc.o(.ARM.exidx.text.RTC_SetAlarm), (8 bytes).
    Removing n32wb452_rtc.o(.text.RTC_AlarmStructInit), (14 bytes).
    Removing n32wb452_rtc.o(.ARM.exidx.text.RTC_AlarmStructInit), (8 bytes).
    Removing n32wb452_rtc.o(.text.RTC_GetAlarm), (158 bytes).
    Removing n32wb452_rtc.o(.ARM.exidx.text.RTC_GetAlarm), (8 bytes).
    Removing n32wb452_rtc.o(.text.RTC_EnableAlarm), (80 bytes).
    Removing n32wb452_rtc.o(.ARM.exidx.text.RTC_EnableAlarm), (8 bytes).
    Removing n32wb452_rtc.o(.text.RTC_ConfigAlarmSubSecond), (46 bytes).
    Removing n32wb452_rtc.o(.ARM.exidx.text.RTC_ConfigAlarmSubSecond), (8 bytes).
    Removing n32wb452_rtc.o(.text.RTC_GetAlarmSubSecond), (32 bytes).
    Removing n32wb452_rtc.o(.ARM.exidx.text.RTC_GetAlarmSubSecond), (8 bytes).
    Removing n32wb452_rtc.o(.text.RTC_ConfigWakeUpClock), (36 bytes).
    Removing n32wb452_rtc.o(.ARM.exidx.text.RTC_ConfigWakeUpClock), (8 bytes).
    Removing n32wb452_rtc.o(.text.RTC_SetWakeUpCounter), (26 bytes).
    Removing n32wb452_rtc.o(.ARM.exidx.text.RTC_SetWakeUpCounter), (8 bytes).
    Removing n32wb452_rtc.o(.text.RTC_GetWakeUpCounter), (14 bytes).
    Removing n32wb452_rtc.o(.ARM.exidx.text.RTC_GetWakeUpCounter), (8 bytes).
    Removing n32wb452_rtc.o(.text.RTC_EnableWakeUp), (80 bytes).
    Removing n32wb452_rtc.o(.ARM.exidx.text.RTC_EnableWakeUp), (8 bytes).
    Removing n32wb452_rtc.o(.text.RTC_ConfigDayLightSaving), (42 bytes).
    Removing n32wb452_rtc.o(.ARM.exidx.text.RTC_ConfigDayLightSaving), (8 bytes).
    Removing n32wb452_rtc.o(.text.RTC_GetStoreOperation), (16 bytes).
    Removing n32wb452_rtc.o(.ARM.exidx.text.RTC_GetStoreOperation), (8 bytes).
    Removing n32wb452_rtc.o(.text.RTC_ConfigOutput), (38 bytes).
    Removing n32wb452_rtc.o(.ARM.exidx.text.RTC_ConfigOutput), (8 bytes).
    Removing n32wb452_rtc.o(.text.RTC_EnableCalibOutput), (44 bytes).
    Removing n32wb452_rtc.o(.ARM.exidx.text.RTC_EnableCalibOutput), (8 bytes).
    Removing n32wb452_rtc.o(.text.RTC_ConfigCalibOutput), (36 bytes).
    Removing n32wb452_rtc.o(.ARM.exidx.text.RTC_ConfigCalibOutput), (8 bytes).
    Removing n32wb452_rtc.o(.text.RTC_ConfigSmoothCalib), (88 bytes).
    Removing n32wb452_rtc.o(.ARM.exidx.text.RTC_ConfigSmoothCalib), (8 bytes).
    Removing n32wb452_rtc.o(.text.RTC_EnableTimeStamp), (48 bytes).
    Removing n32wb452_rtc.o(.ARM.exidx.text.RTC_EnableTimeStamp), (8 bytes).
    Removing n32wb452_rtc.o(.text.RTC_GetTimeStamp), (192 bytes).
    Removing n32wb452_rtc.o(.ARM.exidx.text.RTC_GetTimeStamp), (8 bytes).
    Removing n32wb452_rtc.o(.text.RTC_GetTimeStampSubSecond), (12 bytes).
    Removing n32wb452_rtc.o(.ARM.exidx.text.RTC_GetTimeStampSubSecond), (8 bytes).
    Removing n32wb452_rtc.o(.text.RTC_ConfigOutputType), (24 bytes).
    Removing n32wb452_rtc.o(.ARM.exidx.text.RTC_ConfigOutputType), (8 bytes).
    Removing n32wb452_rtc.o(.text.RTC_ConfigSynchroShift), (154 bytes).
    Removing n32wb452_rtc.o(.ARM.exidx.text.RTC_ConfigSynchroShift), (8 bytes).
    Removing n32wb452_rtc.o(.text.RTC_ConfigInt), (36 bytes).
    Removing n32wb452_rtc.o(.ARM.exidx.text.RTC_ConfigInt), (8 bytes).
    Removing n32wb452_rtc.o(.text.RTC_GetFlagStatus), (28 bytes).
    Removing n32wb452_rtc.o(.ARM.exidx.text.RTC_GetFlagStatus), (8 bytes).
    Removing n32wb452_rtc.o(.text.RTC_ClrFlag), (36 bytes).
    Removing n32wb452_rtc.o(.ARM.exidx.text.RTC_ClrFlag), (8 bytes).
    Removing n32wb452_rtc.o(.text.RTC_GetITStatus), (34 bytes).
    Removing n32wb452_rtc.o(.ARM.exidx.text.RTC_GetITStatus), (8 bytes).
    Removing n32wb452_rtc.o(.text.RTC_ClrIntPendingBit), (34 bytes).
    Removing n32wb452_rtc.o(.ARM.exidx.text.RTC_ClrIntPendingBit), (8 bytes).
    Removing n32wb452_sdio.o(.text), (0 bytes).
    Removing n32wb452_sdio.o(.text.SDIO_DeInit), (38 bytes).
    Removing n32wb452_sdio.o(.ARM.exidx.text.SDIO_DeInit), (8 bytes).
    Removing n32wb452_sdio.o(.text.SDIO_Init), (52 bytes).
    Removing n32wb452_sdio.o(.ARM.exidx.text.SDIO_Init), (8 bytes).
    Removing n32wb452_sdio.o(.text.SDIO_InitStruct), (16 bytes).
    Removing n32wb452_sdio.o(.ARM.exidx.text.SDIO_InitStruct), (8 bytes).
    Removing n32wb452_sdio.o(.text.SDIO_EnableClock), (10 bytes).
    Removing n32wb452_sdio.o(.ARM.exidx.text.SDIO_EnableClock), (8 bytes).
    Removing n32wb452_sdio.o(.text.SDIO_SetPower), (24 bytes).
    Removing n32wb452_sdio.o(.ARM.exidx.text.SDIO_SetPower), (8 bytes).
    Removing n32wb452_sdio.o(.text.SDIO_GetPower), (16 bytes).
    Removing n32wb452_sdio.o(.ARM.exidx.text.SDIO_GetPower), (8 bytes).
    Removing n32wb452_sdio.o(.text.SDIO_ConfigInt), (24 bytes).
    Removing n32wb452_sdio.o(.ARM.exidx.text.SDIO_ConfigInt), (8 bytes).
    Removing n32wb452_sdio.o(.text.SDIO_DMACmd), (12 bytes).
    Removing n32wb452_sdio.o(.ARM.exidx.text.SDIO_DMACmd), (8 bytes).
    Removing n32wb452_sdio.o(.text.SDIO_SendCmd), (46 bytes).
    Removing n32wb452_sdio.o(.ARM.exidx.text.SDIO_SendCmd), (8 bytes).
    Removing n32wb452_sdio.o(.text.SDIO_InitCmdStruct), (14 bytes).
    Removing n32wb452_sdio.o(.ARM.exidx.text.SDIO_InitCmdStruct), (8 bytes).
    Removing n32wb452_sdio.o(.text.SDIO_GetCmdResp), (14 bytes).
    Removing n32wb452_sdio.o(.ARM.exidx.text.SDIO_GetCmdResp), (8 bytes).
    Removing n32wb452_sdio.o(.text.SDIO_GetResp), (26 bytes).
    Removing n32wb452_sdio.o(.ARM.exidx.text.SDIO_GetResp), (8 bytes).
    Removing n32wb452_sdio.o(.text.SDIO_ConfigData), (64 bytes).
    Removing n32wb452_sdio.o(.ARM.exidx.text.SDIO_ConfigData), (8 bytes).
    Removing n32wb452_sdio.o(.text.SDIO_InitDataStruct), (20 bytes).
    Removing n32wb452_sdio.o(.ARM.exidx.text.SDIO_InitDataStruct), (8 bytes).
    Removing n32wb452_sdio.o(.text.SDIO_GetDataCountValue), (12 bytes).
    Removing n32wb452_sdio.o(.ARM.exidx.text.SDIO_GetDataCountValue), (8 bytes).
    Removing n32wb452_sdio.o(.text.SDIO_ReadData), (12 bytes).
    Removing n32wb452_sdio.o(.ARM.exidx.text.SDIO_ReadData), (8 bytes).
    Removing n32wb452_sdio.o(.text.SDIO_WriteData), (12 bytes).
    Removing n32wb452_sdio.o(.ARM.exidx.text.SDIO_WriteData), (8 bytes).
    Removing n32wb452_sdio.o(.text.SDIO_GetFifoCounter), (12 bytes).
    Removing n32wb452_sdio.o(.ARM.exidx.text.SDIO_GetFifoCounter), (8 bytes).
    Removing n32wb452_sdio.o(.text.SDIO_EnableReadWait), (12 bytes).
    Removing n32wb452_sdio.o(.ARM.exidx.text.SDIO_EnableReadWait), (8 bytes).
    Removing n32wb452_sdio.o(.text.SDIO_DisableReadWait), (12 bytes).
    Removing n32wb452_sdio.o(.ARM.exidx.text.SDIO_DisableReadWait), (8 bytes).
    Removing n32wb452_sdio.o(.text.SDIO_EnableSdioReadWaitMode), (12 bytes).
    Removing n32wb452_sdio.o(.ARM.exidx.text.SDIO_EnableSdioReadWaitMode), (8 bytes).
    Removing n32wb452_sdio.o(.text.SDIO_EnableSdioOperation), (12 bytes).
    Removing n32wb452_sdio.o(.ARM.exidx.text.SDIO_EnableSdioOperation), (8 bytes).
    Removing n32wb452_sdio.o(.text.SDIO_EnableSendSdioSuspend), (12 bytes).
    Removing n32wb452_sdio.o(.ARM.exidx.text.SDIO_EnableSendSdioSuspend), (8 bytes).
    Removing n32wb452_sdio.o(.text.SDIO_EnableCommandCompletion), (12 bytes).
    Removing n32wb452_sdio.o(.ARM.exidx.text.SDIO_EnableCommandCompletion), (8 bytes).
    Removing n32wb452_sdio.o(.text.SDIO_EnableCEATAInt), (18 bytes).
    Removing n32wb452_sdio.o(.ARM.exidx.text.SDIO_EnableCEATAInt), (8 bytes).
    Removing n32wb452_sdio.o(.text.SDIO_EnableSendCEATA), (12 bytes).
    Removing n32wb452_sdio.o(.ARM.exidx.text.SDIO_EnableSendCEATA), (8 bytes).
    Removing n32wb452_sdio.o(.text.SDIO_GetFlag), (18 bytes).
    Removing n32wb452_sdio.o(.ARM.exidx.text.SDIO_GetFlag), (8 bytes).
    Removing n32wb452_sdio.o(.text.SDIO_ClrFlag), (12 bytes).
    Removing n32wb452_sdio.o(.ARM.exidx.text.SDIO_ClrFlag), (8 bytes).
    Removing n32wb452_sdio.o(.text.SDIO_GetIntStatus), (18 bytes).
    Removing n32wb452_sdio.o(.ARM.exidx.text.SDIO_GetIntStatus), (8 bytes).
    Removing n32wb452_sdio.o(.text.SDIO_ClrIntPendingBit), (12 bytes).
    Removing n32wb452_sdio.o(.ARM.exidx.text.SDIO_ClrIntPendingBit), (8 bytes).
    Removing n32wb452_spi.o(.text), (0 bytes).
    Removing n32wb452_spi.o(.text.SPI_I2S_DeInit), (104 bytes).
    Removing n32wb452_spi.o(.ARM.exidx.text.SPI_I2S_DeInit), (8 bytes).
    Removing n32wb452_spi.o(.text.SPI_Init), (70 bytes).
    Removing n32wb452_spi.o(.ARM.exidx.text.SPI_Init), (8 bytes).
    Removing n32wb452_spi.o(.text.I2S_Init), (148 bytes).
    Removing n32wb452_spi.o(.ARM.exidx.text.I2S_Init), (8 bytes).
    Removing n32wb452_spi.o(.text.SPI_InitStruct), (16 bytes).
    Removing n32wb452_spi.o(.ARM.exidx.text.SPI_InitStruct), (8 bytes).
    Removing n32wb452_spi.o(.text.I2S_InitStruct), (14 bytes).
    Removing n32wb452_spi.o(.ARM.exidx.text.I2S_InitStruct), (8 bytes).
    Removing n32wb452_spi.o(.text.SPI_Enable), (20 bytes).
    Removing n32wb452_spi.o(.ARM.exidx.text.SPI_Enable), (8 bytes).
    Removing n32wb452_spi.o(.text.I2S_Enable), (20 bytes).
    Removing n32wb452_spi.o(.ARM.exidx.text.I2S_Enable), (8 bytes).
    Removing n32wb452_spi.o(.text.SPI_I2S_EnableInt), (24 bytes).
    Removing n32wb452_spi.o(.ARM.exidx.text.SPI_I2S_EnableInt), (8 bytes).
    Removing n32wb452_spi.o(.text.SPI_I2S_EnableDma), (16 bytes).
    Removing n32wb452_spi.o(.ARM.exidx.text.SPI_I2S_EnableDma), (8 bytes).
    Removing n32wb452_spi.o(.text.SPI_I2S_TransmitData), (4 bytes).
    Removing n32wb452_spi.o(.ARM.exidx.text.SPI_I2S_TransmitData), (8 bytes).
    Removing n32wb452_spi.o(.text.SPI_I2S_ReceiveData), (4 bytes).
    Removing n32wb452_spi.o(.ARM.exidx.text.SPI_I2S_ReceiveData), (8 bytes).
    Removing n32wb452_spi.o(.text.SPI_SetNssLevel), (24 bytes).
    Removing n32wb452_spi.o(.ARM.exidx.text.SPI_SetNssLevel), (8 bytes).
    Removing n32wb452_spi.o(.text.SPI_SSOutputEnable), (20 bytes).
    Removing n32wb452_spi.o(.ARM.exidx.text.SPI_SSOutputEnable), (8 bytes).
    Removing n32wb452_spi.o(.text.SPI_ConfigDataLen), (16 bytes).
    Removing n32wb452_spi.o(.ARM.exidx.text.SPI_ConfigDataLen), (8 bytes).
    Removing n32wb452_spi.o(.text.SPI_TransmitCrcNext), (10 bytes).
    Removing n32wb452_spi.o(.ARM.exidx.text.SPI_TransmitCrcNext), (8 bytes).
    Removing n32wb452_spi.o(.text.SPI_EnableCalculateCrc), (20 bytes).
    Removing n32wb452_spi.o(.ARM.exidx.text.SPI_EnableCalculateCrc), (8 bytes).
    Removing n32wb452_spi.o(.text.SPI_GetCRCDat), (12 bytes).
    Removing n32wb452_spi.o(.ARM.exidx.text.SPI_GetCRCDat), (8 bytes).
    Removing n32wb452_spi.o(.text.SPI_GetCRCPoly), (4 bytes).
    Removing n32wb452_spi.o(.ARM.exidx.text.SPI_GetCRCPoly), (8 bytes).
    Removing n32wb452_spi.o(.text.SPI_ConfigBidirectionalMode), (24 bytes).
    Removing n32wb452_spi.o(.ARM.exidx.text.SPI_ConfigBidirectionalMode), (8 bytes).
    Removing n32wb452_spi.o(.text.SPI_I2S_GetStatus), (10 bytes).
    Removing n32wb452_spi.o(.ARM.exidx.text.SPI_I2S_GetStatus), (8 bytes).
    Removing n32wb452_spi.o(.text.SPI_I2S_ClrCRCErrFlag), (6 bytes).
    Removing n32wb452_spi.o(.ARM.exidx.text.SPI_I2S_ClrCRCErrFlag), (8 bytes).
    Removing n32wb452_spi.o(.text.SPI_I2S_GetIntStatus), (24 bytes).
    Removing n32wb452_spi.o(.ARM.exidx.text.SPI_I2S_GetIntStatus), (8 bytes).
    Removing n32wb452_spi.o(.text.SPI_I2S_ClrITPendingBit), (16 bytes).
    Removing n32wb452_spi.o(.ARM.exidx.text.SPI_I2S_ClrITPendingBit), (8 bytes).
    Removing n32wb452_tim.o(.text), (0 bytes).
    Removing n32wb452_tim.o(.text.TIM_DeInit), (252 bytes).
    Removing n32wb452_tim.o(.ARM.exidx.text.TIM_DeInit), (8 bytes).
    Removing n32wb452_tim.o(.text.TIM_InitTimeBase), (390 bytes).
    Removing n32wb452_tim.o(.ARM.exidx.text.TIM_InitTimeBase), (8 bytes).
    Removing n32wb452_tim.o(.text.TIM_InitOc1), (108 bytes).
    Removing n32wb452_tim.o(.ARM.exidx.text.TIM_InitOc1), (8 bytes).
    Removing n32wb452_tim.o(.text.TIM_InitOc2), (120 bytes).
    Removing n32wb452_tim.o(.ARM.exidx.text.TIM_InitOc2), (8 bytes).
    Removing n32wb452_tim.o(.text.TIM_InitOc3), (120 bytes).
    Removing n32wb452_tim.o(.ARM.exidx.text.TIM_InitOc3), (8 bytes).
    Removing n32wb452_tim.o(.text.TIM_InitOc4), (92 bytes).
    Removing n32wb452_tim.o(.ARM.exidx.text.TIM_InitOc4), (8 bytes).
    Removing n32wb452_tim.o(.text.TIM_InitOc5), (94 bytes).
    Removing n32wb452_tim.o(.ARM.exidx.text.TIM_InitOc5), (8 bytes).
    Removing n32wb452_tim.o(.text.TIM_InitOc6), (94 bytes).
    Removing n32wb452_tim.o(.ARM.exidx.text.TIM_InitOc6), (8 bytes).
    Removing n32wb452_tim.o(.text.TIM_ICInit), (648 bytes).
    Removing n32wb452_tim.o(.ARM.exidx.text.TIM_ICInit), (8 bytes).
    Removing n32wb452_tim.o(.text.TIM_SetInCap1Prescaler), (16 bytes).
    Removing n32wb452_tim.o(.ARM.exidx.text.TIM_SetInCap1Prescaler), (8 bytes).
    Removing n32wb452_tim.o(.text.TIM_SetInCap2Prescaler), (18 bytes).
    Removing n32wb452_tim.o(.ARM.exidx.text.TIM_SetInCap2Prescaler), (8 bytes).
    Removing n32wb452_tim.o(.text.TIM_SetInCap3Prescaler), (16 bytes).
    Removing n32wb452_tim.o(.ARM.exidx.text.TIM_SetInCap3Prescaler), (8 bytes).
    Removing n32wb452_tim.o(.text.TIM_SetInCap4Prescaler), (18 bytes).
    Removing n32wb452_tim.o(.ARM.exidx.text.TIM_SetInCap4Prescaler), (8 bytes).
    Removing n32wb452_tim.o(.text.TIM_ConfigPwmIc), (594 bytes).
    Removing n32wb452_tim.o(.ARM.exidx.text.TIM_ConfigPwmIc), (8 bytes).
    Removing n32wb452_tim.o(.text.TIM_ConfigBkdt), (86 bytes).
    Removing n32wb452_tim.o(.ARM.exidx.text.TIM_ConfigBkdt), (8 bytes).
    Removing n32wb452_tim.o(.text.TIM_InitTimBaseStruct), (22 bytes).
    Removing n32wb452_tim.o(.ARM.exidx.text.TIM_InitTimBaseStruct), (8 bytes).
    Removing n32wb452_tim.o(.text.TIM_InitOcStruct), (12 bytes).
    Removing n32wb452_tim.o(.ARM.exidx.text.TIM_InitOcStruct), (8 bytes).
    Removing n32wb452_tim.o(.text.TIM_InitIcStruct), (12 bytes).
    Removing n32wb452_tim.o(.ARM.exidx.text.TIM_InitIcStruct), (8 bytes).
    Removing n32wb452_tim.o(.text.TIM_InitBkdtStruct), (14 bytes).
    Removing n32wb452_tim.o(.ARM.exidx.text.TIM_InitBkdtStruct), (8 bytes).
    Removing n32wb452_tim.o(.text.TIM_Enable), (16 bytes).
    Removing n32wb452_tim.o(.ARM.exidx.text.TIM_Enable), (8 bytes).
    Removing n32wb452_tim.o(.text.TIM_EnableCtrlPwmOutputs), (24 bytes).
    Removing n32wb452_tim.o(.ARM.exidx.text.TIM_EnableCtrlPwmOutputs), (8 bytes).
    Removing n32wb452_tim.o(.text.TIM_ConfigInt), (16 bytes).
    Removing n32wb452_tim.o(.ARM.exidx.text.TIM_ConfigInt), (8 bytes).
    Removing n32wb452_tim.o(.text.TIM_GenerateEvent), (4 bytes).
    Removing n32wb452_tim.o(.ARM.exidx.text.TIM_GenerateEvent), (8 bytes).
    Removing n32wb452_tim.o(.text.TIM_ConfigDma), (8 bytes).
    Removing n32wb452_tim.o(.ARM.exidx.text.TIM_ConfigDma), (8 bytes).
    Removing n32wb452_tim.o(.text.TIM_EnableDma), (16 bytes).
    Removing n32wb452_tim.o(.ARM.exidx.text.TIM_EnableDma), (8 bytes).
    Removing n32wb452_tim.o(.text.TIM_ConfigInternalClk), (10 bytes).
    Removing n32wb452_tim.o(.ARM.exidx.text.TIM_ConfigInternalClk), (8 bytes).
    Removing n32wb452_tim.o(.text.TIM_ConfigInternalTrigToExt), (20 bytes).
    Removing n32wb452_tim.o(.ARM.exidx.text.TIM_ConfigInternalTrigToExt), (8 bytes).
    Removing n32wb452_tim.o(.text.TIM_SelectInputTrig), (12 bytes).
    Removing n32wb452_tim.o(.ARM.exidx.text.TIM_SelectInputTrig), (8 bytes).
    Removing n32wb452_tim.o(.text.TIM_ConfigExtTrigAsClk), (284 bytes).
    Removing n32wb452_tim.o(.ARM.exidx.text.TIM_ConfigExtTrigAsClk), (8 bytes).
    Removing n32wb452_tim.o(.text.TIM_ConfigExtClkMode1), (30 bytes).
    Removing n32wb452_tim.o(.ARM.exidx.text.TIM_ConfigExtClkMode1), (8 bytes).
    Removing n32wb452_tim.o(.text.TIM_ConfigExtTrig), (22 bytes).
    Removing n32wb452_tim.o(.ARM.exidx.text.TIM_ConfigExtTrig), (8 bytes).
    Removing n32wb452_tim.o(.text.TIM_ConfigExtClkMode2), (30 bytes).
    Removing n32wb452_tim.o(.ARM.exidx.text.TIM_ConfigExtClkMode2), (8 bytes).
    Removing n32wb452_tim.o(.text.TIM_ConfigPrescaler), (6 bytes).
    Removing n32wb452_tim.o(.ARM.exidx.text.TIM_ConfigPrescaler), (8 bytes).
    Removing n32wb452_tim.o(.text.TIM_ConfigCntMode), (12 bytes).
    Removing n32wb452_tim.o(.ARM.exidx.text.TIM_ConfigCntMode), (8 bytes).
    Removing n32wb452_tim.o(.text.TIM_ConfigEncoderInterface), (50 bytes).
    Removing n32wb452_tim.o(.ARM.exidx.text.TIM_ConfigEncoderInterface), (8 bytes).
    Removing n32wb452_tim.o(.text.TIM_ConfigForcedOc1), (12 bytes).
    Removing n32wb452_tim.o(.ARM.exidx.text.TIM_ConfigForcedOc1), (8 bytes).
    Removing n32wb452_tim.o(.text.TIM_ConfigForcedOc2), (14 bytes).
    Removing n32wb452_tim.o(.ARM.exidx.text.TIM_ConfigForcedOc2), (8 bytes).
    Removing n32wb452_tim.o(.text.TIM_ConfigForcedOc3), (12 bytes).
    Removing n32wb452_tim.o(.ARM.exidx.text.TIM_ConfigForcedOc3), (8 bytes).
    Removing n32wb452_tim.o(.text.TIM_ConfigForcedOc4), (14 bytes).
    Removing n32wb452_tim.o(.ARM.exidx.text.TIM_ConfigForcedOc4), (8 bytes).
    Removing n32wb452_tim.o(.text.TIM_ConfigForcedOc5), (16 bytes).
    Removing n32wb452_tim.o(.ARM.exidx.text.TIM_ConfigForcedOc5), (8 bytes).
    Removing n32wb452_tim.o(.text.TIM_ConfigForcedOc6), (18 bytes).
    Removing n32wb452_tim.o(.ARM.exidx.text.TIM_ConfigForcedOc6), (8 bytes).
    Removing n32wb452_tim.o(.text.TIM_ConfigArPreload), (16 bytes).
    Removing n32wb452_tim.o(.ARM.exidx.text.TIM_ConfigArPreload), (8 bytes).
    Removing n32wb452_tim.o(.text.TIM_SelectComEvt), (16 bytes).
    Removing n32wb452_tim.o(.ARM.exidx.text.TIM_SelectComEvt), (8 bytes).
    Removing n32wb452_tim.o(.text.TIM_SelectCapCmpDmaSrc), (16 bytes).
    Removing n32wb452_tim.o(.ARM.exidx.text.TIM_SelectCapCmpDmaSrc), (8 bytes).
    Removing n32wb452_tim.o(.text.TIM_EnableCapCmpPreloadControl), (16 bytes).
    Removing n32wb452_tim.o(.ARM.exidx.text.TIM_EnableCapCmpPreloadControl), (8 bytes).
    Removing n32wb452_tim.o(.text.TIM_ConfigOc1Preload), (12 bytes).
    Removing n32wb452_tim.o(.ARM.exidx.text.TIM_ConfigOc1Preload), (8 bytes).
    Removing n32wb452_tim.o(.text.TIM_ConfigOc2Preload), (14 bytes).
    Removing n32wb452_tim.o(.ARM.exidx.text.TIM_ConfigOc2Preload), (8 bytes).
    Removing n32wb452_tim.o(.text.TIM_ConfigOc3Preload), (12 bytes).
    Removing n32wb452_tim.o(.ARM.exidx.text.TIM_ConfigOc3Preload), (8 bytes).
    Removing n32wb452_tim.o(.text.TIM_ConfigOc4Preload), (14 bytes).
    Removing n32wb452_tim.o(.ARM.exidx.text.TIM_ConfigOc4Preload), (8 bytes).
    Removing n32wb452_tim.o(.text.TIM_ConfigOc5Preload), (16 bytes).
    Removing n32wb452_tim.o(.ARM.exidx.text.TIM_ConfigOc5Preload), (8 bytes).
    Removing n32wb452_tim.o(.text.TIM_ConfigOc6Preload), (18 bytes).
    Removing n32wb452_tim.o(.ARM.exidx.text.TIM_ConfigOc6Preload), (8 bytes).
    Removing n32wb452_tim.o(.text.TIM_ConfigOc1Fast), (12 bytes).
    Removing n32wb452_tim.o(.ARM.exidx.text.TIM_ConfigOc1Fast), (8 bytes).
    Removing n32wb452_tim.o(.text.TIM_ConfigOc2Fast), (14 bytes).
    Removing n32wb452_tim.o(.ARM.exidx.text.TIM_ConfigOc2Fast), (8 bytes).
    Removing n32wb452_tim.o(.text.TIM_ConfigOc3Fast), (12 bytes).
    Removing n32wb452_tim.o(.ARM.exidx.text.TIM_ConfigOc3Fast), (8 bytes).
    Removing n32wb452_tim.o(.text.TIM_ConfigOc4Fast), (14 bytes).
    Removing n32wb452_tim.o(.ARM.exidx.text.TIM_ConfigOc4Fast), (8 bytes).
    Removing n32wb452_tim.o(.text.TIM_ConfigOc5Fast), (16 bytes).
    Removing n32wb452_tim.o(.ARM.exidx.text.TIM_ConfigOc5Fast), (8 bytes).
    Removing n32wb452_tim.o(.text.TIM_ConfigOc6Fast), (18 bytes).
    Removing n32wb452_tim.o(.ARM.exidx.text.TIM_ConfigOc6Fast), (8 bytes).
    Removing n32wb452_tim.o(.text.TIM_ClrOc1Ref), (12 bytes).
    Removing n32wb452_tim.o(.ARM.exidx.text.TIM_ClrOc1Ref), (8 bytes).
    Removing n32wb452_tim.o(.text.TIM_ClrOc2Ref), (14 bytes).
    Removing n32wb452_tim.o(.ARM.exidx.text.TIM_ClrOc2Ref), (8 bytes).
    Removing n32wb452_tim.o(.text.TIM_ClrOc3Ref), (12 bytes).
    Removing n32wb452_tim.o(.ARM.exidx.text.TIM_ClrOc3Ref), (8 bytes).
    Removing n32wb452_tim.o(.text.TIM_ClrOc4Ref), (14 bytes).
    Removing n32wb452_tim.o(.ARM.exidx.text.TIM_ClrOc4Ref), (8 bytes).
    Removing n32wb452_tim.o(.text.TIM_ClrOc5Ref), (16 bytes).
    Removing n32wb452_tim.o(.ARM.exidx.text.TIM_ClrOc5Ref), (8 bytes).
    Removing n32wb452_tim.o(.text.TIM_ClrOc6Ref), (18 bytes).
    Removing n32wb452_tim.o(.ARM.exidx.text.TIM_ClrOc6Ref), (8 bytes).
    Removing n32wb452_tim.o(.text.TIM_ConfigOc1Polarity), (12 bytes).
    Removing n32wb452_tim.o(.ARM.exidx.text.TIM_ConfigOc1Polarity), (8 bytes).
    Removing n32wb452_tim.o(.text.TIM_ConfigOc1NPolarity), (12 bytes).
    Removing n32wb452_tim.o(.ARM.exidx.text.TIM_ConfigOc1NPolarity), (8 bytes).
    Removing n32wb452_tim.o(.text.TIM_ConfigOc2Polarity), (14 bytes).
    Removing n32wb452_tim.o(.ARM.exidx.text.TIM_ConfigOc2Polarity), (8 bytes).
    Removing n32wb452_tim.o(.text.TIM_ConfigOc2NPolarity), (14 bytes).
    Removing n32wb452_tim.o(.ARM.exidx.text.TIM_ConfigOc2NPolarity), (8 bytes).
    Removing n32wb452_tim.o(.text.TIM_ConfigOc3Polarity), (14 bytes).
    Removing n32wb452_tim.o(.ARM.exidx.text.TIM_ConfigOc3Polarity), (8 bytes).
    Removing n32wb452_tim.o(.text.TIM_ConfigOc3NPolarity), (14 bytes).
    Removing n32wb452_tim.o(.ARM.exidx.text.TIM_ConfigOc3NPolarity), (8 bytes).
    Removing n32wb452_tim.o(.text.TIM_ConfigOc4Polarity), (14 bytes).
    Removing n32wb452_tim.o(.ARM.exidx.text.TIM_ConfigOc4Polarity), (8 bytes).
    Removing n32wb452_tim.o(.text.TIM_ConfigOc5Polarity), (14 bytes).
    Removing n32wb452_tim.o(.ARM.exidx.text.TIM_ConfigOc5Polarity), (8 bytes).
    Removing n32wb452_tim.o(.text.TIM_ConfigOc6Polarity), (14 bytes).
    Removing n32wb452_tim.o(.ARM.exidx.text.TIM_ConfigOc6Polarity), (8 bytes).
    Removing n32wb452_tim.o(.text.TIM_EnableCapCmpCh), (38 bytes).
    Removing n32wb452_tim.o(.ARM.exidx.text.TIM_EnableCapCmpCh), (8 bytes).
    Removing n32wb452_tim.o(.text.TIM_EnableCapCmpChN), (38 bytes).
    Removing n32wb452_tim.o(.ARM.exidx.text.TIM_EnableCapCmpChN), (8 bytes).
    Removing n32wb452_tim.o(.text.TIM_SelectOcMode), (86 bytes).
    Removing n32wb452_tim.o(.ARM.exidx.text.TIM_SelectOcMode), (8 bytes).
    Removing n32wb452_tim.o(.text.TIM_EnableUpdateEvt), (16 bytes).
    Removing n32wb452_tim.o(.ARM.exidx.text.TIM_EnableUpdateEvt), (8 bytes).
    Removing n32wb452_tim.o(.text.TIM_ConfigUpdateEvt), (16 bytes).
    Removing n32wb452_tim.o(.ARM.exidx.text.TIM_ConfigUpdateEvt), (8 bytes).
    Removing n32wb452_tim.o(.text.TIM_ConfigUpdateRequestIntSrc), (16 bytes).
    Removing n32wb452_tim.o(.ARM.exidx.text.TIM_ConfigUpdateRequestIntSrc), (8 bytes).
    Removing n32wb452_tim.o(.text.TIM_SelectHallSensor), (16 bytes).
    Removing n32wb452_tim.o(.ARM.exidx.text.TIM_SelectHallSensor), (8 bytes).
    Removing n32wb452_tim.o(.text.TIM_SelectOnePulseMode), (16 bytes).
    Removing n32wb452_tim.o(.ARM.exidx.text.TIM_SelectOnePulseMode), (8 bytes).
    Removing n32wb452_tim.o(.text.TIM_SelectOutputTrig), (16 bytes).
    Removing n32wb452_tim.o(.ARM.exidx.text.TIM_SelectOutputTrig), (8 bytes).
    Removing n32wb452_tim.o(.text.TIM_SelectExtSignalSource), (16 bytes).
    Removing n32wb452_tim.o(.ARM.exidx.text.TIM_SelectExtSignalSource), (8 bytes).
    Removing n32wb452_tim.o(.text.TIM_SelectSlaveMode), (16 bytes).
    Removing n32wb452_tim.o(.ARM.exidx.text.TIM_SelectSlaveMode), (8 bytes).
    Removing n32wb452_tim.o(.text.TIM_SelectMasterSlaveMode), (16 bytes).
    Removing n32wb452_tim.o(.ARM.exidx.text.TIM_SelectMasterSlaveMode), (8 bytes).
    Removing n32wb452_tim.o(.text.TIM_SetCnt), (4 bytes).
    Removing n32wb452_tim.o(.ARM.exidx.text.TIM_SetCnt), (8 bytes).
    Removing n32wb452_tim.o(.text.TIM_SetAutoReload), (4 bytes).
    Removing n32wb452_tim.o(.ARM.exidx.text.TIM_SetAutoReload), (8 bytes).
    Removing n32wb452_tim.o(.text.TIM_SetCmp1), (4 bytes).
    Removing n32wb452_tim.o(.ARM.exidx.text.TIM_SetCmp1), (8 bytes).
    Removing n32wb452_tim.o(.text.TIM_SetCmp2), (4 bytes).
    Removing n32wb452_tim.o(.ARM.exidx.text.TIM_SetCmp2), (8 bytes).
    Removing n32wb452_tim.o(.text.TIM_SetCmp3), (4 bytes).
    Removing n32wb452_tim.o(.ARM.exidx.text.TIM_SetCmp3), (8 bytes).
    Removing n32wb452_tim.o(.text.TIM_SetCmp4), (6 bytes).
    Removing n32wb452_tim.o(.ARM.exidx.text.TIM_SetCmp4), (8 bytes).
    Removing n32wb452_tim.o(.text.TIM_SetCmp5), (6 bytes).
    Removing n32wb452_tim.o(.ARM.exidx.text.TIM_SetCmp5), (8 bytes).
    Removing n32wb452_tim.o(.text.TIM_SetCmp6), (6 bytes).
    Removing n32wb452_tim.o(.ARM.exidx.text.TIM_SetCmp6), (8 bytes).
    Removing n32wb452_tim.o(.text.TIM_SetClkDiv), (16 bytes).
    Removing n32wb452_tim.o(.ARM.exidx.text.TIM_SetClkDiv), (8 bytes).
    Removing n32wb452_tim.o(.text.TIM_GetCap1), (4 bytes).
    Removing n32wb452_tim.o(.ARM.exidx.text.TIM_GetCap1), (8 bytes).
    Removing n32wb452_tim.o(.text.TIM_GetCap2), (4 bytes).
    Removing n32wb452_tim.o(.ARM.exidx.text.TIM_GetCap2), (8 bytes).
    Removing n32wb452_tim.o(.text.TIM_GetCap3), (4 bytes).
    Removing n32wb452_tim.o(.ARM.exidx.text.TIM_GetCap3), (8 bytes).
    Removing n32wb452_tim.o(.text.TIM_GetCap4), (6 bytes).
    Removing n32wb452_tim.o(.ARM.exidx.text.TIM_GetCap4), (8 bytes).
    Removing n32wb452_tim.o(.text.TIM_GetCap5), (6 bytes).
    Removing n32wb452_tim.o(.ARM.exidx.text.TIM_GetCap5), (8 bytes).
    Removing n32wb452_tim.o(.text.TIM_GetCap6), (6 bytes).
    Removing n32wb452_tim.o(.ARM.exidx.text.TIM_GetCap6), (8 bytes).
    Removing n32wb452_tim.o(.text.TIM_GetCnt), (4 bytes).
    Removing n32wb452_tim.o(.ARM.exidx.text.TIM_GetCnt), (8 bytes).
    Removing n32wb452_tim.o(.text.TIM_GetPrescaler), (4 bytes).
    Removing n32wb452_tim.o(.ARM.exidx.text.TIM_GetPrescaler), (8 bytes).
    Removing n32wb452_tim.o(.text.TIM_GetAutoReload), (4 bytes).
    Removing n32wb452_tim.o(.ARM.exidx.text.TIM_GetAutoReload), (8 bytes).
    Removing n32wb452_tim.o(.text.TIM_GetCCENStatus), (50 bytes).
    Removing n32wb452_tim.o(.ARM.exidx.text.TIM_GetCCENStatus), (8 bytes).
    Removing n32wb452_tim.o(.text.TIM_GetFlagStatus), (10 bytes).
    Removing n32wb452_tim.o(.ARM.exidx.text.TIM_GetFlagStatus), (8 bytes).
    Removing n32wb452_tim.o(.text.TIM_ClearFlag), (6 bytes).
    Removing n32wb452_tim.o(.ARM.exidx.text.TIM_ClearFlag), (8 bytes).
    Removing n32wb452_tim.o(.text.TIM_GetIntStatus), (24 bytes).
    Removing n32wb452_tim.o(.ARM.exidx.text.TIM_GetIntStatus), (8 bytes).
    Removing n32wb452_tim.o(.text.TIM_ClrIntPendingBit), (6 bytes).
    Removing n32wb452_tim.o(.ARM.exidx.text.TIM_ClrIntPendingBit), (8 bytes).
    Removing n32wb452_tsc.o(.text), (0 bytes).
    Removing n32wb452_tsc.o(.text.TSC_Init), (96 bytes).
    Removing n32wb452_tsc.o(.ARM.exidx.text.TSC_Init), (8 bytes).
    Removing n32wb452_tsc.o(.text.TSC_ClockConfig), (118 bytes).
    Removing n32wb452_tsc.o(.ARM.exidx.text.TSC_ClockConfig), (8 bytes).
    Removing n32wb452_tsc.o(.text.TSC_ConfigInternalResistor), (138 bytes).
    Removing n32wb452_tsc.o(.ARM.exidx.text.TSC_ConfigInternalResistor), (8 bytes).
    Removing n32wb452_tsc.o(.text.TSC_ConfigThreshold), (104 bytes).
    Removing n32wb452_tsc.o(.ARM.exidx.text.TSC_ConfigThreshold), (8 bytes).
    Removing n32wb452_tsc.o(.text.TSC_GetChannelCfg), (108 bytes).
    Removing n32wb452_tsc.o(.ARM.exidx.text.TSC_GetChannelCfg), (8 bytes).
    Removing n32wb452_tsc.o(.text.TSC_GetStatus), (80 bytes).
    Removing n32wb452_tsc.o(.ARM.exidx.text.TSC_GetStatus), (8 bytes).
    Removing n32wb452_tsc.o(.text.TSC_Cmd), (68 bytes).
    Removing n32wb452_tsc.o(.ARM.exidx.text.TSC_Cmd), (8 bytes).
    Removing n32wb452_tsc.o(.text.TSC_SW_SwtichChn), (162 bytes).
    Removing n32wb452_tsc.o(.ARM.exidx.text.TSC_SW_SwtichChn), (8 bytes).
    Removing n32wb452_tsc.o(.text.TSC_SetAnaoCfg), (54 bytes).
    Removing n32wb452_tsc.o(.ARM.exidx.text.TSC_SetAnaoCfg), (8 bytes).
    Removing n32wb452_tsc.o(.text.TSC_SetChannelCfg), (238 bytes).
    Removing n32wb452_tsc.o(.ARM.exidx.text.TSC_SetChannelCfg), (8 bytes).
    Removing n32wb452_usart.o(.text), (0 bytes).
    Removing n32wb452_usart.o(.text.USART_DeInit), (242 bytes).
    Removing n32wb452_usart.o(.ARM.exidx.text.USART_DeInit), (8 bytes).
    Removing n32wb452_usart.o(.text.USART_Init), (192 bytes).
    Removing n32wb452_usart.o(.ARM.exidx.text.USART_Init), (8 bytes).
    Removing n32wb452_usart.o(.text.USART_StructInit), (18 bytes).
    Removing n32wb452_usart.o(.ARM.exidx.text.USART_StructInit), (8 bytes).
    Removing n32wb452_usart.o(.text.USART_ClockInit), (34 bytes).
    Removing n32wb452_usart.o(.ARM.exidx.text.USART_ClockInit), (8 bytes).
    Removing n32wb452_usart.o(.text.USART_ClockStructInit), (8 bytes).
    Removing n32wb452_usart.o(.ARM.exidx.text.USART_ClockStructInit), (8 bytes).
    Removing n32wb452_usart.o(.text.USART_Enable), (20 bytes).
    Removing n32wb452_usart.o(.ARM.exidx.text.USART_Enable), (8 bytes).
    Removing n32wb452_usart.o(.text.USART_ConfigInt), (46 bytes).
    Removing n32wb452_usart.o(.ARM.exidx.text.USART_ConfigInt), (8 bytes).
    Removing n32wb452_usart.o(.text.USART_EnableDMA), (16 bytes).
    Removing n32wb452_usart.o(.ARM.exidx.text.USART_EnableDMA), (8 bytes).
    Removing n32wb452_usart.o(.text.USART_SetAddr), (16 bytes).
    Removing n32wb452_usart.o(.ARM.exidx.text.USART_SetAddr), (8 bytes).
    Removing n32wb452_usart.o(.text.USART_ConfigWakeUpMode), (16 bytes).
    Removing n32wb452_usart.o(.ARM.exidx.text.USART_ConfigWakeUpMode), (8 bytes).
    Removing n32wb452_usart.o(.text.USART_EnableRcvWakeUp), (20 bytes).
    Removing n32wb452_usart.o(.ARM.exidx.text.USART_EnableRcvWakeUp), (8 bytes).
    Removing n32wb452_usart.o(.text.USART_ConfigLINBreakDetectLength), (16 bytes).
    Removing n32wb452_usart.o(.ARM.exidx.text.USART_ConfigLINBreakDetectLength), (8 bytes).
    Removing n32wb452_usart.o(.text.USART_EnableLIN), (20 bytes).
    Removing n32wb452_usart.o(.ARM.exidx.text.USART_EnableLIN), (8 bytes).
    Removing n32wb452_usart.o(.text.USART_SendData), (8 bytes).
    Removing n32wb452_usart.o(.ARM.exidx.text.USART_SendData), (8 bytes).
    Removing n32wb452_usart.o(.text.USART_ReceiveData), (8 bytes).
    Removing n32wb452_usart.o(.ARM.exidx.text.USART_ReceiveData), (8 bytes).
    Removing n32wb452_usart.o(.text.USART_SendBreak), (10 bytes).
    Removing n32wb452_usart.o(.ARM.exidx.text.USART_SendBreak), (8 bytes).
    Removing n32wb452_usart.o(.text.USART_SetGuardTime), (16 bytes).
    Removing n32wb452_usart.o(.ARM.exidx.text.USART_SetGuardTime), (8 bytes).
    Removing n32wb452_usart.o(.text.USART_SetPrescaler), (16 bytes).
    Removing n32wb452_usart.o(.ARM.exidx.text.USART_SetPrescaler), (8 bytes).
    Removing n32wb452_usart.o(.text.USART_EnableSmartCard), (20 bytes).
    Removing n32wb452_usart.o(.ARM.exidx.text.USART_EnableSmartCard), (8 bytes).
    Removing n32wb452_usart.o(.text.USART_SetSmartCardNACK), (20 bytes).
    Removing n32wb452_usart.o(.ARM.exidx.text.USART_SetSmartCardNACK), (8 bytes).
    Removing n32wb452_usart.o(.text.USART_EnableHalfDuplex), (20 bytes).
    Removing n32wb452_usart.o(.ARM.exidx.text.USART_EnableHalfDuplex), (8 bytes).
    Removing n32wb452_usart.o(.text.USART_ConfigIrDAMode), (16 bytes).
    Removing n32wb452_usart.o(.ARM.exidx.text.USART_ConfigIrDAMode), (8 bytes).
    Removing n32wb452_usart.o(.text.USART_EnableIrDA), (20 bytes).
    Removing n32wb452_usart.o(.ARM.exidx.text.USART_EnableIrDA), (8 bytes).
    Removing n32wb452_usart.o(.text.USART_GetFlagStatus), (10 bytes).
    Removing n32wb452_usart.o(.ARM.exidx.text.USART_GetFlagStatus), (8 bytes).
    Removing n32wb452_usart.o(.text.USART_ClrFlag), (6 bytes).
    Removing n32wb452_usart.o(.ARM.exidx.text.USART_ClrFlag), (8 bytes).
    Removing n32wb452_usart.o(.text.USART_GetIntStatus), (48 bytes).
    Removing n32wb452_usart.o(.ARM.exidx.text.USART_GetIntStatus), (8 bytes).
    Removing n32wb452_usart.o(.text.USART_ClrIntPendingBit), (14 bytes).
    Removing n32wb452_usart.o(.ARM.exidx.text.USART_ClrIntPendingBit), (8 bytes).
    Removing n32wb452_wwdg.o(.text), (0 bytes).
    Removing n32wb452_wwdg.o(.text.WWDG_DeInit), (26 bytes).
    Removing n32wb452_wwdg.o(.ARM.exidx.text.WWDG_DeInit), (8 bytes).
    Removing n32wb452_wwdg.o(.text.WWDG_SetPrescalerDiv), (20 bytes).
    Removing n32wb452_wwdg.o(.ARM.exidx.text.WWDG_SetPrescalerDiv), (8 bytes).
    Removing n32wb452_wwdg.o(.text.WWDG_SetWValue), (40 bytes).
    Removing n32wb452_wwdg.o(.ARM.exidx.text.WWDG_SetWValue), (8 bytes).
    Removing n32wb452_wwdg.o(.text.WWDG_EnableInt), (14 bytes).
    Removing n32wb452_wwdg.o(.ARM.exidx.text.WWDG_EnableInt), (8 bytes).
    Removing n32wb452_wwdg.o(.text.WWDG_SetCnt), (16 bytes).
    Removing n32wb452_wwdg.o(.ARM.exidx.text.WWDG_SetCnt), (8 bytes).
    Removing n32wb452_wwdg.o(.text.WWDG_Enable), (16 bytes).
    Removing n32wb452_wwdg.o(.ARM.exidx.text.WWDG_Enable), (8 bytes).
    Removing n32wb452_wwdg.o(.text.WWDG_GetEWINTF), (14 bytes).
    Removing n32wb452_wwdg.o(.ARM.exidx.text.WWDG_GetEWINTF), (8 bytes).
    Removing n32wb452_wwdg.o(.text.WWDG_ClrEWINTF), (14 bytes).
    Removing n32wb452_wwdg.o(.ARM.exidx.text.WWDG_ClrEWINTF), (8 bytes).
    Removing system_n32wb452.o(.text), (0 bytes).
    Removing system_n32wb452.o(.ARM.exidx.text.SystemInit), (8 bytes).
    Removing system_n32wb452.o(.text.SystemCoreClockUpdate), (138 bytes).
    Removing system_n32wb452.o(.ARM.exidx.text.SystemCoreClockUpdate), (8 bytes).
    Removing system_n32wb452.o(.rodata.AHBPrescTable), (16 bytes).
    Removing startup_n32wb452.o(HEAP), (2048 bytes).

1108 unused section(s) (total 32262 bytes) removed from the image.

==============================================================================

Image Symbol Table

    Local Symbols

    Symbol Name                              Value     Ov Type        Size  Object(Section)

    ../../Libraries/CMSIS/device/startup/startup_n32wb452.s 0x00000000   Number         0  startup_n32wb452.o ABSOLUTE
    ../clib/microlib/init/entry.s            0x00000000   Number         0  entry.o ABSOLUTE
    ../clib/microlib/init/entry.s            0x00000000   Number         0  entry2.o ABSOLUTE
    ../clib/microlib/init/entry.s            0x00000000   Number         0  entry5.o ABSOLUTE
    ../clib/microlib/init/entry.s            0x00000000   Number         0  entry7a.o ABSOLUTE
    ../clib/microlib/init/entry.s            0x00000000   Number         0  entry7b.o ABSOLUTE
    ../clib/microlib/init/entry.s            0x00000000   Number         0  entry8a.o ABSOLUTE
    ../clib/microlib/init/entry.s            0x00000000   Number         0  entry8b.o ABSOLUTE
    ../clib/microlib/init/entry.s            0x00000000   Number         0  entry9a.o ABSOLUTE
    ../clib/microlib/init/entry.s            0x00000000   Number         0  entry9b.o ABSOLUTE
    ../clib/microlib/init/entry.s            0x00000000   Number         0  entry10a.o ABSOLUTE
    ../clib/microlib/init/entry.s            0x00000000   Number         0  entry10b.o ABSOLUTE
    ../clib/microlib/init/entry.s            0x00000000   Number         0  entry11a.o ABSOLUTE
    ../clib/microlib/init/entry.s            0x00000000   Number         0  entry11b.o ABSOLUTE
    ../clib/microlib/string/memset.c         0x00000000   Number         0  memseta.o ABSOLUTE
    bsp_i2c.c                                0x00000000   Number         0  bsp_i2c.o ABSOLUTE
    dc.s                                     0x00000000   Number         0  dc.o ABSOLUTE
    handlers.s                               0x00000000   Number         0  handlers.o ABSOLUTE
    init.s                                   0x00000000   Number         0  init.o ABSOLUTE
    main.c                                   0x00000000   Number         0  main.o ABSOLUTE
    misc.c                                   0x00000000   Number         0  misc.o ABSOLUTE
    n32wb452_adc.c                           0x00000000   Number         0  n32wb452_adc.o ABSOLUTE
    n32wb452_bkp.c                           0x00000000   Number         0  n32wb452_bkp.o ABSOLUTE
    n32wb452_can.c                           0x00000000   Number         0  n32wb452_can.o ABSOLUTE
    n32wb452_crc.c                           0x00000000   Number         0  n32wb452_crc.o ABSOLUTE
    n32wb452_dac.c                           0x00000000   Number         0  n32wb452_dac.o ABSOLUTE
    n32wb452_dbg.c                           0x00000000   Number         0  n32wb452_dbg.o ABSOLUTE
    n32wb452_dma.c                           0x00000000   Number         0  n32wb452_dma.o ABSOLUTE
    n32wb452_dvp.c                           0x00000000   Number         0  n32wb452_dvp.o ABSOLUTE
    n32wb452_exti.c                          0x00000000   Number         0  n32wb452_exti.o ABSOLUTE
    n32wb452_flash.c                         0x00000000   Number         0  n32wb452_flash.o ABSOLUTE
    n32wb452_gpio.c                          0x00000000   Number         0  n32wb452_gpio.o ABSOLUTE
    n32wb452_i2c.c                           0x00000000   Number         0  n32wb452_i2c.o ABSOLUTE
    n32wb452_it.c                            0x00000000   Number         0  n32wb452_it.o ABSOLUTE
    n32wb452_iwdg.c                          0x00000000   Number         0  n32wb452_iwdg.o ABSOLUTE
    n32wb452_pwr.c                           0x00000000   Number         0  n32wb452_pwr.o ABSOLUTE
    n32wb452_rcc.c                           0x00000000   Number         0  n32wb452_rcc.o ABSOLUTE
    n32wb452_rtc.c                           0x00000000   Number         0  n32wb452_rtc.o ABSOLUTE
    n32wb452_sdio.c                          0x00000000   Number         0  n32wb452_sdio.o ABSOLUTE
    n32wb452_spi.c                           0x00000000   Number         0  n32wb452_spi.o ABSOLUTE
    n32wb452_tim.c                           0x00000000   Number         0  n32wb452_tim.o ABSOLUTE
    n32wb452_tsc.c                           0x00000000   Number         0  n32wb452_tsc.o ABSOLUTE
    n32wb452_usart.c                         0x00000000   Number         0  n32wb452_usart.o ABSOLUTE
    n32wb452_wwdg.c                          0x00000000   Number         0  n32wb452_wwdg.o ABSOLUTE
    system_n32wb452.c                        0x00000000   Number         0  system_n32wb452.o ABSOLUTE
    RESET                                    0x08000000   Section      408  startup_n32wb452.o(RESET)
    .ARM.Collect$$$$00000000                 0x08000198   Section        0  entry.o(.ARM.Collect$$$$00000000)
    .ARM.Collect$$$$00000001                 0x08000198   Section        4  entry2.o(.ARM.Collect$$$$00000001)
    .ARM.Collect$$$$00000004                 0x0800019c   Section        4  entry5.o(.ARM.Collect$$$$00000004)
    .ARM.Collect$$$$00000008                 0x080001a0   Section        0  entry7b.o(.ARM.Collect$$$$00000008)
    .ARM.Collect$$$$0000000A                 0x080001a0   Section        0  entry8b.o(.ARM.Collect$$$$0000000A)
    .ARM.Collect$$$$0000000B                 0x080001a0   Section        8  entry9a.o(.ARM.Collect$$$$0000000B)
    __lit__00000000                          0x080001a8   Data           4  entry2.o(.ARM.Collect$$$$00002712)
    .ARM.Collect$$$$0000000D                 0x080001a8   Section        0  entry10a.o(.ARM.Collect$$$$0000000D)
    .ARM.Collect$$$$0000000F                 0x080001a8   Section        0  entry11a.o(.ARM.Collect$$$$0000000F)
    .ARM.Collect$$$$00002712                 0x080001a8   Section        4  entry2.o(.ARM.Collect$$$$00002712)
    $v0                                      0x080001ac   Number         0  startup_n32wb452.o(.text)
    .text                                    0x080001ac   Section       36  startup_n32wb452.o(.text)
    RESERVE47_IRQHandler                     0x080001c7   Thumb Code     0  startup_n32wb452.o(.text)
    RESERVE48_IRQHandler                     0x080001c7   Thumb Code     0  startup_n32wb452.o(.text)
    RESERVE61_IRQHandler                     0x080001c7   Thumb Code     0  startup_n32wb452.o(.text)
    RESERVE62_IRQHandler                     0x080001c7   Thumb Code     0  startup_n32wb452.o(.text)
    RESERVE67_IRQHandler                     0x080001c7   Thumb Code     0  startup_n32wb452.o(.text)
    RESERVE82_IRQHandler                     0x080001c7   Thumb Code     0  startup_n32wb452.o(.text)
    RESERVE83_IRQHandler                     0x080001c7   Thumb Code     0  startup_n32wb452.o(.text)
    RESERVE84_IRQHandler                     0x080001c7   Thumb Code     0  startup_n32wb452.o(.text)
    .text                                    0x080001d0   Section        0  memseta.o(.text)
    .text                                    0x080001f4   Section       36  init.o(.text)
    [Anonymous Symbol]                       0x08000218   Section        0  bsp_i2c.o(.text.BSP_I2C_Init)
    [Anonymous Symbol]                       0x08000300   Section        0  bsp_i2c.o(.text.BSP_I2C_Master_Receive)
    [Anonymous Symbol]                       0x08000378   Section        0  bsp_i2c.o(.text.BSP_I2C_Master_Receive_DMA)
    [Anonymous Symbol]                       0x080004fc   Section        0  bsp_i2c.o(.text.BSP_I2C_Master_Receive_Polling)
    [Anonymous Symbol]                       0x08000794   Section        0  bsp_i2c.o(.text.BSP_I2C_Master_Transmit_DMA)
    [Anonymous Symbol]                       0x080008cc   Section        0  bsp_i2c.o(.text.BSP_I2C_Master_Transmit_Polling)
    [Anonymous Symbol]                       0x08000a50   Section        0  bsp_i2c.o(.text.BSP_I2C_ScanDevices)
    [Anonymous Symbol]                       0x08000b48   Section        0  n32wb452_it.o(.text.BusFault_Handler)
    [Anonymous Symbol]                       0x08000b4c   Section        0  n32wb452_dma.o(.text.DMA_DeInit)
    [Anonymous Symbol]                       0x08000ce0   Section        0  n32wb452_dma.o(.text.DMA_EnableChannel)
    [Anonymous Symbol]                       0x08000cf8   Section        0  n32wb452_dma.o(.text.DMA_GetFlagStatus)
    [Anonymous Symbol]                       0x08000d04   Section        0  n32wb452_dma.o(.text.DMA_Init)
    [Anonymous Symbol]                       0x08000d4c   Section        0  n32wb452_dma.o(.text.DMA_StructInit)
    [Anonymous Symbol]                       0x08000d58   Section        0  n32wb452_it.o(.text.DebugMon_Handler)
    [Anonymous Symbol]                       0x08000d5c   Section        0  n32wb452_gpio.o(.text.GPIO_InitPeripheral)
    [Anonymous Symbol]                       0x08000e1c   Section        0  n32wb452_gpio.o(.text.GPIO_InitStruct)
    [Anonymous Symbol]                       0x08000e28   Section        0  n32wb452_it.o(.text.HardFault_Handler)
    [Anonymous Symbol]                       0x08000e2c   Section        0  n32wb452_i2c.o(.text.I2C_CheckEvent)
    [Anonymous Symbol]                       0x08000e44   Section        0  n32wb452_i2c.o(.text.I2C_ConfigAck)
    [Anonymous Symbol]                       0x08000e58   Section        0  n32wb452_i2c.o(.text.I2C_ConfigInt)
    [Anonymous Symbol]                       0x08000e68   Section        0  n32wb452_i2c.o(.text.I2C_DeInit)
    [Anonymous Symbol]                       0x08000efc   Section        0  n32wb452_i2c.o(.text.I2C_Enable)
    [Anonymous Symbol]                       0x08000f10   Section        0  n32wb452_i2c.o(.text.I2C_EnableDMA)
    [Anonymous Symbol]                       0x08000f24   Section        0  n32wb452_i2c.o(.text.I2C_EnableDmaLastSend)
    [Anonymous Symbol]                       0x08000f38   Section        0  n32wb452_i2c.o(.text.I2C_GenerateStart)
    [Anonymous Symbol]                       0x08000f4c   Section        0  n32wb452_i2c.o(.text.I2C_GenerateStop)
    [Anonymous Symbol]                       0x08000f60   Section        0  n32wb452_i2c.o(.text.I2C_GetFlag)
    [Anonymous Symbol]                       0x08000f90   Section        0  n32wb452_i2c.o(.text.I2C_Init)
    [Anonymous Symbol]                       0x080010b0   Section        0  n32wb452_i2c.o(.text.I2C_InitStruct)
    [Anonymous Symbol]                       0x080010c8   Section        0  n32wb452_i2c.o(.text.I2C_RecvData)
    [Anonymous Symbol]                       0x080010d0   Section        0  n32wb452_i2c.o(.text.I2C_SendAddr7bit)
    [Anonymous Symbol]                       0x080010e0   Section        0  n32wb452_i2c.o(.text.I2C_SendData)
    [Anonymous Symbol]                       0x080010e4   Section        0  n32wb452_it.o(.text.MemManage_Handler)
    [Anonymous Symbol]                       0x080010e8   Section        0  n32wb452_it.o(.text.NMI_Handler)
    [Anonymous Symbol]                       0x080010ec   Section        0  n32wb452_rcc.o(.text.RCC_ConfigSysclk)
    [Anonymous Symbol]                       0x08001100   Section        0  n32wb452_rcc.o(.text.RCC_EnableAPB1PeriphClk)
    [Anonymous Symbol]                       0x08001118   Section        0  n32wb452_rcc.o(.text.RCC_EnableAPB1PeriphReset)
    [Anonymous Symbol]                       0x08001130   Section        0  n32wb452_rcc.o(.text.RCC_EnableAPB2PeriphClk)
    [Anonymous Symbol]                       0x08001148   Section        0  n32wb452_rcc.o(.text.RCC_EnableAPB2PeriphReset)
    [Anonymous Symbol]                       0x08001160   Section        0  n32wb452_rcc.o(.text.RCC_GetClocksFreqValue)
    s_AdcHclkPresTable                       0x08001234   Number         0  n32wb452_rcc.o(.text.RCC_GetClocksFreqValue)
    s_AdcPllClkPresTable                     0x08001244   Number         0  n32wb452_rcc.o(.text.RCC_GetClocksFreqValue)
    [Anonymous Symbol]                       0x08001264   Section        0  n32wb452_rcc.o(.text.RCC_GetSysclkSrc)
    [Anonymous Symbol]                       0x08001274   Section        0  n32wb452_it.o(.text.SVC_Handler)
    [Anonymous Symbol]                       0x08001278   Section        0  n32wb452_it.o(.text.SysTick_Handler)
    [Anonymous Symbol]                       0x0800127c   Section        0  system_n32wb452.o(.text.SystemInit)
    [Anonymous Symbol]                       0x0800143c   Section        0  n32wb452_it.o(.text.UsageFault_Handler)
    [Anonymous Symbol]                       0x08001440   Section        0  main.o(.text.main)
    i.__scatterload_copy                     0x080014e8   Section       14  handlers.o(i.__scatterload_copy)
    i.__scatterload_null                     0x080014f6   Section        2  handlers.o(i.__scatterload_null)
    i.__scatterload_zeroinit                 0x080014f8   Section       14  handlers.o(i.__scatterload_zeroinit)
    s_ApbAhbPresTable                        0x08001506   Data          16  n32wb452_rcc.o(.rodata.cst16)
    [Anonymous Symbol]                       0x08001506   Section        0  n32wb452_rcc.o(.rodata.cst16)
    .L.str                                   0x08001516   Data           1  bsp_i2c.o(.rodata.str1.1)
    [Anonymous Symbol]                       0x08001516   Section        0  bsp_i2c.o(.rodata.str1.1)
    i2c_reg_addr                             0x20000004   Data           1  bsp_i2c.o(.data.i2c_reg_addr)
    [Anonymous Symbol]                       0x20000004   Section        0  bsp_i2c.o(.data.i2c_reg_addr)
    Comm_Flag                                0x20000008   Data           1  bsp_i2c.o(.bss.Comm_Flag)
    [Anonymous Symbol]                       0x20000008   Section        0  bsp_i2c.o(.bss.Comm_Flag)
    I2CTimeout                               0x2000000c   Data           4  bsp_i2c.o(.bss.I2CTimeout)
    [Anonymous Symbol]                       0x2000000c   Section        0  bsp_i2c.o(.bss.I2CTimeout)
    i2c_current_device                       0x20000010   Data           4  bsp_i2c.o(.bss.i2c_current_device)
    [Anonymous Symbol]                       0x20000010   Section        0  bsp_i2c.o(.bss.i2c_current_device)
    i2c_direction                            0x2000001c   Data           1  bsp_i2c.o(.bss.i2c_direction)
    [Anonymous Symbol]                       0x2000001c   Section        0  bsp_i2c.o(.bss.i2c_direction)
    i2c_rx_buffer                            0x20000020   Data           4  bsp_i2c.o(.bss.i2c_rx_buffer)
    [Anonymous Symbol]                       0x20000020   Section        0  bsp_i2c.o(.bss.i2c_rx_buffer)
    i2c_rx_size                              0x20000024   Data           2  bsp_i2c.o(.bss.i2c_rx_size)
    [Anonymous Symbol]                       0x20000024   Section        0  bsp_i2c.o(.bss.i2c_rx_size)
    i2c_tx_buffer                            0x20000028   Data           4  bsp_i2c.o(.bss.i2c_tx_buffer)
    [Anonymous Symbol]                       0x20000028   Section        0  bsp_i2c.o(.bss.i2c_tx_buffer)
    i2c_tx_size                              0x2000002c   Data           2  bsp_i2c.o(.bss.i2c_tx_size)
    [Anonymous Symbol]                       0x2000002c   Section        0  bsp_i2c.o(.bss.i2c_tx_size)
    STACK                                    0x20000030   Section     5120  startup_n32wb452.o(STACK)

    Global Symbols

    Symbol Name                              Value     Ov Type        Size  Object(Section)

    BuildAttributes$$THM_ISAv4$E$P$D$K$B$S$7EM$VFPi3$EXTD16$VFPS$VFMA$PE$A:L22UL41UL21$X:L11$S22US41US21$IEEE1$IW$~IW$USESV6$~STKCKD$USESV7$~SHL$OTIME$EBA8$MICROLIB$REQ8$PRES8$EABIv2 0x00000000   Number         0  anon$$obj.o ABSOLUTE
    __cpp_initialize__aeabi_                  - Undefined Weak Reference
    __cxa_finalize                            - Undefined Weak Reference
    __decompress                              - Undefined Weak Reference
    _clock_init                               - Undefined Weak Reference
    _microlib_exit                            - Undefined Weak Reference
    __Vectors_Size                           0x00000198   Number         0  startup_n32wb452.o ABSOLUTE
    __Vectors                                0x08000000   Data           4  startup_n32wb452.o(RESET)
    __Vectors_End                            0x08000198   Data           0  startup_n32wb452.o(RESET)
    __main                                   0x08000199   Thumb Code     0  entry.o(.ARM.Collect$$$$00000000)
    _main_stk                                0x08000199   Thumb Code     0  entry2.o(.ARM.Collect$$$$00000001)
    _main_scatterload                        0x0800019d   Thumb Code     0  entry5.o(.ARM.Collect$$$$00000004)
    __main_after_scatterload                 0x080001a1   Thumb Code     0  entry5.o(.ARM.Collect$$$$00000004)
    _main_clock                              0x080001a1   Thumb Code     0  entry7b.o(.ARM.Collect$$$$00000008)
    _main_cpp_init                           0x080001a1   Thumb Code     0  entry8b.o(.ARM.Collect$$$$0000000A)
    _main_init                               0x080001a1   Thumb Code     0  entry9a.o(.ARM.Collect$$$$0000000B)
    __rt_final_cpp                           0x080001a9   Thumb Code     0  entry10a.o(.ARM.Collect$$$$0000000D)
    __rt_final_exit                          0x080001a9   Thumb Code     0  entry11a.o(.ARM.Collect$$$$0000000F)
    Reset_Handler                            0x080001ad   Thumb Code     8  startup_n32wb452.o(.text)
    PendSV_Handler                           0x080001c3   Thumb Code     2  startup_n32wb452.o(.text)
    ADC1_2_IRQHandler                        0x080001c7   Thumb Code     0  startup_n32wb452.o(.text)
    CAN1_RX1_IRQHandler                      0x080001c7   Thumb Code     0  startup_n32wb452.o(.text)
    CAN1_SCE_IRQHandler                      0x080001c7   Thumb Code     0  startup_n32wb452.o(.text)
    CAN2_RX0_IRQHandler                      0x080001c7   Thumb Code     0  startup_n32wb452.o(.text)
    CAN2_RX1_IRQHandler                      0x080001c7   Thumb Code     0  startup_n32wb452.o(.text)
    CAN2_SCE_IRQHandler                      0x080001c7   Thumb Code     0  startup_n32wb452.o(.text)
    CAN2_TX_IRQHandler                       0x080001c7   Thumb Code     0  startup_n32wb452.o(.text)
    DMA1_Channel1_IRQHandler                 0x080001c7   Thumb Code     0  startup_n32wb452.o(.text)
    DMA1_Channel2_IRQHandler                 0x080001c7   Thumb Code     0  startup_n32wb452.o(.text)
    DMA1_Channel3_IRQHandler                 0x080001c7   Thumb Code     0  startup_n32wb452.o(.text)
    DMA1_Channel4_IRQHandler                 0x080001c7   Thumb Code     0  startup_n32wb452.o(.text)
    DMA1_Channel5_IRQHandler                 0x080001c7   Thumb Code     0  startup_n32wb452.o(.text)
    DMA1_Channel6_IRQHandler                 0x080001c7   Thumb Code     0  startup_n32wb452.o(.text)
    DMA1_Channel7_IRQHandler                 0x080001c7   Thumb Code     0  startup_n32wb452.o(.text)
    DMA1_Channel8_IRQHandler                 0x080001c7   Thumb Code     0  startup_n32wb452.o(.text)
    DMA2_Channel1_IRQHandler                 0x080001c7   Thumb Code     0  startup_n32wb452.o(.text)
    DMA2_Channel2_IRQHandler                 0x080001c7   Thumb Code     0  startup_n32wb452.o(.text)
    DMA2_Channel3_IRQHandler                 0x080001c7   Thumb Code     0  startup_n32wb452.o(.text)
    DMA2_Channel4_IRQHandler                 0x080001c7   Thumb Code     0  startup_n32wb452.o(.text)
    DMA2_Channel5_IRQHandler                 0x080001c7   Thumb Code     0  startup_n32wb452.o(.text)
    DMA2_Channel6_IRQHandler                 0x080001c7   Thumb Code     0  startup_n32wb452.o(.text)
    DMA2_Channel7_IRQHandler                 0x080001c7   Thumb Code     0  startup_n32wb452.o(.text)
    DMA2_Channel8_IRQHandler                 0x080001c7   Thumb Code     0  startup_n32wb452.o(.text)
    DVP_IRQHandler                           0x080001c7   Thumb Code     0  startup_n32wb452.o(.text)
    EXTI0_IRQHandler                         0x080001c7   Thumb Code     0  startup_n32wb452.o(.text)
    EXTI15_10_IRQHandler                     0x080001c7   Thumb Code     0  startup_n32wb452.o(.text)
    EXTI1_IRQHandler                         0x080001c7   Thumb Code     0  startup_n32wb452.o(.text)
    EXTI2_IRQHandler                         0x080001c7   Thumb Code     0  startup_n32wb452.o(.text)
    EXTI3_IRQHandler                         0x080001c7   Thumb Code     0  startup_n32wb452.o(.text)
    EXTI4_IRQHandler                         0x080001c7   Thumb Code     0  startup_n32wb452.o(.text)
    EXTI9_5_IRQHandler                       0x080001c7   Thumb Code     0  startup_n32wb452.o(.text)
    FLASH_IRQHandler                         0x080001c7   Thumb Code     0  startup_n32wb452.o(.text)
    I2C1_ER_IRQHandler                       0x080001c7   Thumb Code     0  startup_n32wb452.o(.text)
    I2C1_EV_IRQHandler                       0x080001c7   Thumb Code     0  startup_n32wb452.o(.text)
    I2C2_ER_IRQHandler                       0x080001c7   Thumb Code     0  startup_n32wb452.o(.text)
    I2C2_EV_IRQHandler                       0x080001c7   Thumb Code     0  startup_n32wb452.o(.text)
    I2C3_ER_IRQHandler                       0x080001c7   Thumb Code     0  startup_n32wb452.o(.text)
    I2C3_EV_IRQHandler                       0x080001c7   Thumb Code     0  startup_n32wb452.o(.text)
    I2C4_ER_IRQHandler                       0x080001c7   Thumb Code     0  startup_n32wb452.o(.text)
    I2C4_EV_IRQHandler                       0x080001c7   Thumb Code     0  startup_n32wb452.o(.text)
    MMU_IRQHandler                           0x080001c7   Thumb Code     0  startup_n32wb452.o(.text)
    PVD_IRQHandler                           0x080001c7   Thumb Code     0  startup_n32wb452.o(.text)
    RCC_IRQHandler                           0x080001c7   Thumb Code     0  startup_n32wb452.o(.text)
    RSRAM_IRQHandler                         0x080001c7   Thumb Code     0  startup_n32wb452.o(.text)
    RTCAlarm_IRQHandler                      0x080001c7   Thumb Code     0  startup_n32wb452.o(.text)
    RTC_WKUP_IRQHandler                      0x080001c7   Thumb Code     0  startup_n32wb452.o(.text)
    SAC_IRQHandler                           0x080001c7   Thumb Code     0  startup_n32wb452.o(.text)
    SDIO_IRQHandler                          0x080001c7   Thumb Code     0  startup_n32wb452.o(.text)
    SPI1_IRQHandler                          0x080001c7   Thumb Code     0  startup_n32wb452.o(.text)
    SPI2_IRQHandler                          0x080001c7   Thumb Code     0  startup_n32wb452.o(.text)
    SPI3_IRQHandler                          0x080001c7   Thumb Code     0  startup_n32wb452.o(.text)
    TAMPER_IRQHandler                        0x080001c7   Thumb Code     0  startup_n32wb452.o(.text)
    TIM1_BRK_IRQHandler                      0x080001c7   Thumb Code     0  startup_n32wb452.o(.text)
    TIM1_CC_IRQHandler                       0x080001c7   Thumb Code     0  startup_n32wb452.o(.text)
    TIM1_TRG_COM_IRQHandler                  0x080001c7   Thumb Code     0  startup_n32wb452.o(.text)
    TIM1_UP_IRQHandler                       0x080001c7   Thumb Code     0  startup_n32wb452.o(.text)
    TIM2_IRQHandler                          0x080001c7   Thumb Code     0  startup_n32wb452.o(.text)
    TIM3_IRQHandler                          0x080001c7   Thumb Code     0  startup_n32wb452.o(.text)
    TIM4_IRQHandler                          0x080001c7   Thumb Code     0  startup_n32wb452.o(.text)
    TIM5_IRQHandler                          0x080001c7   Thumb Code     0  startup_n32wb452.o(.text)
    TIM6_IRQHandler                          0x080001c7   Thumb Code     0  startup_n32wb452.o(.text)
    TIM7_IRQHandler                          0x080001c7   Thumb Code     0  startup_n32wb452.o(.text)
    TIM8_BRK_IRQHandler                      0x080001c7   Thumb Code     0  startup_n32wb452.o(.text)
    TIM8_CC_IRQHandler                       0x080001c7   Thumb Code     0  startup_n32wb452.o(.text)
    TIM8_TRG_COM_IRQHandler                  0x080001c7   Thumb Code     0  startup_n32wb452.o(.text)
    TIM8_UP_IRQHandler                       0x080001c7   Thumb Code     0  startup_n32wb452.o(.text)
    TSC_IRQHandler                           0x080001c7   Thumb Code     0  startup_n32wb452.o(.text)
    UART4_IRQHandler                         0x080001c7   Thumb Code     0  startup_n32wb452.o(.text)
    UART5_IRQHandler                         0x080001c7   Thumb Code     0  startup_n32wb452.o(.text)
    UART6_IRQHandler                         0x080001c7   Thumb Code     0  startup_n32wb452.o(.text)
    UART7_IRQHandler                         0x080001c7   Thumb Code     0  startup_n32wb452.o(.text)
    USART1_IRQHandler                        0x080001c7   Thumb Code     0  startup_n32wb452.o(.text)
    USART2_IRQHandler                        0x080001c7   Thumb Code     0  startup_n32wb452.o(.text)
    USART3_IRQHandler                        0x080001c7   Thumb Code     0  startup_n32wb452.o(.text)
    USBWakeUp_IRQHandler                     0x080001c7   Thumb Code     0  startup_n32wb452.o(.text)
    USB_HP_CAN1_TX_IRQHandler                0x080001c7   Thumb Code     0  startup_n32wb452.o(.text)
    USB_LP_CAN1_RX0_IRQHandler               0x080001c7   Thumb Code     0  startup_n32wb452.o(.text)
    WWDG_IRQHandler                          0x080001c7   Thumb Code     0  startup_n32wb452.o(.text)
    __aeabi_memset                           0x080001d1   Thumb Code    14  memseta.o(.text)
    __aeabi_memset4                          0x080001d1   Thumb Code     0  memseta.o(.text)
    __aeabi_memset8                          0x080001d1   Thumb Code     0  memseta.o(.text)
    __aeabi_memclr                           0x080001df   Thumb Code     4  memseta.o(.text)
    __aeabi_memclr4                          0x080001df   Thumb Code     0  memseta.o(.text)
    __aeabi_memclr8                          0x080001df   Thumb Code     0  memseta.o(.text)
    _memset$wrapper                          0x080001e3   Thumb Code    18  memseta.o(.text)
    __scatterload                            0x080001f5   Thumb Code    28  init.o(.text)
    __scatterload_rt2                        0x080001f5   Thumb Code     0  init.o(.text)
    BSP_I2C_Init                             0x08000219   Thumb Code   232  bsp_i2c.o(.text.BSP_I2C_Init)
    BSP_I2C_Master_Receive                   0x08000301   Thumb Code   120  bsp_i2c.o(.text.BSP_I2C_Master_Receive)
    BSP_I2C_Master_Receive_DMA               0x08000379   Thumb Code   388  bsp_i2c.o(.text.BSP_I2C_Master_Receive_DMA)
    BSP_I2C_Master_Receive_Polling           0x080004fd   Thumb Code   664  bsp_i2c.o(.text.BSP_I2C_Master_Receive_Polling)
    BSP_I2C_Master_Transmit_DMA              0x08000795   Thumb Code   312  bsp_i2c.o(.text.BSP_I2C_Master_Transmit_DMA)
    BSP_I2C_Master_Transmit_Polling          0x080008cd   Thumb Code   388  bsp_i2c.o(.text.BSP_I2C_Master_Transmit_Polling)
    BSP_I2C_ScanDevices                      0x08000a51   Thumb Code   248  bsp_i2c.o(.text.BSP_I2C_ScanDevices)
    BusFault_Handler                         0x08000b49   Thumb Code     2  n32wb452_it.o(.text.BusFault_Handler)
    DMA_DeInit                               0x08000b4d   Thumb Code   402  n32wb452_dma.o(.text.DMA_DeInit)
    DMA_EnableChannel                        0x08000ce1   Thumb Code    22  n32wb452_dma.o(.text.DMA_EnableChannel)
    DMA_GetFlagStatus                        0x08000cf9   Thumb Code    10  n32wb452_dma.o(.text.DMA_GetFlagStatus)
    DMA_Init                                 0x08000d05   Thumb Code    72  n32wb452_dma.o(.text.DMA_Init)
    DMA_StructInit                           0x08000d4d   Thumb Code    10  n32wb452_dma.o(.text.DMA_StructInit)
    DebugMon_Handler                         0x08000d59   Thumb Code     2  n32wb452_it.o(.text.DebugMon_Handler)
    GPIO_InitPeripheral                      0x08000d5d   Thumb Code   192  n32wb452_gpio.o(.text.GPIO_InitPeripheral)
    GPIO_InitStruct                          0x08000e1d   Thumb Code    12  n32wb452_gpio.o(.text.GPIO_InitStruct)
    HardFault_Handler                        0x08000e29   Thumb Code     2  n32wb452_it.o(.text.HardFault_Handler)
    I2C_CheckEvent                           0x08000e2d   Thumb Code    22  n32wb452_i2c.o(.text.I2C_CheckEvent)
    I2C_ConfigAck                            0x08000e45   Thumb Code    20  n32wb452_i2c.o(.text.I2C_ConfigAck)
    I2C_ConfigInt                            0x08000e59   Thumb Code    16  n32wb452_i2c.o(.text.I2C_ConfigInt)
    I2C_DeInit                               0x08000e69   Thumb Code   146  n32wb452_i2c.o(.text.I2C_DeInit)
    I2C_Enable                               0x08000efd   Thumb Code    18  n32wb452_i2c.o(.text.I2C_Enable)
    I2C_EnableDMA                            0x08000f11   Thumb Code    20  n32wb452_i2c.o(.text.I2C_EnableDMA)
    I2C_EnableDmaLastSend                    0x08000f25   Thumb Code    20  n32wb452_i2c.o(.text.I2C_EnableDmaLastSend)
    I2C_GenerateStart                        0x08000f39   Thumb Code    20  n32wb452_i2c.o(.text.I2C_GenerateStart)
    I2C_GenerateStop                         0x08000f4d   Thumb Code    20  n32wb452_i2c.o(.text.I2C_GenerateStop)
    I2C_GetFlag                              0x08000f61   Thumb Code    48  n32wb452_i2c.o(.text.I2C_GetFlag)
    I2C_Init                                 0x08000f91   Thumb Code   288  n32wb452_i2c.o(.text.I2C_Init)
    I2C_InitStruct                           0x080010b1   Thumb Code    24  n32wb452_i2c.o(.text.I2C_InitStruct)
    I2C_RecvData                             0x080010c9   Thumb Code     6  n32wb452_i2c.o(.text.I2C_RecvData)
    I2C_SendAddr7bit                         0x080010d1   Thumb Code    16  n32wb452_i2c.o(.text.I2C_SendAddr7bit)
    I2C_SendData                             0x080010e1   Thumb Code     4  n32wb452_i2c.o(.text.I2C_SendData)
    MemManage_Handler                        0x080010e5   Thumb Code     2  n32wb452_it.o(.text.MemManage_Handler)
    NMI_Handler                              0x080010e9   Thumb Code     2  n32wb452_it.o(.text.NMI_Handler)
    RCC_ConfigSysclk                         0x080010ed   Thumb Code    20  n32wb452_rcc.o(.text.RCC_ConfigSysclk)
    RCC_EnableAPB1PeriphClk                  0x08001101   Thumb Code    24  n32wb452_rcc.o(.text.RCC_EnableAPB1PeriphClk)
    RCC_EnableAPB1PeriphReset                0x08001119   Thumb Code    24  n32wb452_rcc.o(.text.RCC_EnableAPB1PeriphReset)
    RCC_EnableAPB2PeriphClk                  0x08001131   Thumb Code    24  n32wb452_rcc.o(.text.RCC_EnableAPB2PeriphClk)
    RCC_EnableAPB2PeriphReset                0x08001149   Thumb Code    24  n32wb452_rcc.o(.text.RCC_EnableAPB2PeriphReset)
    RCC_GetClocksFreqValue                   0x08001161   Thumb Code   212  n32wb452_rcc.o(.text.RCC_GetClocksFreqValue)
    RCC_GetSysclkSrc                         0x08001265   Thumb Code    16  n32wb452_rcc.o(.text.RCC_GetSysclkSrc)
    SVC_Handler                              0x08001275   Thumb Code     2  n32wb452_it.o(.text.SVC_Handler)
    SysTick_Handler                          0x08001279   Thumb Code     2  n32wb452_it.o(.text.SysTick_Handler)
    SystemInit                               0x0800127d   Thumb Code   448  system_n32wb452.o(.text.SystemInit)
    UsageFault_Handler                       0x0800143d   Thumb Code     2  n32wb452_it.o(.text.UsageFault_Handler)
    main                                     0x08001441   Thumb Code   168  main.o(.text.main)
    __scatterload_copy                       0x080014e9   Thumb Code    14  handlers.o(i.__scatterload_copy)
    __scatterload_null                       0x080014f7   Thumb Code     2  handlers.o(i.__scatterload_null)
    __scatterload_zeroinit                   0x080014f9   Thumb Code    14  handlers.o(i.__scatterload_zeroinit)
    Region$$Table$$Base                      0x08001518   Number         0  anon$$obj.o(Region$$Table)
    Region$$Table$$Limit                     0x08001538   Number         0  anon$$obj.o(Region$$Table)
    SystemCoreClock                          0x20000000   Data           4  system_n32wb452.o(.data.SystemCoreClock)
    i2c_device                               0x20000014   Data           8  main.o(.bss.i2c_device)
    __initial_sp                             0x20001430   Data           0  startup_n32wb452.o(STACK)



==============================================================================

Memory Map of the image

  Image Entry point : 0x08000199

  Load Region LR_IROM1 (Base: 0x08000000, Size: 0x00001540, Max: 0x00080000, ABSOLUTE)

    Execution Region ER_IROM1 (Exec base: 0x08000000, Load base: 0x08000000, Size: 0x00001538, Max: 0x00080000, ABSOLUTE)

    Exec Addr    Load Addr    Size         Type   Attr      Idx    E Section Name        Object

    0x08000000   0x08000000   0x00000198   Data   RO         1357    RESET               startup_n32wb452.o
    0x08000198   0x08000198   0x00000000   Code   RO         1364  * .ARM.Collect$$$$00000000  mc_w.l(entry.o)
    0x08000198   0x08000198   0x00000004   Code   RO         1369    .ARM.Collect$$$$00000001  mc_w.l(entry2.o)
    0x0800019c   0x0800019c   0x00000004   Code   RO         1372    .ARM.Collect$$$$00000004  mc_w.l(entry5.o)
    0x080001a0   0x080001a0   0x00000000   Code   RO         1374    .ARM.Collect$$$$00000008  mc_w.l(entry7b.o)
    0x080001a0   0x080001a0   0x00000000   Code   RO         1376    .ARM.Collect$$$$0000000A  mc_w.l(entry8b.o)
    0x080001a0   0x080001a0   0x00000008   Code   RO         1377    .ARM.Collect$$$$0000000B  mc_w.l(entry9a.o)
    0x080001a8   0x080001a8   0x00000000   Code   RO         1379    .ARM.Collect$$$$0000000D  mc_w.l(entry10a.o)
    0x080001a8   0x080001a8   0x00000000   Code   RO         1381    .ARM.Collect$$$$0000000F  mc_w.l(entry11a.o)
    0x080001a8   0x080001a8   0x00000004   Code   RO         1370    .ARM.Collect$$$$00002712  mc_w.l(entry2.o)
    0x080001ac   0x080001ac   0x00000024   Code   RO         1358    .text               startup_n32wb452.o
    0x080001d0   0x080001d0   0x00000024   Code   RO         1367    .text               mc_w.l(memseta.o)
    0x080001f4   0x080001f4   0x00000024   Code   RO         1383    .text               mc_w.l(init.o)
    0x08000218   0x08000218   0x000000e8   Code   RO           53    .text.BSP_I2C_Init  bsp_i2c.o
    0x08000300   0x08000300   0x00000078   Code   RO           63    .text.BSP_I2C_Master_Receive  bsp_i2c.o
    0x08000378   0x08000378   0x00000184   Code   RO           69    .text.BSP_I2C_Master_Receive_DMA  bsp_i2c.o
    0x080004fc   0x080004fc   0x00000298   Code   RO           65    .text.BSP_I2C_Master_Receive_Polling  bsp_i2c.o
    0x08000794   0x08000794   0x00000138   Code   RO           61    .text.BSP_I2C_Master_Transmit_DMA  bsp_i2c.o
    0x080008cc   0x080008cc   0x00000184   Code   RO           57    .text.BSP_I2C_Master_Transmit_Polling  bsp_i2c.o
    0x08000a50   0x08000a50   0x000000f8   Code   RO           75    .text.BSP_I2C_ScanDevices  bsp_i2c.o
    0x08000b48   0x08000b48   0x00000002   Code   RO           34    .text.BusFault_Handler  n32wb452_it.o
    0x08000b4a   0x08000b4a   0x00000002   PAD
    0x08000b4c   0x08000b4c   0x00000192   Code   RO          388    .text.DMA_DeInit    n32wb452_dma.o
    0x08000cde   0x08000cde   0x00000002   PAD
    0x08000ce0   0x08000ce0   0x00000016   Code   RO          394    .text.DMA_EnableChannel  n32wb452_dma.o
    0x08000cf6   0x08000cf6   0x00000002   PAD
    0x08000cf8   0x08000cf8   0x0000000a   Code   RO          402    .text.DMA_GetFlagStatus  n32wb452_dma.o
    0x08000d02   0x08000d02   0x00000002   PAD
    0x08000d04   0x08000d04   0x00000048   Code   RO          390    .text.DMA_Init      n32wb452_dma.o
    0x08000d4c   0x08000d4c   0x0000000a   Code   RO          392    .text.DMA_StructInit  n32wb452_dma.o
    0x08000d56   0x08000d56   0x00000002   PAD
    0x08000d58   0x08000d58   0x00000002   Code   RO           40    .text.DebugMon_Handler  n32wb452_it.o
    0x08000d5a   0x08000d5a   0x00000002   PAD
    0x08000d5c   0x08000d5c   0x000000c0   Code   RO          532    .text.GPIO_InitPeripheral  n32wb452_gpio.o
    0x08000e1c   0x08000e1c   0x0000000c   Code   RO          534    .text.GPIO_InitStruct  n32wb452_gpio.o
    0x08000e28   0x08000e28   0x00000002   Code   RO           30    .text.HardFault_Handler  n32wb452_it.o
    0x08000e2a   0x08000e2a   0x00000002   PAD
    0x08000e2c   0x08000e2c   0x00000016   Code   RO          627    .text.I2C_CheckEvent  n32wb452_i2c.o
    0x08000e42   0x08000e42   0x00000002   PAD
    0x08000e44   0x08000e44   0x00000014   Code   RO          589    .text.I2C_ConfigAck  n32wb452_i2c.o
    0x08000e58   0x08000e58   0x00000010   Code   RO          597    .text.I2C_ConfigInt  n32wb452_i2c.o
    0x08000e68   0x08000e68   0x00000092   Code   RO          573    .text.I2C_DeInit    n32wb452_i2c.o
    0x08000efa   0x08000efa   0x00000002   PAD
    0x08000efc   0x08000efc   0x00000012   Code   RO          579    .text.I2C_Enable    n32wb452_i2c.o
    0x08000f0e   0x08000f0e   0x00000002   PAD
    0x08000f10   0x08000f10   0x00000014   Code   RO          581    .text.I2C_EnableDMA  n32wb452_i2c.o
    0x08000f24   0x08000f24   0x00000014   Code   RO          583    .text.I2C_EnableDmaLastSend  n32wb452_i2c.o
    0x08000f38   0x08000f38   0x00000014   Code   RO          585    .text.I2C_GenerateStart  n32wb452_i2c.o
    0x08000f4c   0x08000f4c   0x00000014   Code   RO          587    .text.I2C_GenerateStop  n32wb452_i2c.o
    0x08000f60   0x08000f60   0x00000030   Code   RO          631    .text.I2C_GetFlag   n32wb452_i2c.o
    0x08000f90   0x08000f90   0x00000120   Code   RO          575    .text.I2C_Init      n32wb452_i2c.o
    0x080010b0   0x080010b0   0x00000018   Code   RO          577    .text.I2C_InitStruct  n32wb452_i2c.o
    0x080010c8   0x080010c8   0x00000006   Code   RO          601    .text.I2C_RecvData  n32wb452_i2c.o
    0x080010ce   0x080010ce   0x00000002   PAD
    0x080010d0   0x080010d0   0x00000010   Code   RO          603    .text.I2C_SendAddr7bit  n32wb452_i2c.o
    0x080010e0   0x080010e0   0x00000004   Code   RO          599    .text.I2C_SendData  n32wb452_i2c.o
    0x080010e4   0x080010e4   0x00000002   Code   RO           32    .text.MemManage_Handler  n32wb452_it.o
    0x080010e6   0x080010e6   0x00000002   PAD
    0x080010e8   0x080010e8   0x00000002   Code   RO           28    .text.NMI_Handler   n32wb452_it.o
    0x080010ea   0x080010ea   0x00000002   PAD
    0x080010ec   0x080010ec   0x00000014   Code   RO          713    .text.RCC_ConfigSysclk  n32wb452_rcc.o
    0x08001100   0x08001100   0x00000018   Code   RO          755    .text.RCC_EnableAPB1PeriphClk  n32wb452_rcc.o
    0x08001118   0x08001118   0x00000018   Code   RO          761    .text.RCC_EnableAPB1PeriphReset  n32wb452_rcc.o
    0x08001130   0x08001130   0x00000018   Code   RO          753    .text.RCC_EnableAPB2PeriphClk  n32wb452_rcc.o
    0x08001148   0x08001148   0x00000018   Code   RO          759    .text.RCC_EnableAPB2PeriphReset  n32wb452_rcc.o
    0x08001160   0x08001160   0x00000104   Code   RO          749    .text.RCC_GetClocksFreqValue  n32wb452_rcc.o
    0x08001264   0x08001264   0x00000010   Code   RO          715    .text.RCC_GetSysclkSrc  n32wb452_rcc.o
    0x08001274   0x08001274   0x00000002   Code   RO           38    .text.SVC_Handler   n32wb452_it.o
    0x08001276   0x08001276   0x00000002   PAD
    0x08001278   0x08001278   0x00000002   Code   RO           42    .text.SysTick_Handler  n32wb452_it.o
    0x0800127a   0x0800127a   0x00000002   PAD
    0x0800127c   0x0800127c   0x000001c0   Code   RO         1342    .text.SystemInit    system_n32wb452.o
    0x0800143c   0x0800143c   0x00000002   Code   RO           36    .text.UsageFault_Handler  n32wb452_it.o
    0x0800143e   0x0800143e   0x00000002   PAD
    0x08001440   0x08001440   0x000000a8   Code   RO           16    .text.main          main.o
    0x080014e8   0x080014e8   0x0000000e   Code   RO         1387    i.__scatterload_copy  mc_w.l(handlers.o)
    0x080014f6   0x080014f6   0x00000002   Code   RO         1388    i.__scatterload_null  mc_w.l(handlers.o)
    0x080014f8   0x080014f8   0x0000000e   Code   RO         1389    i.__scatterload_zeroinit  mc_w.l(handlers.o)
    0x08001506   0x08001506   0x00000010   Data   RO          785    .rodata.cst16       n32wb452_rcc.o
    0x08001516   0x08001516   0x00000001   Data   RO           86    .rodata.str1.1      bsp_i2c.o
    0x08001517   0x08001517   0x00000001   PAD
    0x08001518   0x08001518   0x00000020   Data   RO         1386    Region$$Table       anon$$obj.o


    Execution Region RW_IRAM1 (Exec base: 0x20000000, Load base: 0x08001538, Size: 0x00001430, Max: 0x00024000, ABSOLUTE)

    Exec Addr    Load Addr    Size         Type   Attr      Idx    E Section Name        Object

    0x20000000   0x08001538   0x00000004   Data   RW         1346    .data.SystemCoreClock  system_n32wb452.o
    0x20000004   0x0800153c   0x00000001   Data   RW           82    .data.i2c_reg_addr  bsp_i2c.o
    0x20000005   0x0800153d   0x00000003   PAD
    0x20000008        -       0x00000001   Zero   RW           78    .bss.Comm_Flag      bsp_i2c.o
    0x20000009   0x0800153d   0x00000003   PAD
    0x2000000c        -       0x00000004   Zero   RW           77    .bss.I2CTimeout     bsp_i2c.o
    0x20000010        -       0x00000004   Zero   RW           79    .bss.i2c_current_device  bsp_i2c.o
    0x20000014        -       0x00000008   Zero   RW           18    .bss.i2c_device     main.o
    0x2000001c        -       0x00000001   Zero   RW           83    .bss.i2c_direction  bsp_i2c.o
    0x2000001d   0x0800153d   0x00000003   PAD
    0x20000020        -       0x00000004   Zero   RW           84    .bss.i2c_rx_buffer  bsp_i2c.o
    0x20000024        -       0x00000002   Zero   RW           85    .bss.i2c_rx_size    bsp_i2c.o
    0x20000026   0x0800153d   0x00000002   PAD
    0x20000028        -       0x00000004   Zero   RW           80    .bss.i2c_tx_buffer  bsp_i2c.o
    0x2000002c        -       0x00000002   Zero   RW           81    .bss.i2c_tx_size    bsp_i2c.o
    0x2000002e   0x0800153d   0x00000002   PAD
    0x20000030        -       0x00001400   Zero   RW         1355    STACK               startup_n32wb452.o


==============================================================================

Image component sizes


      Code (inc. data)   RO Data    RW Data    ZI Data      Debug   Object Name

      2352          0          1          1         22      13248   bsp_i2c.o
       168          0          0          0          8       4038   main.o
       516          0          0          0          0       4566   n32wb452_dma.o
       204          0          0          0          0       6686   n32wb452_gpio.o
       688          0          0          0          0       9647   n32wb452_i2c.o
        16          0          0          0          0       1038   n32wb452_it.o
       392         48         16          0          0      12687   n32wb452_rcc.o
        36          8        408          0       5120        916   startup_n32wb452.o
       448          0          0          4          0       3558   system_n32wb452.o

    ----------------------------------------------------------------------
      4852         56        458          8       5160      56384   Object Totals
         0          0         32          0          0          0   (incl. Generated)
        32          0          1          3         10          0   (incl. Padding)

    ----------------------------------------------------------------------

      Code (inc. data)   RO Data    RW Data    ZI Data      Debug   Library Member Name

         0          0          0          0          0          0   entry.o
         0          0          0          0          0          0   entry10a.o
         0          0          0          0          0          0   entry11a.o
         8          4          0          0          0          0   entry2.o
         4          0          0          0          0          0   entry5.o
         0          0          0          0          0          0   entry7b.o
         0          0          0          0          0          0   entry8b.o
         8          4          0          0          0          0   entry9a.o
        30          0          0          0          0          0   handlers.o
        36          8          0          0          0         68   init.o
        36          0          0          0          0        108   memseta.o

    ----------------------------------------------------------------------
       122         16          0          0          0        176   Library Totals
         0          0          0          0          0          0   (incl. Padding)

    ----------------------------------------------------------------------

      Code (inc. data)   RO Data    RW Data    ZI Data      Debug   Library Name

       122         16          0          0          0        176   mc_w.l

    ----------------------------------------------------------------------
       122         16          0          0          0        176   Library Totals

    ----------------------------------------------------------------------

==============================================================================


      Code (inc. data)   RO Data    RW Data    ZI Data      Debug   

      4974         72        458          8       5160      56624   Grand Totals
      4974         72        458          8       5160      56624   ELF Image Totals
      4974         72        458          8          0          0   ROM Totals

==============================================================================

    Total RO  Size (Code + RO Data)                 5432 (   5.30kB)
    Total RW  Size (RW Data + ZI Data)              5168 (   5.05kB)
    Total ROM Size (Code + RO Data + RW Data)       5440 (   5.31kB)

==============================================================================

