<!doctype html public "-//w3c//dtd html 4.0 transitional//en">
<html><head>
<title>Static Call Graph - [.\build\rtthread.axf]</title></head>
<body><HR>
<H1>Static Call Graph for image .\build\rtthread.axf</H1><HR>
<BR><P>#&#060CALLGRAPH&#062# ARM Linker, 6190004: Last Updated: Thu Nov  6 13:12:44 2025
<BR><P>
<H3>Maximum Stack Usage =        412 bytes + Unknown(Cycles, Untraceable Function Pointers)</H3><H3>
Call chain for Maximum Stack Depth:</H3>
HardFault_Handler &rArr; rt_hw_hard_fault_exception &rArr; list_thread &rArr; rt_kprintf &rArr; rt_vsnprintf &rArr; print_number
<P>
<H3>
Mutually Recursive functions
</H3> <LI><a href="#[5]">NMI_Handler</a>&nbsp;&nbsp;&nbsp;&rArr;&nbsp;&nbsp;&nbsp;<a href="#[5]">NMI_Handler</a><BR>
 <LI><a href="#[7]">MemManage_Handler</a>&nbsp;&nbsp;&nbsp;&rArr;&nbsp;&nbsp;&nbsp;<a href="#[7]">MemManage_Handler</a><BR>
 <LI><a href="#[8]">BusFault_Handler</a>&nbsp;&nbsp;&nbsp;&rArr;&nbsp;&nbsp;&nbsp;<a href="#[8]">BusFault_Handler</a><BR>
 <LI><a href="#[9]">UsageFault_Handler</a>&nbsp;&nbsp;&nbsp;&rArr;&nbsp;&nbsp;&nbsp;<a href="#[9]">UsageFault_Handler</a><BR>
 <LI><a href="#[a]">SVC_Handler</a>&nbsp;&nbsp;&nbsp;&rArr;&nbsp;&nbsp;&nbsp;<a href="#[a]">SVC_Handler</a><BR>
 <LI><a href="#[b]">DebugMon_Handler</a>&nbsp;&nbsp;&nbsp;&rArr;&nbsp;&nbsp;&nbsp;<a href="#[b]">DebugMon_Handler</a><BR>
 <LI><a href="#[20]">ADC1_2_IRQHandler</a>&nbsp;&nbsp;&nbsp;&rArr;&nbsp;&nbsp;&nbsp;<a href="#[20]">ADC1_2_IRQHandler</a><BR>
 <LI><a href="#[d1]">rt_assert_handler</a>&nbsp;&nbsp;&nbsp;&rArr;&nbsp;&nbsp;&nbsp;<a href="#[dc]">rt_kprintf</a><BR>
 <LI><a href="#[106]">rt_backtrace</a>&nbsp;&nbsp;&nbsp;&rArr;&nbsp;&nbsp;&nbsp;<a href="#[dc]">rt_kprintf</a><BR>
 <LI><a href="#[172]">rt_hw_backtrace_frame_unwind</a>&nbsp;&nbsp;&nbsp;&rArr;&nbsp;&nbsp;&nbsp;<a href="#[dc]">rt_kprintf</a><BR>
</UL>
<P>
<H3>
Function Pointers
</H3><UL>
 <LI><a href="#[20]">ADC1_2_IRQHandler</a> from startup_n32wb452.o(.text) referenced from startup_n32wb452.o(RESET)
 <LI><a href="#[8]">BusFault_Handler</a> from startup_n32wb452.o(.text) referenced from startup_n32wb452.o(RESET)
 <LI><a href="#[23]">CAN1_RX1_IRQHandler</a> from startup_n32wb452.o(.text) referenced from startup_n32wb452.o(RESET)
 <LI><a href="#[24]">CAN1_SCE_IRQHandler</a> from startup_n32wb452.o(.text) referenced from startup_n32wb452.o(RESET)
 <LI><a href="#[4e]">CAN2_RX0_IRQHandler</a> from startup_n32wb452.o(.text) referenced from startup_n32wb452.o(RESET)
 <LI><a href="#[4f]">CAN2_RX1_IRQHandler</a> from startup_n32wb452.o(.text) referenced from startup_n32wb452.o(RESET)
 <LI><a href="#[50]">CAN2_SCE_IRQHandler</a> from startup_n32wb452.o(.text) referenced from startup_n32wb452.o(RESET)
 <LI><a href="#[4d]">CAN2_TX_IRQHandler</a> from startup_n32wb452.o(.text) referenced from startup_n32wb452.o(RESET)
 <LI><a href="#[19]">DMA1_Channel1_IRQHandler</a> from startup_n32wb452.o(.text) referenced from startup_n32wb452.o(RESET)
 <LI><a href="#[1a]">DMA1_Channel2_IRQHandler</a> from startup_n32wb452.o(.text) referenced from startup_n32wb452.o(RESET)
 <LI><a href="#[1b]">DMA1_Channel3_IRQHandler</a> from startup_n32wb452.o(.text) referenced from startup_n32wb452.o(RESET)
 <LI><a href="#[1c]">DMA1_Channel4_IRQHandler</a> from startup_n32wb452.o(.text) referenced from startup_n32wb452.o(RESET)
 <LI><a href="#[1d]">DMA1_Channel5_IRQHandler</a> from startup_n32wb452.o(.text) referenced from startup_n32wb452.o(RESET)
 <LI><a href="#[1e]">DMA1_Channel6_IRQHandler</a> from startup_n32wb452.o(.text) referenced from startup_n32wb452.o(RESET)
 <LI><a href="#[1f]">DMA1_Channel7_IRQHandler</a> from startup_n32wb452.o(.text) referenced from startup_n32wb452.o(RESET)
 <LI><a href="#[5a]">DMA1_Channel8_IRQHandler</a> from startup_n32wb452.o(.text) referenced from startup_n32wb452.o(RESET)
 <LI><a href="#[46]">DMA2_Channel1_IRQHandler</a> from startup_n32wb452.o(.text) referenced from startup_n32wb452.o(RESET)
 <LI><a href="#[47]">DMA2_Channel2_IRQHandler</a> from startup_n32wb452.o(.text) referenced from startup_n32wb452.o(RESET)
 <LI><a href="#[48]">DMA2_Channel3_IRQHandler</a> from startup_n32wb452.o(.text) referenced from startup_n32wb452.o(RESET)
 <LI><a href="#[49]">DMA2_Channel4_IRQHandler</a> from startup_n32wb452.o(.text) referenced from startup_n32wb452.o(RESET)
 <LI><a href="#[4a]">DMA2_Channel5_IRQHandler</a> from startup_n32wb452.o(.text) referenced from startup_n32wb452.o(RESET)
 <LI><a href="#[52]">DMA2_Channel6_IRQHandler</a> from startup_n32wb452.o(.text) referenced from startup_n32wb452.o(RESET)
 <LI><a href="#[53]">DMA2_Channel7_IRQHandler</a> from startup_n32wb452.o(.text) referenced from startup_n32wb452.o(RESET)
 <LI><a href="#[5b]">DMA2_Channel8_IRQHandler</a> from startup_n32wb452.o(.text) referenced from startup_n32wb452.o(RESET)
 <LI><a href="#[5c]">DVP_IRQHandler</a> from startup_n32wb452.o(.text) referenced from startup_n32wb452.o(RESET)
 <LI><a href="#[b]">DebugMon_Handler</a> from startup_n32wb452.o(.text) referenced from startup_n32wb452.o(RESET)
 <LI><a href="#[14]">EXTI0_IRQHandler</a> from drv_gpio.o(.text.EXTI0_IRQHandler) referenced from startup_n32wb452.o(RESET)
 <LI><a href="#[36]">EXTI15_10_IRQHandler</a> from drv_gpio.o(.text.EXTI15_10_IRQHandler) referenced from startup_n32wb452.o(RESET)
 <LI><a href="#[15]">EXTI1_IRQHandler</a> from drv_gpio.o(.text.EXTI1_IRQHandler) referenced from startup_n32wb452.o(RESET)
 <LI><a href="#[16]">EXTI2_IRQHandler</a> from drv_gpio.o(.text.EXTI2_IRQHandler) referenced from startup_n32wb452.o(RESET)
 <LI><a href="#[17]">EXTI3_IRQHandler</a> from drv_gpio.o(.text.EXTI3_IRQHandler) referenced from startup_n32wb452.o(RESET)
 <LI><a href="#[18]">EXTI4_IRQHandler</a> from drv_gpio.o(.text.EXTI4_IRQHandler) referenced from startup_n32wb452.o(RESET)
 <LI><a href="#[25]">EXTI9_5_IRQHandler</a> from drv_gpio.o(.text.EXTI9_5_IRQHandler) referenced from startup_n32wb452.o(RESET)
 <LI><a href="#[12]">FLASH_IRQHandler</a> from startup_n32wb452.o(.text) referenced from startup_n32wb452.o(RESET)
 <LI><a href="#[6]">HardFault_Handler</a> from context_rvds.o(.text) referenced from startup_n32wb452.o(RESET)
 <LI><a href="#[2e]">I2C1_ER_IRQHandler</a> from startup_n32wb452.o(.text) referenced from startup_n32wb452.o(RESET)
 <LI><a href="#[2d]">I2C1_EV_IRQHandler</a> from startup_n32wb452.o(.text) referenced from startup_n32wb452.o(RESET)
 <LI><a href="#[30]">I2C2_ER_IRQHandler</a> from startup_n32wb452.o(.text) referenced from startup_n32wb452.o(RESET)
 <LI><a href="#[2f]">I2C2_EV_IRQHandler</a> from startup_n32wb452.o(.text) referenced from startup_n32wb452.o(RESET)
 <LI><a href="#[55]">I2C3_ER_IRQHandler</a> from startup_n32wb452.o(.text) referenced from startup_n32wb452.o(RESET)
 <LI><a href="#[54]">I2C3_EV_IRQHandler</a> from startup_n32wb452.o(.text) referenced from startup_n32wb452.o(RESET)
 <LI><a href="#[57]">I2C4_ER_IRQHandler</a> from startup_n32wb452.o(.text) referenced from startup_n32wb452.o(RESET)
 <LI><a href="#[56]">I2C4_EV_IRQHandler</a> from startup_n32wb452.o(.text) referenced from startup_n32wb452.o(RESET)
 <LI><a href="#[5e]">MMU_IRQHandler</a> from startup_n32wb452.o(.text) referenced from startup_n32wb452.o(RESET)
 <LI><a href="#[7]">MemManage_Handler</a> from startup_n32wb452.o(.text) referenced from startup_n32wb452.o(RESET)
 <LI><a href="#[5]">NMI_Handler</a> from startup_n32wb452.o(.text) referenced from startup_n32wb452.o(RESET)
 <LI><a href="#[f]">PVD_IRQHandler</a> from startup_n32wb452.o(.text) referenced from startup_n32wb452.o(RESET)
 <LI><a href="#[c]">PendSV_Handler</a> from context_rvds.o(.text) referenced from startup_n32wb452.o(RESET)
 <LI><a href="#[13]">RCC_IRQHandler</a> from startup_n32wb452.o(.text) referenced from startup_n32wb452.o(RESET)
 <LI><a href="#[3d]">RESERVE47_IRQHandler</a> from startup_n32wb452.o(.text) referenced from startup_n32wb452.o(RESET)
 <LI><a href="#[3e]">RESERVE48_IRQHandler</a> from startup_n32wb452.o(.text) referenced from startup_n32wb452.o(RESET)
 <LI><a href="#[4b]">RESERVE61_IRQHandler</a> from startup_n32wb452.o(.text) referenced from startup_n32wb452.o(RESET)
 <LI><a href="#[4c]">RESERVE62_IRQHandler</a> from startup_n32wb452.o(.text) referenced from startup_n32wb452.o(RESET)
 <LI><a href="#[51]">RESERVE67_IRQHandler</a> from startup_n32wb452.o(.text) referenced from startup_n32wb452.o(RESET)
 <LI><a href="#[60]">RESERVE82_IRQHandler</a> from startup_n32wb452.o(.text) referenced from startup_n32wb452.o(RESET)
 <LI><a href="#[61]">RESERVE83_IRQHandler</a> from startup_n32wb452.o(.text) referenced from startup_n32wb452.o(RESET)
 <LI><a href="#[62]">RESERVE84_IRQHandler</a> from startup_n32wb452.o(.text) referenced from startup_n32wb452.o(RESET)
 <LI><a href="#[63]">RSRAM_IRQHandler</a> from startup_n32wb452.o(.text) referenced from startup_n32wb452.o(RESET)
 <LI><a href="#[37]">RTCAlarm_IRQHandler</a> from startup_n32wb452.o(.text) referenced from startup_n32wb452.o(RESET)
 <LI><a href="#[11]">RTC_WKUP_IRQHandler</a> from startup_n32wb452.o(.text) referenced from startup_n32wb452.o(RESET)
 <LI><a href="#[4]">Reset_Handler</a> from startup_n32wb452.o(.text) referenced from startup_n32wb452.o(RESET)
 <LI><a href="#[5d]">SAC_IRQHandler</a> from startup_n32wb452.o(.text) referenced from startup_n32wb452.o(RESET)
 <LI><a href="#[3f]">SDIO_IRQHandler</a> from startup_n32wb452.o(.text) referenced from startup_n32wb452.o(RESET)
 <LI><a href="#[31]">SPI1_IRQHandler</a> from startup_n32wb452.o(.text) referenced from startup_n32wb452.o(RESET)
 <LI><a href="#[32]">SPI2_IRQHandler</a> from startup_n32wb452.o(.text) referenced from startup_n32wb452.o(RESET)
 <LI><a href="#[41]">SPI3_IRQHandler</a> from startup_n32wb452.o(.text) referenced from startup_n32wb452.o(RESET)
 <LI><a href="#[a]">SVC_Handler</a> from startup_n32wb452.o(.text) referenced from startup_n32wb452.o(RESET)
 <LI><a href="#[d]">SysTick_Handler</a> from board.o(.text.SysTick_Handler) referenced from startup_n32wb452.o(RESET)
 <LI><a href="#[65]">SystemInit</a> from system_n32wb452.o(.text.SystemInit) referenced from startup_n32wb452.o(.text)
 <LI><a href="#[10]">TAMPER_IRQHandler</a> from startup_n32wb452.o(.text) referenced from startup_n32wb452.o(RESET)
 <LI><a href="#[26]">TIM1_BRK_IRQHandler</a> from startup_n32wb452.o(.text) referenced from startup_n32wb452.o(RESET)
 <LI><a href="#[29]">TIM1_CC_IRQHandler</a> from startup_n32wb452.o(.text) referenced from startup_n32wb452.o(RESET)
 <LI><a href="#[28]">TIM1_TRG_COM_IRQHandler</a> from startup_n32wb452.o(.text) referenced from startup_n32wb452.o(RESET)
 <LI><a href="#[27]">TIM1_UP_IRQHandler</a> from startup_n32wb452.o(.text) referenced from startup_n32wb452.o(RESET)
 <LI><a href="#[2a]">TIM2_IRQHandler</a> from startup_n32wb452.o(.text) referenced from startup_n32wb452.o(RESET)
 <LI><a href="#[2b]">TIM3_IRQHandler</a> from startup_n32wb452.o(.text) referenced from startup_n32wb452.o(RESET)
 <LI><a href="#[2c]">TIM4_IRQHandler</a> from startup_n32wb452.o(.text) referenced from startup_n32wb452.o(RESET)
 <LI><a href="#[40]">TIM5_IRQHandler</a> from startup_n32wb452.o(.text) referenced from startup_n32wb452.o(RESET)
 <LI><a href="#[44]">TIM6_IRQHandler</a> from startup_n32wb452.o(.text) referenced from startup_n32wb452.o(RESET)
 <LI><a href="#[45]">TIM7_IRQHandler</a> from startup_n32wb452.o(.text) referenced from startup_n32wb452.o(RESET)
 <LI><a href="#[39]">TIM8_BRK_IRQHandler</a> from startup_n32wb452.o(.text) referenced from startup_n32wb452.o(RESET)
 <LI><a href="#[3c]">TIM8_CC_IRQHandler</a> from startup_n32wb452.o(.text) referenced from startup_n32wb452.o(RESET)
 <LI><a href="#[3b]">TIM8_TRG_COM_IRQHandler</a> from startup_n32wb452.o(.text) referenced from startup_n32wb452.o(RESET)
 <LI><a href="#[3a]">TIM8_UP_IRQHandler</a> from startup_n32wb452.o(.text) referenced from startup_n32wb452.o(RESET)
 <LI><a href="#[5f]">TSC_IRQHandler</a> from startup_n32wb452.o(.text) referenced from startup_n32wb452.o(RESET)
 <LI><a href="#[42]">UART4_IRQHandler</a> from startup_n32wb452.o(.text) referenced from startup_n32wb452.o(RESET)
 <LI><a href="#[43]">UART5_IRQHandler</a> from startup_n32wb452.o(.text) referenced from startup_n32wb452.o(RESET)
 <LI><a href="#[58]">UART6_IRQHandler</a> from startup_n32wb452.o(.text) referenced from startup_n32wb452.o(RESET)
 <LI><a href="#[59]">UART7_IRQHandler</a> from startup_n32wb452.o(.text) referenced from startup_n32wb452.o(RESET)
 <LI><a href="#[33]">USART1_IRQHandler</a> from drv_usart.o(.text.USART1_IRQHandler) referenced from startup_n32wb452.o(RESET)
 <LI><a href="#[34]">USART2_IRQHandler</a> from startup_n32wb452.o(.text) referenced from startup_n32wb452.o(RESET)
 <LI><a href="#[35]">USART3_IRQHandler</a> from startup_n32wb452.o(.text) referenced from startup_n32wb452.o(RESET)
 <LI><a href="#[38]">USBWakeUp_IRQHandler</a> from startup_n32wb452.o(.text) referenced from startup_n32wb452.o(RESET)
 <LI><a href="#[21]">USB_HP_CAN1_TX_IRQHandler</a> from startup_n32wb452.o(.text) referenced from startup_n32wb452.o(RESET)
 <LI><a href="#[22]">USB_LP_CAN1_RX0_IRQHandler</a> from startup_n32wb452.o(.text) referenced from startup_n32wb452.o(RESET)
 <LI><a href="#[9]">UsageFault_Handler</a> from startup_n32wb452.o(.text) referenced from startup_n32wb452.o(RESET)
 <LI><a href="#[e]">WWDG_IRQHandler</a> from startup_n32wb452.o(.text) referenced from startup_n32wb452.o(RESET)
 <LI><a href="#[66]">__main</a> from entry.o(.ARM.Collect$$$$00000000) referenced from startup_n32wb452.o(.text)
 <LI><a href="#[6d]">_adc_control</a> from adc.o(.text._adc_control) referenced 2 times from adc.o(.text.rt_hw_adc_register)
 <LI><a href="#[6c]">_adc_read</a> from adc.o(.text._adc_read) referenced 2 times from adc.o(.text.rt_hw_adc_register)
 <LI><a href="#[6f]">_dac_control</a> from dac.o(.text._dac_control) referenced 2 times from dac.o(.text.rt_hw_dac_register)
 <LI><a href="#[6e]">_dac_write</a> from dac.o(.text._dac_write) referenced 2 times from dac.o(.text.rt_hw_dac_register)
 <LI><a href="#[ad]">_pin_cmd</a> from pin.o(.text._pin_cmd) referenced from pin.o(FSymTab)
 <LI><a href="#[6b]">_pin_control</a> from pin.o(.text._pin_control) referenced 2 times from pin.o(.text.rt_device_pin_register)
 <LI><a href="#[69]">_pin_read</a> from pin.o(.text._pin_read) referenced 2 times from pin.o(.text.rt_device_pin_register)
 <LI><a href="#[6a]">_pin_write</a> from pin.o(.text._pin_write) referenced 2 times from pin.o(.text.rt_device_pin_register)
 <LI><a href="#[86]">_thread_exit</a> from thread.o(.text._thread_exit) referenced 2 times from thread.o(.text.rt_thread_create)
 <LI><a href="#[86]">_thread_exit</a> from thread.o(.text._thread_exit) referenced 2 times from thread.o(.text.rt_thread_init)
 <LI><a href="#[87]">_thread_timeout</a> from thread.o(.text._thread_timeout) referenced 2 times from thread.o(.text.rt_thread_create)
 <LI><a href="#[87]">_thread_timeout</a> from thread.o(.text._thread_timeout) referenced 2 times from thread.o(.text.rt_thread_init)
 <LI><a href="#[89]">_workqueue_thread_entry</a> from workqueue.o(.text._workqueue_thread_entry) referenced 2 times from workqueue.o(.text.rt_workqueue_create)
 <LI><a href="#[ab]">adc</a> from adc.o(.text.adc) referenced from adc.o(FSymTab)
 <LI><a href="#[b2]">clear</a> from cmd.o(.text.clear) referenced from cmd.o(FSymTab)
 <LI><a href="#[b5]">cmd_backtrace</a> from kservice.o(.text.cmd_backtrace) referenced from kservice.o(FSymTab)
 <LI><a href="#[aa]">cmd_canstat</a> from can.o(.text.cmd_canstat) referenced from can.o(FSymTab)
 <LI><a href="#[b1]">cmd_free</a> from msh.o(.text.cmd_free) referenced from msh.o(FSymTab)
 <LI><a href="#[b4]">cmd_list</a> from cmd.o(.text.cmd_list) referenced from cmd.o(FSymTab)
 <LI><a href="#[b0]">cmd_ps</a> from msh.o(.text.cmd_ps) referenced from msh.o(FSymTab)
 <LI><a href="#[ac]">dac</a> from dac.o(.text.dac) referenced from dac.o(FSymTab)
 <LI><a href="#[ae]">date</a> from rtc.o(.text.date) referenced from rtc.o(FSymTab)
 <LI><a href="#[67]">finsh_rx_ind</a> from shell.o(.text.finsh_rx_ind) referenced 2 times from shell.o(.text.finsh_set_device)
 <LI><a href="#[a8]">finsh_system_init</a> from shell.o(.text.finsh_system_init) referenced from shell.o(.rti_fn.6)
 <LI><a href="#[68]">finsh_thread_entry</a> from shell.o(.text.finsh_thread_entry) referenced 2 times from shell.o(.text.finsh_system_init)
 <LI><a href="#[91]">i2c_bit_xfer</a> from i2c-bit-ops.o(.text.i2c_bit_xfer) referenced from i2c-bit-ops.o(.rodata.i2c_bit_bus_ops)
 <LI><a href="#[85]">i2c_bus_device_control</a> from i2c_dev.o(.text.i2c_bus_device_control) referenced 2 times from i2c_dev.o(.text.rt_i2c_bus_device_device_init)
 <LI><a href="#[83]">i2c_bus_device_read</a> from i2c_dev.o(.text.i2c_bus_device_read) referenced 2 times from i2c_dev.o(.text.rt_i2c_bus_device_device_init)
 <LI><a href="#[84]">i2c_bus_device_write</a> from i2c_dev.o(.text.i2c_bus_device_write) referenced 2 times from i2c_dev.o(.text.rt_i2c_bus_device_device_init)
 <LI><a href="#[88]">idle_thread_entry</a> from idle.o(.text.idle_thread_entry) referenced 2 times from idle.o(.text.rt_thread_idle_init)
 <LI><a href="#[64]">main</a> from components.o(.text.$Sub$$main) referenced from entry9a.o(.ARM.Collect$$$$0000000B)
 <LI><a href="#[8a]">main_thread_entry</a> from components.o(.text.main_thread_entry) referenced 2 times from components.o(.text.rtthread_startup)
 <LI><a href="#[af]">msh_help</a> from msh.o(.text.msh_help) referenced from msh.o(FSymTab)
 <LI><a href="#[1]">n32_adc_convert</a> from drv_adc.o(.text.n32_adc_convert) referenced 2 times from drv_adc.o(.data.n32_adc_ops)
 <LI><a href="#[0]">n32_adc_enabled</a> from drv_adc.o(.text.n32_adc_enabled) referenced 2 times from drv_adc.o(.data.n32_adc_ops)
 <LI><a href="#[99]">n32_configure</a> from drv_usart.o(.text.n32_configure) referenced from drv_usart.o(.rodata.n32_uart_ops)
 <LI><a href="#[9a]">n32_control</a> from drv_usart.o(.text.n32_control) referenced from drv_usart.o(.rodata.n32_uart_ops)
 <LI><a href="#[92]">n32_dac_disabled</a> from drv_dac.o(.text.n32_dac_disabled) referenced from drv_dac.o(.rodata.n32_dac_ops)
 <LI><a href="#[93]">n32_dac_enabled</a> from drv_dac.o(.text.n32_dac_enabled) referenced from drv_dac.o(.rodata.n32_dac_ops)
 <LI><a href="#[73]">n32_get_scl</a> from drv_i2c.o(.text.n32_get_scl) referenced from drv_i2c.o(.text.rt_hw_i2c_init)
 <LI><a href="#[72]">n32_get_sda</a> from drv_i2c.o(.text.n32_get_sda) referenced from drv_i2c.o(.text.rt_hw_i2c_init)
 <LI><a href="#[9c]">n32_getc</a> from drv_usart.o(.text.n32_getc) referenced from drv_usart.o(.rodata.n32_uart_ops)
 <LI><a href="#[8e]">n32_pin_attach_irq</a> from drv_gpio.o(.text.n32_pin_attach_irq) referenced from drv_gpio.o(.rodata._n32_pin_ops)
 <LI><a href="#[8f]">n32_pin_dettach_irq</a> from drv_gpio.o(.text.n32_pin_dettach_irq) referenced from drv_gpio.o(.rodata._n32_pin_ops)
 <LI><a href="#[90]">n32_pin_irq_enable</a> from drv_gpio.o(.text.n32_pin_irq_enable) referenced from drv_gpio.o(.rodata._n32_pin_ops)
 <LI><a href="#[8b]">n32_pin_mode</a> from drv_gpio.o(.text.n32_pin_mode) referenced from drv_gpio.o(.rodata._n32_pin_ops)
 <LI><a href="#[8d]">n32_pin_read</a> from drv_gpio.o(.text.n32_pin_read) referenced from drv_gpio.o(.rodata._n32_pin_ops)
 <LI><a href="#[8c]">n32_pin_write</a> from drv_gpio.o(.text.n32_pin_write) referenced from drv_gpio.o(.rodata._n32_pin_ops)
 <LI><a href="#[9b]">n32_putc</a> from drv_usart.o(.text.n32_putc) referenced from drv_usart.o(.rodata.n32_uart_ops)
 <LI><a href="#[96]">n32_rtc_get_secs</a> from drv_rtc.o(.text.n32_rtc_get_secs) referenced from drv_rtc.o(.rodata.n32_rtc_ops)
 <LI><a href="#[98]">n32_rtc_get_timeval</a> from drv_rtc.o(.text.n32_rtc_get_timeval) referenced from drv_rtc.o(.rodata.n32_rtc_ops)
 <LI><a href="#[95]">n32_rtc_init</a> from drv_rtc.o(.text.n32_rtc_init) referenced from drv_rtc.o(.rodata.n32_rtc_ops)
 <LI><a href="#[97]">n32_rtc_set_secs</a> from drv_rtc.o(.text.n32_rtc_set_secs) referenced from drv_rtc.o(.rodata.n32_rtc_ops)
 <LI><a href="#[94]">n32_set_dac_value</a> from drv_dac.o(.text.n32_set_dac_value) referenced from drv_dac.o(.rodata.n32_dac_ops)
 <LI><a href="#[71]">n32_set_scl</a> from drv_i2c.o(.text.n32_set_scl) referenced from drv_i2c.o(.text.rt_hw_i2c_init)
 <LI><a href="#[70]">n32_set_sda</a> from drv_i2c.o(.text.n32_set_sda) referenced from drv_i2c.o(.text.rt_hw_i2c_init)
 <LI><a href="#[74]">n32_udelay</a> from drv_i2c.o(.text.n32_udelay) referenced from drv_i2c.o(.text.rt_hw_i2c_init)
 <LI><a href="#[3]">n32_wdt_control</a> from drv_wdt.o(.text.n32_wdt_control) referenced 2 times from drv_wdt.o(.data.n32_wdt_ops)
 <LI><a href="#[2]">n32_wdt_init</a> from drv_wdt.o(.text.n32_wdt_init) referenced 2 times from drv_wdt.o(.data.n32_wdt_ops)
 <LI><a href="#[a3]">rt_hw_adc_init</a> from drv_adc.o(.text.rt_hw_adc_init) referenced from drv_adc.o(.rti_fn.3)
 <LI><a href="#[a4]">rt_hw_dac_init</a> from drv_dac.o(.text.rt_hw_dac_init) referenced from drv_dac.o(.rti_fn.3)
 <LI><a href="#[a5]">rt_hw_i2c_init</a> from drv_i2c.o(.text.rt_hw_i2c_init) referenced from drv_i2c.o(.rti_fn.3)
 <LI><a href="#[9f]">rt_hw_pin_init</a> from drv_gpio.o(.text.rt_hw_pin_init) referenced from drv_gpio.o(.rti_fn.1)
 <LI><a href="#[a6]">rt_hw_rtc_init</a> from drv_rtc.o(.text.rt_hw_rtc_init) referenced from drv_rtc.o(.rti_fn.3)
 <LI><a href="#[a0]">rt_hw_usart_init</a> from drv_usart.o(.text.rt_hw_usart_init) referenced from drv_usart.o(.rti_fn.1)
 <LI><a href="#[a7]">rt_hw_wdt_init</a> from drv_wdt.o(.text.rt_hw_wdt_init) referenced from drv_wdt.o(.rti_fn.3)
 <LI><a href="#[78]">rt_rtc_close</a> from rtc.o(.text.rt_rtc_close) referenced 2 times from rtc.o(.text.rt_hw_rtc_register)
 <LI><a href="#[77]">rt_rtc_control</a> from rtc.o(.text.rt_rtc_control) referenced 2 times from rtc.o(.text.rt_hw_rtc_register)
 <LI><a href="#[75]">rt_rtc_init</a> from rtc.o(.text.rt_rtc_init) referenced 2 times from rtc.o(.text.rt_hw_rtc_register)
 <LI><a href="#[76]">rt_rtc_open</a> from rtc.o(.text.rt_rtc_open) referenced 2 times from rtc.o(.text.rt_hw_rtc_register)
 <LI><a href="#[7c]">rt_serial_close</a> from serial.o(.text.rt_serial_close) referenced 2 times from serial.o(.text.rt_hw_serial_register)
 <LI><a href="#[7b]">rt_serial_control</a> from serial.o(.text.rt_serial_control) referenced 2 times from serial.o(.text.rt_hw_serial_register)
 <LI><a href="#[79]">rt_serial_init</a> from serial.o(.text.rt_serial_init) referenced 2 times from serial.o(.text.rt_hw_serial_register)
 <LI><a href="#[7a]">rt_serial_open</a> from serial.o(.text.rt_serial_open) referenced 2 times from serial.o(.text.rt_hw_serial_register)
 <LI><a href="#[7d]">rt_serial_read</a> from serial.o(.text.rt_serial_read) referenced 2 times from serial.o(.text.rt_hw_serial_register)
 <LI><a href="#[7e]">rt_serial_write</a> from serial.o(.text.rt_serial_write) referenced 2 times from serial.o(.text.rt_hw_serial_register)
 <LI><a href="#[82]">rt_watchdog_close</a> from watchdog.o(.text.rt_watchdog_close) referenced 2 times from watchdog.o(.text.rt_hw_watchdog_register)
 <LI><a href="#[81]">rt_watchdog_control</a> from watchdog.o(.text.rt_watchdog_control) referenced 2 times from watchdog.o(.text.rt_hw_watchdog_register)
 <LI><a href="#[7f]">rt_watchdog_init</a> from watchdog.o(.text.rt_watchdog_init) referenced 2 times from watchdog.o(.text.rt_hw_watchdog_register)
 <LI><a href="#[80]">rt_watchdog_open</a> from watchdog.o(.text.rt_watchdog_open) referenced 2 times from watchdog.o(.text.rt_hw_watchdog_register)
 <LI><a href="#[a2]">rt_work_sys_workqueue_init</a> from workqueue.o(.text.rt_work_sys_workqueue_init) referenced from workqueue.o(.rti_fn.2)
 <LI><a href="#[a1]">rti_board_end</a> from components.o(.text.rti_board_end) referenced from components.o(.rti_fn.1.end)
 <LI><a href="#[9e]">rti_board_start</a> from components.o(.text.rti_board_start) referenced from components.o(.rti_fn.0.end)
 <LI><a href="#[a9]">rti_end</a> from components.o(.text.rti_end) referenced from components.o(.rti_fn.6.end)
 <LI><a href="#[9d]">rti_start</a> from components.o(.text.rti_start) referenced from components.o(.rti_fn.0)
 <LI><a href="#[b3]">version</a> from cmd.o(.text.version) referenced from cmd.o(FSymTab)
</UL>
<P>
<H3>
Global Symbols
</H3>
<P><STRONG><a name="[66]"></a>__main</STRONG> (Thumb, 0 bytes, Stack size unknown bytes, entry.o(.ARM.Collect$$$$00000000))
<BR>[Address Reference Count : 1]<UL><LI> startup_n32wb452.o(.text)
</UL>
<P><STRONG><a name="[1c7]"></a>_main_stk</STRONG> (Thumb, 0 bytes, Stack size unknown bytes, entry2.o(.ARM.Collect$$$$00000001))

<P><STRONG><a name="[b6]"></a>_main_scatterload</STRONG> (Thumb, 0 bytes, Stack size unknown bytes, entry5.o(.ARM.Collect$$$$00000004))
<BR><BR>[Calls]<UL><LI><a href="#[b7]">&gt;&gt;</a>&nbsp;&nbsp;&nbsp;__scatterload
</UL>

<P><STRONG><a name="[c3]"></a>__main_after_scatterload</STRONG> (Thumb, 0 bytes, Stack size unknown bytes, entry5.o(.ARM.Collect$$$$00000004))
<BR><BR>[Called By]<UL><LI><a href="#[b7]">&gt;&gt;</a>&nbsp;&nbsp;&nbsp;__scatterload
</UL>

<P><STRONG><a name="[1c8]"></a>_main_clock</STRONG> (Thumb, 0 bytes, Stack size unknown bytes, entry7b.o(.ARM.Collect$$$$00000008))

<P><STRONG><a name="[1c9]"></a>_main_cpp_init</STRONG> (Thumb, 0 bytes, Stack size unknown bytes, entry8b.o(.ARM.Collect$$$$0000000A))

<P><STRONG><a name="[1ca]"></a>_main_init</STRONG> (Thumb, 0 bytes, Stack size unknown bytes, entry9a.o(.ARM.Collect$$$$0000000B))

<P><STRONG><a name="[1cb]"></a>__rt_final_cpp</STRONG> (Thumb, 0 bytes, Stack size unknown bytes, entry10a.o(.ARM.Collect$$$$0000000D))

<P><STRONG><a name="[1cc]"></a>__rt_final_exit</STRONG> (Thumb, 0 bytes, Stack size unknown bytes, entry11a.o(.ARM.Collect$$$$0000000F))

<P><STRONG><a name="[4]"></a>Reset_Handler</STRONG> (Thumb, 8 bytes, Stack size 0 bytes, startup_n32wb452.o(.text))
<BR>[Address Reference Count : 1]<UL><LI> startup_n32wb452.o(RESET)
</UL>
<P><STRONG><a name="[5]"></a>NMI_Handler</STRONG> (Thumb, 2 bytes, Stack size 0 bytes, startup_n32wb452.o(.text))
<BR><BR>[Calls]<UL><LI><a href="#[5]">&gt;&gt;</a>&nbsp;&nbsp;&nbsp;NMI_Handler
</UL>
<BR>[Called By]<UL><LI><a href="#[5]">&gt;&gt;</a>&nbsp;&nbsp;&nbsp;NMI_Handler
</UL>
<BR>[Address Reference Count : 1]<UL><LI> startup_n32wb452.o(RESET)
</UL>
<P><STRONG><a name="[7]"></a>MemManage_Handler</STRONG> (Thumb, 2 bytes, Stack size 0 bytes, startup_n32wb452.o(.text))
<BR><BR>[Calls]<UL><LI><a href="#[7]">&gt;&gt;</a>&nbsp;&nbsp;&nbsp;MemManage_Handler
</UL>
<BR>[Called By]<UL><LI><a href="#[7]">&gt;&gt;</a>&nbsp;&nbsp;&nbsp;MemManage_Handler
</UL>
<BR>[Address Reference Count : 1]<UL><LI> startup_n32wb452.o(RESET)
</UL>
<P><STRONG><a name="[8]"></a>BusFault_Handler</STRONG> (Thumb, 2 bytes, Stack size 0 bytes, startup_n32wb452.o(.text))
<BR><BR>[Calls]<UL><LI><a href="#[8]">&gt;&gt;</a>&nbsp;&nbsp;&nbsp;BusFault_Handler
</UL>
<BR>[Called By]<UL><LI><a href="#[8]">&gt;&gt;</a>&nbsp;&nbsp;&nbsp;BusFault_Handler
</UL>
<BR>[Address Reference Count : 1]<UL><LI> startup_n32wb452.o(RESET)
</UL>
<P><STRONG><a name="[9]"></a>UsageFault_Handler</STRONG> (Thumb, 2 bytes, Stack size 0 bytes, startup_n32wb452.o(.text))
<BR><BR>[Calls]<UL><LI><a href="#[9]">&gt;&gt;</a>&nbsp;&nbsp;&nbsp;UsageFault_Handler
</UL>
<BR>[Called By]<UL><LI><a href="#[9]">&gt;&gt;</a>&nbsp;&nbsp;&nbsp;UsageFault_Handler
</UL>
<BR>[Address Reference Count : 1]<UL><LI> startup_n32wb452.o(RESET)
</UL>
<P><STRONG><a name="[a]"></a>SVC_Handler</STRONG> (Thumb, 2 bytes, Stack size 0 bytes, startup_n32wb452.o(.text))
<BR><BR>[Calls]<UL><LI><a href="#[a]">&gt;&gt;</a>&nbsp;&nbsp;&nbsp;SVC_Handler
</UL>
<BR>[Called By]<UL><LI><a href="#[a]">&gt;&gt;</a>&nbsp;&nbsp;&nbsp;SVC_Handler
</UL>
<BR>[Address Reference Count : 1]<UL><LI> startup_n32wb452.o(RESET)
</UL>
<P><STRONG><a name="[b]"></a>DebugMon_Handler</STRONG> (Thumb, 2 bytes, Stack size 0 bytes, startup_n32wb452.o(.text))
<BR><BR>[Calls]<UL><LI><a href="#[b]">&gt;&gt;</a>&nbsp;&nbsp;&nbsp;DebugMon_Handler
</UL>
<BR>[Called By]<UL><LI><a href="#[b]">&gt;&gt;</a>&nbsp;&nbsp;&nbsp;DebugMon_Handler
</UL>
<BR>[Address Reference Count : 1]<UL><LI> startup_n32wb452.o(RESET)
</UL>
<P><STRONG><a name="[20]"></a>ADC1_2_IRQHandler</STRONG> (Thumb, 0 bytes, Stack size 0 bytes, startup_n32wb452.o(.text))
<BR><BR>[Calls]<UL><LI><a href="#[20]">&gt;&gt;</a>&nbsp;&nbsp;&nbsp;ADC1_2_IRQHandler
</UL>
<BR>[Called By]<UL><LI><a href="#[20]">&gt;&gt;</a>&nbsp;&nbsp;&nbsp;ADC1_2_IRQHandler
</UL>
<BR>[Address Reference Count : 1]<UL><LI> startup_n32wb452.o(RESET)
</UL>
<P><STRONG><a name="[23]"></a>CAN1_RX1_IRQHandler</STRONG> (Thumb, 0 bytes, Stack size 0 bytes, startup_n32wb452.o(.text))
<BR>[Address Reference Count : 1]<UL><LI> startup_n32wb452.o(RESET)
</UL>
<P><STRONG><a name="[24]"></a>CAN1_SCE_IRQHandler</STRONG> (Thumb, 0 bytes, Stack size 0 bytes, startup_n32wb452.o(.text))
<BR>[Address Reference Count : 1]<UL><LI> startup_n32wb452.o(RESET)
</UL>
<P><STRONG><a name="[4e]"></a>CAN2_RX0_IRQHandler</STRONG> (Thumb, 0 bytes, Stack size 0 bytes, startup_n32wb452.o(.text))
<BR>[Address Reference Count : 1]<UL><LI> startup_n32wb452.o(RESET)
</UL>
<P><STRONG><a name="[4f]"></a>CAN2_RX1_IRQHandler</STRONG> (Thumb, 0 bytes, Stack size 0 bytes, startup_n32wb452.o(.text))
<BR>[Address Reference Count : 1]<UL><LI> startup_n32wb452.o(RESET)
</UL>
<P><STRONG><a name="[50]"></a>CAN2_SCE_IRQHandler</STRONG> (Thumb, 0 bytes, Stack size 0 bytes, startup_n32wb452.o(.text))
<BR>[Address Reference Count : 1]<UL><LI> startup_n32wb452.o(RESET)
</UL>
<P><STRONG><a name="[4d]"></a>CAN2_TX_IRQHandler</STRONG> (Thumb, 0 bytes, Stack size 0 bytes, startup_n32wb452.o(.text))
<BR>[Address Reference Count : 1]<UL><LI> startup_n32wb452.o(RESET)
</UL>
<P><STRONG><a name="[19]"></a>DMA1_Channel1_IRQHandler</STRONG> (Thumb, 0 bytes, Stack size 0 bytes, startup_n32wb452.o(.text))
<BR>[Address Reference Count : 1]<UL><LI> startup_n32wb452.o(RESET)
</UL>
<P><STRONG><a name="[1a]"></a>DMA1_Channel2_IRQHandler</STRONG> (Thumb, 0 bytes, Stack size 0 bytes, startup_n32wb452.o(.text))
<BR>[Address Reference Count : 1]<UL><LI> startup_n32wb452.o(RESET)
</UL>
<P><STRONG><a name="[1b]"></a>DMA1_Channel3_IRQHandler</STRONG> (Thumb, 0 bytes, Stack size 0 bytes, startup_n32wb452.o(.text))
<BR>[Address Reference Count : 1]<UL><LI> startup_n32wb452.o(RESET)
</UL>
<P><STRONG><a name="[1c]"></a>DMA1_Channel4_IRQHandler</STRONG> (Thumb, 0 bytes, Stack size 0 bytes, startup_n32wb452.o(.text))
<BR>[Address Reference Count : 1]<UL><LI> startup_n32wb452.o(RESET)
</UL>
<P><STRONG><a name="[1d]"></a>DMA1_Channel5_IRQHandler</STRONG> (Thumb, 0 bytes, Stack size 0 bytes, startup_n32wb452.o(.text))
<BR>[Address Reference Count : 1]<UL><LI> startup_n32wb452.o(RESET)
</UL>
<P><STRONG><a name="[1e]"></a>DMA1_Channel6_IRQHandler</STRONG> (Thumb, 0 bytes, Stack size 0 bytes, startup_n32wb452.o(.text))
<BR>[Address Reference Count : 1]<UL><LI> startup_n32wb452.o(RESET)
</UL>
<P><STRONG><a name="[1f]"></a>DMA1_Channel7_IRQHandler</STRONG> (Thumb, 0 bytes, Stack size 0 bytes, startup_n32wb452.o(.text))
<BR>[Address Reference Count : 1]<UL><LI> startup_n32wb452.o(RESET)
</UL>
<P><STRONG><a name="[5a]"></a>DMA1_Channel8_IRQHandler</STRONG> (Thumb, 0 bytes, Stack size 0 bytes, startup_n32wb452.o(.text))
<BR>[Address Reference Count : 1]<UL><LI> startup_n32wb452.o(RESET)
</UL>
<P><STRONG><a name="[46]"></a>DMA2_Channel1_IRQHandler</STRONG> (Thumb, 0 bytes, Stack size 0 bytes, startup_n32wb452.o(.text))
<BR>[Address Reference Count : 1]<UL><LI> startup_n32wb452.o(RESET)
</UL>
<P><STRONG><a name="[47]"></a>DMA2_Channel2_IRQHandler</STRONG> (Thumb, 0 bytes, Stack size 0 bytes, startup_n32wb452.o(.text))
<BR>[Address Reference Count : 1]<UL><LI> startup_n32wb452.o(RESET)
</UL>
<P><STRONG><a name="[48]"></a>DMA2_Channel3_IRQHandler</STRONG> (Thumb, 0 bytes, Stack size 0 bytes, startup_n32wb452.o(.text))
<BR>[Address Reference Count : 1]<UL><LI> startup_n32wb452.o(RESET)
</UL>
<P><STRONG><a name="[49]"></a>DMA2_Channel4_IRQHandler</STRONG> (Thumb, 0 bytes, Stack size 0 bytes, startup_n32wb452.o(.text))
<BR>[Address Reference Count : 1]<UL><LI> startup_n32wb452.o(RESET)
</UL>
<P><STRONG><a name="[4a]"></a>DMA2_Channel5_IRQHandler</STRONG> (Thumb, 0 bytes, Stack size 0 bytes, startup_n32wb452.o(.text))
<BR>[Address Reference Count : 1]<UL><LI> startup_n32wb452.o(RESET)
</UL>
<P><STRONG><a name="[52]"></a>DMA2_Channel6_IRQHandler</STRONG> (Thumb, 0 bytes, Stack size 0 bytes, startup_n32wb452.o(.text))
<BR>[Address Reference Count : 1]<UL><LI> startup_n32wb452.o(RESET)
</UL>
<P><STRONG><a name="[53]"></a>DMA2_Channel7_IRQHandler</STRONG> (Thumb, 0 bytes, Stack size 0 bytes, startup_n32wb452.o(.text))
<BR>[Address Reference Count : 1]<UL><LI> startup_n32wb452.o(RESET)
</UL>
<P><STRONG><a name="[5b]"></a>DMA2_Channel8_IRQHandler</STRONG> (Thumb, 0 bytes, Stack size 0 bytes, startup_n32wb452.o(.text))
<BR>[Address Reference Count : 1]<UL><LI> startup_n32wb452.o(RESET)
</UL>
<P><STRONG><a name="[5c]"></a>DVP_IRQHandler</STRONG> (Thumb, 0 bytes, Stack size 0 bytes, startup_n32wb452.o(.text))
<BR>[Address Reference Count : 1]<UL><LI> startup_n32wb452.o(RESET)
</UL>
<P><STRONG><a name="[12]"></a>FLASH_IRQHandler</STRONG> (Thumb, 0 bytes, Stack size 0 bytes, startup_n32wb452.o(.text))
<BR>[Address Reference Count : 1]<UL><LI> startup_n32wb452.o(RESET)
</UL>
<P><STRONG><a name="[2e]"></a>I2C1_ER_IRQHandler</STRONG> (Thumb, 0 bytes, Stack size 0 bytes, startup_n32wb452.o(.text))
<BR>[Address Reference Count : 1]<UL><LI> startup_n32wb452.o(RESET)
</UL>
<P><STRONG><a name="[2d]"></a>I2C1_EV_IRQHandler</STRONG> (Thumb, 0 bytes, Stack size 0 bytes, startup_n32wb452.o(.text))
<BR>[Address Reference Count : 1]<UL><LI> startup_n32wb452.o(RESET)
</UL>
<P><STRONG><a name="[30]"></a>I2C2_ER_IRQHandler</STRONG> (Thumb, 0 bytes, Stack size 0 bytes, startup_n32wb452.o(.text))
<BR>[Address Reference Count : 1]<UL><LI> startup_n32wb452.o(RESET)
</UL>
<P><STRONG><a name="[2f]"></a>I2C2_EV_IRQHandler</STRONG> (Thumb, 0 bytes, Stack size 0 bytes, startup_n32wb452.o(.text))
<BR>[Address Reference Count : 1]<UL><LI> startup_n32wb452.o(RESET)
</UL>
<P><STRONG><a name="[55]"></a>I2C3_ER_IRQHandler</STRONG> (Thumb, 0 bytes, Stack size 0 bytes, startup_n32wb452.o(.text))
<BR>[Address Reference Count : 1]<UL><LI> startup_n32wb452.o(RESET)
</UL>
<P><STRONG><a name="[54]"></a>I2C3_EV_IRQHandler</STRONG> (Thumb, 0 bytes, Stack size 0 bytes, startup_n32wb452.o(.text))
<BR>[Address Reference Count : 1]<UL><LI> startup_n32wb452.o(RESET)
</UL>
<P><STRONG><a name="[57]"></a>I2C4_ER_IRQHandler</STRONG> (Thumb, 0 bytes, Stack size 0 bytes, startup_n32wb452.o(.text))
<BR>[Address Reference Count : 1]<UL><LI> startup_n32wb452.o(RESET)
</UL>
<P><STRONG><a name="[56]"></a>I2C4_EV_IRQHandler</STRONG> (Thumb, 0 bytes, Stack size 0 bytes, startup_n32wb452.o(.text))
<BR>[Address Reference Count : 1]<UL><LI> startup_n32wb452.o(RESET)
</UL>
<P><STRONG><a name="[5e]"></a>MMU_IRQHandler</STRONG> (Thumb, 0 bytes, Stack size 0 bytes, startup_n32wb452.o(.text))
<BR>[Address Reference Count : 1]<UL><LI> startup_n32wb452.o(RESET)
</UL>
<P><STRONG><a name="[f]"></a>PVD_IRQHandler</STRONG> (Thumb, 0 bytes, Stack size 0 bytes, startup_n32wb452.o(.text))
<BR>[Address Reference Count : 1]<UL><LI> startup_n32wb452.o(RESET)
</UL>
<P><STRONG><a name="[13]"></a>RCC_IRQHandler</STRONG> (Thumb, 0 bytes, Stack size 0 bytes, startup_n32wb452.o(.text))
<BR>[Address Reference Count : 1]<UL><LI> startup_n32wb452.o(RESET)
</UL>
<P><STRONG><a name="[63]"></a>RSRAM_IRQHandler</STRONG> (Thumb, 0 bytes, Stack size 0 bytes, startup_n32wb452.o(.text))
<BR>[Address Reference Count : 1]<UL><LI> startup_n32wb452.o(RESET)
</UL>
<P><STRONG><a name="[37]"></a>RTCAlarm_IRQHandler</STRONG> (Thumb, 0 bytes, Stack size 0 bytes, startup_n32wb452.o(.text))
<BR>[Address Reference Count : 1]<UL><LI> startup_n32wb452.o(RESET)
</UL>
<P><STRONG><a name="[11]"></a>RTC_WKUP_IRQHandler</STRONG> (Thumb, 0 bytes, Stack size 0 bytes, startup_n32wb452.o(.text))
<BR>[Address Reference Count : 1]<UL><LI> startup_n32wb452.o(RESET)
</UL>
<P><STRONG><a name="[5d]"></a>SAC_IRQHandler</STRONG> (Thumb, 0 bytes, Stack size 0 bytes, startup_n32wb452.o(.text))
<BR>[Address Reference Count : 1]<UL><LI> startup_n32wb452.o(RESET)
</UL>
<P><STRONG><a name="[3f]"></a>SDIO_IRQHandler</STRONG> (Thumb, 0 bytes, Stack size 0 bytes, startup_n32wb452.o(.text))
<BR>[Address Reference Count : 1]<UL><LI> startup_n32wb452.o(RESET)
</UL>
<P><STRONG><a name="[31]"></a>SPI1_IRQHandler</STRONG> (Thumb, 0 bytes, Stack size 0 bytes, startup_n32wb452.o(.text))
<BR>[Address Reference Count : 1]<UL><LI> startup_n32wb452.o(RESET)
</UL>
<P><STRONG><a name="[32]"></a>SPI2_IRQHandler</STRONG> (Thumb, 0 bytes, Stack size 0 bytes, startup_n32wb452.o(.text))
<BR>[Address Reference Count : 1]<UL><LI> startup_n32wb452.o(RESET)
</UL>
<P><STRONG><a name="[41]"></a>SPI3_IRQHandler</STRONG> (Thumb, 0 bytes, Stack size 0 bytes, startup_n32wb452.o(.text))
<BR>[Address Reference Count : 1]<UL><LI> startup_n32wb452.o(RESET)
</UL>
<P><STRONG><a name="[10]"></a>TAMPER_IRQHandler</STRONG> (Thumb, 0 bytes, Stack size 0 bytes, startup_n32wb452.o(.text))
<BR>[Address Reference Count : 1]<UL><LI> startup_n32wb452.o(RESET)
</UL>
<P><STRONG><a name="[26]"></a>TIM1_BRK_IRQHandler</STRONG> (Thumb, 0 bytes, Stack size 0 bytes, startup_n32wb452.o(.text))
<BR>[Address Reference Count : 1]<UL><LI> startup_n32wb452.o(RESET)
</UL>
<P><STRONG><a name="[29]"></a>TIM1_CC_IRQHandler</STRONG> (Thumb, 0 bytes, Stack size 0 bytes, startup_n32wb452.o(.text))
<BR>[Address Reference Count : 1]<UL><LI> startup_n32wb452.o(RESET)
</UL>
<P><STRONG><a name="[28]"></a>TIM1_TRG_COM_IRQHandler</STRONG> (Thumb, 0 bytes, Stack size 0 bytes, startup_n32wb452.o(.text))
<BR>[Address Reference Count : 1]<UL><LI> startup_n32wb452.o(RESET)
</UL>
<P><STRONG><a name="[27]"></a>TIM1_UP_IRQHandler</STRONG> (Thumb, 0 bytes, Stack size 0 bytes, startup_n32wb452.o(.text))
<BR>[Address Reference Count : 1]<UL><LI> startup_n32wb452.o(RESET)
</UL>
<P><STRONG><a name="[2a]"></a>TIM2_IRQHandler</STRONG> (Thumb, 0 bytes, Stack size 0 bytes, startup_n32wb452.o(.text))
<BR>[Address Reference Count : 1]<UL><LI> startup_n32wb452.o(RESET)
</UL>
<P><STRONG><a name="[2b]"></a>TIM3_IRQHandler</STRONG> (Thumb, 0 bytes, Stack size 0 bytes, startup_n32wb452.o(.text))
<BR>[Address Reference Count : 1]<UL><LI> startup_n32wb452.o(RESET)
</UL>
<P><STRONG><a name="[2c]"></a>TIM4_IRQHandler</STRONG> (Thumb, 0 bytes, Stack size 0 bytes, startup_n32wb452.o(.text))
<BR>[Address Reference Count : 1]<UL><LI> startup_n32wb452.o(RESET)
</UL>
<P><STRONG><a name="[40]"></a>TIM5_IRQHandler</STRONG> (Thumb, 0 bytes, Stack size 0 bytes, startup_n32wb452.o(.text))
<BR>[Address Reference Count : 1]<UL><LI> startup_n32wb452.o(RESET)
</UL>
<P><STRONG><a name="[44]"></a>TIM6_IRQHandler</STRONG> (Thumb, 0 bytes, Stack size 0 bytes, startup_n32wb452.o(.text))
<BR>[Address Reference Count : 1]<UL><LI> startup_n32wb452.o(RESET)
</UL>
<P><STRONG><a name="[45]"></a>TIM7_IRQHandler</STRONG> (Thumb, 0 bytes, Stack size 0 bytes, startup_n32wb452.o(.text))
<BR>[Address Reference Count : 1]<UL><LI> startup_n32wb452.o(RESET)
</UL>
<P><STRONG><a name="[39]"></a>TIM8_BRK_IRQHandler</STRONG> (Thumb, 0 bytes, Stack size 0 bytes, startup_n32wb452.o(.text))
<BR>[Address Reference Count : 1]<UL><LI> startup_n32wb452.o(RESET)
</UL>
<P><STRONG><a name="[3c]"></a>TIM8_CC_IRQHandler</STRONG> (Thumb, 0 bytes, Stack size 0 bytes, startup_n32wb452.o(.text))
<BR>[Address Reference Count : 1]<UL><LI> startup_n32wb452.o(RESET)
</UL>
<P><STRONG><a name="[3b]"></a>TIM8_TRG_COM_IRQHandler</STRONG> (Thumb, 0 bytes, Stack size 0 bytes, startup_n32wb452.o(.text))
<BR>[Address Reference Count : 1]<UL><LI> startup_n32wb452.o(RESET)
</UL>
<P><STRONG><a name="[3a]"></a>TIM8_UP_IRQHandler</STRONG> (Thumb, 0 bytes, Stack size 0 bytes, startup_n32wb452.o(.text))
<BR>[Address Reference Count : 1]<UL><LI> startup_n32wb452.o(RESET)
</UL>
<P><STRONG><a name="[5f]"></a>TSC_IRQHandler</STRONG> (Thumb, 0 bytes, Stack size 0 bytes, startup_n32wb452.o(.text))
<BR>[Address Reference Count : 1]<UL><LI> startup_n32wb452.o(RESET)
</UL>
<P><STRONG><a name="[42]"></a>UART4_IRQHandler</STRONG> (Thumb, 0 bytes, Stack size 0 bytes, startup_n32wb452.o(.text))
<BR>[Address Reference Count : 1]<UL><LI> startup_n32wb452.o(RESET)
</UL>
<P><STRONG><a name="[43]"></a>UART5_IRQHandler</STRONG> (Thumb, 0 bytes, Stack size 0 bytes, startup_n32wb452.o(.text))
<BR>[Address Reference Count : 1]<UL><LI> startup_n32wb452.o(RESET)
</UL>
<P><STRONG><a name="[58]"></a>UART6_IRQHandler</STRONG> (Thumb, 0 bytes, Stack size 0 bytes, startup_n32wb452.o(.text))
<BR>[Address Reference Count : 1]<UL><LI> startup_n32wb452.o(RESET)
</UL>
<P><STRONG><a name="[59]"></a>UART7_IRQHandler</STRONG> (Thumb, 0 bytes, Stack size 0 bytes, startup_n32wb452.o(.text))
<BR>[Address Reference Count : 1]<UL><LI> startup_n32wb452.o(RESET)
</UL>
<P><STRONG><a name="[34]"></a>USART2_IRQHandler</STRONG> (Thumb, 0 bytes, Stack size 0 bytes, startup_n32wb452.o(.text))
<BR>[Address Reference Count : 1]<UL><LI> startup_n32wb452.o(RESET)
</UL>
<P><STRONG><a name="[35]"></a>USART3_IRQHandler</STRONG> (Thumb, 0 bytes, Stack size 0 bytes, startup_n32wb452.o(.text))
<BR>[Address Reference Count : 1]<UL><LI> startup_n32wb452.o(RESET)
</UL>
<P><STRONG><a name="[38]"></a>USBWakeUp_IRQHandler</STRONG> (Thumb, 0 bytes, Stack size 0 bytes, startup_n32wb452.o(.text))
<BR>[Address Reference Count : 1]<UL><LI> startup_n32wb452.o(RESET)
</UL>
<P><STRONG><a name="[21]"></a>USB_HP_CAN1_TX_IRQHandler</STRONG> (Thumb, 0 bytes, Stack size 0 bytes, startup_n32wb452.o(.text))
<BR>[Address Reference Count : 1]<UL><LI> startup_n32wb452.o(RESET)
</UL>
<P><STRONG><a name="[22]"></a>USB_LP_CAN1_RX0_IRQHandler</STRONG> (Thumb, 0 bytes, Stack size 0 bytes, startup_n32wb452.o(.text))
<BR>[Address Reference Count : 1]<UL><LI> startup_n32wb452.o(RESET)
</UL>
<P><STRONG><a name="[e]"></a>WWDG_IRQHandler</STRONG> (Thumb, 0 bytes, Stack size 0 bytes, startup_n32wb452.o(.text))
<BR>[Address Reference Count : 1]<UL><LI> startup_n32wb452.o(RESET)
</UL>
<P><STRONG><a name="[f1]"></a>rt_hw_interrupt_disable</STRONG> (Thumb, 8 bytes, Stack size 0 bytes, context_rvds.o(.text))
<BR><BR>[Called By]<UL><LI><a href="#[d4]">&gt;&gt;</a>&nbsp;&nbsp;&nbsp;rt_hw_serial_isr
<LI><a href="#[7e]">&gt;&gt;</a>&nbsp;&nbsp;&nbsp;rt_serial_write
<LI><a href="#[7d]">&gt;&gt;</a>&nbsp;&nbsp;&nbsp;rt_serial_read
<LI><a href="#[f4]">&gt;&gt;</a>&nbsp;&nbsp;&nbsp;rt_timer_detach
<LI><a href="#[89]">&gt;&gt;</a>&nbsp;&nbsp;&nbsp;_workqueue_thread_entry
<LI><a href="#[17a]">&gt;&gt;</a>&nbsp;&nbsp;&nbsp;rt_data_queue_deinit
<LI><a href="#[181]">&gt;&gt;</a>&nbsp;&nbsp;&nbsp;rt_susp_list_resume_all_irq
<LI><a href="#[17b]">&gt;&gt;</a>&nbsp;&nbsp;&nbsp;rt_data_queue_reset
<LI><a href="#[17d]">&gt;&gt;</a>&nbsp;&nbsp;&nbsp;rt_data_queue_peek
<LI><a href="#[17e]">&gt;&gt;</a>&nbsp;&nbsp;&nbsp;rt_data_queue_pop
<LI><a href="#[180]">&gt;&gt;</a>&nbsp;&nbsp;&nbsp;rt_data_queue_push
<LI><a href="#[e7]">&gt;&gt;</a>&nbsp;&nbsp;&nbsp;rt_exit_critical
<LI><a href="#[e5]">&gt;&gt;</a>&nbsp;&nbsp;&nbsp;rt_enter_critical
<LI><a href="#[ee]">&gt;&gt;</a>&nbsp;&nbsp;&nbsp;rt_schedule
<LI><a href="#[ec]">&gt;&gt;</a>&nbsp;&nbsp;&nbsp;rt_timer_control
<LI><a href="#[e3]">&gt;&gt;</a>&nbsp;&nbsp;&nbsp;rt_interrupt_get_nest
<LI><a href="#[139]">&gt;&gt;</a>&nbsp;&nbsp;&nbsp;rt_object_detach
<LI><a href="#[185]">&gt;&gt;</a>&nbsp;&nbsp;&nbsp;rt_object_init
<LI><a href="#[182]">&gt;&gt;</a>&nbsp;&nbsp;&nbsp;rt_object_find
<LI><a href="#[175]">&gt;&gt;</a>&nbsp;&nbsp;&nbsp;rt_completion_done
<LI><a href="#[ff]">&gt;&gt;</a>&nbsp;&nbsp;&nbsp;rt_sem_release
<LI><a href="#[178]">&gt;&gt;</a>&nbsp;&nbsp;&nbsp;rt_completion_wait
<LI><a href="#[1b1]">&gt;&gt;</a>&nbsp;&nbsp;&nbsp;rt_sem_detach
<LI><a href="#[1aa]">&gt;&gt;</a>&nbsp;&nbsp;&nbsp;rt_timer_stop
<LI><a href="#[ed]">&gt;&gt;</a>&nbsp;&nbsp;&nbsp;rt_timer_start
<LI><a href="#[1a6]">&gt;&gt;</a>&nbsp;&nbsp;&nbsp;rt_object_allocate
<LI><a href="#[ea]">&gt;&gt;</a>&nbsp;&nbsp;&nbsp;rt_sched_lock
<LI><a href="#[f0]">&gt;&gt;</a>&nbsp;&nbsp;&nbsp;_rt_sem_take
<LI><a href="#[13b]">&gt;&gt;</a>&nbsp;&nbsp;&nbsp;rt_object_delete
<LI><a href="#[f6]">&gt;&gt;</a>&nbsp;&nbsp;&nbsp;rt_thread_defunct_enqueue
<LI><a href="#[88]">&gt;&gt;</a>&nbsp;&nbsp;&nbsp;idle_thread_entry
<LI><a href="#[1b7]">&gt;&gt;</a>&nbsp;&nbsp;&nbsp;rt_system_scheduler_start
<LI><a href="#[c4]">&gt;&gt;</a>&nbsp;&nbsp;&nbsp;rtthread_startup
<LI><a href="#[1c0]">&gt;&gt;</a>&nbsp;&nbsp;&nbsp;rt_timer_check
<LI><a href="#[113]">&gt;&gt;</a>&nbsp;&nbsp;&nbsp;list_device
<LI><a href="#[114]">&gt;&gt;</a>&nbsp;&nbsp;&nbsp;list_timer
<LI><a href="#[112]">&gt;&gt;</a>&nbsp;&nbsp;&nbsp;list_mempool
<LI><a href="#[111]">&gt;&gt;</a>&nbsp;&nbsp;&nbsp;list_memheap
<LI><a href="#[110]">&gt;&gt;</a>&nbsp;&nbsp;&nbsp;list_msgqueue
<LI><a href="#[10f]">&gt;&gt;</a>&nbsp;&nbsp;&nbsp;list_mailbox
<LI><a href="#[10d]">&gt;&gt;</a>&nbsp;&nbsp;&nbsp;list_mutex
<LI><a href="#[10e]">&gt;&gt;</a>&nbsp;&nbsp;&nbsp;list_event
<LI><a href="#[10c]">&gt;&gt;</a>&nbsp;&nbsp;&nbsp;list_sem
<LI><a href="#[10a]">&gt;&gt;</a>&nbsp;&nbsp;&nbsp;list_thread
<LI><a href="#[3]">&gt;&gt;</a>&nbsp;&nbsp;&nbsp;n32_wdt_control
<LI><a href="#[90]">&gt;&gt;</a>&nbsp;&nbsp;&nbsp;n32_pin_irq_enable
<LI><a href="#[8f]">&gt;&gt;</a>&nbsp;&nbsp;&nbsp;n32_pin_dettach_irq
<LI><a href="#[8e]">&gt;&gt;</a>&nbsp;&nbsp;&nbsp;n32_pin_attach_irq
<LI><a href="#[f7]">&gt;&gt;</a>&nbsp;&nbsp;&nbsp;rt_exit_critical_safe
<LI><a href="#[f3]">&gt;&gt;</a>&nbsp;&nbsp;&nbsp;rt_sched_remove_thread
<LI><a href="#[fa]">&gt;&gt;</a>&nbsp;&nbsp;&nbsp;rt_sched_insert_thread
</UL>

<P><STRONG><a name="[f2]"></a>rt_hw_interrupt_enable</STRONG> (Thumb, 6 bytes, Stack size 0 bytes, context_rvds.o(.text))
<BR><BR>[Called By]<UL><LI><a href="#[d4]">&gt;&gt;</a>&nbsp;&nbsp;&nbsp;rt_hw_serial_isr
<LI><a href="#[7e]">&gt;&gt;</a>&nbsp;&nbsp;&nbsp;rt_serial_write
<LI><a href="#[7d]">&gt;&gt;</a>&nbsp;&nbsp;&nbsp;rt_serial_read
<LI><a href="#[f4]">&gt;&gt;</a>&nbsp;&nbsp;&nbsp;rt_timer_detach
<LI><a href="#[89]">&gt;&gt;</a>&nbsp;&nbsp;&nbsp;_workqueue_thread_entry
<LI><a href="#[17a]">&gt;&gt;</a>&nbsp;&nbsp;&nbsp;rt_data_queue_deinit
<LI><a href="#[181]">&gt;&gt;</a>&nbsp;&nbsp;&nbsp;rt_susp_list_resume_all_irq
<LI><a href="#[17b]">&gt;&gt;</a>&nbsp;&nbsp;&nbsp;rt_data_queue_reset
<LI><a href="#[17d]">&gt;&gt;</a>&nbsp;&nbsp;&nbsp;rt_data_queue_peek
<LI><a href="#[17e]">&gt;&gt;</a>&nbsp;&nbsp;&nbsp;rt_data_queue_pop
<LI><a href="#[180]">&gt;&gt;</a>&nbsp;&nbsp;&nbsp;rt_data_queue_push
<LI><a href="#[e7]">&gt;&gt;</a>&nbsp;&nbsp;&nbsp;rt_exit_critical
<LI><a href="#[e5]">&gt;&gt;</a>&nbsp;&nbsp;&nbsp;rt_enter_critical
<LI><a href="#[ee]">&gt;&gt;</a>&nbsp;&nbsp;&nbsp;rt_schedule
<LI><a href="#[ec]">&gt;&gt;</a>&nbsp;&nbsp;&nbsp;rt_timer_control
<LI><a href="#[e3]">&gt;&gt;</a>&nbsp;&nbsp;&nbsp;rt_interrupt_get_nest
<LI><a href="#[139]">&gt;&gt;</a>&nbsp;&nbsp;&nbsp;rt_object_detach
<LI><a href="#[185]">&gt;&gt;</a>&nbsp;&nbsp;&nbsp;rt_object_init
<LI><a href="#[182]">&gt;&gt;</a>&nbsp;&nbsp;&nbsp;rt_object_find
<LI><a href="#[175]">&gt;&gt;</a>&nbsp;&nbsp;&nbsp;rt_completion_done
<LI><a href="#[ff]">&gt;&gt;</a>&nbsp;&nbsp;&nbsp;rt_sem_release
<LI><a href="#[178]">&gt;&gt;</a>&nbsp;&nbsp;&nbsp;rt_completion_wait
<LI><a href="#[1b1]">&gt;&gt;</a>&nbsp;&nbsp;&nbsp;rt_sem_detach
<LI><a href="#[1aa]">&gt;&gt;</a>&nbsp;&nbsp;&nbsp;rt_timer_stop
<LI><a href="#[ed]">&gt;&gt;</a>&nbsp;&nbsp;&nbsp;rt_timer_start
<LI><a href="#[fb]">&gt;&gt;</a>&nbsp;&nbsp;&nbsp;rt_sched_unlock_n_resched
<LI><a href="#[1a6]">&gt;&gt;</a>&nbsp;&nbsp;&nbsp;rt_object_allocate
<LI><a href="#[eb]">&gt;&gt;</a>&nbsp;&nbsp;&nbsp;rt_sched_unlock
<LI><a href="#[f0]">&gt;&gt;</a>&nbsp;&nbsp;&nbsp;_rt_sem_take
<LI><a href="#[13b]">&gt;&gt;</a>&nbsp;&nbsp;&nbsp;rt_object_delete
<LI><a href="#[f6]">&gt;&gt;</a>&nbsp;&nbsp;&nbsp;rt_thread_defunct_enqueue
<LI><a href="#[88]">&gt;&gt;</a>&nbsp;&nbsp;&nbsp;idle_thread_entry
<LI><a href="#[1b7]">&gt;&gt;</a>&nbsp;&nbsp;&nbsp;rt_system_scheduler_start
<LI><a href="#[1c0]">&gt;&gt;</a>&nbsp;&nbsp;&nbsp;rt_timer_check
<LI><a href="#[113]">&gt;&gt;</a>&nbsp;&nbsp;&nbsp;list_device
<LI><a href="#[114]">&gt;&gt;</a>&nbsp;&nbsp;&nbsp;list_timer
<LI><a href="#[112]">&gt;&gt;</a>&nbsp;&nbsp;&nbsp;list_mempool
<LI><a href="#[111]">&gt;&gt;</a>&nbsp;&nbsp;&nbsp;list_memheap
<LI><a href="#[110]">&gt;&gt;</a>&nbsp;&nbsp;&nbsp;list_msgqueue
<LI><a href="#[10f]">&gt;&gt;</a>&nbsp;&nbsp;&nbsp;list_mailbox
<LI><a href="#[10d]">&gt;&gt;</a>&nbsp;&nbsp;&nbsp;list_mutex
<LI><a href="#[10e]">&gt;&gt;</a>&nbsp;&nbsp;&nbsp;list_event
<LI><a href="#[10c]">&gt;&gt;</a>&nbsp;&nbsp;&nbsp;list_sem
<LI><a href="#[10a]">&gt;&gt;</a>&nbsp;&nbsp;&nbsp;list_thread
<LI><a href="#[3]">&gt;&gt;</a>&nbsp;&nbsp;&nbsp;n32_wdt_control
<LI><a href="#[90]">&gt;&gt;</a>&nbsp;&nbsp;&nbsp;n32_pin_irq_enable
<LI><a href="#[8f]">&gt;&gt;</a>&nbsp;&nbsp;&nbsp;n32_pin_dettach_irq
<LI><a href="#[8e]">&gt;&gt;</a>&nbsp;&nbsp;&nbsp;n32_pin_attach_irq
<LI><a href="#[f7]">&gt;&gt;</a>&nbsp;&nbsp;&nbsp;rt_exit_critical_safe
<LI><a href="#[f3]">&gt;&gt;</a>&nbsp;&nbsp;&nbsp;rt_sched_remove_thread
<LI><a href="#[fa]">&gt;&gt;</a>&nbsp;&nbsp;&nbsp;rt_sched_insert_thread
</UL>

<P><STRONG><a name="[1b0]"></a>rt_hw_context_switch</STRONG> (Thumb, 32 bytes, Stack size 0 bytes, context_rvds.o(.text))
<BR><BR>[Called By]<UL><LI><a href="#[ee]">&gt;&gt;</a>&nbsp;&nbsp;&nbsp;rt_schedule
</UL>

<P><STRONG><a name="[1af]"></a>rt_hw_context_switch_interrupt</STRONG> (Thumb, 0 bytes, Stack size 0 bytes, context_rvds.o(.text))
<BR><BR>[Called By]<UL><LI><a href="#[ee]">&gt;&gt;</a>&nbsp;&nbsp;&nbsp;rt_schedule
</UL>

<P><STRONG><a name="[c]"></a>PendSV_Handler</STRONG> (Thumb, 108 bytes, Stack size 0 bytes, context_rvds.o(.text))
<BR>[Address Reference Count : 1]<UL><LI> startup_n32wb452.o(RESET)
</UL>
<P><STRONG><a name="[1b8]"></a>rt_hw_context_switch_to</STRONG> (Thumb, 76 bytes, Stack size 0 bytes, context_rvds.o(.text))
<BR><BR>[Called By]<UL><LI><a href="#[1b7]">&gt;&gt;</a>&nbsp;&nbsp;&nbsp;rt_system_scheduler_start
</UL>

<P><STRONG><a name="[1cd]"></a>rt_hw_interrupt_thread_switch</STRONG> (Thumb, 2 bytes, Stack size 0 bytes, context_rvds.o(.text), UNUSED)

<P><STRONG><a name="[6]"></a>HardFault_Handler</STRONG> (Thumb, 56 bytes, Stack size 0 bytes, context_rvds.o(.text))
<BR><BR>[Stack]<UL><LI>Max Depth = 412<LI>Call Chain = HardFault_Handler &rArr; rt_hw_hard_fault_exception &rArr; list_thread &rArr; rt_kprintf &rArr; rt_vsnprintf &rArr; print_number
</UL>
<BR>[Calls]<UL><LI><a href="#[b8]">&gt;&gt;</a>&nbsp;&nbsp;&nbsp;rt_hw_hard_fault_exception
</UL>
<BR>[Address Reference Count : 1]<UL><LI> startup_n32wb452.o(RESET)
</UL>
<P><STRONG><a name="[be]"></a>__rt_ctype_table</STRONG> (Thumb, 4 bytes, Stack size 0 bytes, ctype_o.o(.text))
<BR><BR>[Called By]<UL><LI><a href="#[df]">&gt;&gt;</a>&nbsp;&nbsp;&nbsp;msh_isint
<LI><a href="#[c1]">&gt;&gt;</a>&nbsp;&nbsp;&nbsp;strtol
<LI><a href="#[bc]">&gt;&gt;</a>&nbsp;&nbsp;&nbsp;strtoul
</UL>

<P><STRONG><a name="[ba]"></a>__aeabi_memset</STRONG> (Thumb, 14 bytes, Stack size 0 bytes, memseta.o(.text))
<BR><BR>[Called By]<UL><LI><a href="#[103]">&gt;&gt;</a>&nbsp;&nbsp;&nbsp;rt_memset
<LI><a href="#[bb]">&gt;&gt;</a>&nbsp;&nbsp;&nbsp;_memset$wrapper
<LI><a href="#[b9]">&gt;&gt;</a>&nbsp;&nbsp;&nbsp;__aeabi_memclr
</UL>

<P><STRONG><a name="[1ce]"></a>__aeabi_memset4</STRONG> (Thumb, 0 bytes, Stack size 0 bytes, memseta.o(.text), UNUSED)

<P><STRONG><a name="[1cf]"></a>__aeabi_memset8</STRONG> (Thumb, 0 bytes, Stack size 0 bytes, memseta.o(.text), UNUSED)

<P><STRONG><a name="[b9]"></a>__aeabi_memclr</STRONG> (Thumb, 4 bytes, Stack size 0 bytes, memseta.o(.text))
<BR><BR>[Calls]<UL><LI><a href="#[ba]">&gt;&gt;</a>&nbsp;&nbsp;&nbsp;__aeabi_memset
</UL>
<BR>[Called By]<UL><LI><a href="#[145]">&gt;&gt;</a>&nbsp;&nbsp;&nbsp;rt_strncpy
</UL>

<P><STRONG><a name="[119]"></a>__aeabi_memclr4</STRONG> (Thumb, 0 bytes, Stack size 0 bytes, memseta.o(.text))
<BR><BR>[Called By]<UL><LI><a href="#[ae]">&gt;&gt;</a>&nbsp;&nbsp;&nbsp;date
<LI><a href="#[98]">&gt;&gt;</a>&nbsp;&nbsp;&nbsp;n32_rtc_get_timeval
<LI><a href="#[97]">&gt;&gt;</a>&nbsp;&nbsp;&nbsp;n32_rtc_set_secs
<LI><a href="#[96]">&gt;&gt;</a>&nbsp;&nbsp;&nbsp;n32_rtc_get_secs
</UL>

<P><STRONG><a name="[1d0]"></a>__aeabi_memclr8</STRONG> (Thumb, 0 bytes, Stack size 0 bytes, memseta.o(.text), UNUSED)

<P><STRONG><a name="[bb]"></a>_memset$wrapper</STRONG> (Thumb, 18 bytes, Stack size 8 bytes, memseta.o(.text), UNUSED)
<BR><BR>[Calls]<UL><LI><a href="#[ba]">&gt;&gt;</a>&nbsp;&nbsp;&nbsp;__aeabi_memset
</UL>

<P><STRONG><a name="[127]"></a>strncpy</STRONG> (Thumb, 24 bytes, Stack size 8 bytes, strncpy.o(.text))
<BR><BR>[Stack]<UL><LI>Max Depth = 8<LI>Call Chain = strncpy
</UL>
<BR>[Called By]<UL><LI><a href="#[12f]">&gt;&gt;</a>&nbsp;&nbsp;&nbsp;shell_handle_history
<LI><a href="#[68]">&gt;&gt;</a>&nbsp;&nbsp;&nbsp;finsh_thread_entry
<LI><a href="#[12c]">&gt;&gt;</a>&nbsp;&nbsp;&nbsp;msh_opt_auto_complete
</UL>

<P><STRONG><a name="[146]"></a>strchr</STRONG> (Thumb, 20 bytes, Stack size 0 bytes, strchr.o(.text))
<BR><BR>[Called By]<UL><LI><a href="#[12c]">&gt;&gt;</a>&nbsp;&nbsp;&nbsp;msh_opt_auto_complete
</UL>

<P><STRONG><a name="[12e]"></a>strlen</STRONG> (Thumb, 14 bytes, Stack size 0 bytes, strlen.o(.text))
<BR><BR>[Called By]<UL><LI><a href="#[68]">&gt;&gt;</a>&nbsp;&nbsp;&nbsp;finsh_thread_entry
<LI><a href="#[12c]">&gt;&gt;</a>&nbsp;&nbsp;&nbsp;msh_opt_auto_complete
<LI><a href="#[12b]">&gt;&gt;</a>&nbsp;&nbsp;&nbsp;msh_auto_complete
</UL>

<P><STRONG><a name="[100]"></a>strcmp</STRONG> (Thumb, 28 bytes, Stack size 8 bytes, strcmp.o(.text))
<BR><BR>[Stack]<UL><LI>Max Depth = 8<LI>Call Chain = strcmp
</UL>
<BR>[Called By]<UL><LI><a href="#[ac]">&gt;&gt;</a>&nbsp;&nbsp;&nbsp;dac
<LI><a href="#[ab]">&gt;&gt;</a>&nbsp;&nbsp;&nbsp;adc
<LI><a href="#[109]">&gt;&gt;</a>&nbsp;&nbsp;&nbsp;msh_cmd_opt_id_get
</UL>

<P><STRONG><a name="[128]"></a>memcmp</STRONG> (Thumb, 26 bytes, Stack size 12 bytes, memcmp.o(.text))
<BR><BR>[Stack]<UL><LI>Max Depth = 12<LI>Call Chain = memcmp
</UL>
<BR>[Called By]<UL><LI><a href="#[68]">&gt;&gt;</a>&nbsp;&nbsp;&nbsp;finsh_thread_entry
</UL>

<P><STRONG><a name="[144]"></a>strncmp</STRONG> (Thumb, 30 bytes, Stack size 12 bytes, strncmp.o(.text))
<BR><BR>[Stack]<UL><LI>Max Depth = 12<LI>Call Chain = strncmp
</UL>
<BR>[Called By]<UL><LI><a href="#[12d]">&gt;&gt;</a>&nbsp;&nbsp;&nbsp;msh_exec
<LI><a href="#[12c]">&gt;&gt;</a>&nbsp;&nbsp;&nbsp;msh_opt_auto_complete
<LI><a href="#[12b]">&gt;&gt;</a>&nbsp;&nbsp;&nbsp;msh_auto_complete
</UL>

<P><STRONG><a name="[bc]"></a>strtoul</STRONG> (Thumb, 114 bytes, Stack size 40 bytes, strtoul.o(.text))
<BR><BR>[Stack]<UL><LI>Max Depth = 80<LI>Call Chain = strtoul &rArr; _strtoul
</UL>
<BR>[Calls]<UL><LI><a href="#[bf]">&gt;&gt;</a>&nbsp;&nbsp;&nbsp;_strtoul
<LI><a href="#[bd]">&gt;&gt;</a>&nbsp;&nbsp;&nbsp;__aeabi_errno_addr
<LI><a href="#[be]">&gt;&gt;</a>&nbsp;&nbsp;&nbsp;__rt_ctype_table
</UL>
<BR>[Called By]<UL><LI><a href="#[b5]">&gt;&gt;</a>&nbsp;&nbsp;&nbsp;cmd_backtrace
</UL>

<P><STRONG><a name="[c0]"></a>atoi</STRONG> (Thumb, 26 bytes, Stack size 16 bytes, atoi.o(.text))
<BR><BR>[Stack]<UL><LI>Max Depth = 88<LI>Call Chain = atoi &rArr; strtol &rArr; _strtoul
</UL>
<BR>[Calls]<UL><LI><a href="#[c1]">&gt;&gt;</a>&nbsp;&nbsp;&nbsp;strtol
<LI><a href="#[bd]">&gt;&gt;</a>&nbsp;&nbsp;&nbsp;__aeabi_errno_addr
</UL>
<BR>[Called By]<UL><LI><a href="#[ae]">&gt;&gt;</a>&nbsp;&nbsp;&nbsp;date
<LI><a href="#[ad]">&gt;&gt;</a>&nbsp;&nbsp;&nbsp;_pin_cmd
<LI><a href="#[ac]">&gt;&gt;</a>&nbsp;&nbsp;&nbsp;dac
<LI><a href="#[ab]">&gt;&gt;</a>&nbsp;&nbsp;&nbsp;adc
</UL>

<P><STRONG><a name="[bf]"></a>_strtoul</STRONG> (Thumb, 158 bytes, Stack size 40 bytes, _strtoul.o(.text))
<BR><BR>[Stack]<UL><LI>Max Depth = 40<LI>Call Chain = _strtoul
</UL>
<BR>[Calls]<UL><LI><a href="#[c2]">&gt;&gt;</a>&nbsp;&nbsp;&nbsp;_chval
<LI><a href="#[bd]">&gt;&gt;</a>&nbsp;&nbsp;&nbsp;__aeabi_errno_addr
</UL>
<BR>[Called By]<UL><LI><a href="#[c1]">&gt;&gt;</a>&nbsp;&nbsp;&nbsp;strtol
<LI><a href="#[bc]">&gt;&gt;</a>&nbsp;&nbsp;&nbsp;strtoul
</UL>

<P><STRONG><a name="[c1]"></a>strtol</STRONG> (Thumb, 112 bytes, Stack size 32 bytes, strtol.o(.text))
<BR><BR>[Stack]<UL><LI>Max Depth = 72<LI>Call Chain = strtol &rArr; _strtoul
</UL>
<BR>[Calls]<UL><LI><a href="#[bf]">&gt;&gt;</a>&nbsp;&nbsp;&nbsp;_strtoul
<LI><a href="#[bd]">&gt;&gt;</a>&nbsp;&nbsp;&nbsp;__aeabi_errno_addr
<LI><a href="#[be]">&gt;&gt;</a>&nbsp;&nbsp;&nbsp;__rt_ctype_table
</UL>
<BR>[Called By]<UL><LI><a href="#[c0]">&gt;&gt;</a>&nbsp;&nbsp;&nbsp;atoi
</UL>

<P><STRONG><a name="[b7]"></a>__scatterload</STRONG> (Thumb, 28 bytes, Stack size 0 bytes, init.o(.text))
<BR><BR>[Calls]<UL><LI><a href="#[c3]">&gt;&gt;</a>&nbsp;&nbsp;&nbsp;__main_after_scatterload
</UL>
<BR>[Called By]<UL><LI><a href="#[b6]">&gt;&gt;</a>&nbsp;&nbsp;&nbsp;_main_scatterload
</UL>

<P><STRONG><a name="[1d1]"></a>__scatterload_rt2</STRONG> (Thumb, 0 bytes, Stack size 0 bytes, init.o(.text), UNUSED)

<P><STRONG><a name="[c2]"></a>_chval</STRONG> (Thumb, 28 bytes, Stack size 0 bytes, _chval.o(.text))
<BR><BR>[Called By]<UL><LI><a href="#[bf]">&gt;&gt;</a>&nbsp;&nbsp;&nbsp;_strtoul
</UL>

<P><STRONG><a name="[1d2]"></a>__decompress</STRONG> (Thumb, 0 bytes, Stack size unknown bytes, __dczerorl2.o(.text), UNUSED)

<P><STRONG><a name="[1d3]"></a>__decompress1</STRONG> (Thumb, 86 bytes, Stack size unknown bytes, __dczerorl2.o(.text), UNUSED)

<P><STRONG><a name="[64]"></a>main</STRONG> (Thumb, 10 bytes, Stack size 8 bytes, components.o(.text.$Sub$$main))
<BR><BR>[Stack]<UL><LI>Max Depth = 364<LI>Call Chain = main &rArr; rtthread_startup &rArr; rt_thread_create &rArr; rt_object_allocate &rArr; rt_malloc &rArr; rt_mutex_release &rArr; rt_exit_critical &rArr; rt_schedule &rArr; rt_scheduler_stack_check &rArr; rt_kprintf &rArr; rt_vsnprintf &rArr; print_number
</UL>
<BR>[Calls]<UL><LI><a href="#[c4]">&gt;&gt;</a>&nbsp;&nbsp;&nbsp;rtthread_startup
</UL>
<BR>[Address Reference Count : 1]<UL><LI> entry9a.o(.ARM.Collect$$$$0000000B)
</UL>
<P><STRONG><a name="[14a]"></a>ADC_ClearFlag</STRONG> (Thumb, 10 bytes, Stack size 0 bytes, n32wb452_adc.o(.text.ADC_ClearFlag))
<BR><BR>[Called By]<UL><LI><a href="#[1]">&gt;&gt;</a>&nbsp;&nbsp;&nbsp;n32_adc_convert
</UL>

<P><STRONG><a name="[c5]"></a>ADC_ConfigClk</STRONG> (Thumb, 88 bytes, Stack size 16 bytes, n32wb452_adc.o(.text.ADC_ConfigClk))
<BR><BR>[Stack]<UL><LI>Max Depth = 16<LI>Call Chain = ADC_ConfigClk
</UL>
<BR>[Calls]<UL><LI><a href="#[c7]">&gt;&gt;</a>&nbsp;&nbsp;&nbsp;RCC_ConfigAdcHclk
<LI><a href="#[c6]">&gt;&gt;</a>&nbsp;&nbsp;&nbsp;RCC_ConfigAdcPllClk
</UL>
<BR>[Called By]<UL><LI><a href="#[a3]">&gt;&gt;</a>&nbsp;&nbsp;&nbsp;rt_hw_adc_init
</UL>

<P><STRONG><a name="[147]"></a>ADC_ConfigRegularChannel</STRONG> (Thumb, 130 bytes, Stack size 8 bytes, n32wb452_adc.o(.text.ADC_ConfigRegularChannel))
<BR><BR>[Stack]<UL><LI>Max Depth = 8<LI>Call Chain = ADC_ConfigRegularChannel
</UL>
<BR>[Called By]<UL><LI><a href="#[1]">&gt;&gt;</a>&nbsp;&nbsp;&nbsp;n32_adc_convert
</UL>

<P><STRONG><a name="[c8]"></a>ADC_DeInit</STRONG> (Thumb, 58 bytes, Stack size 8 bytes, n32wb452_adc.o(.text.ADC_DeInit))
<BR><BR>[Stack]<UL><LI>Max Depth = 8<LI>Call Chain = ADC_DeInit
</UL>
<BR>[Calls]<UL><LI><a href="#[c9]">&gt;&gt;</a>&nbsp;&nbsp;&nbsp;RCC_EnableAHBPeriphReset
</UL>
<BR>[Called By]<UL><LI><a href="#[a3]">&gt;&gt;</a>&nbsp;&nbsp;&nbsp;rt_hw_adc_init
</UL>

<P><STRONG><a name="[18d]"></a>ADC_Enable</STRONG> (Thumb, 16 bytes, Stack size 0 bytes, n32wb452_adc.o(.text.ADC_Enable))
<BR><BR>[Called By]<UL><LI><a href="#[a3]">&gt;&gt;</a>&nbsp;&nbsp;&nbsp;rt_hw_adc_init
</UL>

<P><STRONG><a name="[148]"></a>ADC_EnableSoftwareStartConv</STRONG> (Thumb, 18 bytes, Stack size 0 bytes, n32wb452_adc.o(.text.ADC_EnableSoftwareStartConv))
<BR><BR>[Called By]<UL><LI><a href="#[1]">&gt;&gt;</a>&nbsp;&nbsp;&nbsp;n32_adc_convert
</UL>

<P><STRONG><a name="[190]"></a>ADC_GetCalibrationStatus</STRONG> (Thumb, 16 bytes, Stack size 0 bytes, n32wb452_adc.o(.text.ADC_GetCalibrationStatus))
<BR><BR>[Called By]<UL><LI><a href="#[a3]">&gt;&gt;</a>&nbsp;&nbsp;&nbsp;rt_hw_adc_init
</UL>

<P><STRONG><a name="[14b]"></a>ADC_GetDat</STRONG> (Thumb, 6 bytes, Stack size 0 bytes, n32wb452_adc.o(.text.ADC_GetDat))
<BR><BR>[Called By]<UL><LI><a href="#[1]">&gt;&gt;</a>&nbsp;&nbsp;&nbsp;n32_adc_convert
</UL>

<P><STRONG><a name="[149]"></a>ADC_GetFlagStatus</STRONG> (Thumb, 10 bytes, Stack size 0 bytes, n32wb452_adc.o(.text.ADC_GetFlagStatus))
<BR><BR>[Called By]<UL><LI><a href="#[1]">&gt;&gt;</a>&nbsp;&nbsp;&nbsp;n32_adc_convert
</UL>

<P><STRONG><a name="[18e]"></a>ADC_GetFlagStatusNew</STRONG> (Thumb, 10 bytes, Stack size 0 bytes, n32wb452_adc.o(.text.ADC_GetFlagStatusNew))
<BR><BR>[Called By]<UL><LI><a href="#[a3]">&gt;&gt;</a>&nbsp;&nbsp;&nbsp;rt_hw_adc_init
</UL>

<P><STRONG><a name="[18c]"></a>ADC_Init</STRONG> (Thumb, 84 bytes, Stack size 8 bytes, n32wb452_adc.o(.text.ADC_Init))
<BR><BR>[Stack]<UL><LI>Max Depth = 8<LI>Call Chain = ADC_Init
</UL>
<BR>[Called By]<UL><LI><a href="#[a3]">&gt;&gt;</a>&nbsp;&nbsp;&nbsp;rt_hw_adc_init
</UL>

<P><STRONG><a name="[18f]"></a>ADC_StartCalibration</STRONG> (Thumb, 18 bytes, Stack size 0 bytes, n32wb452_adc.o(.text.ADC_StartCalibration))
<BR><BR>[Called By]<UL><LI><a href="#[a3]">&gt;&gt;</a>&nbsp;&nbsp;&nbsp;rt_hw_adc_init
</UL>

<P><STRONG><a name="[ca]"></a>BKP_DeInit</STRONG> (Thumb, 18 bytes, Stack size 8 bytes, n32wb452_bkp.o(.text.BKP_DeInit))
<BR><BR>[Stack]<UL><LI>Max Depth = 8<LI>Call Chain = BKP_DeInit
</UL>
<BR>[Calls]<UL><LI><a href="#[cb]">&gt;&gt;</a>&nbsp;&nbsp;&nbsp;RCC_EnableBackupReset
</UL>
<BR>[Called By]<UL><LI><a href="#[95]">&gt;&gt;</a>&nbsp;&nbsp;&nbsp;n32_rtc_init
</UL>

<P><STRONG><a name="[151]"></a>DAC_Enable</STRONG> (Thumb, 30 bytes, Stack size 0 bytes, n32wb452_dac.o(.text.DAC_Enable))
<BR><BR>[Called By]<UL><LI><a href="#[93]">&gt;&gt;</a>&nbsp;&nbsp;&nbsp;n32_dac_enabled
<LI><a href="#[92]">&gt;&gt;</a>&nbsp;&nbsp;&nbsp;n32_dac_disabled
</UL>

<P><STRONG><a name="[196]"></a>DAC_Init</STRONG> (Thumb, 52 bytes, Stack size 8 bytes, n32wb452_dac.o(.text.DAC_Init))
<BR><BR>[Stack]<UL><LI>Max Depth = 8<LI>Call Chain = DAC_Init
</UL>
<BR>[Called By]<UL><LI><a href="#[a4]">&gt;&gt;</a>&nbsp;&nbsp;&nbsp;rt_hw_dac_init
</UL>

<P><STRONG><a name="[16a]"></a>DAC_SetCh1Data</STRONG> (Thumb, 32 bytes, Stack size 4 bytes, n32wb452_dac.o(.text.DAC_SetCh1Data))
<BR><BR>[Stack]<UL><LI>Max Depth = 4<LI>Call Chain = DAC_SetCh1Data
</UL>
<BR>[Called By]<UL><LI><a href="#[94]">&gt;&gt;</a>&nbsp;&nbsp;&nbsp;n32_set_dac_value
</UL>

<P><STRONG><a name="[169]"></a>DAC_SetCh2Data</STRONG> (Thumb, 32 bytes, Stack size 4 bytes, n32wb452_dac.o(.text.DAC_SetCh2Data))
<BR><BR>[Stack]<UL><LI>Max Depth = 4<LI>Call Chain = DAC_SetCh2Data
</UL>
<BR>[Called By]<UL><LI><a href="#[94]">&gt;&gt;</a>&nbsp;&nbsp;&nbsp;n32_set_dac_value
</UL>

<P><STRONG><a name="[16b]"></a>DAC_SoftTrgEnable</STRONG> (Thumb, 32 bytes, Stack size 0 bytes, n32wb452_dac.o(.text.DAC_SoftTrgEnable))
<BR><BR>[Called By]<UL><LI><a href="#[94]">&gt;&gt;</a>&nbsp;&nbsp;&nbsp;n32_set_dac_value
</UL>

<P><STRONG><a name="[14]"></a>EXTI0_IRQHandler</STRONG> (Thumb, 44 bytes, Stack size 8 bytes, drv_gpio.o(.text.EXTI0_IRQHandler))
<BR><BR>[Stack]<UL><LI>Max Depth = 16<LI>Call Chain = EXTI0_IRQHandler &rArr; rt_interrupt_leave
</UL>
<BR>[Calls]<UL><LI><a href="#[ce]">&gt;&gt;</a>&nbsp;&nbsp;&nbsp;EXTI_ClrITPendBit
<LI><a href="#[cd]">&gt;&gt;</a>&nbsp;&nbsp;&nbsp;EXTI_GetITStatus
<LI><a href="#[cf]">&gt;&gt;</a>&nbsp;&nbsp;&nbsp;rt_interrupt_leave
<LI><a href="#[cc]">&gt;&gt;</a>&nbsp;&nbsp;&nbsp;rt_interrupt_enter
</UL>
<BR>[Address Reference Count : 1]<UL><LI> startup_n32wb452.o(RESET)
</UL>
<P><STRONG><a name="[36]"></a>EXTI15_10_IRQHandler</STRONG> (Thumb, 202 bytes, Stack size 8 bytes, drv_gpio.o(.text.EXTI15_10_IRQHandler))
<BR><BR>[Stack]<UL><LI>Max Depth = 16<LI>Call Chain = EXTI15_10_IRQHandler &rArr; rt_interrupt_leave
</UL>
<BR>[Calls]<UL><LI><a href="#[ce]">&gt;&gt;</a>&nbsp;&nbsp;&nbsp;EXTI_ClrITPendBit
<LI><a href="#[cd]">&gt;&gt;</a>&nbsp;&nbsp;&nbsp;EXTI_GetITStatus
<LI><a href="#[cf]">&gt;&gt;</a>&nbsp;&nbsp;&nbsp;rt_interrupt_leave
<LI><a href="#[cc]">&gt;&gt;</a>&nbsp;&nbsp;&nbsp;rt_interrupt_enter
</UL>
<BR>[Address Reference Count : 1]<UL><LI> startup_n32wb452.o(RESET)
</UL>
<P><STRONG><a name="[15]"></a>EXTI1_IRQHandler</STRONG> (Thumb, 44 bytes, Stack size 8 bytes, drv_gpio.o(.text.EXTI1_IRQHandler))
<BR><BR>[Stack]<UL><LI>Max Depth = 16<LI>Call Chain = EXTI1_IRQHandler &rArr; rt_interrupt_leave
</UL>
<BR>[Calls]<UL><LI><a href="#[ce]">&gt;&gt;</a>&nbsp;&nbsp;&nbsp;EXTI_ClrITPendBit
<LI><a href="#[cd]">&gt;&gt;</a>&nbsp;&nbsp;&nbsp;EXTI_GetITStatus
<LI><a href="#[cf]">&gt;&gt;</a>&nbsp;&nbsp;&nbsp;rt_interrupt_leave
<LI><a href="#[cc]">&gt;&gt;</a>&nbsp;&nbsp;&nbsp;rt_interrupt_enter
</UL>
<BR>[Address Reference Count : 1]<UL><LI> startup_n32wb452.o(RESET)
</UL>
<P><STRONG><a name="[16]"></a>EXTI2_IRQHandler</STRONG> (Thumb, 44 bytes, Stack size 8 bytes, drv_gpio.o(.text.EXTI2_IRQHandler))
<BR><BR>[Stack]<UL><LI>Max Depth = 16<LI>Call Chain = EXTI2_IRQHandler &rArr; rt_interrupt_leave
</UL>
<BR>[Calls]<UL><LI><a href="#[ce]">&gt;&gt;</a>&nbsp;&nbsp;&nbsp;EXTI_ClrITPendBit
<LI><a href="#[cd]">&gt;&gt;</a>&nbsp;&nbsp;&nbsp;EXTI_GetITStatus
<LI><a href="#[cf]">&gt;&gt;</a>&nbsp;&nbsp;&nbsp;rt_interrupt_leave
<LI><a href="#[cc]">&gt;&gt;</a>&nbsp;&nbsp;&nbsp;rt_interrupt_enter
</UL>
<BR>[Address Reference Count : 1]<UL><LI> startup_n32wb452.o(RESET)
</UL>
<P><STRONG><a name="[17]"></a>EXTI3_IRQHandler</STRONG> (Thumb, 44 bytes, Stack size 8 bytes, drv_gpio.o(.text.EXTI3_IRQHandler))
<BR><BR>[Stack]<UL><LI>Max Depth = 16<LI>Call Chain = EXTI3_IRQHandler &rArr; rt_interrupt_leave
</UL>
<BR>[Calls]<UL><LI><a href="#[ce]">&gt;&gt;</a>&nbsp;&nbsp;&nbsp;EXTI_ClrITPendBit
<LI><a href="#[cd]">&gt;&gt;</a>&nbsp;&nbsp;&nbsp;EXTI_GetITStatus
<LI><a href="#[cf]">&gt;&gt;</a>&nbsp;&nbsp;&nbsp;rt_interrupt_leave
<LI><a href="#[cc]">&gt;&gt;</a>&nbsp;&nbsp;&nbsp;rt_interrupt_enter
</UL>
<BR>[Address Reference Count : 1]<UL><LI> startup_n32wb452.o(RESET)
</UL>
<P><STRONG><a name="[18]"></a>EXTI4_IRQHandler</STRONG> (Thumb, 44 bytes, Stack size 8 bytes, drv_gpio.o(.text.EXTI4_IRQHandler))
<BR><BR>[Stack]<UL><LI>Max Depth = 16<LI>Call Chain = EXTI4_IRQHandler &rArr; rt_interrupt_leave
</UL>
<BR>[Calls]<UL><LI><a href="#[ce]">&gt;&gt;</a>&nbsp;&nbsp;&nbsp;EXTI_ClrITPendBit
<LI><a href="#[cd]">&gt;&gt;</a>&nbsp;&nbsp;&nbsp;EXTI_GetITStatus
<LI><a href="#[cf]">&gt;&gt;</a>&nbsp;&nbsp;&nbsp;rt_interrupt_leave
<LI><a href="#[cc]">&gt;&gt;</a>&nbsp;&nbsp;&nbsp;rt_interrupt_enter
</UL>
<BR>[Address Reference Count : 1]<UL><LI> startup_n32wb452.o(RESET)
</UL>
<P><STRONG><a name="[25]"></a>EXTI9_5_IRQHandler</STRONG> (Thumb, 148 bytes, Stack size 8 bytes, drv_gpio.o(.text.EXTI9_5_IRQHandler))
<BR><BR>[Stack]<UL><LI>Max Depth = 16<LI>Call Chain = EXTI9_5_IRQHandler &rArr; rt_interrupt_leave
</UL>
<BR>[Calls]<UL><LI><a href="#[ce]">&gt;&gt;</a>&nbsp;&nbsp;&nbsp;EXTI_ClrITPendBit
<LI><a href="#[cd]">&gt;&gt;</a>&nbsp;&nbsp;&nbsp;EXTI_GetITStatus
<LI><a href="#[cf]">&gt;&gt;</a>&nbsp;&nbsp;&nbsp;rt_interrupt_leave
<LI><a href="#[cc]">&gt;&gt;</a>&nbsp;&nbsp;&nbsp;rt_interrupt_enter
</UL>
<BR>[Address Reference Count : 1]<UL><LI> startup_n32wb452.o(RESET)
</UL>
<P><STRONG><a name="[ce]"></a>EXTI_ClrITPendBit</STRONG> (Thumb, 12 bytes, Stack size 0 bytes, n32wb452_exti.o(.text.EXTI_ClrITPendBit))
<BR><BR>[Called By]<UL><LI><a href="#[36]">&gt;&gt;</a>&nbsp;&nbsp;&nbsp;EXTI15_10_IRQHandler
<LI><a href="#[25]">&gt;&gt;</a>&nbsp;&nbsp;&nbsp;EXTI9_5_IRQHandler
<LI><a href="#[18]">&gt;&gt;</a>&nbsp;&nbsp;&nbsp;EXTI4_IRQHandler
<LI><a href="#[17]">&gt;&gt;</a>&nbsp;&nbsp;&nbsp;EXTI3_IRQHandler
<LI><a href="#[16]">&gt;&gt;</a>&nbsp;&nbsp;&nbsp;EXTI2_IRQHandler
<LI><a href="#[15]">&gt;&gt;</a>&nbsp;&nbsp;&nbsp;EXTI1_IRQHandler
<LI><a href="#[14]">&gt;&gt;</a>&nbsp;&nbsp;&nbsp;EXTI0_IRQHandler
<LI><a href="#[90]">&gt;&gt;</a>&nbsp;&nbsp;&nbsp;n32_pin_irq_enable
</UL>

<P><STRONG><a name="[cd]"></a>EXTI_GetITStatus</STRONG> (Thumb, 30 bytes, Stack size 0 bytes, n32wb452_exti.o(.text.EXTI_GetITStatus))
<BR><BR>[Called By]<UL><LI><a href="#[36]">&gt;&gt;</a>&nbsp;&nbsp;&nbsp;EXTI15_10_IRQHandler
<LI><a href="#[25]">&gt;&gt;</a>&nbsp;&nbsp;&nbsp;EXTI9_5_IRQHandler
<LI><a href="#[18]">&gt;&gt;</a>&nbsp;&nbsp;&nbsp;EXTI4_IRQHandler
<LI><a href="#[17]">&gt;&gt;</a>&nbsp;&nbsp;&nbsp;EXTI3_IRQHandler
<LI><a href="#[16]">&gt;&gt;</a>&nbsp;&nbsp;&nbsp;EXTI2_IRQHandler
<LI><a href="#[15]">&gt;&gt;</a>&nbsp;&nbsp;&nbsp;EXTI1_IRQHandler
<LI><a href="#[14]">&gt;&gt;</a>&nbsp;&nbsp;&nbsp;EXTI0_IRQHandler
</UL>

<P><STRONG><a name="[156]"></a>EXTI_InitPeripheral</STRONG> (Thumb, 104 bytes, Stack size 0 bytes, n32wb452_exti.o(.text.EXTI_InitPeripheral))
<BR><BR>[Called By]<UL><LI><a href="#[90]">&gt;&gt;</a>&nbsp;&nbsp;&nbsp;n32_pin_irq_enable
</UL>

<P><STRONG><a name="[155]"></a>GPIO_ConfigEXTILine</STRONG> (Thumb, 46 bytes, Stack size 8 bytes, n32wb452_gpio.o(.text.GPIO_ConfigEXTILine))
<BR><BR>[Stack]<UL><LI>Max Depth = 8<LI>Call Chain = GPIO_ConfigEXTILine
</UL>
<BR>[Called By]<UL><LI><a href="#[90]">&gt;&gt;</a>&nbsp;&nbsp;&nbsp;n32_pin_irq_enable
</UL>

<P><STRONG><a name="[158]"></a>GPIO_InitPeripheral</STRONG> (Thumb, 192 bytes, Stack size 32 bytes, n32wb452_gpio.o(.text.GPIO_InitPeripheral))
<BR><BR>[Stack]<UL><LI>Max Depth = 32<LI>Call Chain = GPIO_InitPeripheral
</UL>
<BR>[Called By]<UL><LI><a href="#[14c]">&gt;&gt;</a>&nbsp;&nbsp;&nbsp;n32_uart_gpio_init
<LI><a href="#[8b]">&gt;&gt;</a>&nbsp;&nbsp;&nbsp;n32_pin_mode
<LI><a href="#[a4]">&gt;&gt;</a>&nbsp;&nbsp;&nbsp;rt_hw_dac_init
<LI><a href="#[a3]">&gt;&gt;</a>&nbsp;&nbsp;&nbsp;rt_hw_adc_init
</UL>

<P><STRONG><a name="[157]"></a>GPIO_InitStruct</STRONG> (Thumb, 12 bytes, Stack size 0 bytes, n32wb452_gpio.o(.text.GPIO_InitStruct))
<BR><BR>[Called By]<UL><LI><a href="#[14c]">&gt;&gt;</a>&nbsp;&nbsp;&nbsp;n32_uart_gpio_init
<LI><a href="#[8b]">&gt;&gt;</a>&nbsp;&nbsp;&nbsp;n32_pin_mode
<LI><a href="#[a4]">&gt;&gt;</a>&nbsp;&nbsp;&nbsp;rt_hw_dac_init
<LI><a href="#[a3]">&gt;&gt;</a>&nbsp;&nbsp;&nbsp;rt_hw_adc_init
</UL>

<P><STRONG><a name="[159]"></a>GPIO_ReadInputDataBit</STRONG> (Thumb, 10 bytes, Stack size 0 bytes, n32wb452_gpio.o(.text.GPIO_ReadInputDataBit))
<BR><BR>[Called By]<UL><LI><a href="#[8d]">&gt;&gt;</a>&nbsp;&nbsp;&nbsp;n32_pin_read
</UL>

<P><STRONG><a name="[15a]"></a>GPIO_WriteBit</STRONG> (Thumb, 12 bytes, Stack size 0 bytes, n32wb452_gpio.o(.text.GPIO_WriteBit))
<BR><BR>[Called By]<UL><LI><a href="#[8c]">&gt;&gt;</a>&nbsp;&nbsp;&nbsp;n32_pin_write
</UL>

<P><STRONG><a name="[170]"></a>IWDG_CntReload</STRONG> (Thumb, 12 bytes, Stack size 0 bytes, n32wb452_iwdg.o(.text.IWDG_CntReload))
<BR><BR>[Called By]<UL><LI><a href="#[3]">&gt;&gt;</a>&nbsp;&nbsp;&nbsp;n32_wdt_control
</UL>

<P><STRONG><a name="[16d]"></a>IWDG_Enable</STRONG> (Thumb, 16 bytes, Stack size 0 bytes, n32wb452_iwdg.o(.text.IWDG_Enable))
<BR><BR>[Called By]<UL><LI><a href="#[3]">&gt;&gt;</a>&nbsp;&nbsp;&nbsp;n32_wdt_control
</UL>

<P><STRONG><a name="[16c]"></a>IWDG_ReloadKey</STRONG> (Thumb, 16 bytes, Stack size 0 bytes, n32wb452_iwdg.o(.text.IWDG_ReloadKey))
<BR><BR>[Called By]<UL><LI><a href="#[3]">&gt;&gt;</a>&nbsp;&nbsp;&nbsp;n32_wdt_control
</UL>

<P><STRONG><a name="[16f]"></a>IWDG_SetPrescalerDiv</STRONG> (Thumb, 12 bytes, Stack size 0 bytes, n32wb452_iwdg.o(.text.IWDG_SetPrescalerDiv))
<BR><BR>[Called By]<UL><LI><a href="#[3]">&gt;&gt;</a>&nbsp;&nbsp;&nbsp;n32_wdt_control
</UL>

<P><STRONG><a name="[16e]"></a>IWDG_WriteConfig</STRONG> (Thumb, 12 bytes, Stack size 0 bytes, n32wb452_iwdg.o(.text.IWDG_WriteConfig))
<BR><BR>[Called By]<UL><LI><a href="#[3]">&gt;&gt;</a>&nbsp;&nbsp;&nbsp;n32_wdt_control
</UL>

<P><STRONG><a name="[14f]"></a>NVIC_Init</STRONG> (Thumb, 94 bytes, Stack size 8 bytes, misc.o(.text.NVIC_Init))
<BR><BR>[Stack]<UL><LI>Max Depth = 8<LI>Call Chain = NVIC_Init
</UL>
<BR>[Called By]<UL><LI><a href="#[9a]">&gt;&gt;</a>&nbsp;&nbsp;&nbsp;n32_control
</UL>

<P><STRONG><a name="[14e]"></a>NVIC_PriorityGroupConfig</STRONG> (Thumb, 20 bytes, Stack size 0 bytes, misc.o(.text.NVIC_PriorityGroupConfig))
<BR><BR>[Called By]<UL><LI><a href="#[9a]">&gt;&gt;</a>&nbsp;&nbsp;&nbsp;n32_control
</UL>

<P><STRONG><a name="[193]"></a>NVIC_SetVectorTable</STRONG> (Thumb, 24 bytes, Stack size 0 bytes, misc.o(.text.NVIC_SetVectorTable))
<BR><BR>[Called By]<UL><LI><a href="#[192]">&gt;&gt;</a>&nbsp;&nbsp;&nbsp;rt_hw_board_init
</UL>

<P><STRONG><a name="[15f]"></a>PWR_BackupAccessEnable</STRONG> (Thumb, 10 bytes, Stack size 0 bytes, n32wb452_pwr.o(.text.PWR_BackupAccessEnable))
<BR><BR>[Called By]<UL><LI><a href="#[95]">&gt;&gt;</a>&nbsp;&nbsp;&nbsp;n32_rtc_init
</UL>

<P><STRONG><a name="[18b]"></a>RCC_ConfigAdc1mClk</STRONG> (Thumb, 22 bytes, Stack size 0 bytes, n32wb452_rcc.o(.text.RCC_ConfigAdc1mClk))
<BR><BR>[Called By]<UL><LI><a href="#[a3]">&gt;&gt;</a>&nbsp;&nbsp;&nbsp;rt_hw_adc_init
</UL>

<P><STRONG><a name="[c7]"></a>RCC_ConfigAdcHclk</STRONG> (Thumb, 20 bytes, Stack size 0 bytes, n32wb452_rcc.o(.text.RCC_ConfigAdcHclk))
<BR><BR>[Called By]<UL><LI><a href="#[c5]">&gt;&gt;</a>&nbsp;&nbsp;&nbsp;ADC_ConfigClk
</UL>

<P><STRONG><a name="[c6]"></a>RCC_ConfigAdcPllClk</STRONG> (Thumb, 28 bytes, Stack size 0 bytes, n32wb452_rcc.o(.text.RCC_ConfigAdcPllClk))
<BR><BR>[Called By]<UL><LI><a href="#[c5]">&gt;&gt;</a>&nbsp;&nbsp;&nbsp;ADC_ConfigClk
</UL>

<P><STRONG><a name="[162]"></a>RCC_ConfigLse</STRONG> (Thumb, 30 bytes, Stack size 0 bytes, n32wb452_rcc.o(.text.RCC_ConfigLse))
<BR><BR>[Called By]<UL><LI><a href="#[95]">&gt;&gt;</a>&nbsp;&nbsp;&nbsp;n32_rtc_init
</UL>

<P><STRONG><a name="[164]"></a>RCC_ConfigRtcClk</STRONG> (Thumb, 24 bytes, Stack size 0 bytes, n32wb452_rcc.o(.text.RCC_ConfigRtcClk))
<BR><BR>[Called By]<UL><LI><a href="#[95]">&gt;&gt;</a>&nbsp;&nbsp;&nbsp;n32_rtc_init
</UL>

<P><STRONG><a name="[18a]"></a>RCC_EnableAHBPeriphClk</STRONG> (Thumb, 24 bytes, Stack size 0 bytes, n32wb452_rcc.o(.text.RCC_EnableAHBPeriphClk))
<BR><BR>[Called By]<UL><LI><a href="#[a3]">&gt;&gt;</a>&nbsp;&nbsp;&nbsp;rt_hw_adc_init
</UL>

<P><STRONG><a name="[c9]"></a>RCC_EnableAHBPeriphReset</STRONG> (Thumb, 24 bytes, Stack size 0 bytes, n32wb452_rcc.o(.text.RCC_EnableAHBPeriphReset))
<BR><BR>[Called By]<UL><LI><a href="#[c8]">&gt;&gt;</a>&nbsp;&nbsp;&nbsp;ADC_DeInit
</UL>

<P><STRONG><a name="[15e]"></a>RCC_EnableAPB1PeriphClk</STRONG> (Thumb, 24 bytes, Stack size 0 bytes, n32wb452_rcc.o(.text.RCC_EnableAPB1PeriphClk))
<BR><BR>[Called By]<UL><LI><a href="#[14c]">&gt;&gt;</a>&nbsp;&nbsp;&nbsp;n32_uart_gpio_init
<LI><a href="#[95]">&gt;&gt;</a>&nbsp;&nbsp;&nbsp;n32_rtc_init
<LI><a href="#[a4]">&gt;&gt;</a>&nbsp;&nbsp;&nbsp;rt_hw_dac_init
</UL>

<P><STRONG><a name="[154]"></a>RCC_EnableAPB2PeriphClk</STRONG> (Thumb, 24 bytes, Stack size 0 bytes, n32wb452_rcc.o(.text.RCC_EnableAPB2PeriphClk))
<BR><BR>[Called By]<UL><LI><a href="#[14c]">&gt;&gt;</a>&nbsp;&nbsp;&nbsp;n32_uart_gpio_init
<LI><a href="#[95]">&gt;&gt;</a>&nbsp;&nbsp;&nbsp;n32_rtc_init
<LI><a href="#[90]">&gt;&gt;</a>&nbsp;&nbsp;&nbsp;n32_pin_irq_enable
<LI><a href="#[8b]">&gt;&gt;</a>&nbsp;&nbsp;&nbsp;n32_pin_mode
<LI><a href="#[a4]">&gt;&gt;</a>&nbsp;&nbsp;&nbsp;rt_hw_dac_init
<LI><a href="#[a3]">&gt;&gt;</a>&nbsp;&nbsp;&nbsp;rt_hw_adc_init
</UL>

<P><STRONG><a name="[cb]"></a>RCC_EnableBackupReset</STRONG> (Thumb, 12 bytes, Stack size 0 bytes, n32wb452_rcc.o(.text.RCC_EnableBackupReset))
<BR><BR>[Called By]<UL><LI><a href="#[ca]">&gt;&gt;</a>&nbsp;&nbsp;&nbsp;BKP_DeInit
</UL>

<P><STRONG><a name="[161]"></a>RCC_EnableLsi</STRONG> (Thumb, 12 bytes, Stack size 0 bytes, n32wb452_rcc.o(.text.RCC_EnableLsi))
<BR><BR>[Called By]<UL><LI><a href="#[a7]">&gt;&gt;</a>&nbsp;&nbsp;&nbsp;rt_hw_wdt_init
<LI><a href="#[3]">&gt;&gt;</a>&nbsp;&nbsp;&nbsp;n32_wdt_control
<LI><a href="#[95]">&gt;&gt;</a>&nbsp;&nbsp;&nbsp;n32_rtc_init
</UL>

<P><STRONG><a name="[160]"></a>RCC_EnableRtcClk</STRONG> (Thumb, 12 bytes, Stack size 0 bytes, n32wb452_rcc.o(.text.RCC_EnableRtcClk))
<BR><BR>[Called By]<UL><LI><a href="#[95]">&gt;&gt;</a>&nbsp;&nbsp;&nbsp;n32_rtc_init
</UL>

<P><STRONG><a name="[d6]"></a>RCC_GetClocksFreqValue</STRONG> (Thumb, 184 bytes, Stack size 8 bytes, n32wb452_rcc.o(.text.RCC_GetClocksFreqValue))
<BR><BR>[Stack]<UL><LI>Max Depth = 8<LI>Call Chain = RCC_GetClocksFreqValue
</UL>
<BR>[Called By]<UL><LI><a href="#[d5]">&gt;&gt;</a>&nbsp;&nbsp;&nbsp;USART_Init
</UL>

<P><STRONG><a name="[163]"></a>RCC_GetFlagStatus</STRONG> (Thumb, 38 bytes, Stack size 0 bytes, n32wb452_rcc.o(.text.RCC_GetFlagStatus))
<BR><BR>[Called By]<UL><LI><a href="#[3]">&gt;&gt;</a>&nbsp;&nbsp;&nbsp;n32_wdt_control
<LI><a href="#[95]">&gt;&gt;</a>&nbsp;&nbsp;&nbsp;n32_rtc_init
</UL>

<P><STRONG><a name="[168]"></a>RTC_ConfigTime</STRONG> (Thumb, 380 bytes, Stack size 20 bytes, n32wb452_rtc.o(.text.RTC_ConfigTime))
<BR><BR>[Stack]<UL><LI>Max Depth = 20<LI>Call Chain = RTC_ConfigTime
</UL>
<BR>[Called By]<UL><LI><a href="#[97]">&gt;&gt;</a>&nbsp;&nbsp;&nbsp;n32_rtc_set_secs
</UL>

<P><STRONG><a name="[15d]"></a>RTC_GetDate</STRONG> (Thumb, 104 bytes, Stack size 8 bytes, n32wb452_rtc.o(.text.RTC_GetDate))
<BR><BR>[Stack]<UL><LI>Max Depth = 8<LI>Call Chain = RTC_GetDate
</UL>
<BR>[Called By]<UL><LI><a href="#[98]">&gt;&gt;</a>&nbsp;&nbsp;&nbsp;n32_rtc_get_timeval
<LI><a href="#[96]">&gt;&gt;</a>&nbsp;&nbsp;&nbsp;n32_rtc_get_secs
</UL>

<P><STRONG><a name="[15c]"></a>RTC_GetTime</STRONG> (Thumb, 106 bytes, Stack size 8 bytes, n32wb452_rtc.o(.text.RTC_GetTime))
<BR><BR>[Stack]<UL><LI>Max Depth = 8<LI>Call Chain = RTC_GetTime
</UL>
<BR>[Called By]<UL><LI><a href="#[98]">&gt;&gt;</a>&nbsp;&nbsp;&nbsp;n32_rtc_get_timeval
<LI><a href="#[96]">&gt;&gt;</a>&nbsp;&nbsp;&nbsp;n32_rtc_get_secs
</UL>

<P><STRONG><a name="[166]"></a>RTC_Init</STRONG> (Thumb, 120 bytes, Stack size 4 bytes, n32wb452_rtc.o(.text.RTC_Init))
<BR><BR>[Stack]<UL><LI>Max Depth = 4<LI>Call Chain = RTC_Init
</UL>
<BR>[Called By]<UL><LI><a href="#[95]">&gt;&gt;</a>&nbsp;&nbsp;&nbsp;n32_rtc_init
</UL>

<P><STRONG><a name="[167]"></a>RTC_SetDate</STRONG> (Thumb, 372 bytes, Stack size 20 bytes, n32wb452_rtc.o(.text.RTC_SetDate))
<BR><BR>[Stack]<UL><LI>Max Depth = 20<LI>Call Chain = RTC_SetDate
</UL>
<BR>[Called By]<UL><LI><a href="#[97]">&gt;&gt;</a>&nbsp;&nbsp;&nbsp;n32_rtc_set_secs
</UL>

<P><STRONG><a name="[165]"></a>RTC_WaitForSynchro</STRONG> (Thumb, 68 bytes, Stack size 4 bytes, n32wb452_rtc.o(.text.RTC_WaitForSynchro))
<BR><BR>[Stack]<UL><LI>Max Depth = 4<LI>Call Chain = RTC_WaitForSynchro
</UL>
<BR>[Called By]<UL><LI><a href="#[95]">&gt;&gt;</a>&nbsp;&nbsp;&nbsp;n32_rtc_init
</UL>

<P><STRONG><a name="[d]"></a>SysTick_Handler</STRONG> (Thumb, 18 bytes, Stack size 8 bytes, board.o(.text.SysTick_Handler))
<BR><BR>[Stack]<UL><LI>Max Depth = 244<LI>Call Chain = SysTick_Handler &rArr; rt_tick_increase &rArr; rt_sched_tick_increase &rArr; rt_sched_unlock_n_resched &rArr; rt_schedule &rArr; rt_scheduler_stack_check &rArr; rt_kprintf &rArr; rt_vsnprintf &rArr; print_number
</UL>
<BR>[Calls]<UL><LI><a href="#[cf]">&gt;&gt;</a>&nbsp;&nbsp;&nbsp;rt_interrupt_leave
<LI><a href="#[d0]">&gt;&gt;</a>&nbsp;&nbsp;&nbsp;rt_tick_increase
<LI><a href="#[cc]">&gt;&gt;</a>&nbsp;&nbsp;&nbsp;rt_interrupt_enter
</UL>
<BR>[Address Reference Count : 1]<UL><LI> startup_n32wb452.o(RESET)
</UL>
<P><STRONG><a name="[65]"></a>SystemInit</STRONG> (Thumb, 348 bytes, Stack size 16 bytes, system_n32wb452.o(.text.SystemInit))
<BR><BR>[Stack]<UL><LI>Max Depth = 16<LI>Call Chain = SystemInit
</UL>
<BR>[Address Reference Count : 1]<UL><LI> startup_n32wb452.o(.text)
</UL>
<P><STRONG><a name="[33]"></a>USART1_IRQHandler</STRONG> (Thumb, 112 bytes, Stack size 8 bytes, drv_usart.o(.text.USART1_IRQHandler))
[...]
</UL>
<BR>[Address Reference Count : 1]<UL><LI> drv_usart.o(.rodata.n32_uart_ops)
</UL>
<P><STRONG><a name="[9a]"></a>n32_control</STRONG> (Thumb, 96 bytes, Stack size 24 bytes, drv_usart.o(.text.n32_control))
<BR><BR>[Stack]<UL><LI>Max Depth = 68<LI>Call Chain = n32_control &rArr; rt_assert_handler &rArr;  rt_kprintf (Cycle)
</UL>
<BR>[Calls]<UL><LI><a href="#[d1]">&gt;&gt;</a>&nbsp;&nbsp;&nbsp;rt_assert_handler
<LI><a href="#[150]">&gt;&gt;</a>&nbsp;&nbsp;&nbsp;USART_ConfigInt
<LI><a href="#[14f]">&gt;&gt;</a>&nbsp;&nbsp;&nbsp;NVIC_Init
<LI><a href="#[14e]">&gt;&gt;</a>&nbsp;&nbsp;&nbsp;NVIC_PriorityGroupConfig
</UL>
<BR>[Address Reference Count : 1]<UL><LI> drv_usart.o(.rodata.n32_uart_ops)
</UL>
<P><STRONG><a name="[9b]"></a>n32_putc</STRONG> (Thumb, 52 bytes, Stack size 16 bytes, drv_usart.o(.text.n32_putc))
<BR><BR>[Stack]<UL><LI>Max Depth = 60<LI>Call Chain = n32_putc &rArr; rt_assert_handler &rArr;  rt_kprintf (Cycle)
</UL>
<BR>[Calls]<UL><LI><a href="#[d1]">&gt;&gt;</a>&nbsp;&nbsp;&nbsp;rt_assert_handler
<LI><a href="#[15b]">&gt;&gt;</a>&nbsp;&nbsp;&nbsp;USART_SendData
<LI><a href="#[d3]">&gt;&gt;</a>&nbsp;&nbsp;&nbsp;USART_GetFlagStatus
</UL>
<BR>[Address Reference Count : 1]<UL><LI> drv_usart.o(.rodata.n32_uart_ops)
</UL>
<P><STRONG><a name="[9c]"></a>n32_getc</STRONG> (Thumb, 52 bytes, Stack size 8 bytes, drv_usart.o(.text.n32_getc))
<BR><BR>[Stack]<UL><LI>Max Depth = 52<LI>Call Chain = n32_getc &rArr; rt_assert_handler &rArr;  rt_kprintf (Cycle)
</UL>
<BR>[Calls]<UL><LI><a href="#[d1]">&gt;&gt;</a>&nbsp;&nbsp;&nbsp;rt_assert_handler
<LI><a href="#[153]">&gt;&gt;</a>&nbsp;&nbsp;&nbsp;USART_ReceiveData
<LI><a href="#[d3]">&gt;&gt;</a>&nbsp;&nbsp;&nbsp;USART_GetFlagStatus
</UL>
<BR>[Address Reference Count : 1]<UL><LI> drv_usart.o(.rodata.n32_uart_ops)
</UL>
<P><STRONG><a name="[2]"></a>n32_wdt_init</STRONG> (Thumb, 4 bytes, Stack size 0 bytes, drv_wdt.o(.text.n32_wdt_init))
<BR>[Address Reference Count : 1]<UL><LI> drv_wdt.o(.data.n32_wdt_ops)
</UL>
<P><STRONG><a name="[3]"></a>n32_wdt_control</STRONG> (Thumb, 376 bytes, Stack size 16 bytes, drv_wdt.o(.text.n32_wdt_control))
<BR><BR>[Stack]<UL><LI>Max Depth = 180<LI>Call Chain = n32_wdt_control &rArr; rt_kprintf &rArr; rt_vsnprintf &rArr; print_number
</UL>
<BR>[Calls]<UL><LI><a href="#[f1]">&gt;&gt;</a>&nbsp;&nbsp;&nbsp;rt_hw_interrupt_disable
<LI><a href="#[f2]">&gt;&gt;</a>&nbsp;&nbsp;&nbsp;rt_hw_interrupt_enable
<LI><a href="#[d1]">&gt;&gt;</a>&nbsp;&nbsp;&nbsp;rt_assert_handler
<LI><a href="#[133]">&gt;&gt;</a>&nbsp;&nbsp;&nbsp;rt_tick_get
<LI><a href="#[dc]">&gt;&gt;</a>&nbsp;&nbsp;&nbsp;rt_kprintf
<LI><a href="#[170]">&gt;&gt;</a>&nbsp;&nbsp;&nbsp;IWDG_CntReload
<LI><a href="#[16f]">&gt;&gt;</a>&nbsp;&nbsp;&nbsp;IWDG_SetPrescalerDiv
<LI><a href="#[16e]">&gt;&gt;</a>&nbsp;&nbsp;&nbsp;IWDG_WriteConfig
<LI><a href="#[16d]">&gt;&gt;</a>&nbsp;&nbsp;&nbsp;IWDG_Enable
<LI><a href="#[16c]">&gt;&gt;</a>&nbsp;&nbsp;&nbsp;IWDG_ReloadKey
<LI><a href="#[163]">&gt;&gt;</a>&nbsp;&nbsp;&nbsp;RCC_GetFlagStatus
<LI><a href="#[161]">&gt;&gt;</a>&nbsp;&nbsp;&nbsp;RCC_EnableLsi
</UL>
<BR>[Address Reference Count : 1]<UL><LI> drv_wdt.o(.data.n32_wdt_ops)
</UL>
<P><STRONG><a name="[af]"></a>msh_help</STRONG> (Thumb, 90 bytes, Stack size 16 bytes, msh.o(.text.msh_help))
<BR><BR>[Stack]<UL><LI>Max Depth = 180<LI>Call Chain = msh_help &rArr; rt_kprintf &rArr; rt_vsnprintf &rArr; print_number
</UL>
<BR>[Calls]<UL><LI><a href="#[dc]">&gt;&gt;</a>&nbsp;&nbsp;&nbsp;rt_kprintf
</UL>
<BR>[Address Reference Count : 1]<UL><LI> msh.o(FSymTab)
</UL>
<P><STRONG><a name="[b0]"></a>cmd_ps</STRONG> (Thumb, 10 bytes, Stack size 8 bytes, msh.o(.text.cmd_ps))
<BR><BR>[Stack]<UL><LI>Max Depth = 412<LI>Call Chain = cmd_ps &rArr; list_thread &rArr; rt_kprintf &rArr; rt_vsnprintf &rArr; print_number
</UL>
<BR>[Calls]<UL><LI><a href="#[10a]">&gt;&gt;</a>&nbsp;&nbsp;&nbsp;list_thread
</UL>
<BR>[Address Reference Count : 1]<UL><LI> msh.o(FSymTab)
</UL>
<P><STRONG><a name="[b1]"></a>cmd_free</STRONG> (Thumb, 64 bytes, Stack size 24 bytes, msh.o(.text.cmd_free))
<BR><BR>[Stack]<UL><LI>Max Depth = 300<LI>Call Chain = cmd_free &rArr; rt_memory_info &rArr; rt_mutex_release &rArr; rt_exit_critical &rArr; rt_schedule &rArr; rt_scheduler_stack_check &rArr; rt_kprintf &rArr; rt_vsnprintf &rArr; print_number
</UL>
<BR>[Calls]<UL><LI><a href="#[dc]">&gt;&gt;</a>&nbsp;&nbsp;&nbsp;rt_kprintf
<LI><a href="#[108]">&gt;&gt;</a>&nbsp;&nbsp;&nbsp;rt_memory_info
</UL>
<BR>[Address Reference Count : 1]<UL><LI> msh.o(FSymTab)
</UL>
<P><STRONG><a name="[b2]"></a>clear</STRONG> (Thumb, 12 bytes, Stack size 8 bytes, cmd.o(.text.clear))
<BR><BR>[Stack]<UL><LI>Max Depth = 172<LI>Call Chain = clear &rArr; rt_kprintf &rArr; rt_vsnprintf &rArr; print_number
</UL>
<BR>[Calls]<UL><LI><a href="#[dc]">&gt;&gt;</a>&nbsp;&nbsp;&nbsp;rt_kprintf
</UL>
<BR>[Address Reference Count : 1]<UL><LI> cmd.o(FSymTab)
</UL>
<P><STRONG><a name="[b3]"></a>version</STRONG> (Thumb, 10 bytes, Stack size 8 bytes, cmd.o(.text.version))
<BR><BR>[Stack]<UL><LI>Max Depth = 188<LI>Call Chain = version &rArr; rt_show_version &rArr; rt_kprintf &rArr; rt_vsnprintf &rArr; print_number
</UL>
<BR>[Calls]<UL><LI><a href="#[1b3]">&gt;&gt;</a>&nbsp;&nbsp;&nbsp;rt_show_version
</UL>
<BR>[Address Reference Count : 1]<UL><LI> cmd.o(FSymTab)
</UL>
<P><STRONG><a name="[b4]"></a>cmd_list</STRONG> (Thumb, 148 bytes, Stack size 8 bytes, cmd.o(.text.cmd_list))
<BR><BR>[Stack]<UL><LI>Max Depth = 412<LI>Call Chain = cmd_list &rArr; list_thread &rArr; rt_kprintf &rArr; rt_vsnprintf &rArr; print_number
</UL>
<BR>[Calls]<UL><LI><a href="#[dc]">&gt;&gt;</a>&nbsp;&nbsp;&nbsp;rt_kprintf
<LI><a href="#[113]">&gt;&gt;</a>&nbsp;&nbsp;&nbsp;list_device
<LI><a href="#[114]">&gt;&gt;</a>&nbsp;&nbsp;&nbsp;list_timer
<LI><a href="#[112]">&gt;&gt;</a>&nbsp;&nbsp;&nbsp;list_mempool
<LI><a href="#[111]">&gt;&gt;</a>&nbsp;&nbsp;&nbsp;list_memheap
<LI><a href="#[110]">&gt;&gt;</a>&nbsp;&nbsp;&nbsp;list_msgqueue
<LI><a href="#[10f]">&gt;&gt;</a>&nbsp;&nbsp;&nbsp;list_mailbox
<LI><a href="#[10d]">&gt;&gt;</a>&nbsp;&nbsp;&nbsp;list_mutex
<LI><a href="#[10e]">&gt;&gt;</a>&nbsp;&nbsp;&nbsp;list_event
<LI><a href="#[10c]">&gt;&gt;</a>&nbsp;&nbsp;&nbsp;list_sem
<LI><a href="#[10b]">&gt;&gt;</a>&nbsp;&nbsp;&nbsp;msh_opt_list_dump
<LI><a href="#[109]">&gt;&gt;</a>&nbsp;&nbsp;&nbsp;msh_cmd_opt_id_get
<LI><a href="#[10a]">&gt;&gt;</a>&nbsp;&nbsp;&nbsp;list_thread
</UL>
<BR>[Address Reference Count : 1]<UL><LI> cmd.o(FSymTab)
</UL>
<P><STRONG><a name="[67]"></a>finsh_rx_ind</STRONG> (Thumb, 40 bytes, Stack size 8 bytes, shell.o(.text.finsh_rx_ind))
<BR><BR>[Stack]<UL><LI>Max Depth = 236<LI>Call Chain = finsh_rx_ind &rArr; rt_sem_release &rArr; rt_schedule &rArr; rt_scheduler_stack_check &rArr; rt_kprintf &rArr; rt_vsnprintf &rArr; print_number
</UL>
<BR>[Calls]<UL><LI><a href="#[ff]">&gt;&gt;</a>&nbsp;&nbsp;&nbsp;rt_sem_release
<LI><a href="#[d1]">&gt;&gt;</a>&nbsp;&nbsp;&nbsp;rt_assert_handler
</UL>
<BR>[Address Reference Count : 1]<UL><LI> shell.o(.text.finsh_set_device)
</UL>
<P><STRONG><a name="[68]"></a>finsh_thread_entry</STRONG> (Thumb, 1532 bytes, Stack size 0 bytes, shell.o(.text.finsh_thread_entry))
<BR><BR>[Stack]<UL><LI>Max Depth = 252<LI>Call Chain = finsh_thread_entry &rArr; finsh_getchar &rArr; rt_sem_take &rArr; _rt_sem_take &rArr; rt_schedule &rArr; rt_scheduler_stack_check &rArr; rt_kprintf &rArr; rt_vsnprintf &rArr; print_number
</UL>
<BR>[Calls]<UL><LI><a href="#[129]">&gt;&gt;</a>&nbsp;&nbsp;&nbsp;rt_memcpy
<LI><a href="#[103]">&gt;&gt;</a>&nbsp;&nbsp;&nbsp;rt_memset
<LI><a href="#[12d]">&gt;&gt;</a>&nbsp;&nbsp;&nbsp;msh_exec
<LI><a href="#[104]">&gt;&gt;</a>&nbsp;&nbsp;&nbsp;rt_strlen
<LI><a href="#[126]">&gt;&gt;</a>&nbsp;&nbsp;&nbsp;rt_console_get_device
<LI><a href="#[dc]">&gt;&gt;</a>&nbsp;&nbsp;&nbsp;rt_kprintf
<LI><a href="#[12a]">&gt;&gt;</a>&nbsp;&nbsp;&nbsp;rt_memmove
<LI><a href="#[120]">&gt;&gt;</a>&nbsp;&nbsp;&nbsp;finsh_set_device
<LI><a href="#[11d]">&gt;&gt;</a>&nbsp;&nbsp;&nbsp;finsh_getchar
<LI><a href="#[12f]">&gt;&gt;</a>&nbsp;&nbsp;&nbsp;shell_handle_history
<LI><a href="#[12c]">&gt;&gt;</a>&nbsp;&nbsp;&nbsp;msh_opt_auto_complete
<LI><a href="#[12b]">&gt;&gt;</a>&nbsp;&nbsp;&nbsp;msh_auto_complete
<LI><a href="#[128]">&gt;&gt;</a>&nbsp;&nbsp;&nbsp;memcmp
<LI><a href="#[12e]">&gt;&gt;</a>&nbsp;&nbsp;&nbsp;strlen
<LI><a href="#[127]">&gt;&gt;</a>&nbsp;&nbsp;&nbsp;strncpy
</UL>
<BR>[Address Reference Count : 1]<UL><LI> shell.o(.text.finsh_system_init)
</UL>
<P><STRONG><a name="[12f]"></a>shell_handle_history</STRONG> (Thumb, 152 bytes, Stack size 16 bytes, shell.o(.text.shell_handle_history))
<BR><BR>[Stack]<UL><LI>Max Depth = 180<LI>Call Chain = shell_handle_history &rArr; rt_kprintf &rArr; rt_vsnprintf &rArr; print_number
</UL>
<BR>[Calls]<UL><LI><a href="#[104]">&gt;&gt;</a>&nbsp;&nbsp;&nbsp;rt_strlen
<LI><a href="#[dc]">&gt;&gt;</a>&nbsp;&nbsp;&nbsp;rt_kprintf
<LI><a href="#[127]">&gt;&gt;</a>&nbsp;&nbsp;&nbsp;strncpy
</UL>
<BR>[Called By]<UL><LI><a href="#[68]">&gt;&gt;</a>&nbsp;&nbsp;&nbsp;finsh_thread_entry
</UL>

<P><STRONG><a name="[9d]"></a>rti_start</STRONG> (Thumb, 4 bytes, Stack size 0 bytes, components.o(.text.rti_start))
<BR>[Address Reference Count : 1]<UL><LI> components.o(.rti_fn.0)
</UL>
<P><STRONG><a name="[9e]"></a>rti_board_start</STRONG> (Thumb, 4 bytes, Stack size 0 bytes, components.o(.text.rti_board_start))
<BR>[Address Reference Count : 1]<UL><LI> components.o(.rti_fn.0.end)
</UL>
<P><STRONG><a name="[a1]"></a>rti_board_end</STRONG> (Thumb, 4 bytes, Stack size 0 bytes, components.o(.text.rti_board_end))
<BR>[Address Reference Count : 1]<UL><LI> components.o(.rti_fn.1.end)
</UL>
<P><STRONG><a name="[a9]"></a>rti_end</STRONG> (Thumb, 4 bytes, Stack size 0 bytes, components.o(.text.rti_end))
<BR>[Address Reference Count : 1]<UL><LI> components.o(.rti_fn.6.end)
</UL>
<P><STRONG><a name="[8a]"></a>main_thread_entry</STRONG> (Thumb, 50 bytes, Stack size 16 bytes, components.o(.text.main_thread_entry))
<BR><BR>[Stack]<UL><LI>Max Depth = 276<LI>Call Chain = main_thread_entry &rArr; $Super$$main &rArr; rt_thread_mdelay &rArr; _thread_sleep &rArr; rt_exit_critical_safe &rArr; rt_schedule &rArr; rt_scheduler_stack_check &rArr; rt_kprintf &rArr; rt_vsnprintf &rArr; print_number
</UL>
<BR>[Calls]<UL><LI><a href="#[13f]">&gt;&gt;</a>&nbsp;&nbsp;&nbsp;$Super$$main
</UL>
<BR>[Address Reference Count : 1]<UL><LI> components.o(.text.rtthread_startup)
</UL>
<P><STRONG><a name="[88]"></a>idle_thread_entry</STRONG> (Thumb, 126 bytes, Stack size 0 bytes, idle.o(.text.idle_thread_entry))
<BR><BR>[Stack]<UL><LI>Max Depth = 276<LI>Call Chain = idle_thread_entry &rArr; rt_object_delete &rArr; rt_free &rArr; rt_mutex_release &rArr; rt_exit_critical &rArr; rt_schedule &rArr; rt_scheduler_stack_check &rArr; rt_kprintf &rArr; rt_vsnprintf &rArr; print_number
</UL>
<BR>[Calls]<UL><LI><a href="#[139]">&gt;&gt;</a>&nbsp;&nbsp;&nbsp;rt_object_detach
<LI><a href="#[138]">&gt;&gt;</a>&nbsp;&nbsp;&nbsp;rt_object_is_systemobject
<LI><a href="#[f1]">&gt;&gt;</a>&nbsp;&nbsp;&nbsp;rt_hw_interrupt_disable
<LI><a href="#[f2]">&gt;&gt;</a>&nbsp;&nbsp;&nbsp;rt_hw_interrupt_enable
<LI><a href="#[13a]">&gt;&gt;</a>&nbsp;&nbsp;&nbsp;rt_free
<LI><a href="#[13b]">&gt;&gt;</a>&nbsp;&nbsp;&nbsp;rt_object_delete
</UL>
<BR>[Address Reference Count : 1]<UL><LI> idle.o(.text.rt_thread_idle_init)
</UL>
<P><STRONG><a name="[f0]"></a>_rt_sem_take</STRONG> (Thumb, 374 bytes, Stack size 24 bytes, ipc.o(.text._rt_sem_take))
<BR><BR>[Stack]<UL><LI>Max Depth = 228<LI>Call Chain = _rt_sem_take &rArr; rt_schedule &rArr; rt_scheduler_stack_check &rArr; rt_kprintf &rArr; rt_vsnprintf &rArr; print_number
</UL>
<BR>[Calls]<UL><LI><a href="#[e6]">&gt;&gt;</a>&nbsp;&nbsp;&nbsp;rt_thread_suspend_to_list
<LI><a href="#[ee]">&gt;&gt;</a>&nbsp;&nbsp;&nbsp;rt_schedule
<LI><a href="#[ec]">&gt;&gt;</a>&nbsp;&nbsp;&nbsp;rt_timer_control
<LI><a href="#[e3]">&gt;&gt;</a>&nbsp;&nbsp;&nbsp;rt_interrupt_get_nest
<LI><a href="#[e1]">&gt;&gt;</a>&nbsp;&nbsp;&nbsp;rt_critical_level
<LI><a href="#[e4]">&gt;&gt;</a>&nbsp;&nbsp;&nbsp;rt_object_get_type
<LI><a href="#[f1]">&gt;&gt;</a>&nbsp;&nbsp;&nbsp;rt_hw_interrupt_disable
<LI><a href="#[f2]">&gt;&gt;</a>&nbsp;&nbsp;&nbsp;rt_hw_interrupt_enable
<LI><a href="#[ed]">&gt;&gt;</a>&nbsp;&nbsp;&nbsp;rt_timer_start
<LI><a href="#[d1]">&gt;&gt;</a>&nbsp;&nbsp;&nbsp;rt_assert_handler
<LI><a href="#[e2]">&gt;&gt;</a>&nbsp;&nbsp;&nbsp;rt_thread_self
<LI><a href="#[dc]">&gt;&gt;</a>&nbsp;&nbsp;&nbsp;rt_kprintf
</UL>
<BR>[Called By]<UL><LI><a href="#[fe]">&gt;&gt;</a>&nbsp;&nbsp;&nbsp;rt_sem_trytake
<LI><a href="#[11f]">&gt;&gt;</a>&nbsp;&nbsp;&nbsp;rt_sem_take
</UL>

<P><STRONG><a name="[e9]"></a>_thread_update_priority</STRONG> (Thumb, 296 bytes, Stack size 40 bytes, ipc.o(.text._thread_update_priority))
<BR><BR>[Stack]<UL><LI>Max Depth = 108<LI>Call Chain = _thread_update_priority &rArr; rt_sched_thread_change_priority &rArr; rt_sched_remove_thread &rArr; rt_assert_handler &rArr;  rt_kprintf (Cycle)
</UL>
<BR>[Calls]<UL><LI><a href="#[e4]">&gt;&gt;</a>&nbsp;&nbsp;&nbsp;rt_object_get_type
<LI><a href="#[d1]">&gt;&gt;</a>&nbsp;&nbsp;&nbsp;rt_assert_handler
<LI><a href="#[f9]">&gt;&gt;</a>&nbsp;&nbsp;&nbsp;rt_sched_thread_is_suspended
<LI><a href="#[fc]">&gt;&gt;</a>&nbsp;&nbsp;&nbsp;rt_sched_thread_change_priority
<LI><a href="#[ef]">&gt;&gt;</a>&nbsp;&nbsp;&nbsp;rt_sched_thread_get_init_prio
<LI><a href="#[e8]">&gt;&gt;</a>&nbsp;&nbsp;&nbsp;rt_sched_thread_get_curr_prio
</UL>
<BR>[Called By]<UL><LI><a href="#[e0]">&gt;&gt;</a>&nbsp;&nbsp;&nbsp;_rt_mutex_take
</UL>

<P><STRONG><a name="[e0]"></a>_rt_mutex_take</STRONG> (Thumb, 696 bytes, Stack size 32 bytes, ipc.o(.text._rt_mutex_take))
<BR><BR>[Stack]<UL><LI>Max Depth = 244<LI>Call Chain = _rt_mutex_take &rArr; rt_exit_critical &rArr; rt_schedule &rArr; rt_scheduler_stack_check &rArr; rt_kprintf &rArr; rt_vsnprintf &rArr; print_number
</UL>
<BR>[Calls]<UL><LI><a href="#[e6]">&gt;&gt;</a>&nbsp;&nbsp;&nbsp;rt_thread_suspend_to_list
<LI><a href="#[e7]">&gt;&gt;</a>&nbsp;&nbsp;&nbsp;rt_exit_critical
<LI><a href="#[e5]">&gt;&gt;</a>&nbsp;&nbsp;&nbsp;rt_enter_critical
<LI><a href="#[ee]">&gt;&gt;</a>&nbsp;&nbsp;&nbsp;rt_schedule
<LI><a href="#[ec]">&gt;&gt;</a>&nbsp;&nbsp;&nbsp;rt_timer_control
<LI><a href="#[e3]">&gt;&gt;</a>&nbsp;&nbsp;&nbsp;rt_interrupt_get_nest
<LI><a href="#[e1]">&gt;&gt;</a>&nbsp;&nbsp;&nbsp;rt_critical_level
<LI><a href="#[e4]">&gt;&gt;</a>&nbsp;&nbsp;&nbsp;rt_object_get_type
<LI><a href="#[ed]">&gt;&gt;</a>&nbsp;&nbsp;&nbsp;rt_timer_start
<LI><a href="#[d1]">&gt;&gt;</a>&nbsp;&nbsp;&nbsp;rt_assert_handler
<LI><a href="#[e2]">&gt;&gt;</a>&nbsp;&nbsp;&nbsp;rt_thread_self
<LI><a href="#[dc]">&gt;&gt;</a>&nbsp;&nbsp;&nbsp;rt_kprintf
<LI><a href="#[ef]">&gt;&gt;</a>&nbsp;&nbsp;&nbsp;rt_sched_thread_get_init_prio
<LI><a href="#[e8]">&gt;&gt;</a>&nbsp;&nbsp;&nbsp;rt_sched_thread_get_curr_prio
<LI><a href="#[eb]">&gt;&gt;</a>&nbsp;&nbsp;&nbsp;rt_sched_unlock
<LI><a href="#[ea]">&gt;&gt;</a>&nbsp;&nbsp;&nbsp;rt_sched_lock
<LI><a href="#[e9]">&gt;&gt;</a>&nbsp;&nbsp;&nbsp;_thread_update_priority
</UL>
<BR>[Called By]<UL><LI><a href="#[187]">&gt;&gt;</a>&nbsp;&nbsp;&nbsp;rt_mutex_take
</UL>

<P><STRONG><a name="[1c2]"></a>print_number</STRONG> (Thumb, 556 bytes, Stack size 76 bytes, kstdio.o(.text.print_number))
<BR><BR>[Stack]<UL><LI>Max Depth = 76<LI>Call Chain = print_number
</UL>
<BR>[Called By]<UL><LI><a href="#[1a2]">&gt;&gt;</a>&nbsp;&nbsp;&nbsp;rt_vsnprintf
</UL>

<P><STRONG><a name="[b5]"></a>cmd_backtrace</STRONG> (Thumb, 128 bytes, Stack size 24 bytes, kservice.o(.text.cmd_backtrace))
<BR><BR>[Stack]<UL><LI>Max Depth = 220<LI>Call Chain = cmd_backtrace &rArr; rt_backtrace_thread &rArr; rt_hw_backtrace_frame_get &rArr; rt_kprintf &rArr; rt_vsnprintf &rArr; print_number
</UL>
<BR>[Calls]<UL><LI><a href="#[e4]">&gt;&gt;</a>&nbsp;&nbsp;&nbsp;rt_object_get_type
<LI><a href="#[e2]">&gt;&gt;</a>&nbsp;&nbsp;&nbsp;rt_thread_self
<LI><a href="#[dc]">&gt;&gt;</a>&nbsp;&nbsp;&nbsp;rt_kprintf
<LI><a href="#[107]">&gt;&gt;</a>&nbsp;&nbsp;&nbsp;rt_backtrace_thread
<LI><a href="#[106]">&gt;&gt;</a>&nbsp;&nbsp;&nbsp;rt_backtrace
<LI><a href="#[bc]">&gt;&gt;</a>&nbsp;&nbsp;&nbsp;strtoul
</UL>
<BR>[Address Reference Count : 1]<UL><LI> kservice.o(FSymTab)
</UL>
<P><STRONG><a name="[171]"></a>plug_holes</STRONG> (Thumb, 136 bytes, Stack size 16 bytes, mem.o(.text.plug_holes))
<BR><BR>[Stack]<UL><LI>Max Depth = 60<LI>Call Chain = plug_holes &rArr; rt_assert_handler &rArr;  rt_kprintf (Cycle)
</UL>
<BR>[Calls]<UL><LI><a href="#[d1]">&gt;&gt;</a>&nbsp;&nbsp;&nbsp;rt_assert_handler
</UL>
<BR>[Called By]<UL><LI><a href="#[188]">&gt;&gt;</a>&nbsp;&nbsp;&nbsp;rt_smem_free
</UL>

<P><STRONG><a name="[86]"></a>_thread_exit</STRONG> (Thumb, 72 bytes, Stack size 24 bytes, thread.o(.text._thread_exit))
<BR><BR>[Stack]<UL><LI>Max Depth = 244<LI>Call Chain = _thread_exit &rArr; rt_exit_critical_safe &rArr; rt_schedule &rArr; rt_scheduler_stack_check &rArr; rt_kprintf &rArr; rt_vsnprintf &rArr; print_number
</UL>
<BR>[Calls]<UL><LI><a href="#[f4]">&gt;&gt;</a>&nbsp;&nbsp;&nbsp;rt_timer_detach
<LI><a href="#[e5]">&gt;&gt;</a>&nbsp;&nbsp;&nbsp;rt_enter_critical
<LI><a href="#[ee]">&gt;&gt;</a>&nbsp;&nbsp;&nbsp;rt_schedule
<LI><a href="#[eb]">&gt;&gt;</a>&nbsp;&nbsp;&nbsp;rt_sched_unlock
<LI><a href="#[ea]">&gt;&gt;</a>&nbsp;&nbsp;&nbsp;rt_sched_lock
<LI><a href="#[f6]">&gt;&gt;</a>&nbsp;&nbsp;&nbsp;rt_thread_defunct_enqueue
<LI><a href="#[f7]">&gt;&gt;</a>&nbsp;&nbsp;&nbsp;rt_exit_critical_safe
<LI><a href="#[f3]">&gt;&gt;</a>&nbsp;&nbsp;&nbsp;rt_sched_remove_thread
<LI><a href="#[f5]">&gt;&gt;</a>&nbsp;&nbsp;&nbsp;rt_sched_thread_close
</UL>
<BR>[Address Reference Count : 2]<UL><LI> thread.o(.text.rt_thread_create)
<LI> thread.o(.text.rt_thread_init)
</UL>
<P><STRONG><a name="[87]"></a>_thread_timeout</STRONG> (Thumb, 132 bytes, Stack size 16 bytes, thread.o(.text._thread_timeout))
<BR><BR>[Stack]<UL><LI>Max Depth = 228<LI>Call Chain = _thread_timeout &rArr; rt_sched_unlock_n_resched &rArr; rt_schedule &rArr; rt_scheduler_stack_check &rArr; rt_kprintf &rArr; rt_vsnprintf &rArr; print_number
</UL>
<BR>[Calls]<UL><LI><a href="#[e4]">&gt;&gt;</a>&nbsp;&nbsp;&nbsp;rt_object_get_type
<LI><a href="#[d1]">&gt;&gt;</a>&nbsp;&nbsp;&nbsp;rt_assert_handler
<LI><a href="#[f9]">&gt;&gt;</a>&nbsp;&nbsp;&nbsp;rt_sched_thread_is_suspended
<LI><a href="#[fb]">&gt;&gt;</a>&nbsp;&nbsp;&nbsp;rt_sched_unlock_n_resched
<LI><a href="#[ea]">&gt;&gt;</a>&nbsp;&nbsp;&nbsp;rt_sched_lock
<LI><a href="#[fa]">&gt;&gt;</a>&nbsp;&nbsp;&nbsp;rt_sched_insert_thread
</UL>
<BR>[Address Reference Count : 2]<UL><LI> thread.o(.text.rt_thread_create)
<LI> thread.o(.text.rt_thread_init)
</UL>
<P><STRONG><a name="[f8]"></a>_thread_sleep</STRONG> (Thumb, 304 bytes, Stack size 32 bytes, thread.o(.text._thread_sleep))
<BR><BR>[Stack]<UL><LI>Max Depth = 252<LI>Call Chain = _thread_sleep &rArr; rt_exit_critical_safe &rArr; rt_schedule &rArr; rt_scheduler_stack_check &rArr; rt_kprintf &rArr; rt_vsnprintf &rArr; print_number
</UL>
<BR>[Calls]<UL><LI><a href="#[e6]">&gt;&gt;</a>&nbsp;&nbsp;&nbsp;rt_thread_suspend_to_list
<LI><a href="#[e5]">&gt;&gt;</a>&nbsp;&nbsp;&nbsp;rt_enter_critical
<LI><a href="#[ee]">&gt;&gt;</a>&nbsp;&nbsp;&nbsp;rt_schedule
<LI><a href="#[ec]">&gt;&gt;</a>&nbsp;&nbsp;&nbsp;rt_timer_control
<LI><a href="#[e3]">&gt;&gt;</a>&nbsp;&nbsp;&nbsp;rt_interrupt_get_nest
<LI><a href="#[e1]">&gt;&gt;</a>&nbsp;&nbsp;&nbsp;rt_critical_level
<LI><a href="#[e4]">&gt;&gt;</a>&nbsp;&nbsp;&nbsp;rt_object_get_type
<LI><a href="#[ed]">&gt;&gt;</a>&nbsp;&nbsp;&nbsp;rt_timer_start
<LI><a href="#[d1]">&gt;&gt;</a>&nbsp;&nbsp;&nbsp;rt_assert_handler
<LI><a href="#[dc]">&gt;&gt;</a>&nbsp;&nbsp;&nbsp;rt_kprintf
<LI><a href="#[f7]">&gt;&gt;</a>&nbsp;&nbsp;&nbsp;rt_exit_critical_safe
</UL>
<BR>[Called By]<UL><LI><a href="#[142]">&gt;&gt;</a>&nbsp;&nbsp;&nbsp;rt_thread_mdelay
</UL>
<P>
<H3>
Undefined Global Symbols
</H3><HR></body></html>
