<html>
<body>
<pre>
<h1>µVision Build Log</h1>
<h2>Tool Versions:</h2>
IDE-Version: ¦ÌVision V5.38.0.0
Copyright (C) 2022 ARM Ltd and ARM Germany GmbH. All rights reserved.
License Information: 111 jiavav233@gmail.com, 11111, LIC=X96CK-ZQZVI-TG07T-RX7GG-M33TV-10M1B
 
Tool Versions:
Toolchain:       MDK-ARM Plus  Version: 5.38.0.0
Toolchain Path:  D:\APP\Keil_v5\ARM\ARMCLANG\Bin
C Compiler:      ArmClang.exe V6.19
Assembler:       Armasm.exe V6.19
Linker/Locator:  ArmLink.exe V6.19
Library Manager: ArmAr.exe V6.19
Hex Converter:   FromElf.exe V6.19
CPU DLL:         SARMCM3.DLL V5.38.0.0
Dialog DLL:      DCM.DLL V1.17.5.0
Target DLL:      CMSIS_AGDI.dll V1.33.15.0
Dialog DLL:      TCM.DLL V1.56.4.0
 
<h2>Project:</h2>
E:\RTT\rt-thread-v5.1.0\bsp\n32\n32wb45xl-test\dist\project\project.uvprojx
Project File Date:  11/06/2025

<h2>Output:</h2>
*** Using Compiler 'V6.19', folder: 'D:\APP\Keil_v5\ARM\ARMCLANG\Bin'
Build target 'rt-thread'
compiling drv_adc.c...
linking...
Program Size: Code=52726 RO-data=9986 RW-data=748 ZI-data=7108  
FromELF: creating hex file...
After Build - User command #1: fromelf --bin .\build\rtthread.axf --output rtthread.bin
".\build\rtthread.axf" - 0 Error(s), 0 Warning(s).

<h2>Software Packages used:</h2>

Package Vendor: ARM
                https://www.keil.com/pack/ARM.CMSIS.6.1.0.pack
                ARM.CMSIS.6.1.0
                CMSIS (Common Microcontroller Software Interface Standard)
   * Component: CORE Version: 6.1.0

Package Vendor: Nationstech
                http://www.keil.com/pack/Nationstech.N32WB452_DFP.1.1.0.pack
                Nationstech.N32WB452_DFP.1.1.0
                Nationstech N32WB452 Series Device Support, Drivers and Examples

<h2>Collection of Component include folders:</h2>
  ./RTE/_rt-thread
  D:/APP/Keil_v5/ARM/PACK/ARM/CMSIS/6.1.0/CMSIS/Core/Include
  D:/APP/Keil_v5/ARM/PACK/Nationstech/N32WB452_DFP/1.1.0/firmware/CMSIS/device

<h2>Collection of Component Files used:</h2>

   * Component: ARM::CMSIS:CORE:6.1.0
Build Time Elapsed:  00:00:03
</pre>
</body>
</html>
