<html>
<body>
<pre>
<h1>µVision Build Log</h1>
<h2>Tool Versions:</h2>
IDE-Version: ¦ÌVision V5.38.0.0
Copyright (C) 2022 ARM Ltd and ARM Germany GmbH. All rights reserved.
License Information: 111 jiavav233@gmail.com, 11111, LIC=X96CK-ZQZVI-TG07T-RX7GG-M33TV-10M1B
 
Tool Versions:
Toolchain:       MDK-ARM Plus  Version: 5.38.0.0
Toolchain Path:  D:\APP\Keil_v5\ARM\ARMCLANG\Bin
C Compiler:      ArmClang.exe V6.19
Assembler:       Armasm.exe V6.19
Linker/Locator:  ArmLink.exe V6.19
Library Manager: ArmAr.exe V6.19
Hex Converter:   FromElf.exe V6.19
CPU DLL:         SARMCM3.DLL V5.38.0.0
Dialog DLL:      DCM.DLL V1.17.5.0
Target DLL:      CMSIS_AGDI.dll V1.33.15.0
Dialog DLL:      TCM.DLL V1.56.4.0
 
<h2>Project:</h2>
D:\Desktop\tumble watches\0.N32WB452_dome\uart\Project\MDK-ARM\dame.uvprojx
Project File Date:  10/21/2025

<h2>Output:</h2>
*** Using Compiler 'V6.19', folder: 'D:\APP\Keil_v5\ARM\ARMCLANG\Bin'
Build target 'Target 1'
compiling main.c...
compiling n32wb452_dac.c...
compiling bsp_uart.c...
compiling n32wb452_adc.c...
compiling n32wb452_bkp.c...
compiling bsp_gpio.c...
compiling misc.c...
compiling n32wb452_gpio.c...
compiling n32wb452_crc.c...
compiling n32wb452_dbg.c...
compiling n32wb452_it.c...
compiling bsp_i2c.c...
compiling n32wb452_exti.c...
compiling n32wb452_tim.c...
compiling n32wb452_iwdg.c...
compiling n32wb452_wwdg.c...
compiling n32wb452_flash.c...
compiling n32wb452_dvp.c...
compiling system_n32wb452.c...
compiling n32wb452_sdio.c...
compiling n32wb452_spi.c...
compiling n32wb452_pwr.c...
compiling n32wb452_dma.c...
compiling n32wb452_tsc.c...
compiling n32wb452_usart.c...
compiling n32wb452_i2c.c...
compiling n32wb452_can.c...
compiling n32wb452_rtc.c...
compiling n32wb452_rcc.c...
assembling startup_n32wb452.s...
linking...
Program Size: Code=11290 RO-data=518 RW-data=28 ZI-data=5228  
".\Objects\dame.axf" - 0 Error(s), 0 Warning(s).

<h2>Software Packages used:</h2>

Package Vendor: Nationstech
                http://www.keil.com/pack/Nationstech.N32WB452_DFP.1.1.0.pack
                Nationstech.N32WB452_DFP.1.1.0
                Nationstech N32WB452 Series Device Support, Drivers and Examples

<h2>Collection of Component include folders:</h2>
  D:/APP/Keil_v5/ARM/PACK/Nationstech/N32WB452_DFP/1.1.0/firmware/CMSIS/device

<h2>Collection of Component Files used:</h2>
Build Time Elapsed:  00:00:04
</pre>
</body>
</html>
