<html>
<body>
<pre>
<h1>µVision Build Log</h1>
<h2>Tool Versions:</h2>
IDE-Version: ¦ÌVision V5.38.0.0
Copyright (C) 2022 ARM Ltd and ARM Germany GmbH. All rights reserved.
License Information: 111 jiavav233@gmail.com, 11111, LIC=X96CK-ZQZVI-TG07T-RX7GG-M33TV-10M1B
 
Tool Versions:
Toolchain:       MDK-ARM Plus  Version: 5.38.0.0
Toolchain Path:  D:\APP\Keil_v5\ARM\ARMCLANG\Bin
C Compiler:      ArmClang.exe V6.19
Assembler:       Armasm.exe V6.19
Linker/Locator:  ArmLink.exe V6.19
Library Manager: ArmAr.exe V6.19
Hex Converter:   FromElf.exe V6.19
CPU DLL:         SARMCM3.DLL V5.38.0.0
Dialog DLL:      DCM.DLL V1.17.5.0
Target DLL:      CMSIS_AGDI.dll V1.33.15.0
Dialog DLL:      TCM.DLL V1.56.4.0
 
<h2>Project:</h2>
D:\Desktop\tumble watches\0.N32WB452_dome\rt-thread\rtt_project\project\MDK\project.uvprojx
Project File Date:  11/06/2025

<h2>Output:</h2>
*** Using Compiler 'V6.19', folder: 'D:\APP\Keil_v5\ARM\ARMCLANG\Bin'
Build target 'rt-thread'
compiling syscalls.c...
compiling dac.c...
compiling cunistd.c...
compiling hwtimer.c...
compiling ctime.c...
compiling pipe.c...
compiling main.c...
compiling can.c...
compiling drv_can.c...
compiling spi_dev.c...
compiling cstdlib.c...
compiling waitqueue.c...
compiling pin.c...
compiling rtc.c...
compiling i2c_core.c...
compiling condvar.c...
compiling spi_core.c...
compiling board.c...
compiling cstring.c...
compiling ringbuffer.c...
compiling ringblk_buf.c...
compiling dataqueue.c...
compiling i2c_dev.c...
compiling device.c...
compiling workqueue.c...
compiling completion.c...
compiling i2c-bit-ops.c...
compiling adc.c...
compiling drv_adc.c...
compiling watchdog.c...
compiling syscall_mem.c...
compiling serial.c...
compiling drv_dac.c...
compiling drv_hwtimer.c...
compiling drv_gpio.c...
compiling cmd.c...
compiling drv_i2c.c...
compiling msh_parse.c...
compiling msh.c...
compiling shell.c...
compiling drv_usart.c...
compiling drv_wdt.c...
compiling clock.c...
compiling drv_spi.c...
compiling drv_rtc.c...
compiling components.c...
compiling idle.c...
compiling kservice.c...
compiling irq.c...
compiling kstring.c...
compiling ipc.c...
compiling kstdio.c...
compiling mempool.c...
compiling scheduler_up.c...
compiling object.c...
compiling scheduler_comm.c...
compiling showmem.c...
compiling thread.c...
compiling atomic_arm.c...
compiling mem.c...
compiling cpuport.c...
compiling memheap.c...
compiling timer.c...
linking...
Program Size: Code=68486 RO-data=15282 RW-data=900 ZI-data=8460  
FromELF: creating hex file...
After Build - User command #1: fromelf --bin .\build\rtthread.axf --output rtthread.bin
".\build\rtthread.axf" - 0 Error(s), 0 Warning(s).

<h2>Software Packages used:</h2>

Package Vendor: ARM
                https://www.keil.com/pack/ARM.CMSIS.6.1.0.pack
                ARM.CMSIS.6.1.0
                CMSIS (Common Microcontroller Software Interface Standard)
   * Component: CORE Version: 6.1.0

Package Vendor: Nationstech
                http://www.keil.com/pack/Nationstech.N32WB452_DFP.1.1.0.pack
                Nationstech.N32WB452_DFP.1.1.0
                Nationstech N32WB452 Series Device Support, Drivers and Examples

<h2>Collection of Component include folders:</h2>
  ./RTE/_rt-thread
  D:/APP/Keil_v5/ARM/PACK/ARM/CMSIS/6.1.0/CMSIS/Core/Include
  D:/APP/Keil_v5/ARM/PACK/Nationstech/N32WB452_DFP/1.1.0/firmware/CMSIS/device

<h2>Collection of Component Files used:</h2>

   * Component: ARM::CMSIS:CORE:6.1.0
Build Time Elapsed:  00:00:06
</pre>
</body>
</html>
