<!doctype html public "-//w3c//dtd html 4.0 transitional//en">
<html><head>
<title>Static Call Graph - [.\build\rtthread.axf]</title></head>
<body><HR>
<H1>Static Call Graph for image .\build\rtthread.axf</H1><HR>
<BR><P>#&#060CALLGRAPH&#062# ARM Linker, 6190004: Last Updated: Thu Nov  6 16:01:35 2025
<BR><P>
<H3>Maximum Stack Usage =        612 bytes + Unknown(Cycles, Untraceable Function Pointers)</H3><H3>
Call chain for Maximum Stack Depth:</H3>
rt_work_sys_workqueue_init &rArr; rt_workqueue_create &rArr; rt_thread_create &rArr; rt_object_allocate &rArr; rt_malloc &rArr; _heap_lock &rArr; rt_mutex_take &rArr; _rt_mutex_take &rArr; rt_spin_unlock &rArr; rt_exit_critical &rArr; rt_schedule &rArr; rt_scheduler_stack_check &rArr; rt_kprintf &rArr; rt_vsnprintf &rArr; print_number &rArr; divide
<P>
<H3>
Mutually Recursive functions
</H3> <LI><a href="#[5]">NMI_Handler</a>&nbsp;&nbsp;&nbsp;&rArr;&nbsp;&nbsp;&nbsp;<a href="#[5]">NMI_Handler</a><BR>
 <LI><a href="#[7]">MemManage_Handler</a>&nbsp;&nbsp;&nbsp;&rArr;&nbsp;&nbsp;&nbsp;<a href="#[7]">MemManage_Handler</a><BR>
 <LI><a href="#[8]">BusFault_Handler</a>&nbsp;&nbsp;&nbsp;&rArr;&nbsp;&nbsp;&nbsp;<a href="#[8]">BusFault_Handler</a><BR>
 <LI><a href="#[9]">UsageFault_Handler</a>&nbsp;&nbsp;&nbsp;&rArr;&nbsp;&nbsp;&nbsp;<a href="#[9]">UsageFault_Handler</a><BR>
 <LI><a href="#[a]">SVC_Handler</a>&nbsp;&nbsp;&nbsp;&rArr;&nbsp;&nbsp;&nbsp;<a href="#[a]">SVC_Handler</a><BR>
 <LI><a href="#[b]">DebugMon_Handler</a>&nbsp;&nbsp;&nbsp;&rArr;&nbsp;&nbsp;&nbsp;<a href="#[b]">DebugMon_Handler</a><BR>
 <LI><a href="#[20]">ADC1_2_IRQHandler</a>&nbsp;&nbsp;&nbsp;&rArr;&nbsp;&nbsp;&nbsp;<a href="#[20]">ADC1_2_IRQHandler</a><BR>
 <LI><a href="#[f1]">rt_assert_handler</a>&nbsp;&nbsp;&nbsp;&rArr;&nbsp;&nbsp;&nbsp;<a href="#[fa]">rt_kprintf</a><BR>
 <LI><a href="#[212]">rt_backtrace_frame</a>&nbsp;&nbsp;&nbsp;&rArr;&nbsp;&nbsp;&nbsp;<a href="#[fa]">rt_kprintf</a><BR>
 <LI><a href="#[211]">rt_hw_backtrace_frame_unwind</a>&nbsp;&nbsp;&nbsp;&rArr;&nbsp;&nbsp;&nbsp;<a href="#[fa]">rt_kprintf</a><BR>
</UL>
<P>
<H3>
Function Pointers
</H3><UL>
 <LI><a href="#[20]">ADC1_2_IRQHandler</a> from startup_n32wb452.o(.text) referenced from startup_n32wb452.o(RESET)
 <LI><a href="#[8]">BusFault_Handler</a> from startup_n32wb452.o(.text) referenced from startup_n32wb452.o(RESET)
 <LI><a href="#[23]">CAN1_RX1_IRQHandler</a> from startup_n32wb452.o(.text) referenced from startup_n32wb452.o(RESET)
 <LI><a href="#[24]">CAN1_SCE_IRQHandler</a> from startup_n32wb452.o(.text) referenced from startup_n32wb452.o(RESET)
 <LI><a href="#[4e]">CAN2_RX0_IRQHandler</a> from startup_n32wb452.o(.text) referenced from startup_n32wb452.o(RESET)
 <LI><a href="#[4f]">CAN2_RX1_IRQHandler</a> from startup_n32wb452.o(.text) referenced from startup_n32wb452.o(RESET)
 <LI><a href="#[50]">CAN2_SCE_IRQHandler</a> from startup_n32wb452.o(.text) referenced from startup_n32wb452.o(RESET)
 <LI><a href="#[4d]">CAN2_TX_IRQHandler</a> from startup_n32wb452.o(.text) referenced from startup_n32wb452.o(RESET)
 <LI><a href="#[19]">DMA1_Channel1_IRQHandler</a> from startup_n32wb452.o(.text) referenced from startup_n32wb452.o(RESET)
 <LI><a href="#[1a]">DMA1_Channel2_IRQHandler</a> from startup_n32wb452.o(.text) referenced from startup_n32wb452.o(RESET)
 <LI><a href="#[1b]">DMA1_Channel3_IRQHandler</a> from startup_n32wb452.o(.text) referenced from startup_n32wb452.o(RESET)
 <LI><a href="#[1c]">DMA1_Channel4_IRQHandler</a> from startup_n32wb452.o(.text) referenced from startup_n32wb452.o(RESET)
 <LI><a href="#[1d]">DMA1_Channel5_IRQHandler</a> from startup_n32wb452.o(.text) referenced from startup_n32wb452.o(RESET)
 <LI><a href="#[1e]">DMA1_Channel6_IRQHandler</a> from startup_n32wb452.o(.text) referenced from startup_n32wb452.o(RESET)
 <LI><a href="#[1f]">DMA1_Channel7_IRQHandler</a> from startup_n32wb452.o(.text) referenced from startup_n32wb452.o(RESET)
 <LI><a href="#[5a]">DMA1_Channel8_IRQHandler</a> from startup_n32wb452.o(.text) referenced from startup_n32wb452.o(RESET)
 <LI><a href="#[46]">DMA2_Channel1_IRQHandler</a> from startup_n32wb452.o(.text) referenced from startup_n32wb452.o(RESET)
 <LI><a href="#[47]">DMA2_Channel2_IRQHandler</a> from startup_n32wb452.o(.text) referenced from startup_n32wb452.o(RESET)
 <LI><a href="#[48]">DMA2_Channel3_IRQHandler</a> from startup_n32wb452.o(.text) referenced from startup_n32wb452.o(RESET)
 <LI><a href="#[49]">DMA2_Channel4_IRQHandler</a> from startup_n32wb452.o(.text) referenced from startup_n32wb452.o(RESET)
 <LI><a href="#[4a]">DMA2_Channel5_IRQHandler</a> from startup_n32wb452.o(.text) referenced from startup_n32wb452.o(RESET)
 <LI><a href="#[52]">DMA2_Channel6_IRQHandler</a> from startup_n32wb452.o(.text) referenced from startup_n32wb452.o(RESET)
 <LI><a href="#[53]">DMA2_Channel7_IRQHandler</a> from startup_n32wb452.o(.text) referenced from startup_n32wb452.o(RESET)
 <LI><a href="#[5b]">DMA2_Channel8_IRQHandler</a> from startup_n32wb452.o(.text) referenced from startup_n32wb452.o(RESET)
 <LI><a href="#[5c]">DVP_IRQHandler</a> from startup_n32wb452.o(.text) referenced from startup_n32wb452.o(RESET)
 <LI><a href="#[b]">DebugMon_Handler</a> from startup_n32wb452.o(.text) referenced from startup_n32wb452.o(RESET)
 <LI><a href="#[14]">EXTI0_IRQHandler</a> from drv_gpio.o(.text.EXTI0_IRQHandler) referenced from startup_n32wb452.o(RESET)
 <LI><a href="#[36]">EXTI15_10_IRQHandler</a> from drv_gpio.o(.text.EXTI15_10_IRQHandler) referenced from startup_n32wb452.o(RESET)
 <LI><a href="#[15]">EXTI1_IRQHandler</a> from drv_gpio.o(.text.EXTI1_IRQHandler) referenced from startup_n32wb452.o(RESET)
 <LI><a href="#[16]">EXTI2_IRQHandler</a> from drv_gpio.o(.text.EXTI2_IRQHandler) referenced from startup_n32wb452.o(RESET)
 <LI><a href="#[17]">EXTI3_IRQHandler</a> from drv_gpio.o(.text.EXTI3_IRQHandler) referenced from startup_n32wb452.o(RESET)
 <LI><a href="#[18]">EXTI4_IRQHandler</a> from drv_gpio.o(.text.EXTI4_IRQHandler) referenced from startup_n32wb452.o(RESET)
 <LI><a href="#[25]">EXTI9_5_IRQHandler</a> from drv_gpio.o(.text.EXTI9_5_IRQHandler) referenced from startup_n32wb452.o(RESET)
 <LI><a href="#[12]">FLASH_IRQHandler</a> from startup_n32wb452.o(.text) referenced from startup_n32wb452.o(RESET)
 <LI><a href="#[6]">HardFault_Handler</a> from context_rvds.o(.text) referenced from startup_n32wb452.o(RESET)
 <LI><a href="#[2e]">I2C1_ER_IRQHandler</a> from startup_n32wb452.o(.text) referenced from startup_n32wb452.o(RESET)
 <LI><a href="#[2d]">I2C1_EV_IRQHandler</a> from startup_n32wb452.o(.text) referenced from startup_n32wb452.o(RESET)
 <LI><a href="#[30]">I2C2_ER_IRQHandler</a> from startup_n32wb452.o(.text) referenced from startup_n32wb452.o(RESET)
 <LI><a href="#[2f]">I2C2_EV_IRQHandler</a> from startup_n32wb452.o(.text) referenced from startup_n32wb452.o(RESET)
 <LI><a href="#[55]">I2C3_ER_IRQHandler</a> from startup_n32wb452.o(.text) referenced from startup_n32wb452.o(RESET)
 <LI><a href="#[54]">I2C3_EV_IRQHandler</a> from startup_n32wb452.o(.text) referenced from startup_n32wb452.o(RESET)
 <LI><a href="#[57]">I2C4_ER_IRQHandler</a> from startup_n32wb452.o(.text) referenced from startup_n32wb452.o(RESET)
 <LI><a href="#[56]">I2C4_EV_IRQHandler</a> from startup_n32wb452.o(.text) referenced from startup_n32wb452.o(RESET)
 <LI><a href="#[5e]">MMU_IRQHandler</a> from startup_n32wb452.o(.text) referenced from startup_n32wb452.o(RESET)
 <LI><a href="#[7]">MemManage_Handler</a> from startup_n32wb452.o(.text) referenced from startup_n32wb452.o(RESET)
 <LI><a href="#[5]">NMI_Handler</a> from startup_n32wb452.o(.text) referenced from startup_n32wb452.o(RESET)
 <LI><a href="#[f]">PVD_IRQHandler</a> from startup_n32wb452.o(.text) referenced from startup_n32wb452.o(RESET)
 <LI><a href="#[c]">PendSV_Handler</a> from context_rvds.o(.text) referenced from startup_n32wb452.o(RESET)
 <LI><a href="#[13]">RCC_IRQHandler</a> from startup_n32wb452.o(.text) referenced from startup_n32wb452.o(RESET)
 <LI><a href="#[3d]">RESERVE47_IRQHandler</a> from startup_n32wb452.o(.text) referenced from startup_n32wb452.o(RESET)
 <LI><a href="#[3e]">RESERVE48_IRQHandler</a> from startup_n32wb452.o(.text) referenced from startup_n32wb452.o(RESET)
 <LI><a href="#[4b]">RESERVE61_IRQHandler</a> from startup_n32wb452.o(.text) referenced from startup_n32wb452.o(RESET)
 <LI><a href="#[4c]">RESERVE62_IRQHandler</a> from startup_n32wb452.o(.text) referenced from startup_n32wb452.o(RESET)
 <LI><a href="#[51]">RESERVE67_IRQHandler</a> from startup_n32wb452.o(.text) referenced from startup_n32wb452.o(RESET)
 <LI><a href="#[60]">RESERVE82_IRQHandler</a> from startup_n32wb452.o(.text) referenced from startup_n32wb452.o(RESET)
 <LI><a href="#[61]">RESERVE83_IRQHandler</a> from startup_n32wb452.o(.text) referenced from startup_n32wb452.o(RESET)
 <LI><a href="#[62]">RESERVE84_IRQHandler</a> from startup_n32wb452.o(.text) referenced from startup_n32wb452.o(RESET)
 <LI><a href="#[63]">RSRAM_IRQHandler</a> from startup_n32wb452.o(.text) referenced from startup_n32wb452.o(RESET)
 <LI><a href="#[37]">RTCAlarm_IRQHandler</a> from startup_n32wb452.o(.text) referenced from startup_n32wb452.o(RESET)
 <LI><a href="#[11]">RTC_WKUP_IRQHandler</a> from startup_n32wb452.o(.text) referenced from startup_n32wb452.o(RESET)
 <LI><a href="#[4]">Reset_Handler</a> from startup_n32wb452.o(.text) referenced from startup_n32wb452.o(RESET)
 <LI><a href="#[5d]">SAC_IRQHandler</a> from startup_n32wb452.o(.text) referenced from startup_n32wb452.o(RESET)
 <LI><a href="#[3f]">SDIO_IRQHandler</a> from startup_n32wb452.o(.text) referenced from startup_n32wb452.o(RESET)
 <LI><a href="#[31]">SPI1_IRQHandler</a> from startup_n32wb452.o(.text) referenced from startup_n32wb452.o(RESET)
 <LI><a href="#[32]">SPI2_IRQHandler</a> from startup_n32wb452.o(.text) referenced from startup_n32wb452.o(RESET)
 <LI><a href="#[41]">SPI3_IRQHandler</a> from startup_n32wb452.o(.text) referenced from startup_n32wb452.o(RESET)
 <LI><a href="#[a]">SVC_Handler</a> from startup_n32wb452.o(.text) referenced from startup_n32wb452.o(RESET)
 <LI><a href="#[d]">SysTick_Handler</a> from board.o(.text.SysTick_Handler) referenced from startup_n32wb452.o(RESET)
 <LI><a href="#[65]">SystemInit</a> from system_n32wb452.o(.text.SystemInit) referenced from startup_n32wb452.o(.text)
 <LI><a href="#[10]">TAMPER_IRQHandler</a> from startup_n32wb452.o(.text) referenced from startup_n32wb452.o(RESET)
 <LI><a href="#[26]">TIM1_BRK_IRQHandler</a> from startup_n32wb452.o(.text) referenced from startup_n32wb452.o(RESET)
 <LI><a href="#[29]">TIM1_CC_IRQHandler</a> from startup_n32wb452.o(.text) referenced from startup_n32wb452.o(RESET)
 <LI><a href="#[28]">TIM1_TRG_COM_IRQHandler</a> from startup_n32wb452.o(.text) referenced from startup_n32wb452.o(RESET)
 <LI><a href="#[27]">TIM1_UP_IRQHandler</a> from startup_n32wb452.o(.text) referenced from startup_n32wb452.o(RESET)
 <LI><a href="#[2a]">TIM2_IRQHandler</a> from startup_n32wb452.o(.text) referenced from startup_n32wb452.o(RESET)
 <LI><a href="#[2b]">TIM3_IRQHandler</a> from startup_n32wb452.o(.text) referenced from startup_n32wb452.o(RESET)
 <LI><a href="#[2c]">TIM4_IRQHandler</a> from startup_n32wb452.o(.text) referenced from startup_n32wb452.o(RESET)
 <LI><a href="#[40]">TIM5_IRQHandler</a> from startup_n32wb452.o(.text) referenced from startup_n32wb452.o(RESET)
 <LI><a href="#[44]">TIM6_IRQHandler</a> from startup_n32wb452.o(.text) referenced from startup_n32wb452.o(RESET)
 <LI><a href="#[45]">TIM7_IRQHandler</a> from startup_n32wb452.o(.text) referenced from startup_n32wb452.o(RESET)
 <LI><a href="#[39]">TIM8_BRK_IRQHandler</a> from startup_n32wb452.o(.text) referenced from startup_n32wb452.o(RESET)
 <LI><a href="#[3c]">TIM8_CC_IRQHandler</a> from startup_n32wb452.o(.text) referenced from startup_n32wb452.o(RESET)
 <LI><a href="#[3b]">TIM8_TRG_COM_IRQHandler</a> from startup_n32wb452.o(.text) referenced from startup_n32wb452.o(RESET)
 <LI><a href="#[3a]">TIM8_UP_IRQHandler</a> from startup_n32wb452.o(.text) referenced from startup_n32wb452.o(RESET)
 <LI><a href="#[5f]">TSC_IRQHandler</a> from startup_n32wb452.o(.text) referenced from startup_n32wb452.o(RESET)
 <LI><a href="#[42]">UART4_IRQHandler</a> from startup_n32wb452.o(.text) referenced from startup_n32wb452.o(RESET)
 <LI><a href="#[43]">UART5_IRQHandler</a> from startup_n32wb452.o(.text) referenced from startup_n32wb452.o(RESET)
 <LI><a href="#[58]">UART6_IRQHandler</a> from startup_n32wb452.o(.text) referenced from startup_n32wb452.o(RESET)
 <LI><a href="#[59]">UART7_IRQHandler</a> from startup_n32wb452.o(.text) referenced from startup_n32wb452.o(RESET)
 <LI><a href="#[33]">USART1_IRQHandler</a> from startup_n32wb452.o(.text) referenced from startup_n32wb452.o(RESET)
 <LI><a href="#[34]">USART2_IRQHandler</a> from startup_n32wb452.o(.text) referenced from startup_n32wb452.o(RESET)
 <LI><a href="#[35]">USART3_IRQHandler</a> from drv_usart.o(.text.USART3_IRQHandler) referenced from startup_n32wb452.o(RESET)
 <LI><a href="#[38]">USBWakeUp_IRQHandler</a> from startup_n32wb452.o(.text) referenced from startup_n32wb452.o(RESET)
 <LI><a href="#[21]">USB_HP_CAN1_TX_IRQHandler</a> from startup_n32wb452.o(.text) referenced from startup_n32wb452.o(RESET)
 <LI><a href="#[22]">USB_LP_CAN1_RX0_IRQHandler</a> from startup_n32wb452.o(.text) referenced from startup_n32wb452.o(RESET)
 <LI><a href="#[9]">UsageFault_Handler</a> from startup_n32wb452.o(.text) referenced from startup_n32wb452.o(RESET)
 <LI><a href="#[e]">WWDG_IRQHandler</a> from startup_n32wb452.o(.text) referenced from startup_n32wb452.o(RESET)
 <LI><a href="#[66]">__main</a> from entry.o(.ARM.Collect$$$$00000000) referenced from startup_n32wb452.o(.text)
 <LI><a href="#[72]">_adc_control</a> from adc.o(.text._adc_control) referenced 2 times from adc.o(.text.rt_hw_adc_register)
 <LI><a href="#[71]">_adc_read</a> from adc.o(.text._adc_read) referenced 2 times from adc.o(.text.rt_hw_adc_register)
 <LI><a href="#[74]">_dac_control</a> from dac.o(.text._dac_control) referenced 2 times from dac.o(.text.rt_hw_dac_register)
 <LI><a href="#[73]">_dac_write</a> from dac.o(.text._dac_write) referenced 2 times from dac.o(.text.rt_hw_dac_register)
 <LI><a href="#[af]">_pin_cmd</a> from pin.o(.text._pin_cmd) referenced from pin.o(FSymTab)
 <LI><a href="#[70]">_pin_control</a> from pin.o(.text._pin_control) referenced 2 times from pin.o(.text.rt_device_pin_register)
 <LI><a href="#[6e]">_pin_read</a> from pin.o(.text._pin_read) referenced 2 times from pin.o(.text.rt_device_pin_register)
 <LI><a href="#[6f]">_pin_write</a> from pin.o(.text._pin_write) referenced 2 times from pin.o(.text.rt_device_pin_register)
 <LI><a href="#[67]">_thread_exit</a> from thread.o(.text._thread_exit) referenced 2 times from thread.o(.text._thread_init)
 <LI><a href="#[68]">_thread_timeout</a> from thread.o(.text._thread_timeout) referenced 2 times from thread.o(.text._thread_init)
 <LI><a href="#[87]">_workqueue_thread_entry</a> from workqueue.o(.text._workqueue_thread_entry) referenced 2 times from workqueue.o(.text.rt_workqueue_create)
 <LI><a href="#[ad]">adc</a> from adc.o(.text.adc) referenced from adc.o(FSymTab)
 <LI><a href="#[b1]">clear</a> from cmd.o(.text.clear) referenced from cmd.o(FSymTab)
 <LI><a href="#[b7]">cmd_backtrace</a> from kservice.o(.text.cmd_backtrace) referenced from kservice.o(FSymTab)
 <LI><a href="#[ac]">cmd_canstat</a> from can.o(.text.cmd_canstat) referenced from can.o(FSymTab)
 <LI><a href="#[b6]">cmd_free</a> from msh.o(.text.cmd_free) referenced from msh.o(FSymTab)
 <LI><a href="#[b3]">cmd_list</a> from cmd.o(.text.cmd_list) referenced from cmd.o(FSymTab)
 <LI><a href="#[b5]">cmd_ps</a> from msh.o(.text.cmd_ps) referenced from msh.o(FSymTab)
 <LI><a href="#[ae]">dac</a> from dac.o(.text.dac) referenced from dac.o(FSymTab)
 <LI><a href="#[b0]">date</a> from rtc.o(.text.date) referenced from rtc.o(FSymTab)
 <LI><a href="#[69]">finsh_rx_ind</a> from shell.o(.text.finsh_rx_ind) referenced 2 times from shell.o(.text.finsh_set_device)
 <LI><a href="#[aa]">finsh_system_init</a> from shell.o(.text.finsh_system_init) referenced from shell.o(.rti_fn.6)
 <LI><a href="#[6a]">finsh_thread_entry</a> from shell.o(.text.finsh_thread_entry) referenced 2 times from shell.o(.text.finsh_system_init)
 <LI><a href="#[8e]">i2c_bit_xfer</a> from i2c-bit-ops.o(.text.i2c_bit_xfer) referenced from i2c-bit-ops.o(.rodata.i2c_bit_bus_ops)
 <LI><a href="#[85]">i2c_bus_device_control</a> from i2c_dev.o(.text.i2c_bus_device_control) referenced 2 times from i2c_dev.o(.text.rt_i2c_bus_device_device_init)
 <LI><a href="#[83]">i2c_bus_device_read</a> from i2c_dev.o(.text.i2c_bus_device_read) referenced 2 times from i2c_dev.o(.text.rt_i2c_bus_device_device_init)
 <LI><a href="#[84]">i2c_bus_device_write</a> from i2c_dev.o(.text.i2c_bus_device_write) referenced 2 times from i2c_dev.o(.text.rt_i2c_bus_device_device_init)
 <LI><a href="#[86]">idle_thread_entry</a> from idle.o(.text.idle_thread_entry) referenced 2 times from idle.o(.text.rt_thread_idle_init)
 <LI><a href="#[6b]">led0_thread_entry</a> from main.o(.text.led0_thread_entry) referenced 2 times from main.o(.text.main)
 <LI><a href="#[6c]">led1_thread_entry</a> from main.o(.text.led1_thread_entry) referenced 2 times from main.o(.text.main)
 <LI><a href="#[64]">main</a> from components.o(.text.$Sub$$main) referenced from entry9a.o(.ARM.Collect$$$$0000000B)
 <LI><a href="#[6d]">main_thread_entry</a> from components.o(.text.main_thread_entry) referenced 2 times from components.o(.text.rt_application_init)
 <LI><a href="#[b4]">msh_help</a> from msh.o(.text.msh_help) referenced from msh.o(FSymTab)
 <LI><a href="#[1]">n32_adc_convert</a> from drv_adc.o(.text.n32_adc_convert) referenced 2 times from drv_adc.o(.data.n32_adc_ops)
 <LI><a href="#[0]">n32_adc_enabled</a> from drv_adc.o(.text.n32_adc_enabled) referenced 2 times from drv_adc.o(.data.n32_adc_ops)
 <LI><a href="#[9b]">n32_configure</a> from drv_usart.o(.text.n32_configure) referenced from drv_usart.o(.rodata.n32_uart_ops)
 <LI><a href="#[9c]">n32_control</a> from drv_usart.o(.text.n32_control) referenced from drv_usart.o(.rodata.n32_uart_ops)
 <LI><a href="#[94]">n32_dac_disabled</a> from drv_dac.o(.text.n32_dac_disabled) referenced from drv_dac.o(.rodata.n32_dac_ops)
 <LI><a href="#[95]">n32_dac_enabled</a> from drv_dac.o(.text.n32_dac_enabled) referenced from drv_dac.o(.rodata.n32_dac_ops)
 <LI><a href="#[92]">n32_get_scl</a> from drv_i2c.o(.text.n32_get_scl) referenced from drv_i2c.o(.rodata.n32_bit_ops_default)
 <LI><a href="#[91]">n32_get_sda</a> from drv_i2c.o(.text.n32_get_sda) referenced from drv_i2c.o(.rodata.n32_bit_ops_default)
 <LI><a href="#[9e]">n32_getc</a> from drv_usart.o(.text.n32_getc) referenced from drv_usart.o(.rodata.n32_uart_ops)
 <LI><a href="#[8b]">n32_pin_attach_irq</a> from drv_gpio.o(.text.n32_pin_attach_irq) referenced from drv_gpio.o(.rodata._n32_pin_ops)
 <LI><a href="#[8c]">n32_pin_dettach_irq</a> from drv_gpio.o(.text.n32_pin_dettach_irq) referenced from drv_gpio.o(.rodata._n32_pin_ops)
 <LI><a href="#[8d]">n32_pin_irq_enable</a> from drv_gpio.o(.text.n32_pin_irq_enable) referenced from drv_gpio.o(.rodata._n32_pin_ops)
 <LI><a href="#[88]">n32_pin_mode</a> from drv_gpio.o(.text.n32_pin_mode) referenced from drv_gpio.o(.rodata._n32_pin_ops)
 <LI><a href="#[8a]">n32_pin_read</a> from drv_gpio.o(.text.n32_pin_read) referenced from drv_gpio.o(.rodata._n32_pin_ops)
 <LI><a href="#[89]">n32_pin_write</a> from drv_gpio.o(.text.n32_pin_write) referenced from drv_gpio.o(.rodata._n32_pin_ops)
 <LI><a href="#[9d]">n32_putc</a> from drv_usart.o(.text.n32_putc) referenced from drv_usart.o(.rodata.n32_uart_ops)
 <LI><a href="#[98]">n32_rtc_get_secs</a> from drv_rtc.o(.text.n32_rtc_get_secs) referenced from drv_rtc.o(.rodata.n32_rtc_ops)
 <LI><a href="#[9a]">n32_rtc_get_timeval</a> from drv_rtc.o(.text.n32_rtc_get_timeval) referenced from drv_rtc.o(.rodata.n32_rtc_ops)
 <LI><a href="#[97]">n32_rtc_init</a> from drv_rtc.o(.text.n32_rtc_init) referenced from drv_rtc.o(.rodata.n32_rtc_ops)
 <LI><a href="#[99]">n32_rtc_set_secs</a> from drv_rtc.o(.text.n32_rtc_set_secs) referenced from drv_rtc.o(.rodata.n32_rtc_ops)
 <LI><a href="#[96]">n32_set_dac_value</a> from drv_dac.o(.text.n32_set_dac_value) referenced from drv_dac.o(.rodata.n32_dac_ops)
 <LI><a href="#[90]">n32_set_scl</a> from drv_i2c.o(.text.n32_set_scl) referenced from drv_i2c.o(.rodata.n32_bit_ops_default)
 <LI><a href="#[8f]">n32_set_sda</a> from drv_i2c.o(.text.n32_set_sda) referenced from drv_i2c.o(.rodata.n32_bit_ops_default)
 <LI><a href="#[93]">n32_udelay</a> from drv_i2c.o(.text.n32_udelay) referenced from drv_i2c.o(.rodata.n32_bit_ops_default)
 <LI><a href="#[3]">n32_wdt_control</a> from drv_wdt.o(.text.n32_wdt_control) referenced 2 times from drv_wdt.o(.data.n32_wdt_ops)
 <LI><a href="#[2]">n32_wdt_init</a> from drv_wdt.o(.text.n32_wdt_init) referenced 2 times from drv_wdt.o(.data.n32_wdt_ops)
 <LI><a href="#[a5]">rt_hw_adc_init</a> from drv_adc.o(.text.rt_hw_adc_init) referenced from drv_adc.o(.rti_fn.3)
 <LI><a href="#[a6]">rt_hw_dac_init</a> from drv_dac.o(.text.rt_hw_dac_init) referenced from drv_dac.o(.rti_fn.3)
 <LI><a href="#[a7]">rt_hw_i2c_init</a> from drv_i2c.o(.text.rt_hw_i2c_init) referenced from drv_i2c.o(.rti_fn.3)
 <LI><a href="#[a1]">rt_hw_pin_init</a> from drv_gpio.o(.text.rt_hw_pin_init) referenced from drv_gpio.o(.rti_fn.1)
 <LI><a href="#[a8]">rt_hw_rtc_init</a> from drv_rtc.o(.text.rt_hw_rtc_init) referenced from drv_rtc.o(.rti_fn.3)
 <LI><a href="#[a2]">rt_hw_usart_init</a> from drv_usart.o(.text.rt_hw_usart_init) referenced from drv_usart.o(.rti_fn.1)
 <LI><a href="#[a9]">rt_hw_wdt_init</a> from drv_wdt.o(.text.rt_hw_wdt_init) referenced from drv_wdt.o(.rti_fn.3)
 <LI><a href="#[77]">rt_rtc_close</a> from rtc.o(.text.rt_rtc_close) referenced 2 times from rtc.o(.text.rt_hw_rtc_register)
 <LI><a href="#[78]">rt_rtc_control</a> from rtc.o(.text.rt_rtc_control) referenced 2 times from rtc.o(.text.rt_hw_rtc_register)
 <LI><a href="#[75]">rt_rtc_init</a> from rtc.o(.text.rt_rtc_init) referenced 2 times from rtc.o(.text.rt_hw_rtc_register)
 <LI><a href="#[76]">rt_rtc_open</a> from rtc.o(.text.rt_rtc_open) referenced 2 times from rtc.o(.text.rt_hw_rtc_register)
 <LI><a href="#[7b]">rt_serial_close</a> from serial.o(.text.rt_serial_close) referenced 2 times from serial.o(.text.rt_hw_serial_register)
 <LI><a href="#[7e]">rt_serial_control</a> from serial.o(.text.rt_serial_control) referenced 2 times from serial.o(.text.rt_hw_serial_register)
 <LI><a href="#[79]">rt_serial_init</a> from serial.o(.text.rt_serial_init) referenced 2 times from serial.o(.text.rt_hw_serial_register)
 <LI><a href="#[7a]">rt_serial_open</a> from serial.o(.text.rt_serial_open) referenced 2 times from serial.o(.text.rt_hw_serial_register)
 <LI><a href="#[7c]">rt_serial_read</a> from serial.o(.text.rt_serial_read) referenced 2 times from serial.o(.text.rt_hw_serial_register)
 <LI><a href="#[7d]">rt_serial_write</a> from serial.o(.text.rt_serial_write) referenced 2 times from serial.o(.text.rt_hw_serial_register)
 <LI><a href="#[81]">rt_watchdog_close</a> from watchdog.o(.text.rt_watchdog_close) referenced 2 times from watchdog.o(.text.rt_hw_watchdog_register)
 <LI><a href="#[82]">rt_watchdog_control</a> from watchdog.o(.text.rt_watchdog_control) referenced 2 times from watchdog.o(.text.rt_hw_watchdog_register)
 <LI><a href="#[7f]">rt_watchdog_init</a> from watchdog.o(.text.rt_watchdog_init) referenced 2 times from watchdog.o(.text.rt_hw_watchdog_register)
 <LI><a href="#[80]">rt_watchdog_open</a> from watchdog.o(.text.rt_watchdog_open) referenced 2 times from watchdog.o(.text.rt_hw_watchdog_register)
 <LI><a href="#[a4]">rt_work_sys_workqueue_init</a> from workqueue.o(.text.rt_work_sys_workqueue_init) referenced from workqueue.o(.rti_fn.2)
 <LI><a href="#[a3]">rti_board_end</a> from components.o(.text.rti_board_end) referenced from components.o(.rti_fn.1.end)
 <LI><a href="#[a0]">rti_board_start</a> from components.o(.text.rti_board_start) referenced from components.o(.rti_fn.0.end)
 <LI><a href="#[ab]">rti_end</a> from components.o(.text.rti_end) referenced from components.o(.rti_fn.6.end)
 <LI><a href="#[9f]">rti_start</a> from components.o(.text.rti_start) referenced from components.o(.rti_fn.0)
 <LI><a href="#[b2]">version</a> from cmd.o(.text.version) referenced from cmd.o(FSymTab)
</UL>
<P>
<H3>
Global Symbols
</H3>
<P><STRONG><a name="[66]"></a>__main</STRONG> (Thumb, 0 bytes, Stack size unknown bytes, entry.o(.ARM.Collect$$$$00000000))
<BR>[Address Reference Count : 1]<UL><LI> startup_n32wb452.o(.text)
</UL>
<P><STRONG><a name="[279]"></a>_main_stk</STRONG> (Thumb, 0 bytes, Stack size unknown bytes, entry2.o(.ARM.Collect$$$$00000001))

<P><STRONG><a name="[b8]"></a>_main_scatterload</STRONG> (Thumb, 0 bytes, Stack size unknown bytes, entry5.o(.ARM.Collect$$$$00000004))
<BR><BR>[Calls]<UL><LI><a href="#[b9]">&gt;&gt;</a>&nbsp;&nbsp;&nbsp;__scatterload
</UL>

<P><STRONG><a name="[c5]"></a>__main_after_scatterload</STRONG> (Thumb, 0 bytes, Stack size unknown bytes, entry5.o(.ARM.Collect$$$$00000004))
<BR><BR>[Called By]<UL><LI><a href="#[b9]">&gt;&gt;</a>&nbsp;&nbsp;&nbsp;__scatterload
</UL>

<P><STRONG><a name="[27a]"></a>_main_clock</STRONG> (Thumb, 0 bytes, Stack size unknown bytes, entry7b.o(.ARM.Collect$$$$00000008))

<P><STRONG><a name="[27b]"></a>_main_cpp_init</STRONG> (Thumb, 0 bytes, Stack size unknown bytes, entry8b.o(.ARM.Collect$$$$0000000A))

<P><STRONG><a name="[27c]"></a>_main_init</STRONG> (Thumb, 0 bytes, Stack size unknown bytes, entry9a.o(.ARM.Collect$$$$0000000B))

<P><STRONG><a name="[27d]"></a>__rt_final_cpp</STRONG> (Thumb, 0 bytes, Stack size unknown bytes, entry10a.o(.ARM.Collect$$$$0000000D))

<P><STRONG><a name="[27e]"></a>__rt_final_exit</STRONG> (Thumb, 0 bytes, Stack size unknown bytes, entry11a.o(.ARM.Collect$$$$0000000F))

<P><STRONG><a name="[4]"></a>Reset_Handler</STRONG> (Thumb, 8 bytes, Stack size 0 bytes, startup_n32wb452.o(.text))
<BR>[Address Reference Count : 1]<UL><LI> startup_n32wb452.o(RESET)
</UL>
<P><STRONG><a name="[5]"></a>NMI_Handler</STRONG> (Thumb, 2 bytes, Stack size 0 bytes, startup_n32wb452.o(.text))
<BR><BR>[Calls]<UL><LI><a href="#[5]">&gt;&gt;</a>&nbsp;&nbsp;&nbsp;NMI_Handler
</UL>
<BR>[Called By]<UL><LI><a href="#[5]">&gt;&gt;</a>&nbsp;&nbsp;&nbsp;NMI_Handler
</UL>
<BR>[Address Reference Count : 1]<UL><LI> startup_n32wb452.o(RESET)
</UL>
<P><STRONG><a name="[7]"></a>MemManage_Handler</STRONG> (Thumb, 2 bytes, Stack size 0 bytes, startup_n32wb452.o(.text))
<BR><BR>[Calls]<UL><LI><a href="#[7]">&gt;&gt;</a>&nbsp;&nbsp;&nbsp;MemManage_Handler
</UL>
<BR>[Called By]<UL><LI><a href="#[7]">&gt;&gt;</a>&nbsp;&nbsp;&nbsp;MemManage_Handler
</UL>
<BR>[Address Reference Count : 1]<UL><LI> startup_n32wb452.o(RESET)
</UL>
<P><STRONG><a name="[8]"></a>BusFault_Handler</STRONG> (Thumb, 2 bytes, Stack size 0 bytes, startup_n32wb452.o(.text))
<BR><BR>[Calls]<UL><LI><a href="#[8]">&gt;&gt;</a>&nbsp;&nbsp;&nbsp;BusFault_Handler
</UL>
<BR>[Called By]<UL><LI><a href="#[8]">&gt;&gt;</a>&nbsp;&nbsp;&nbsp;BusFault_Handler
</UL>
<BR>[Address Reference Count : 1]<UL><LI> startup_n32wb452.o(RESET)
</UL>
<P><STRONG><a name="[9]"></a>UsageFault_Handler</STRONG> (Thumb, 2 bytes, Stack size 0 bytes, startup_n32wb452.o(.text))
<BR><BR>[Calls]<UL><LI><a href="#[9]">&gt;&gt;</a>&nbsp;&nbsp;&nbsp;UsageFault_Handler
</UL>
<BR>[Called By]<UL><LI><a href="#[9]">&gt;&gt;</a>&nbsp;&nbsp;&nbsp;UsageFault_Handler
</UL>
<BR>[Address Reference Count : 1]<UL><LI> startup_n32wb452.o(RESET)
</UL>
<P><STRONG><a name="[a]"></a>SVC_Handler</STRONG> (Thumb, 2 bytes, Stack size 0 bytes, startup_n32wb452.o(.text))
<BR><BR>[Calls]<UL><LI><a href="#[a]">&gt;&gt;</a>&nbsp;&nbsp;&nbsp;SVC_Handler
</UL>
<BR>[Called By]<UL><LI><a href="#[a]">&gt;&gt;</a>&nbsp;&nbsp;&nbsp;SVC_Handler
</UL>
<BR>[Address Reference Count : 1]<UL><LI> startup_n32wb452.o(RESET)
</UL>
<P><STRONG><a name="[b]"></a>DebugMon_Handler</STRONG> (Thumb, 2 bytes, Stack size 0 bytes, startup_n32wb452.o(.text))
<BR><BR>[Calls]<UL><LI><a href="#[b]">&gt;&gt;</a>&nbsp;&nbsp;&nbsp;DebugMon_Handler
</UL>
<BR>[Called By]<UL><LI><a href="#[b]">&gt;&gt;</a>&nbsp;&nbsp;&nbsp;DebugMon_Handler
</UL>
<BR>[Address Reference Count : 1]<UL><LI> startup_n32wb452.o(RESET)
</UL>
<P><STRONG><a name="[20]"></a>ADC1_2_IRQHandler</STRONG> (Thumb, 0 bytes, Stack size 0 bytes, startup_n32wb452.o(.text))
<BR><BR>[Calls]<UL><LI><a href="#[20]">&gt;&gt;</a>&nbsp;&nbsp;&nbsp;ADC1_2_IRQHandler
</UL>
<BR>[Called By]<UL><LI><a href="#[20]">&gt;&gt;</a>&nbsp;&nbsp;&nbsp;ADC1_2_IRQHandler
</UL>
<BR>[Address Reference Count : 1]<UL><LI> startup_n32wb452.o(RESET)
</UL>
<P><STRONG><a name="[23]"></a>CAN1_RX1_IRQHandler</STRONG> (Thumb, 0 bytes, Stack size 0 bytes, startup_n32wb452.o(.text))
<BR>[Address Reference Count : 1]<UL><LI> startup_n32wb452.o(RESET)
</UL>
<P><STRONG><a name="[24]"></a>CAN1_SCE_IRQHandler</STRONG> (Thumb, 0 bytes, Stack size 0 bytes, startup_n32wb452.o(.text))
<BR>[Address Reference Count : 1]<UL><LI> startup_n32wb452.o(RESET)
</UL>
<P><STRONG><a name="[4e]"></a>CAN2_RX0_IRQHandler</STRONG> (Thumb, 0 bytes, Stack size 0 bytes, startup_n32wb452.o(.text))
<BR>[Address Reference Count : 1]<UL><LI> startup_n32wb452.o(RESET)
</UL>
<P><STRONG><a name="[4f]"></a>CAN2_RX1_IRQHandler</STRONG> (Thumb, 0 bytes, Stack size 0 bytes, startup_n32wb452.o(.text))
<BR>[Address Reference Count : 1]<UL><LI> startup_n32wb452.o(RESET)
</UL>
<P><STRONG><a name="[50]"></a>CAN2_SCE_IRQHandler</STRONG> (Thumb, 0 bytes, Stack size 0 bytes, startup_n32wb452.o(.text))
<BR>[Address Reference Count : 1]<UL><LI> startup_n32wb452.o(RESET)
</UL>
<P><STRONG><a name="[4d]"></a>CAN2_TX_IRQHandler</STRONG> (Thumb, 0 bytes, Stack size 0 bytes, startup_n32wb452.o(.text))
<BR>[Address Reference Count : 1]<UL><LI> startup_n32wb452.o(RESET)
</UL>
<P><STRONG><a name="[19]"></a>DMA1_Channel1_IRQHandler</STRONG> (Thumb, 0 bytes, Stack size 0 bytes, startup_n32wb452.o(.text))
<BR>[Address Reference Count : 1]<UL><LI> startup_n32wb452.o(RESET)
</UL>
<P><STRONG><a name="[1a]"></a>DMA1_Channel2_IRQHandler</STRONG> (Thumb, 0 bytes, Stack size 0 bytes, startup_n32wb452.o(.text))
<BR>[Address Reference Count : 1]<UL><LI> startup_n32wb452.o(RESET)
</UL>
<P><STRONG><a name="[1b]"></a>DMA1_Channel3_IRQHandler</STRONG> (Thumb, 0 bytes, Stack size 0 bytes, startup_n32wb452.o(.text))
<BR>[Address Reference Count : 1]<UL><LI> startup_n32wb452.o(RESET)
</UL>
<P><STRONG><a name="[1c]"></a>DMA1_Channel4_IRQHandler</STRONG> (Thumb, 0 bytes, Stack size 0 bytes, startup_n32wb452.o(.text))
<BR>[Address Reference Count : 1]<UL><LI> startup_n32wb452.o(RESET)
</UL>
<P><STRONG><a name="[1d]"></a>DMA1_Channel5_IRQHandler</STRONG> (Thumb, 0 bytes, Stack size 0 bytes, startup_n32wb452.o(.text))
<BR>[Address Reference Count : 1]<UL><LI> startup_n32wb452.o(RESET)
</UL>
<P><STRONG><a name="[1e]"></a>DMA1_Channel6_IRQHandler</STRONG> (Thumb, 0 bytes, Stack size 0 bytes, startup_n32wb452.o(.text))
<BR>[Address Reference Count : 1]<UL><LI> startup_n32wb452.o(RESET)
</UL>
<P><STRONG><a name="[1f]"></a>DMA1_Channel7_IRQHandler</STRONG> (Thumb, 0 bytes, Stack size 0 bytes, startup_n32wb452.o(.text))
<BR>[Address Reference Count : 1]<UL><LI> startup_n32wb452.o(RESET)
</UL>
<P><STRONG><a name="[5a]"></a>DMA1_Channel8_IRQHandler</STRONG> (Thumb, 0 bytes, Stack size 0 bytes, startup_n32wb452.o(.text))
<BR>[Address Reference Count : 1]<UL><LI> startup_n32wb452.o(RESET)
</UL>
<P><STRONG><a name="[46]"></a>DMA2_Channel1_IRQHandler</STRONG> (Thumb, 0 bytes, Stack size 0 bytes, startup_n32wb452.o(.text))
<BR>[Address Reference Count : 1]<UL><LI> startup_n32wb452.o(RESET)
</UL>
<P><STRONG><a name="[47]"></a>DMA2_Channel2_IRQHandler</STRONG> (Thumb, 0 bytes, Stack size 0 bytes, startup_n32wb452.o(.text))
<BR>[Address Reference Count : 1]<UL><LI> startup_n32wb452.o(RESET)
</UL>
<P><STRONG><a name="[48]"></a>DMA2_Channel3_IRQHandler</STRONG> (Thumb, 0 bytes, Stack size 0 bytes, startup_n32wb452.o(.text))
<BR>[Address Reference Count : 1]<UL><LI> startup_n32wb452.o(RESET)
</UL>
<P><STRONG><a name="[49]"></a>DMA2_Channel4_IRQHandler</STRONG> (Thumb, 0 bytes, Stack size 0 bytes, startup_n32wb452.o(.text))
<BR>[Address Reference Count : 1]<UL><LI> startup_n32wb452.o(RESET)
</UL>
<P><STRONG><a name="[4a]"></a>DMA2_Channel5_IRQHandler</STRONG> (Thumb, 0 bytes, Stack size 0 bytes, startup_n32wb452.o(.text))
<BR>[Address Reference Count : 1]<UL><LI> startup_n32wb452.o(RESET)
</UL>
<P><STRONG><a name="[52]"></a>DMA2_Channel6_IRQHandler</STRONG> (Thumb, 0 bytes, Stack size 0 bytes, startup_n32wb452.o(.text))
<BR>[Address Reference Count : 1]<UL><LI> startup_n32wb452.o(RESET)
</UL>
<P><STRONG><a name="[53]"></a>DMA2_Channel7_IRQHandler</STRONG> (Thumb, 0 bytes, Stack size 0 bytes, startup_n32wb452.o(.text))
<BR>[Address Reference Count : 1]<UL><LI> startup_n32wb452.o(RESET)
</UL>
<P><STRONG><a name="[5b]"></a>DMA2_Channel8_IRQHandler</STRONG> (Thumb, 0 bytes, Stack size 0 bytes, startup_n32wb452.o(.text))
<BR>[Address Reference Count : 1]<UL><LI> startup_n32wb452.o(RESET)
</UL>
<P><STRONG><a name="[5c]"></a>DVP_IRQHandler</STRONG> (Thumb, 0 bytes, Stack size 0 bytes, startup_n32wb452.o(.text))
<BR>[Address Reference Count : 1]<UL><LI> startup_n32wb452.o(RESET)
</UL>
<P><STRONG><a name="[12]"></a>FLASH_IRQHandler</STRONG> (Thumb, 0 bytes, Stack size 0 bytes, startup_n32wb452.o(.text))
<BR>[Address Reference Count : 1]<UL><LI> startup_n32wb452.o(RESET)
</UL>
<P><STRONG><a name="[2e]"></a>I2C1_ER_IRQHandler</STRONG> (Thumb, 0 bytes, Stack size 0 bytes, startup_n32wb452.o(.text))
<BR>[Address Reference Count : 1]<UL><LI> startup_n32wb452.o(RESET)
</UL>
<P><STRONG><a name="[2d]"></a>I2C1_EV_IRQHandler</STRONG> (Thumb, 0 bytes, Stack size 0 bytes, startup_n32wb452.o(.text))
<BR>[Address Reference Count : 1]<UL><LI> startup_n32wb452.o(RESET)
</UL>
<P><STRONG><a name="[30]"></a>I2C2_ER_IRQHandler</STRONG> (Thumb, 0 bytes, Stack size 0 bytes, startup_n32wb452.o(.text))
<BR>[Address Reference Count : 1]<UL><LI> startup_n32wb452.o(RESET)
</UL>
<P><STRONG><a name="[2f]"></a>I2C2_EV_IRQHandler</STRONG> (Thumb, 0 bytes, Stack size 0 bytes, startup_n32wb452.o(.text))
<BR>[Address Reference Count : 1]<UL><LI> startup_n32wb452.o(RESET)
</UL>
<P><STRONG><a name="[55]"></a>I2C3_ER_IRQHandler</STRONG> (Thumb, 0 bytes, Stack size 0 bytes, startup_n32wb452.o(.text))
<BR>[Address Reference Count : 1]<UL><LI> startup_n32wb452.o(RESET)
</UL>
<P><STRONG><a name="[54]"></a>I2C3_EV_IRQHandler</STRONG> (Thumb, 0 bytes, Stack size 0 bytes, startup_n32wb452.o(.text))
<BR>[Address Reference Count : 1]<UL><LI> startup_n32wb452.o(RESET)
</UL>
<P><STRONG><a name="[57]"></a>I2C4_ER_IRQHandler</STRONG> (Thumb, 0 bytes, Stack size 0 bytes, startup_n32wb452.o(.text))
<BR>[Address Reference Count : 1]<UL><LI> startup_n32wb452.o(RESET)
</UL>
<P><STRONG><a name="[56]"></a>I2C4_EV_IRQHandler</STRONG> (Thumb, 0 bytes, Stack size 0 bytes, startup_n32wb452.o(.text))
<BR>[Address Reference Count : 1]<UL><LI> startup_n32wb452.o(RESET)
</UL>
<P><STRONG><a name="[5e]"></a>MMU_IRQHandler</STRONG> (Thumb, 0 bytes, Stack size 0 bytes, startup_n32wb452.o(.text))
<BR>[Address Reference Count : 1]<UL><LI> startup_n32wb452.o(RESET)
</UL>
<P><STRONG><a name="[f]"></a>PVD_IRQHandler</STRONG> (Thumb, 0 bytes, Stack size 0 bytes, startup_n32wb452.o(.text))
<BR>[Address Reference Count : 1]<UL><LI> startup_n32wb452.o(RESET)
</UL>
<P><STRONG><a name="[13]"></a>RCC_IRQHandler</STRONG> (Thumb, 0 bytes, Stack size 0 bytes, startup_n32wb452.o(.text))
<BR>[Address Reference Count : 1]<UL><LI> startup_n32wb452.o(RESET)
</UL>
<P><STRONG><a name="[63]"></a>RSRAM_IRQHandler</STRONG> (Thumb, 0 bytes, Stack size 0 bytes, startup_n32wb452.o(.text))
<BR>[Address Reference Count : 1]<UL><LI> startup_n32wb452.o(RESET)
</UL>
<P><STRONG><a name="[37]"></a>RTCAlarm_IRQHandler</STRONG> (Thumb, 0 bytes, Stack size 0 bytes, startup_n32wb452.o(.text))
<BR>[Address Reference Count : 1]<UL><LI> startup_n32wb452.o(RESET)
</UL>
<P><STRONG><a name="[11]"></a>RTC_WKUP_IRQHandler</STRONG> (Thumb, 0 bytes, Stack size 0 bytes, startup_n32wb452.o(.text))
<BR>[Address Reference Count : 1]<UL><LI> startup_n32wb452.o(RESET)
</UL>
<P><STRONG><a name="[5d]"></a>SAC_IRQHandler</STRONG> (Thumb, 0 bytes, Stack size 0 bytes, startup_n32wb452.o(.text))
<BR>[Address Reference Count : 1]<UL><LI> startup_n32wb452.o(RESET)
</UL>
<P><STRONG><a name="[3f]"></a>SDIO_IRQHandler</STRONG> (Thumb, 0 bytes, Stack size 0 bytes, startup_n32wb452.o(.text))
<BR>[Address Reference Count : 1]<UL><LI> startup_n32wb452.o(RESET)
</UL>
<P><STRONG><a name="[31]"></a>SPI1_IRQHandler</STRONG> (Thumb, 0 bytes, Stack size 0 bytes, startup_n32wb452.o(.text))
<BR>[Address Reference Count : 1]<UL><LI> startup_n32wb452.o(RESET)
</UL>
<P><STRONG><a name="[32]"></a>SPI2_IRQHandler</STRONG> (Thumb, 0 bytes, Stack size 0 bytes, startup_n32wb452.o(.text))
<BR>[Address Reference Count : 1]<UL><LI> startup_n32wb452.o(RESET)
</UL>
<P><STRONG><a name="[41]"></a>SPI3_IRQHandler</STRONG> (Thumb, 0 bytes, Stack size 0 bytes, startup_n32wb452.o(.text))
<BR>[Address Reference Count : 1]<UL><LI> startup_n32wb452.o(RESET)
</UL>
<P><STRONG><a name="[10]"></a>TAMPER_IRQHandler</STRONG> (Thumb, 0 bytes, Stack size 0 bytes, startup_n32wb452.o(.text))
<BR>[Address Reference Count : 1]<UL><LI> startup_n32wb452.o(RESET)
</UL>
<P><STRONG><a name="[26]"></a>TIM1_BRK_IRQHandler</STRONG> (Thumb, 0 bytes, Stack size 0 bytes, startup_n32wb452.o(.text))
<BR>[Address Reference Count : 1]<UL><LI> startup_n32wb452.o(RESET)
</UL>
<P><STRONG><a name="[29]"></a>TIM1_CC_IRQHandler</STRONG> (Thumb, 0 bytes, Stack size 0 bytes, startup_n32wb452.o(.text))
<BR>[Address Reference Count : 1]<UL><LI> startup_n32wb452.o(RESET)
</UL>
<P><STRONG><a name="[28]"></a>TIM1_TRG_COM_IRQHandler</STRONG> (Thumb, 0 bytes, Stack size 0 bytes, startup_n32wb452.o(.text))
<BR>[Address Reference Count : 1]<UL><LI> startup_n32wb452.o(RESET)
</UL>
<P><STRONG><a name="[27]"></a>TIM1_UP_IRQHandler</STRONG> (Thumb, 0 bytes, Stack size 0 bytes, startup_n32wb452.o(.text))
<BR>[Address Reference Count : 1]<UL><LI> startup_n32wb452.o(RESET)
</UL>
<P><STRONG><a name="[2a]"></a>TIM2_IRQHandler</STRONG> (Thumb, 0 bytes, Stack size 0 bytes, startup_n32wb452.o(.text))
<BR>[Address Reference Count : 1]<UL><LI> startup_n32wb452.o(RESET)
</UL>
<P><STRONG><a name="[2b]"></a>TIM3_IRQHandler</STRONG> (Thumb, 0 bytes, Stack size 0 bytes, startup_n32wb452.o(.text))
<BR>[Address Reference Count : 1]<UL><LI> startup_n32wb452.o(RESET)
</UL>
<P><STRONG><a name="[2c]"></a>TIM4_IRQHandler</STRONG> (Thumb, 0 bytes, Stack size 0 bytes, startup_n32wb452.o(.text))
<BR>[Address Reference Count : 1]<UL><LI> startup_n32wb452.o(RESET)
</UL>
<P><STRONG><a name="[40]"></a>TIM5_IRQHandler</STRONG> (Thumb, 0 bytes, Stack size 0 bytes, startup_n32wb452.o(.text))
<BR>[Address Reference Count : 1]<UL><LI> startup_n32wb452.o(RESET)
</UL>
<P><STRONG><a name="[44]"></a>TIM6_IRQHandler</STRONG> (Thumb, 0 bytes, Stack size 0 bytes, startup_n32wb452.o(.text))
<BR>[Address Reference Count : 1]<UL><LI> startup_n32wb452.o(RESET)
</UL>
<P><STRONG><a name="[45]"></a>TIM7_IRQHandler</STRONG> (Thumb, 0 bytes, Stack size 0 bytes, startup_n32wb452.o(.text))
<BR>[Address Reference Count : 1]<UL><LI> startup_n32wb452.o(RESET)
</UL>
<P><STRONG><a name="[39]"></a>TIM8_BRK_IRQHandler</STRONG> (Thumb, 0 bytes, Stack size 0 bytes, startup_n32wb452.o(.text))
<BR>[Address Reference Count : 1]<UL><LI> startup_n32wb452.o(RESET)
</UL>
<P><STRONG><a name="[3c]"></a>TIM8_CC_IRQHandler</STRONG> (Thumb, 0 bytes, Stack size 0 bytes, startup_n32wb452.o(.text))
<BR>[Address Reference Count : 1]<UL><LI> startup_n32wb452.o(RESET)
</UL>
<P><STRONG><a name="[3b]"></a>TIM8_TRG_COM_IRQHandler</STRONG> (Thumb, 0 bytes, Stack size 0 bytes, startup_n32wb452.o(.text))
<BR>[Address Reference Count : 1]<UL><LI> startup_n32wb452.o(RESET)
</UL>
<P><STRONG><a name="[3a]"></a>TIM8_UP_IRQHandler</STRONG> (Thumb, 0 bytes, Stack size 0 bytes, startup_n32wb452.o(.text))
<BR>[Address Reference Count : 1]<UL><LI> startup_n32wb452.o(RESET)
</UL>
<P><STRONG><a name="[5f]"></a>TSC_IRQHandler</STRONG> (Thumb, 0 bytes, Stack size 0 bytes, startup_n32wb452.o(.text))
<BR>[Address Reference Count : 1]<UL><LI> startup_n32wb452.o(RESET)
</UL>
<P><STRONG><a name="[42]"></a>UART4_IRQHandler</STRONG> (Thumb, 0 bytes, Stack size 0 bytes, startup_n32wb452.o(.text))
<BR>[Address Reference Count : 1]<UL><LI> startup_n32wb452.o(RESET)
</UL>
<P><STRONG><a name="[43]"></a>UART5_IRQHandler</STRONG> (Thumb, 0 bytes, Stack size 0 bytes, startup_n32wb452.o(.text))
<BR>[Address Reference Count : 1]<UL><LI> startup_n32wb452.o(RESET)
</UL>
<P><STRONG><a name="[58]"></a>UART6_IRQHandler</STRONG> (Thumb, 0 bytes, Stack size 0 bytes, startup_n32wb452.o(.text))
<BR>[Address Reference Count : 1]<UL><LI> startup_n32wb452.o(RESET)
</UL>
<P><STRONG><a name="[59]"></a>UART7_IRQHandler</STRONG> (Thumb, 0 bytes, Stack size 0 bytes, startup_n32wb452.o(.text))
<BR>[Address Reference Count : 1]<UL><LI> startup_n32wb452.o(RESET)
</UL>
<P><STRONG><a name="[33]"></a>USART1_IRQHandler</STRONG> (Thumb, 0 bytes, Stack size 0 bytes, startup_n32wb452.o(.text))
<BR>[Address Reference Count : 1]<UL><LI> startup_n32wb452.o(RESET)
</UL>
<P><STRONG><a name="[34]"></a>USART2_IRQHandler</STRONG> (Thumb, 0 bytes, Stack size 0 bytes, startup_n32wb452.o(.text))
<BR>[Address Reference Count : 1]<UL><LI> startup_n32wb452.o(RESET)
</UL>
<P><STRONG><a name="[38]"></a>USBWakeUp_IRQHandler</STRONG> (Thumb, 0 bytes, Stack size 0 bytes, startup_n32wb452.o(.text))
<BR>[Address Reference Count : 1]<UL><LI> startup_n32wb452.o(RESET)
</UL>
<P><STRONG><a name="[21]"></a>USB_HP_CAN1_TX_IRQHandler</STRONG> (Thumb, 0 bytes, Stack size 0 bytes, startup_n32wb452.o(.text))
<BR>[Address Reference Count : 1]<UL><LI> startup_n32wb452.o(RESET)
</UL>
<P><STRONG><a name="[22]"></a>USB_LP_CAN1_RX0_IRQHandler</STRONG> (Thumb, 0 bytes, Stack size 0 bytes, startup_n32wb452.o(.text))
<BR>[Address Reference Count : 1]<UL><LI> startup_n32wb452.o(RESET)
</UL>
<P><STRONG><a name="[e]"></a>WWDG_IRQHandler</STRONG> (Thumb, 0 bytes, Stack size 0 bytes, startup_n32wb452.o(.text))
<BR>[Address Reference Count : 1]<UL><LI> startup_n32wb452.o(RESET)
</UL>
<P><STRONG><a name="[1eb]"></a>rt_hw_interrupt_disable</STRONG> (Thumb, 8 bytes, Stack size 0 bytes, context_rvds.o(.text))
<BR><BR>[Called By]<UL><LI><a href="#[15c]">&gt;&gt;</a>&nbsp;&nbsp;&nbsp;rt_spin_lock_irqsave
<LI><a href="#[21a]">&gt;&gt;</a>&nbsp;&nbsp;&nbsp;rt_spin_lock_irqsave
<LI><a href="#[225]">&gt;&gt;</a>&nbsp;&nbsp;&nbsp;rt_exit_critical
<LI><a href="#[140]">&gt;&gt;</a>&nbsp;&nbsp;&nbsp;rt_enter_critical
<LI><a href="#[126]">&gt;&gt;</a>&nbsp;&nbsp;&nbsp;rt_schedule
<LI><a href="#[11b]">&gt;&gt;</a>&nbsp;&nbsp;&nbsp;rt_interrupt_get_nest
<LI><a href="#[f2]">&gt;&gt;</a>&nbsp;&nbsp;&nbsp;rt_spin_lock_irqsave
<LI><a href="#[1b9]">&gt;&gt;</a>&nbsp;&nbsp;&nbsp;rt_spin_lock_irqsave
<LI><a href="#[205]">&gt;&gt;</a>&nbsp;&nbsp;&nbsp;n32_wdt_close
<LI><a href="#[20a]">&gt;&gt;</a>&nbsp;&nbsp;&nbsp;n32_wdt_open
<LI><a href="#[209]">&gt;&gt;</a>&nbsp;&nbsp;&nbsp;n32_wdt_refresh
<LI><a href="#[8d]">&gt;&gt;</a>&nbsp;&nbsp;&nbsp;n32_pin_irq_enable
<LI><a href="#[8c]">&gt;&gt;</a>&nbsp;&nbsp;&nbsp;n32_pin_dettach_irq
<LI><a href="#[8b]">&gt;&gt;</a>&nbsp;&nbsp;&nbsp;n32_pin_attach_irq
<LI><a href="#[132]">&gt;&gt;</a>&nbsp;&nbsp;&nbsp;rt_spin_lock_irqsave
<LI><a href="#[247]">&gt;&gt;</a>&nbsp;&nbsp;&nbsp;rt_spin_lock_irqsave
<LI><a href="#[122]">&gt;&gt;</a>&nbsp;&nbsp;&nbsp;rt_sched_lock
<LI><a href="#[128]">&gt;&gt;</a>&nbsp;&nbsp;&nbsp;rt_spin_lock_irqsave
<LI><a href="#[226]">&gt;&gt;</a>&nbsp;&nbsp;&nbsp;rt_thread_defunct_dequeue
<LI><a href="#[25e]">&gt;&gt;</a>&nbsp;&nbsp;&nbsp;rt_spin_lock_irqsave
<LI><a href="#[c6]">&gt;&gt;</a>&nbsp;&nbsp;&nbsp;rtthread_startup
<LI><a href="#[25f]">&gt;&gt;</a>&nbsp;&nbsp;&nbsp;rt_spin_lock_irqsave
<LI><a href="#[145]">&gt;&gt;</a>&nbsp;&nbsp;&nbsp;rt_exit_critical_safe
<LI><a href="#[141]">&gt;&gt;</a>&nbsp;&nbsp;&nbsp;rt_sched_remove_thread
<LI><a href="#[152]">&gt;&gt;</a>&nbsp;&nbsp;&nbsp;rt_sched_insert_thread
</UL>

<P><STRONG><a name="[1ec]"></a>rt_hw_interrupt_enable</STRONG> (Thumb, 6 bytes, Stack size 0 bytes, context_rvds.o(.text))
<BR><BR>[Called By]<UL><LI><a href="#[15e]">&gt;&gt;</a>&nbsp;&nbsp;&nbsp;rt_spin_unlock_irqrestore
<LI><a href="#[21b]">&gt;&gt;</a>&nbsp;&nbsp;&nbsp;rt_spin_unlock_irqrestore
<LI><a href="#[225]">&gt;&gt;</a>&nbsp;&nbsp;&nbsp;rt_exit_critical
<LI><a href="#[140]">&gt;&gt;</a>&nbsp;&nbsp;&nbsp;rt_enter_critical
<LI><a href="#[126]">&gt;&gt;</a>&nbsp;&nbsp;&nbsp;rt_schedule
<LI><a href="#[11b]">&gt;&gt;</a>&nbsp;&nbsp;&nbsp;rt_interrupt_get_nest
<LI><a href="#[f3]">&gt;&gt;</a>&nbsp;&nbsp;&nbsp;rt_spin_unlock_irqrestore
<LI><a href="#[1ba]">&gt;&gt;</a>&nbsp;&nbsp;&nbsp;rt_spin_unlock_irqrestore
<LI><a href="#[205]">&gt;&gt;</a>&nbsp;&nbsp;&nbsp;n32_wdt_close
<LI><a href="#[20a]">&gt;&gt;</a>&nbsp;&nbsp;&nbsp;n32_wdt_open
<LI><a href="#[209]">&gt;&gt;</a>&nbsp;&nbsp;&nbsp;n32_wdt_refresh
<LI><a href="#[8d]">&gt;&gt;</a>&nbsp;&nbsp;&nbsp;n32_pin_irq_enable
<LI><a href="#[8c]">&gt;&gt;</a>&nbsp;&nbsp;&nbsp;n32_pin_dettach_irq
<LI><a href="#[8b]">&gt;&gt;</a>&nbsp;&nbsp;&nbsp;n32_pin_attach_irq
<LI><a href="#[133]">&gt;&gt;</a>&nbsp;&nbsp;&nbsp;rt_spin_unlock_irqrestore
<LI><a href="#[249]">&gt;&gt;</a>&nbsp;&nbsp;&nbsp;rt_spin_unlock_irqrestore
<LI><a href="#[153]">&gt;&gt;</a>&nbsp;&nbsp;&nbsp;rt_sched_unlock_n_resched
<LI><a href="#[123]">&gt;&gt;</a>&nbsp;&nbsp;&nbsp;rt_sched_unlock
<LI><a href="#[129]">&gt;&gt;</a>&nbsp;&nbsp;&nbsp;rt_spin_unlock_irqrestore
<LI><a href="#[226]">&gt;&gt;</a>&nbsp;&nbsp;&nbsp;rt_thread_defunct_dequeue
<LI><a href="#[260]">&gt;&gt;</a>&nbsp;&nbsp;&nbsp;rt_spin_unlock_irqrestore
<LI><a href="#[261]">&gt;&gt;</a>&nbsp;&nbsp;&nbsp;rt_spin_unlock_irqrestore
<LI><a href="#[145]">&gt;&gt;</a>&nbsp;&nbsp;&nbsp;rt_exit_critical_safe
<LI><a href="#[141]">&gt;&gt;</a>&nbsp;&nbsp;&nbsp;rt_sched_remove_thread
<LI><a href="#[152]">&gt;&gt;</a>&nbsp;&nbsp;&nbsp;rt_sched_insert_thread
</UL>

<P><STRONG><a name="[258]"></a>rt_hw_context_switch</STRONG> (Thumb, 32 bytes, Stack size 0 bytes, context_rvds.o(.text))
<BR><BR>[Called By]<UL><LI><a href="#[126]">&gt;&gt;</a>&nbsp;&nbsp;&nbsp;rt_schedule
</UL>

<P><STRONG><a name="[259]"></a>rt_hw_context_switch_interrupt</STRONG> (Thumb, 0 bytes, Stack size 0 bytes, context_rvds.o(.text))
<BR><BR>[Called By]<UL><LI><a href="#[126]">&gt;&gt;</a>&nbsp;&nbsp;&nbsp;rt_schedule
</UL>

<P><STRONG><a name="[c]"></a>PendSV_Handler</STRONG> (Thumb, 108 bytes, Stack size 0 bytes, context_rvds.o(.text))
<BR>[Address Reference Count : 1]<UL><LI> startup_n32wb452.o(RESET)
</UL>
<P><STRONG><a name="[265]"></a>rt_hw_context_switch_to</STRONG> (Thumb, 76 bytes, Stack size 0 bytes, context_rvds.o(.text))
<BR><BR>[Called By]<UL><LI><a href="#[264]">&gt;&gt;</a>&nbsp;&nbsp;&nbsp;rt_system_scheduler_start
</UL>

<P><STRONG><a name="[27f]"></a>rt_hw_interrupt_thread_switch</STRONG> (Thumb, 2 bytes, Stack size 0 bytes, context_rvds.o(.text), UNUSED)

<P><STRONG><a name="[6]"></a>HardFault_Handler</STRONG> (Thumb, 56 bytes, Stack size 0 bytes, context_rvds.o(.text))
<BR><BR>[Stack]<UL><LI>Max Depth = 580<LI>Call Chain = HardFault_Handler &rArr; rt_hw_hard_fault_exception &rArr; list_thread &rArr; object_split &rArr; rt_kprintf &rArr; rt_vsnprintf &rArr; print_number &rArr; divide
</UL>
<BR>[Calls]<UL><LI><a href="#[ba]">&gt;&gt;</a>&nbsp;&nbsp;&nbsp;rt_hw_hard_fault_exception
</UL>
<BR>[Address Reference Count : 1]<UL><LI> startup_n32wb452.o(RESET)
</UL>
<P><STRONG><a name="[c0]"></a>__rt_ctype_table</STRONG> (Thumb, 4 bytes, Stack size 0 bytes, ctype_o.o(.text))
<BR><BR>[Called By]<UL><LI><a href="#[115]">&gt;&gt;</a>&nbsp;&nbsp;&nbsp;msh_isint
<LI><a href="#[c3]">&gt;&gt;</a>&nbsp;&nbsp;&nbsp;strtol
<LI><a href="#[be]">&gt;&gt;</a>&nbsp;&nbsp;&nbsp;strtoul
</UL>

<P><STRONG><a name="[bc]"></a>__aeabi_memset</STRONG> (Thumb, 14 bytes, Stack size 0 bytes, memseta.o(.text), UNUSED)
<BR><BR>[Called By]<UL><LI><a href="#[bd]">&gt;&gt;</a>&nbsp;&nbsp;&nbsp;_memset$wrapper
<LI><a href="#[bb]">&gt;&gt;</a>&nbsp;&nbsp;&nbsp;__aeabi_memclr
</UL>

<P><STRONG><a name="[280]"></a>__aeabi_memset4</STRONG> (Thumb, 0 bytes, Stack size 0 bytes, memseta.o(.text), UNUSED)

<P><STRONG><a name="[281]"></a>__aeabi_memset8</STRONG> (Thumb, 0 bytes, Stack size 0 bytes, memseta.o(.text), UNUSED)

<P><STRONG><a name="[bb]"></a>__aeabi_memclr</STRONG> (Thumb, 4 bytes, Stack size 0 bytes, memseta.o(.text), UNUSED)
<BR><BR>[Calls]<UL><LI><a href="#[bc]">&gt;&gt;</a>&nbsp;&nbsp;&nbsp;__aeabi_memset
</UL>

<P><STRONG><a name="[183]"></a>__aeabi_memclr4</STRONG> (Thumb, 0 bytes, Stack size 0 bytes, memseta.o(.text))
<BR><BR>[Called By]<UL><LI><a href="#[1ff]">&gt;&gt;</a>&nbsp;&nbsp;&nbsp;set_rtc_time_stamp
<LI><a href="#[9a]">&gt;&gt;</a>&nbsp;&nbsp;&nbsp;n32_rtc_get_timeval
<LI><a href="#[b0]">&gt;&gt;</a>&nbsp;&nbsp;&nbsp;date
</UL>

<P><STRONG><a name="[282]"></a>__aeabi_memclr8</STRONG> (Thumb, 0 bytes, Stack size 0 bytes, memseta.o(.text), UNUSED)

<P><STRONG><a name="[bd]"></a>_memset$wrapper</STRONG> (Thumb, 18 bytes, Stack size 8 bytes, memseta.o(.text), UNUSED)
<BR><BR>[Calls]<UL><LI><a href="#[bc]">&gt;&gt;</a>&nbsp;&nbsp;&nbsp;__aeabi_memset
</UL>

<P><STRONG><a name="[188]"></a>strncpy</STRONG> (Thumb, 24 bytes, Stack size 8 bytes, strncpy.o(.text))
<BR><BR>[Stack]<UL><LI>Max Depth = 8<LI>Call Chain = strncpy
</UL>
<BR>[Called By]<UL><LI><a href="#[187]">&gt;&gt;</a>&nbsp;&nbsp;&nbsp;finsh_get_prompt
<LI><a href="#[1cf]">&gt;&gt;</a>&nbsp;&nbsp;&nbsp;msh_opt_complete
</UL>

<P><STRONG><a name="[1cb]"></a>strchr</STRONG> (Thumb, 20 bytes, Stack size 0 bytes, strchr.o(.text))
<BR><BR>[Called By]<UL><LI><a href="#[1ca]">&gt;&gt;</a>&nbsp;&nbsp;&nbsp;msh_get_cmd_opt
</UL>

<P><STRONG><a name="[196]"></a>strlen</STRONG> (Thumb, 14 bytes, Stack size 0 bytes, strlen.o(.text))
<BR><BR>[Called By]<UL><LI><a href="#[6a]">&gt;&gt;</a>&nbsp;&nbsp;&nbsp;finsh_thread_entry
<LI><a href="#[1cc]">&gt;&gt;</a>&nbsp;&nbsp;&nbsp;msh_opt_auto_complete
<LI><a href="#[1c6]">&gt;&gt;</a>&nbsp;&nbsp;&nbsp;msh_auto_complete
<LI><a href="#[1cf]">&gt;&gt;</a>&nbsp;&nbsp;&nbsp;msh_opt_complete
<LI><a href="#[1ca]">&gt;&gt;</a>&nbsp;&nbsp;&nbsp;msh_get_cmd_opt
</UL>

<P><STRONG><a name="[163]"></a>strcmp</STRONG> (Thumb, 28 bytes, Stack size 8 bytes, strcmp.o(.text))
<BR><BR>[Stack]<UL><LI>Max Depth = 8<LI>Call Chain = strcmp
</UL>
<BR>[Called By]<UL><LI><a href="#[ae]">&gt;&gt;</a>&nbsp;&nbsp;&nbsp;dac
<LI><a href="#[ad]">&gt;&gt;</a>&nbsp;&nbsp;&nbsp;adc
<LI><a href="#[170]">&gt;&gt;</a>&nbsp;&nbsp;&nbsp;msh_cmd_opt_id_get
</UL>

<P><STRONG><a name="[277]"></a>memcmp</STRONG> (Thumb, 26 bytes, Stack size 12 bytes, memcmp.o(.text))
<BR><BR>[Stack]<UL><LI>Max Depth = 12<LI>Call Chain = memcmp
</UL>
<BR>[Called By]<UL><LI><a href="#[19a]">&gt;&gt;</a>&nbsp;&nbsp;&nbsp;shell_push_history
</UL>

<P><STRONG><a name="[189]"></a>strcpy</STRONG> (Thumb, 18 bytes, Stack size 0 bytes, strcpy.o(.text))
<BR><BR>[Called By]<UL><LI><a href="#[187]">&gt;&gt;</a>&nbsp;&nbsp;&nbsp;finsh_get_prompt
</UL>

<P><STRONG><a name="[1c7]"></a>strncmp</STRONG> (Thumb, 30 bytes, Stack size 12 bytes, strncmp.o(.text))
<BR><BR>[Stack]<UL><LI>Max Depth = 12<LI>Call Chain = strncmp
</UL>
<BR>[Called By]<UL><LI><a href="#[1c6]">&gt;&gt;</a>&nbsp;&nbsp;&nbsp;msh_auto_complete
<LI><a href="#[1cf]">&gt;&gt;</a>&nbsp;&nbsp;&nbsp;msh_opt_complete
<LI><a href="#[1ca]">&gt;&gt;</a>&nbsp;&nbsp;&nbsp;msh_get_cmd_opt
<LI><a href="#[108]">&gt;&gt;</a>&nbsp;&nbsp;&nbsp;msh_get_cmd
</UL>

<P><STRONG><a name="[be]"></a>strtoul</STRONG> (Thumb, 114 bytes, Stack size 40 bytes, strtoul.o(.text))
<BR><BR>[Stack]<UL><LI>Max Depth = 80<LI>Call Chain = strtoul &rArr; _strtoul
</UL>
<BR>[Calls]<UL><LI><a href="#[c1]">&gt;&gt;</a>&nbsp;&nbsp;&nbsp;_strtoul
<LI><a href="#[bf]">&gt;&gt;</a>&nbsp;&nbsp;&nbsp;__aeabi_errno_addr
<LI><a href="#[c0]">&gt;&gt;</a>&nbsp;&nbsp;&nbsp;__rt_ctype_table
</UL>
<BR>[Called By]<UL><LI><a href="#[b7]">&gt;&gt;</a>&nbsp;&nbsp;&nbsp;cmd_backtrace
</UL>

<P><STRONG><a name="[c2]"></a>atoi</STRONG> (Thumb, 26 bytes, Stack size 16 bytes, atoi.o(.text))
<BR><BR>[Stack]<UL><LI>Max Depth = 88<LI>Call Chain = atoi &rArr; strtol &rArr; _strtoul
</UL>
<BR>[Calls]<UL><LI><a href="#[c3]">&gt;&gt;</a>&nbsp;&nbsp;&nbsp;strtol
<LI><a href="#[bf]">&gt;&gt;</a>&nbsp;&nbsp;&nbsp;__aeabi_errno_addr
</UL>
<BR>[Called By]<UL><LI><a href="#[b0]">&gt;&gt;</a>&nbsp;&nbsp;&nbsp;date
<LI><a href="#[112]">&gt;&gt;</a>&nbsp;&nbsp;&nbsp;_pin_cmd_write
<LI><a href="#[111]">&gt;&gt;</a>&nbsp;&nbsp;&nbsp;_pin_cmd_read
<LI><a href="#[110]">&gt;&gt;</a>&nbsp;&nbsp;&nbsp;_pin_cmd_mode
<LI><a href="#[ae]">&gt;&gt;</a>&nbsp;&nbsp;&nbsp;dac
<LI><a href="#[ad]">&gt;&gt;</a>&nbsp;&nbsp;&nbsp;adc
</UL>

<P><STRONG><a name="[c1]"></a>_strtoul</STRONG> (Thumb, 158 bytes, Stack size 40 bytes, _strtoul.o(.text))
<BR><BR>[Stack]<UL><LI>Max Depth = 40<LI>Call Chain = _strtoul
</UL>
<BR>[Calls]<UL><LI><a href="#[c4]">&gt;&gt;</a>&nbsp;&nbsp;&nbsp;_chval
<LI><a href="#[bf]">&gt;&gt;</a>&nbsp;&nbsp;&nbsp;__aeabi_errno_addr
</UL>
<BR>[Called By]<UL><LI><a href="#[c3]">&gt;&gt;</a>&nbsp;&nbsp;&nbsp;strtol
<LI><a href="#[be]">&gt;&gt;</a>&nbsp;&nbsp;&nbsp;strtoul
</UL>

<P><STRONG><a name="[c3]"></a>strtol</STRONG> (Thumb, 112 bytes, Stack size 32 bytes, strtol.o(.text))
<BR><BR>[Stack]<UL><LI>Max Depth = 72<LI>Call Chain = strtol &rArr; _strtoul
</UL>
<BR>[Calls]<UL><LI><a href="#[c1]">&gt;&gt;</a>&nbsp;&nbsp;&nbsp;_strtoul
<LI><a href="#[bf]">&gt;&gt;</a>&nbsp;&nbsp;&nbsp;__aeabi_errno_addr
<LI><a href="#[c0]">&gt;&gt;</a>&nbsp;&nbsp;&nbsp;__rt_ctype_table
</UL>
<BR>[Called By]<UL><LI><a href="#[c2]">&gt;&gt;</a>&nbsp;&nbsp;&nbsp;atoi
</UL>

<P><STRONG><a name="[b9]"></a>__scatterload</STRONG> (Thumb, 28 bytes, Stack size 0 bytes, init.o(.text))
<BR><BR>[Calls]<UL><LI><a href="#[c5]">&gt;&gt;</a>&nbsp;&nbsp;&nbsp;__main_after_scatterload
</UL>
<BR>[Called By]<UL><LI><a href="#[b8]">&gt;&gt;</a>&nbsp;&nbsp;&nbsp;_main_scatterload
</UL>

<P><STRONG><a name="[283]"></a>__scatterload_rt2</STRONG> (Thumb, 0 bytes, Stack size 0 bytes, init.o(.text), UNUSED)

<P><STRONG><a name="[c4]"></a>_chval</STRONG> (Thumb, 28 bytes, Stack size 0 bytes, _chval.o(.text))
<BR><BR>[Called By]<UL><LI><a href="#[c1]">&gt;&gt;</a>&nbsp;&nbsp;&nbsp;_strtoul
</UL>

<P><STRONG><a name="[284]"></a>__decompress</STRONG> (Thumb, 0 bytes, Stack size unknown bytes, __dczerorl2.o(.text), UNUSED)

<P><STRONG><a name="[285]"></a>__decompress1</STRONG> (Thumb, 86 bytes, Stack size unknown bytes, __dczerorl2.o(.text), UNUSED)

<P><STRONG><a name="[64]"></a>main</STRONG> (Thumb, 10 bytes, Stack size 8 bytes, components.o(.text.$Sub$$main))
<BR><BR>[Stack]<UL><LI>Max Depth = 604<LI>Call Chain = main &rArr; rtthread_startup &rArr; rt_application_init &rArr; rt_thread_create &rArr; rt_object_allocate &rArr; rt_malloc &rArr; _heap_lock &rArr; rt_mutex_take &rArr; _rt_mutex_take &rArr; rt_spin_unlock &rArr; rt_exit_critical &rArr; rt_schedule &rArr; rt_scheduler_stack_check &rArr; rt_kprintf &rArr; rt_vsnprintf &rArr; print_number &rArr; divide
</UL>
<BR>[Calls]<UL><LI><a href="#[c6]">&gt;&gt;</a>&nbsp;&nbsp;&nbsp;rtthread_startup
</UL>
<BR>[Address Reference Count : 1]<UL><LI> entry9a.o(.ARM.Collect$$$$0000000B)
</UL>
<P><STRONG><a name="[ca]"></a>ADC_AHB_Clock_Mode_Config</STRONG> (Thumb, 18 bytes, Stack size 4 bytes, n32wb452_adc.o(.text.ADC_AHB_Clock_Mode_Config))
<BR><BR>[Stack]<UL><LI>Max Depth = 4<LI>Call Chain = ADC_AHB_Clock_Mode_Config
</UL>
<BR>[Called By]<UL><LI><a href="#[c7]">&gt;&gt;</a>&nbsp;&nbsp;&nbsp;ADC_ConfigClk
</UL>

<P><STRONG><a name="[1d3]"></a>ADC_ClearFlag</STRONG> (Thumb, 24 bytes, Stack size 8 bytes, n32wb452_adc.o(.text.ADC_ClearFlag))
<BR><BR>[Stack]<UL><LI>Max Depth = 8<LI>Call Chain = ADC_ClearFlag
</UL>
<BR>[Called By]<UL><LI><a href="#[1]">&gt;&gt;</a>&nbsp;&nbsp;&nbsp;n32_adc_convert
</UL>

<P><STRONG><a name="[c7]"></a>ADC_ConfigClk</STRONG> (Thumb, 104 bytes, Stack size 16 bytes, n32wb452_adc.o(.text.ADC_ConfigClk))
<BR><BR>[Stack]<UL><LI>Max Depth = 28<LI>Call Chain = ADC_ConfigClk &rArr; RCC_ConfigAdcPllClk
</UL>
<BR>[Calls]<UL><LI><a href="#[c9]">&gt;&gt;</a>&nbsp;&nbsp;&nbsp;RCC_ConfigAdcHclk
<LI><a href="#[c8]">&gt;&gt;</a>&nbsp;&nbsp;&nbsp;RCC_ConfigAdcPllClk
<LI><a href="#[cb]">&gt;&gt;</a>&nbsp;&nbsp;&nbsp;ADC_PLL_Clock_Mode_Config
<LI><a href="#[ca]">&gt;&gt;</a>&nbsp;&nbsp;&nbsp;ADC_AHB_Clock_Mode_Config
</UL>
<BR>[Called By]<UL><LI><a href="#[a5]">&gt;&gt;</a>&nbsp;&nbsp;&nbsp;rt_hw_adc_init
</UL>

<P><STRONG><a name="[1d0]"></a>ADC_ConfigRegularChannel</STRONG> (Thumb, 424 bytes, Stack size 16 bytes, n32wb452_adc.o(.text.ADC_ConfigRegularChannel))
<BR><BR>[Stack]<UL><LI>Max Depth = 16<LI>Call Chain = ADC_ConfigRegularChannel
</UL>
<BR>[Called By]<UL><LI><a href="#[1]">&gt;&gt;</a>&nbsp;&nbsp;&nbsp;n32_adc_convert
</UL>

<P><STRONG><a name="[cc]"></a>ADC_DeInit</STRONG> (Thumb, 88 bytes, Stack size 24 bytes, n32wb452_adc.o(.text.ADC_DeInit))
<BR><BR>[Stack]<UL><LI>Max Depth = 32<LI>Call Chain = ADC_DeInit &rArr; RCC_EnableAHBPeriphReset
</UL>
<BR>[Calls]<UL><LI><a href="#[cd]">&gt;&gt;</a>&nbsp;&nbsp;&nbsp;RCC_EnableAHBPeriphReset
</UL>
<BR>[Called By]<UL><LI><a href="#[1d5]">&gt;&gt;</a>&nbsp;&nbsp;&nbsp;n32_adc_init
</UL>

<P><STRONG><a name="[1d7]"></a>ADC_Enable</STRONG> (Thumb, 44 bytes, Stack size 8 bytes, n32wb452_adc.o(.text.ADC_Enable))
<BR><BR>[Stack]<UL><LI>Max Depth = 8<LI>Call Chain = ADC_Enable
</UL>
<BR>[Called By]<UL><LI><a href="#[1d5]">&gt;&gt;</a>&nbsp;&nbsp;&nbsp;n32_adc_init
</UL>

<P><STRONG><a name="[1d1]"></a>ADC_EnableSoftwareStartConv</STRONG> (Thumb, 44 bytes, Stack size 8 bytes, n32wb452_adc.o(.text.ADC_EnableSoftwareStartConv))
<BR><BR>[Stack]<UL><LI>Max Depth = 8<LI>Call Chain = ADC_EnableSoftwareStartConv
</UL>
<BR>[Called By]<UL><LI><a href="#[1]">&gt;&gt;</a>&nbsp;&nbsp;&nbsp;n32_adc_convert
</UL>

<P><STRONG><a name="[1da]"></a>ADC_GetCalibrationStatus</STRONG> (Thumb, 62 bytes, Stack size 8 bytes, n32wb452_adc.o(.text.ADC_GetCalibrationStatus))
<BR><BR>[Stack]<UL><LI>Max Depth = 8<LI>Call Chain = ADC_GetCalibrationStatus
</UL>
<BR>[Called By]<UL><LI><a href="#[1d5]">&gt;&gt;</a>&nbsp;&nbsp;&nbsp;n32_adc_init
</UL>

<P><STRONG><a name="[1d4]"></a>ADC_GetDat</STRONG> (Thumb, 14 bytes, Stack size 4 bytes, n32wb452_adc.o(.text.ADC_GetDat))
<BR><BR>[Stack]<UL><LI>Max Depth = 4<LI>Call Chain = ADC_GetDat
</UL>
<BR>[Called By]<UL><LI><a href="#[1]">&gt;&gt;</a>&nbsp;&nbsp;&nbsp;n32_adc_convert
</UL>

<P><STRONG><a name="[1d2]"></a>ADC_GetFlagStatus</STRONG> (Thumb, 52 bytes, Stack size 8 bytes, n32wb452_adc.o(.text.ADC_GetFlagStatus))
<BR><BR>[Stack]<UL><LI>Max Depth = 8<LI>Call Chain = ADC_GetFlagStatus
</UL>
<BR>[Called By]<UL><LI><a href="#[1]">&gt;&gt;</a>&nbsp;&nbsp;&nbsp;n32_adc_convert
</UL>

<P><STRONG><a name="[1d8]"></a>ADC_GetFlagStatusNew</STRONG> (Thumb, 52 bytes, Stack size 8 bytes, n32wb452_adc.o(.text.ADC_GetFlagStatusNew))
<BR><BR>[Stack]<UL><LI>Max Depth = 8<LI>Call Chain = ADC_GetFlagStatusNew
</UL>
<BR>[Called By]<UL><LI><a href="#[1d5]">&gt;&gt;</a>&nbsp;&nbsp;&nbsp;n32_adc_init
</UL>

<P><STRONG><a name="[1d6]"></a>ADC_Init</STRONG> (Thumb, 154 bytes, Stack size 16 bytes, n32wb452_adc.o(.text.ADC_Init))
<BR><BR>[Stack]<UL><LI>Max Depth = 16<LI>Call Chain = ADC_Init
</UL>
<BR>[Called By]<UL><LI><a href="#[1d5]">&gt;&gt;</a>&nbsp;&nbsp;&nbsp;n32_adc_init
</UL>

<P><STRONG><a name="[cb]"></a>ADC_PLL_Clock_Mode_Config</STRONG> (Thumb, 18 bytes, Stack size 4 bytes, n32wb452_adc.o(.text.ADC_PLL_Clock_Mode_Config))
<BR><BR>[Stack]<UL><LI>Max Depth = 4<LI>Call Chain = ADC_PLL_Clock_Mode_Config
</UL>
<BR>[Called By]<UL><LI><a href="#[c7]">&gt;&gt;</a>&nbsp;&nbsp;&nbsp;ADC_ConfigClk
</UL>

<P><STRONG><a name="[1d9]"></a>ADC_StartCalibration</STRONG> (Thumb, 28 bytes, Stack size 4 bytes, n32wb452_adc.o(.text.ADC_StartCalibration))
<BR><BR>[Stack]<UL><LI>Max Depth = 4<LI>Call Chain = ADC_StartCalibration
</UL>
<BR>[Called By]<UL><LI><a href="#[1d5]">&gt;&gt;</a>&nbsp;&nbsp;&nbsp;n32_adc_init
</UL>

<P><STRONG><a name="[ce]"></a>BKP_DeInit</STRONG> (Thumb, 16 bytes, Stack size 8 bytes, n32wb452_bkp.o(.text.BKP_DeInit))
<BR><BR>[Stack]<UL><LI>Max Depth = 12<LI>Call Chain = BKP_DeInit &rArr; RCC_EnableBackupReset
</UL>
<BR>[Calls]<UL><LI><a href="#[cf]">&gt;&gt;</a>&nbsp;&nbsp;&nbsp;RCC_EnableBackupReset
</UL>
<BR>[Called By]<UL><LI><a href="#[97]">&gt;&gt;</a>&nbsp;&nbsp;&nbsp;n32_rtc_init
</UL>

<P><STRONG><a name="[1e0]"></a>DAC_Enable</STRONG> (Thumb, 68 bytes, Stack size 8 bytes, n32wb452_dac.o(.text.DAC_Enable))
<BR><BR>[Stack]<UL><LI>Max Depth = 8<LI>Call Chain = DAC_Enable
</UL>
<BR>[Called By]<UL><LI><a href="#[95]">&gt;&gt;</a>&nbsp;&nbsp;&nbsp;n32_dac_enabled
<LI><a href="#[94]">&gt;&gt;</a>&nbsp;&nbsp;&nbsp;n32_dac_disabled
</UL>

<P><STRONG><a name="[1e3]"></a>DAC_Init</STRONG> (Thumb, 84 bytes, Stack size 16 bytes, n32wb452_dac.o(.text.DAC_Init))
<BR><BR>[Stack]<UL><LI>Max Depth = 16<LI>Call Chain = DAC_Init
</UL>
<BR>[Called By]<UL><LI><a href="#[1e1]">&gt;&gt;</a>&nbsp;&nbsp;&nbsp;n32_dac_init
</UL>

<P><STRONG><a name="[200]"></a>DAC_SetCh1Data</STRONG> (Thumb, 44 bytes, Stack size 12 bytes, n32wb452_dac.o(.text.DAC_SetCh1Data))
<BR><BR>[Stack]<UL><LI>Max Depth = 12<LI>Call Chain = DAC_SetCh1Data
</UL>
<BR>[Called By]<UL><LI><a href="#[96]">&gt;&gt;</a>&nbsp;&nbsp;&nbsp;n32_set_dac_value
</UL>

<P><STRONG><a name="[202]"></a>DAC_SetCh2Data</STRONG> (Thumb, 44 bytes, Stack size 12 bytes, n32wb452_dac.o(.text.DAC_SetCh2Data))
<BR><BR>[Stack]<UL><LI>Max Depth = 12<LI>Call Chain = DAC_SetCh2Data
</UL>
<BR>[Called By]<UL><LI><a href="#[96]">&gt;&gt;</a>&nbsp;&nbsp;&nbsp;n32_set_dac_value
</UL>

<P><STRONG><a name="[201]"></a>DAC_SoftTrgEnable</STRONG> (Thumb, 72 bytes, Stack size 8 bytes, n32wb452_dac.o(.text.DAC_SoftTrgEnable))
<BR><BR>[Stack]<UL><LI>Max Depth = 8<LI>Call Chain = DAC_SoftTrgEnable
</UL>
<BR>[Called By]<UL><LI><a href="#[96]">&gt;&gt;</a>&nbsp;&nbsp;&nbsp;n32_set_dac_value
</UL>

<P><STRONG><a name="[14]"></a>EXTI0_IRQHandler</STRONG> (Thumb, 18 bytes, Stack size 8 bytes, drv_gpio.o(.text.EXTI0_IRQHandler))
<BR><BR>[Stack]<UL><LI>Max Depth = 40<LI>Call Chain = EXTI0_IRQHandler &rArr; N32_GPIO_EXTI_IRQHandler &rArr; pin_irq_hdr
</UL>
<BR>[Calls]<UL><LI><a href="#[d1]">&gt;&gt;</a>&nbsp;&nbsp;&nbsp;N32_GPIO_EXTI_IRQHandler
<LI><a href="#[d2]">&gt;&gt;</a>&nbsp;&nbsp;&nbsp;rt_interrupt_leave
<LI><a href="#[d0]">&gt;&gt;</a>&nbsp;&nbsp;&nbsp;rt_interrupt_enter
</UL>
<BR>[Address Reference Count : 1]<UL><LI> startup_n32wb452.o(RESET)
</UL>
<P><STRONG><a name="[36]"></a>EXTI15_10_IRQHandler</STRONG> (Thumb, 48 bytes, Stack size 8 bytes, drv_gpio.o(.text.EXTI15_10_IRQHandler))
<BR><BR>[Stack]<UL><LI>Max Depth = 40<LI>Call Chain = EXTI15_10_IRQHandler &rArr; N32_GPIO_EXTI_IRQHandler &rArr; pin_irq_hdr
</UL>
<BR>[Calls]<UL><LI><a href="#[d1]">&gt;&gt;</a>&nbsp;&nbsp;&nbsp;N32_GPIO_EXTI_IRQHandler
<LI><a href="#[d2]">&gt;&gt;</a>&nbsp;&nbsp;&nbsp;rt_interrupt_leave
<LI><a href="#[d0]">&gt;&gt;</a>&nbsp;&nbsp;&nbsp;rt_interrupt_enter
</UL>
<BR>[Address Reference Count : 1]<UL><LI> startup_n32wb452.o(RESET)
</UL>
<P><STRONG><a name="[15]"></a>EXTI1_IRQHandler</STRONG> (Thumb, 18 bytes, Stack size 8 bytes, drv_gpio.o(.text.EXTI1_IRQHandler))
<BR><BR>[Stack]<UL><LI>Max Depth = 40<LI>Call Chain = EXTI1_IRQHandler &rArr; N32_GPIO_EXTI_IRQHandler &rArr; pin_irq_hdr
</UL>
<BR>[Calls]<UL><LI><a href="#[d1]">&gt;&gt;</a>&nbsp;&nbsp;&nbsp;N32_GPIO_EXTI_IRQHandler
<LI><a href="#[d2]">&gt;&gt;</a>&nbsp;&nbsp;&nbsp;rt_interrupt_leave
<LI><a href="#[d0]">&gt;&gt;</a>&nbsp;&nbsp;&nbsp;rt_interrupt_enter
</UL>
<BR>[Address Reference Count : 1]<UL><LI> startup_n32wb452.o(RESET)
</UL>
<P><STRONG><a name="[16]"></a>EXTI2_IRQHandler</STRONG> (Thumb, 18 bytes, Stack size 8 bytes, drv_gpio.o(.text.EXTI2_IRQHandler))
<BR><BR>[Stack]<UL><LI>Max Depth = 40<LI>Call Chain = EXTI2_IRQHandler &rArr; N32_GPIO_EXTI_IRQHandler &rArr; pin_irq_hdr
</UL>
<BR>[Calls]<UL><LI><a href="#[d1]">&gt;&gt;</a>&nbsp;&nbsp;&nbsp;N32_GPIO_EXTI_IRQHandler
<LI><a href="#[d2]">&gt;&gt;</a>&nbsp;&nbsp;&nbsp;rt_interrupt_leave
<LI><a href="#[d0]">&gt;&gt;</a>&nbsp;&nbsp;&nbsp;rt_interrupt_enter
</UL>
<BR>[Address Reference Count : 1]<UL><LI> startup_n32wb452.o(RESET)
</UL>
<P><STRONG><a name="[17]"></a>EXTI3_IRQHandler</STRONG> (Thumb, 18 bytes, Stack size 8 bytes, drv_gpio.o(.text.EXTI3_IRQHandler))
<BR><BR>[Stack]<UL><LI>Max Depth = 40<LI>Call Chain = EXTI3_IRQHandler &rArr; N32_GPIO_EXTI_IRQHandler &rArr; pin_irq_hdr
</UL>
<BR>[Calls]<UL><LI><a href="#[d1]">&gt;&gt;</a>&nbsp;&nbsp;&nbsp;N32_GPIO_EXTI_IRQHandler
<LI><a href="#[d2]">&gt;&gt;</a>&nbsp;&nbsp;&nbsp;rt_interrupt_leave
<LI><a href="#[d0]">&gt;&gt;</a>&nbsp;&nbsp;&nbsp;rt_interrupt_enter
</UL>
<BR>[Address Reference Count : 1]<UL><LI> startup_n32wb452.o(RESET)
</UL>
<P><STRONG><a name="[18]"></a>EXTI4_IRQHandler</STRONG> (Thumb, 18 bytes, Stack size 8 bytes, drv_gpio.o(.text.EXTI4_IRQHandler))
<BR><BR>[Stack]<UL><LI>Max Depth = 40<LI>Call Chain = EXTI4_IRQHandler &rArr; N32_GPIO_EXTI_IRQHandler &rArr; pin_irq_hdr
</UL>
<BR>[Calls]<UL><LI><a href="#[d1]">&gt;&gt;</a>&nbsp;&nbsp;&nbsp;N32_GPIO_EXTI_IRQHandler
<LI><a href="#[d2]">&gt;&gt;</a>&nbsp;&nbsp;&nbsp;rt_interrupt_leave
<LI><a href="#[d0]">&gt;&gt;</a>&nbsp;&nbsp;&nbsp;rt_interrupt_enter
</UL>
<BR>[Address Reference Count : 1]<UL><LI> startup_n32wb452.o(RESET)
</UL>
<P><STRONG><a name="[25]"></a>EXTI9_5_IRQHandler</STRONG> (Thumb, 42 bytes, Stack size 8 bytes, drv_gpio.o(.text.EXTI9_5_IRQHandler))
<BR><BR>[Stack]<UL><LI>Max Depth = 40<LI>Call Chain = EXTI9_5_IRQHandler &rArr; N32_GPIO_EXTI_IRQHandler &rArr; pin_irq_hdr
</UL>
<BR>[Calls]<UL><LI><a href="#[d1]">&gt;&gt;</a>&nbsp;&nbsp;&nbsp;N32_GPIO_EXTI_IRQHandler
<LI><a href="#[d2]">&gt;&gt;</a>&nbsp;&nbsp;&nbsp;rt_interrupt_leave
<LI><a href="#[d0]">&gt;&gt;</a>&nbsp;&nbsp;&nbsp;rt_interrupt_enter
</UL>
<BR>[Address Reference Count : 1]<UL><LI> startup_n32wb452.o(RESET)
</UL>
<P><STRONG><a name="[d5]"></a>EXTI_ClrITPendBit</STRONG> (Thumb, 20 bytes, Stack size 4 bytes, n32wb452_exti.o(.text.EXTI_ClrITPendBit))
<BR><BR>[Stack]<UL><LI>Max Depth = 4<LI>Call Chain = EXTI_ClrITPendBit
</UL>
<BR>[Called By]<UL><LI><a href="#[d1]">&gt;&gt;</a>&nbsp;&nbsp;&nbsp;N32_GPIO_EXTI_IRQHandler
<LI><a href="#[8d]">&gt;&gt;</a>&nbsp;&nbsp;&nbsp;n32_pin_irq_enable
</UL>

<P><STRONG><a name="[d3]"></a>EXTI_GetITStatus</STRONG> (Thumb, 76 bytes, Stack size 12 bytes, n32wb452_exti.o(.text.EXTI_GetITStatus))
<BR><BR>[Stack]<UL><LI>Max Depth = 12<LI>Call Chain = EXTI_GetITStatus
</UL>
<BR>[Called By]<UL><LI><a href="#[d1]">&gt;&gt;</a>&nbsp;&nbsp;&nbsp;N32_GPIO_EXTI_IRQHandler
</UL>

<P><STRONG><a name="[1ef]"></a>EXTI_InitPeripheral</STRONG> (Thumb, 234 bytes, Stack size 8 bytes, n32wb452_exti.o(.text.EXTI_InitPeripheral))
<BR><BR>[Stack]<UL><LI>Max Depth = 8<LI>Call Chain = EXTI_InitPeripheral
</UL>
<BR>[Called By]<UL><LI><a href="#[8d]">&gt;&gt;</a>&nbsp;&nbsp;&nbsp;n32_pin_irq_enable
</UL>

<P><STRONG><a name="[1ee]"></a>GPIO_ConfigEXTILine</STRONG> (Thumb, 84 bytes, Stack size 8 bytes, n32wb452_gpio.o(.text.GPIO_ConfigEXTILine))
<BR><BR>[Stack]<UL><LI>Max Depth = 8<LI>Call Chain = GPIO_ConfigEXTILine
</UL>
<BR>[Called By]<UL><LI><a href="#[8d]">&gt;&gt;</a>&nbsp;&nbsp;&nbsp;n32_pin_irq_enable
</UL>

<P><STRONG><a name="[1f4]"></a>GPIO_InitPeripheral</STRONG> (Thumb, 390 bytes, Stack size 32 bytes, n32wb452_gpio.o(.text.GPIO_InitPeripheral))
<BR><BR>[Stack]<UL><LI>Max Depth = 32<LI>Call Chain = GPIO_InitPeripheral
</UL>
<BR>[Called By]<UL><LI><a href="#[1db]">&gt;&gt;</a>&nbsp;&nbsp;&nbsp;n32_uart_gpio_init
<LI><a href="#[88]">&gt;&gt;</a>&nbsp;&nbsp;&nbsp;n32_pin_mode
<LI><a href="#[a6]">&gt;&gt;</a>&nbsp;&nbsp;&nbsp;rt_hw_dac_init
<LI><a href="#[a5]">&gt;&gt;</a>&nbsp;&nbsp;&nbsp;rt_hw_adc_init
</UL>

<P><STRONG><a name="[1f3]"></a>GPIO_InitStruct</STRONG> (Thumb, 28 bytes, Stack size 4 bytes, n32wb452_gpio.o(.text.GPIO_InitStruct))
<BR><BR>[Stack]<UL><LI>Max Depth = 4<LI>Call Chain = GPIO_InitStruct
</UL>
<BR>[Called By]<UL><LI><a href="#[1db]">&gt;&gt;</a>&nbsp;&nbsp;&nbsp;n32_uart_gpio_init
<LI><a href="#[88]">&gt;&gt;</a>&nbsp;&nbsp;&nbsp;n32_pin_mode
<LI><a href="#[a6]">&gt;&gt;</a>&nbsp;&nbsp;&nbsp;rt_hw_dac_init
<LI><a href="#[a5]">&gt;&gt;</a>&nbsp;&nbsp;&nbsp;rt_hw_adc_init
</UL>

<P><STRONG><a name="[1f5]"></a>GPIO_ReadInputDataBit</STRONG> (Thumb, 52 bytes, Stack size 8 bytes, n32wb452_gpio.o(.text.GPIO_ReadInputDataBit))
<BR><BR>[Stack]<UL><LI>Max Depth = 8<LI>Call Chain = GPIO_ReadInputDataBit
</UL>
<BR>[Called By]<UL><LI><a href="#[8a]">&gt;&gt;</a>&nbsp;&nbsp;&nbsp;n32_pin_read
</UL>

<P><STRONG><a name="[1f6]"></a>GPIO_WriteBit</STRONG> (Thumb, 44 bytes, Stack size 8 bytes, n32wb452_gpio.o(.text.GPIO_WriteBit))
<BR><BR>[Stack]<UL><LI>Max Depth = 8<LI>Call Chain = GPIO_WriteBit
</UL>
<BR>[Called By]<UL><LI><a href="#[89]">&gt;&gt;</a>&nbsp;&nbsp;&nbsp;n32_pin_write
</UL>

<P><STRONG><a name="[208]"></a>IWDG_CntReload</STRONG> (Thumb, 24 bytes, Stack size 4 bytes, n32wb452_iwdg.o(.text.IWDG_CntReload))
<BR><BR>[Stack]<UL><LI>Max Depth = 4<LI>Call Chain = IWDG_CntReload
</UL>
<BR>[Called By]<UL><LI><a href="#[3]">&gt;&gt;</a>&nbsp;&nbsp;&nbsp;n32_wdt_control
</UL>

<P><STRONG><a name="[20c]"></a>IWDG_Enable</STRONG> (Thumb, 16 bytes, Stack size 0 bytes, n32wb452_iwdg.o(.text.IWDG_Enable))
<BR><BR>[Called By]<UL><LI><a href="#[20a]">&gt;&gt;</a>&nbsp;&nbsp;&nbsp;n32_wdt_open
</UL>

<P><STRONG><a name="[20b]"></a>IWDG_ReloadKey</STRONG> (Thumb, 16 bytes, Stack size 0 bytes, n32wb452_iwdg.o(.text.IWDG_ReloadKey))
<BR><BR>[Called By]<UL><LI><a href="#[20a]">&gt;&gt;</a>&nbsp;&nbsp;&nbsp;n32_wdt_open
<LI><a href="#[209]">&gt;&gt;</a>&nbsp;&nbsp;&nbsp;n32_wdt_refresh
</UL>

<P><STRONG><a name="[207]"></a>IWDG_SetPrescalerDiv</STRONG> (Thumb, 24 bytes, Stack size 4 bytes, n32wb452_iwdg.o(.text.IWDG_SetPrescalerDiv))
<BR><BR>[Stack]<UL><LI>Max Depth = 4<LI>Call Chain = IWDG_SetPrescalerDiv
</UL>
<BR>[Called By]<UL><LI><a href="#[3]">&gt;&gt;</a>&nbsp;&nbsp;&nbsp;n32_wdt_control
</UL>

<P><STRONG><a name="[206]"></a>IWDG_WriteConfig</STRONG> (Thumb, 24 bytes, Stack size 4 bytes, n32wb452_iwdg.o(.text.IWDG_WriteConfig))
<BR><BR>[Stack]<UL><LI>Max Depth = 4<LI>Call Chain = IWDG_WriteConfig
</UL>
<BR>[Called By]<UL><LI><a href="#[3]">&gt;&gt;</a>&nbsp;&nbsp;&nbsp;n32_wdt_control
</UL>

<P><STRONG><a name="[d1]"></a>N32_GPIO_EXTI_IRQHandler</STRONG> (Thumb, 50 bytes, Stack size 16 bytes, drv_gpio.o(.text.N32_GPIO_EXTI_IRQHandler))
<BR><BR>[Stack]<UL><LI>Max Depth = 32<LI>Call Chain = N32_GPIO_EXTI_IRQHandler &rArr; pin_irq_hdr
</UL>
<BR>[Calls]<UL><LI><a href="#[d5]">&gt;&gt;</a>&nbsp;&nbsp;&nbsp;EXTI_ClrITPendBit
<LI><a href="#[d3]">&gt;&gt;</a>&nbsp;&nbsp;&nbsp;EXTI_GetITStatus
<LI><a href="#[d4]">&gt;&gt;</a>&nbsp;&nbsp;&nbsp;pin_irq_hdr
</UL>
<BR>[Called By]<UL><LI><a href="#[36]">&gt;&gt;</a>&nbsp;&nbsp;&nbsp;EXTI15_10_IRQHandler
<LI><a href="#[25]">&gt;&gt;</a>&nbsp;&nbsp;&nbsp;EXTI9_5_IRQHandler
<LI><a href="#[18]">&gt;&gt;</a>&nbsp;&nbsp;&nbsp;EXTI4_IRQHandler
<LI><a href="#[17]">&gt;&gt;</a>&nbsp;&nbsp;&nbsp;EXTI3_IRQHandler
<LI><a href="#[16]">&gt;&gt;</a>&nbsp;&nbsp;&nbsp;EXTI2_IRQHandler
<LI><a href="#[15]">&gt;&gt;</a>&nbsp;&nbsp;&nbsp;EXTI1_IRQHandler
<LI><a href="#[14]">&gt;&gt;</a>&nbsp;&nbsp;&nbsp;EXTI0_IRQHandler
</UL>

<P><STRONG><a name="[d6]"></a>NVIC_Configuration</STRONG> (Thumb, 14 bytes, Stack size 8 bytes, board.o(.text.NVIC_Configuration))
<BR><BR>[Stack]<UL><LI>Max Depth = 16<LI>Call Chain = NVIC_Configuration &rArr; NVIC_SetVectorTable
</UL>
<BR>[Calls]<UL><LI><a href="#[d7]">&gt;&gt;</a>&nbsp;&nbsp;&nbsp;NVIC_SetVectorTable
</UL>
<BR>[Called By]<UL><LI><a href="#[233]">&gt;&gt;</a>&nbsp;&nbsp;&nbsp;rt_hw_board_init
</UL>

<P><STRONG><a name="[1de]"></a>NVIC_Init</STRONG> (Thumb, 170 bytes, Stack size 16 bytes, misc.o(.text.NVIC_Init))
<BR><BR>[Stack]<UL><LI>Max Depth = 16<LI>Call Chain = NVIC_Init
</UL>
<BR>[Called By]<UL><LI><a href="#[9c]">&gt;&gt;</a>&nbsp;&nbsp;&nbsp;n32_control
</UL>

<P><STRONG><a name="[1dd]"></a>NVIC_PriorityGroupConfig</STRONG> (Thumb, 28 bytes, Stack size 4 bytes, misc.o(.text.NVIC_PriorityGroupConfig))
<BR><BR>[Stack]<UL><LI>Max Depth = 4<LI>Call Chain = NVIC_PriorityGroupConfig
</UL>
<BR>[Called By]<UL><LI><a href="#[9c]">&gt;&gt;</a>&nbsp;&nbsp;&nbsp;n32_control
</UL>

<P><STRONG><a name="[d7]"></a>NVIC_SetVectorTable</STRONG> (Thumb, 36 bytes, Stack size 8 bytes, misc.o(.text.NVIC_SetVectorTable))
<BR><BR>[Stack]<UL><LI>Max Depth = 8<LI>Call Chain = NVIC_SetVectorTable
</UL>
<BR>[Called By]<UL><LI><a href="#[d6]">&gt;&gt;</a>&nbsp;&nbsp;&nbsp;NVIC_Configuration
</UL>

<P><STRONG><a name="[1f8]"></a>PWR_BackupAccessEnable</STRONG> (Thumb, 22 bytes, Stack size 4 bytes, n32wb452_pwr.o(.text.PWR_BackupAccessEnable))
<BR><BR>[Stack]<UL><LI>Max Depth = 4<LI>Call Chain = PWR_BackupAccessEnable
</UL>
<BR>[Called By]<UL><LI><a href="#[97]">&gt;&gt;</a>&nbsp;&nbsp;&nbsp;n32_rtc_init
</UL>

<P><STRONG><a name="[231]"></a>RCC_ConfigAdc1mClk</STRONG> (Thumb, 62 bytes, Stack size 12 bytes, n32wb452_rcc.o(.text.RCC_ConfigAdc1mClk))
<BR><BR>[Stack]<UL><LI>Max Depth = 12<LI>Call Chain = RCC_ConfigAdc1mClk
</UL>
<BR>[Called By]<UL><LI><a href="#[a5]">&gt;&gt;</a>&nbsp;&nbsp;&nbsp;rt_hw_adc_init
</UL>

<P><STRONG><a name="[c9]"></a>RCC_ConfigAdcHclk</STRONG> (Thumb, 44 bytes, Stack size 8 bytes, n32wb452_rcc.o(.text.RCC_ConfigAdcHclk))
<BR><BR>[Stack]<UL><LI>Max Depth = 8<LI>Call Chain = RCC_ConfigAdcHclk
</UL>
<BR>[Called By]<UL><LI><a href="#[c7]">&gt;&gt;</a>&nbsp;&nbsp;&nbsp;ADC_ConfigClk
</UL>

<P><STRONG><a name="[c8]"></a>RCC_ConfigAdcPllClk</STRONG> (Thumb, 84 bytes, Stack size 12 bytes, n32wb452_rcc.o(.text.RCC_ConfigAdcPllClk))
<BR><BR>[Stack]<UL><LI>Max Depth = 12<LI>Call Chain = RCC_ConfigAdcPllClk
</UL>
<BR>[Called By]<UL><LI><a href="#[c7]">&gt;&gt;</a>&nbsp;&nbsp;&nbsp;ADC_ConfigClk
</UL>

<P><STRONG><a name="[1fb]"></a>RCC_ConfigLse</STRONG> (Thumb, 76 bytes, Stack size 8 bytes, n32wb452_rcc.o(.text.RCC_ConfigLse))
<BR><BR>[Stack]<UL><LI>Max Depth = 8<LI>Call Chain = RCC_ConfigLse
</UL>
<BR>[Called By]<UL><LI><a href="#[97]">&gt;&gt;</a>&nbsp;&nbsp;&nbsp;n32_rtc_init
</UL>

<P><STRONG><a name="[1fd]"></a>RCC_ConfigRtcClk</STRONG> (Thumb, 32 bytes, Stack size 4 bytes, n32wb452_rcc.o(.text.RCC_ConfigRtcClk))
<BR><BR>[Stack]<UL><LI>Max Depth = 4<LI>Call Chain = RCC_ConfigRtcClk
</UL>
<BR>[Called By]<UL><LI><a href="#[97]">&gt;&gt;</a>&nbsp;&nbsp;&nbsp;n32_rtc_init
</UL>

<P><STRONG><a name="[230]"></a>RCC_EnableAHBPeriphClk</STRONG> (Thumb, 56 bytes, Stack size 8 bytes, n32wb452_rcc.o(.text.RCC_EnableAHBPeriphClk))
<BR><BR>[Stack]<UL><LI>Max Depth = 8<LI>Call Chain = RCC_EnableAHBPeriphClk
</UL>
<BR>[Called By]<UL><LI><a href="#[a5]">&gt;&gt;</a>&nbsp;&nbsp;&nbsp;rt_hw_adc_init
</UL>

<P><STRONG><a name="[cd]"></a>RCC_EnableAHBPeriphReset</STRONG> (Thumb, 56 bytes, Stack size 8 bytes, n32wb452_rcc.o(.text.RCC_EnableAHBPeriphReset))
<BR><BR>[Stack]<UL><LI>Max Depth = 8<LI>Call Chain = RCC_EnableAHBPeriphReset
</UL>
<BR>[Called By]<UL><LI><a href="#[cc]">&gt;&gt;</a>&nbsp;&nbsp;&nbsp;ADC_DeInit
</UL>

<P><STRONG><a name="[1e2]"></a>RCC_EnableAPB1PeriphClk</STRONG> (Thumb, 56 bytes, Stack size 8 bytes, n32wb452_rcc.o(.text.RCC_EnableAPB1PeriphClk))
<BR><BR>[Stack]<UL><LI>Max Depth = 8<LI>Call Chain = RCC_EnableAPB1PeriphClk
</UL>
<BR>[Called By]<UL><LI><a href="#[1db]">&gt;&gt;</a>&nbsp;&nbsp;&nbsp;n32_uart_gpio_init
<LI><a href="#[97]">&gt;&gt;</a>&nbsp;&nbsp;&nbsp;n32_rtc_init
<LI><a href="#[1e1]">&gt;&gt;</a>&nbsp;&nbsp;&nbsp;n32_dac_init
</UL>

<P><STRONG><a name="[1e7]"></a>RCC_EnableAPB2PeriphClk</STRONG> (Thumb, 56 bytes, Stack size 8 bytes, n32wb452_rcc.o(.text.RCC_EnableAPB2PeriphClk))
<BR><BR>[Stack]<UL><LI>Max Depth = 8<LI>Call Chain = RCC_EnableAPB2PeriphClk
</UL>
<BR>[Called By]<UL><LI><a href="#[1db]">&gt;&gt;</a>&nbsp;&nbsp;&nbsp;n32_uart_gpio_init
<LI><a href="#[97]">&gt;&gt;</a>&nbsp;&nbsp;&nbsp;n32_rtc_init
<LI><a href="#[8d]">&gt;&gt;</a>&nbsp;&nbsp;&nbsp;n32_pin_irq_enable
<LI><a href="#[1e6]">&gt;&gt;</a>&nbsp;&nbsp;&nbsp;n32_gpio_clock_enable
<LI><a href="#[a6]">&gt;&gt;</a>&nbsp;&nbsp;&nbsp;rt_hw_dac_init
<LI><a href="#[a5]">&gt;&gt;</a>&nbsp;&nbsp;&nbsp;rt_hw_adc_init
</UL>

<P><STRONG><a name="[cf]"></a>RCC_EnableBackupReset</STRONG> (Thumb, 24 bytes, Stack size 4 bytes, n32wb452_rcc.o(.text.RCC_EnableBackupReset))
<BR><BR>[Stack]<UL><LI>Max Depth = 4<LI>Call Chain = RCC_EnableBackupReset
</UL>
<BR>[Called By]<UL><LI><a href="#[ce]">&gt;&gt;</a>&nbsp;&nbsp;&nbsp;BKP_DeInit
</UL>

<P><STRONG><a name="[1fa]"></a>RCC_EnableLsi</STRONG> (Thumb, 24 bytes, Stack size 4 bytes, n32wb452_rcc.o(.text.RCC_EnableLsi))
<BR><BR>[Stack]<UL><LI>Max Depth = 4<LI>Call Chain = RCC_EnableLsi
</UL>
<BR>[Called By]<UL><LI><a href="#[a9]">&gt;&gt;</a>&nbsp;&nbsp;&nbsp;rt_hw_wdt_init
<LI><a href="#[205]">&gt;&gt;</a>&nbsp;&nbsp;&nbsp;n32_wdt_close
<LI><a href="#[20a]">&gt;&gt;</a>&nbsp;&nbsp;&nbsp;n32_wdt_open
<LI><a href="#[97]">&gt;&gt;</a>&nbsp;&nbsp;&nbsp;n32_rtc_init
</UL>

<P><STRONG><a name="[1f9]"></a>RCC_EnableRtcClk</STRONG> (Thumb, 24 bytes, Stack size 4 bytes, n32wb452_rcc.o(.text.RCC_EnableRtcClk))
<BR><BR>[Stack]<UL><LI>Max Depth = 4<LI>Call Chain = RCC_EnableRtcClk
</UL>
<BR>[Called By]<UL><LI><a href="#[97]">&gt;&gt;</a>&nbsp;&nbsp;&nbsp;n32_rtc_init
</UL>

<P><STRONG><a name="[eb]"></a>RCC_GetClocksFreqValue</STRONG> (Thumb, 452 bytes, Stack size 28 bytes, n32wb452_rcc.o(.text.RCC_GetClocksFreqValue))
<BR><BR>[Stack]<UL><LI>Max Depth = 28<LI>Call Chain = RCC_GetClocksFreqValue
</UL>
<BR>[Called By]<UL><LI><a href="#[ea]">&gt;&gt;</a>&nbsp;&nbsp;&nbsp;USART_Init
</UL>

<P><STRONG><a name="[1fc]"></a>RCC_GetFlagStatus</STRONG> (Thumb, 130 bytes, Stack size 16 bytes, n32wb452_rcc.o(.text.RCC_GetFlagStatus))
<BR><BR>[Stack]<UL><LI>Max Depth = 16<LI>Call Chain = RCC_GetFlagStatus
</UL>
<BR>[Called By]<UL><LI><a href="#[20a]">&gt;&gt;</a>&nbsp;&nbsp;&nbsp;n32_wdt_open
<LI><a href="#[97]">&gt;&gt;</a>&nbsp;&nbsp;&nbsp;n32_rtc_init
</UL>

<P><STRONG><a name="[d8]"></a>RTC_ConfigTime</STRONG> (Thumb, 320 bytes, Stack size 32 bytes, n32wb452_rtc.o(.text.RTC_ConfigTime))
<BR><BR>[Stack]<UL><LI>Max Depth = 48<LI>Call Chain = RTC_ConfigTime &rArr; RTC_WaitForSynchro
</UL>
<BR>[Calls]<UL><LI><a href="#[dd]">&gt;&gt;</a>&nbsp;&nbsp;&nbsp;RTC_WaitForSynchro
<LI><a href="#[dc]">&gt;&gt;</a>&nbsp;&nbsp;&nbsp;RTC_ExitInitMode
<LI><a href="#[db]">&gt;&gt;</a>&nbsp;&nbsp;&nbsp;RTC_EnterInitMode
<LI><a href="#[da]">&gt;&gt;</a>&nbsp;&nbsp;&nbsp;RTC_ByteToBcd2
<LI><a href="#[d9]">&gt;&gt;</a>&nbsp;&nbsp;&nbsp;RTC_Bcd2ToByte
</UL>
<BR>[Called By]<UL><LI><a href="#[1ff]">&gt;&gt;</a>&nbsp;&nbsp;&nbsp;set_rtc_time_stamp
</UL>

<P><STRONG><a name="[db]"></a>RTC_EnterInitMode</STRONG> (Thumb, 156 bytes, Stack size 16 bytes, n32wb452_rtc.o(.text.RTC_EnterInitMode))
<BR><BR>[Stack]<UL><LI>Max Depth = 16<LI>Call Chain = RTC_EnterInitMode
</UL>
<BR>[Called By]<UL><LI><a href="#[d8]">&gt;&gt;</a>&nbsp;&nbsp;&nbsp;RTC_ConfigTime
<LI><a href="#[e1]">&gt;&gt;</a>&nbsp;&nbsp;&nbsp;RTC_SetDate
<LI><a href="#[e0]">&gt;&gt;</a>&nbsp;&nbsp;&nbsp;RTC_Init
</UL>

<P><STRONG><a name="[dc]"></a>RTC_ExitInitMode</STRONG> (Thumb, 18 bytes, Stack size 0 bytes, n32wb452_rtc.o(.text.RTC_ExitInitMode))
<BR><BR>[Called By]<UL><LI><a href="#[d8]">&gt;&gt;</a>&nbsp;&nbsp;&nbsp;RTC_ConfigTime
<LI><a href="#[e1]">&gt;&gt;</a>&nbsp;&nbsp;&nbsp;RTC_SetDate
<LI><a href="#[e0]">&gt;&gt;</a>&nbsp;&nbsp;&nbsp;RTC_Init
</UL>

<P><STRONG><a name="[de]"></a>RTC_GetDate</STRONG> (Thumb, 120 bytes, Stack size 24 bytes, n32wb452_rtc.o(.text.RTC_GetDate))
<BR><BR>[Stack]<UL><LI>Max Depth = 28<LI>Call Chain = RTC_GetDate &rArr; RTC_Bcd2ToByte
</UL>
<BR>[Calls]<UL><LI><a href="#[d9]">&gt;&gt;</a>&nbsp;&nbsp;&nbsp;RTC_Bcd2ToByte
</UL>
<BR>[Called By]<UL><LI><a href="#[9a]">&gt;&gt;</a>&nbsp;&nbsp;&nbsp;n32_rtc_get_timeval
</UL>

[...]
</UL>
<BR>[Calls]<UL><LI><a href="#[101]">&gt;&gt;</a>&nbsp;&nbsp;&nbsp;rt_mutex_release
<LI><a href="#[f1]">&gt;&gt;</a>&nbsp;&nbsp;&nbsp;rt_assert_handler
<LI><a href="#[fc]">&gt;&gt;</a>&nbsp;&nbsp;&nbsp;rt_thread_self
</UL>
<BR>[Called By]<UL><LI><a href="#[21c]">&gt;&gt;</a>&nbsp;&nbsp;&nbsp;rt_free
<LI><a href="#[214]">&gt;&gt;</a>&nbsp;&nbsp;&nbsp;rt_malloc
<LI><a href="#[16f]">&gt;&gt;</a>&nbsp;&nbsp;&nbsp;rt_memory_info
</UL>

<P><STRONG><a name="[244]"></a>_smem_info</STRONG> (Thumb, 84 bytes, Stack size 12 bytes, kservice.o(.text._smem_info))
<BR><BR>[Stack]<UL><LI>Max Depth = 12<LI>Call Chain = _smem_info
</UL>
<BR>[Called By]<UL><LI><a href="#[16f]">&gt;&gt;</a>&nbsp;&nbsp;&nbsp;rt_memory_info
</UL>

<P><STRONG><a name="[20d]"></a>plug_holes</STRONG> (Thumb, 264 bytes, Stack size 24 bytes, mem.o(.text.plug_holes))
<BR><BR>[Stack]<UL><LI>Max Depth = 88<LI>Call Chain = plug_holes &rArr; rt_assert_handler &rArr;  rt_kprintf (Cycle)
</UL>
<BR>[Calls]<UL><LI><a href="#[f1]">&gt;&gt;</a>&nbsp;&nbsp;&nbsp;rt_assert_handler
</UL>
<BR>[Called By]<UL><LI><a href="#[22f]">&gt;&gt;</a>&nbsp;&nbsp;&nbsp;rt_smem_free
</UL>

<P><STRONG><a name="[247]"></a>rt_spin_lock_irqsave</STRONG> (Thumb, 18 bytes, Stack size 16 bytes, object.o(.text.rt_spin_lock_irqsave))
<BR><BR>[Stack]<UL><LI>Max Depth = 16<LI>Call Chain = rt_spin_lock_irqsave
</UL>
<BR>[Calls]<UL><LI><a href="#[1eb]">&gt;&gt;</a>&nbsp;&nbsp;&nbsp;rt_hw_interrupt_disable
</UL>
<BR>[Called By]<UL><LI><a href="#[228]">&gt;&gt;</a>&nbsp;&nbsp;&nbsp;rt_object_detach
<LI><a href="#[22a]">&gt;&gt;</a>&nbsp;&nbsp;&nbsp;rt_object_find
<LI><a href="#[22d]">&gt;&gt;</a>&nbsp;&nbsp;&nbsp;rt_object_init
<LI><a href="#[246]">&gt;&gt;</a>&nbsp;&nbsp;&nbsp;rt_object_allocate
<LI><a href="#[229]">&gt;&gt;</a>&nbsp;&nbsp;&nbsp;rt_object_delete
</UL>

<P><STRONG><a name="[249]"></a>rt_spin_unlock_irqrestore</STRONG> (Thumb, 18 bytes, Stack size 16 bytes, object.o(.text.rt_spin_unlock_irqrestore))
<BR><BR>[Stack]<UL><LI>Max Depth = 16<LI>Call Chain = rt_spin_unlock_irqrestore
</UL>
<BR>[Calls]<UL><LI><a href="#[1ec]">&gt;&gt;</a>&nbsp;&nbsp;&nbsp;rt_hw_interrupt_enable
</UL>
<BR>[Called By]<UL><LI><a href="#[228]">&gt;&gt;</a>&nbsp;&nbsp;&nbsp;rt_object_detach
<LI><a href="#[22a]">&gt;&gt;</a>&nbsp;&nbsp;&nbsp;rt_object_find
<LI><a href="#[22d]">&gt;&gt;</a>&nbsp;&nbsp;&nbsp;rt_object_init
<LI><a href="#[246]">&gt;&gt;</a>&nbsp;&nbsp;&nbsp;rt_object_allocate
<LI><a href="#[229]">&gt;&gt;</a>&nbsp;&nbsp;&nbsp;rt_object_delete
</UL>

<P><STRONG><a name="[248]"></a>rt_list_insert_after</STRONG> (Thumb, 38 bytes, Stack size 8 bytes, object.o(.text.rt_list_insert_after))
<BR><BR>[Stack]<UL><LI>Max Depth = 8<LI>Call Chain = rt_list_insert_after
</UL>
<BR>[Called By]<UL><LI><a href="#[22d]">&gt;&gt;</a>&nbsp;&nbsp;&nbsp;rt_object_init
<LI><a href="#[246]">&gt;&gt;</a>&nbsp;&nbsp;&nbsp;rt_object_allocate
</UL>

<P><STRONG><a name="[24a]"></a>rt_list_remove</STRONG> (Thumb, 32 bytes, Stack size 4 bytes, object.o(.text.rt_list_remove))
<BR><BR>[Stack]<UL><LI>Max Depth = 4<LI>Call Chain = rt_list_remove
</UL>
<BR>[Called By]<UL><LI><a href="#[228]">&gt;&gt;</a>&nbsp;&nbsp;&nbsp;rt_object_detach
<LI><a href="#[229]">&gt;&gt;</a>&nbsp;&nbsp;&nbsp;rt_object_delete
</UL>

<P><STRONG><a name="[253]"></a>rt_list_remove</STRONG> (Thumb, 32 bytes, Stack size 4 bytes, scheduler_comm.o(.text.rt_list_remove))
<BR><BR>[Stack]<UL><LI>Max Depth = 4<LI>Call Chain = rt_list_remove
</UL>
<BR>[Called By]<UL><LI><a href="#[245]">&gt;&gt;</a>&nbsp;&nbsp;&nbsp;rt_sched_thread_ready
</UL>

<P><STRONG><a name="[12c]"></a>_scheduler_get_highest_priority_thread</STRONG> (Thumb, 54 bytes, Stack size 24 bytes, scheduler_up.o(.text._scheduler_get_highest_priority_thread))
<BR><BR>[Stack]<UL><LI>Max Depth = 28<LI>Call Chain = _scheduler_get_highest_priority_thread &rArr; __rt_ffs
</UL>
<BR>[Calls]<UL><LI><a href="#[12d]">&gt;&gt;</a>&nbsp;&nbsp;&nbsp;__rt_ffs
</UL>
<BR>[Called By]<UL><LI><a href="#[126]">&gt;&gt;</a>&nbsp;&nbsp;&nbsp;rt_schedule
<LI><a href="#[264]">&gt;&gt;</a>&nbsp;&nbsp;&nbsp;rt_system_scheduler_start
</UL>

<P><STRONG><a name="[251]"></a>rt_list_init</STRONG> (Thumb, 16 bytes, Stack size 4 bytes, scheduler_up.o(.text.rt_list_init))
<BR><BR>[Stack]<UL><LI>Max Depth = 4<LI>Call Chain = rt_list_init
</UL>
<BR>[Called By]<UL><LI><a href="#[263]">&gt;&gt;</a>&nbsp;&nbsp;&nbsp;rt_system_scheduler_init
<LI><a href="#[250]">&gt;&gt;</a>&nbsp;&nbsp;&nbsp;rt_sched_thread_init_priv
</UL>

<P><STRONG><a name="[24e]"></a>rt_list_remove</STRONG> (Thumb, 32 bytes, Stack size 4 bytes, scheduler_up.o(.text.rt_list_remove))
<BR><BR>[Stack]<UL><LI>Max Depth = 4<LI>Call Chain = rt_list_remove
</UL>
<BR>[Called By]<UL><LI><a href="#[141]">&gt;&gt;</a>&nbsp;&nbsp;&nbsp;rt_sched_remove_thread
</UL>

<P><STRONG><a name="[24f]"></a>rt_list_isempty</STRONG> (Thumb, 20 bytes, Stack size 4 bytes, scheduler_up.o(.text.rt_list_isempty))
<BR><BR>[Stack]<UL><LI>Max Depth = 4<LI>Call Chain = rt_list_isempty
</UL>
<BR>[Called By]<UL><LI><a href="#[141]">&gt;&gt;</a>&nbsp;&nbsp;&nbsp;rt_sched_remove_thread
</UL>

<P><STRONG><a name="[24c]"></a>rt_list_insert_before</STRONG> (Thumb, 38 bytes, Stack size 8 bytes, scheduler_up.o(.text.rt_list_insert_before))
<BR><BR>[Stack]<UL><LI>Max Depth = 8<LI>Call Chain = rt_list_insert_before
</UL>
<BR>[Called By]<UL><LI><a href="#[152]">&gt;&gt;</a>&nbsp;&nbsp;&nbsp;rt_sched_insert_thread
</UL>

<P><STRONG><a name="[24d]"></a>rt_list_insert_after</STRONG> (Thumb, 38 bytes, Stack size 8 bytes, scheduler_up.o(.text.rt_list_insert_after))
<BR><BR>[Stack]<UL><LI>Max Depth = 8<LI>Call Chain = rt_list_insert_after
</UL>
<BR>[Called By]<UL><LI><a href="#[152]">&gt;&gt;</a>&nbsp;&nbsp;&nbsp;rt_sched_insert_thread
</UL>

<P><STRONG><a name="[147]"></a>_thread_init</STRONG> (Thumb, 200 bytes, Stack size 40 bytes, thread.o(.text._thread_init))
<BR><BR>[Stack]<UL><LI>Max Depth = 176<LI>Call Chain = _thread_init &rArr; rt_timer_init &rArr; rt_object_init &rArr; rt_assert_handler &rArr;  rt_kprintf (Cycle)
</UL>
<BR>[Calls]<UL><LI><a href="#[14b]">&gt;&gt;</a>&nbsp;&nbsp;&nbsp;rt_timer_init
<LI><a href="#[109]">&gt;&gt;</a>&nbsp;&nbsp;&nbsp;rt_memset
<LI><a href="#[149]">&gt;&gt;</a>&nbsp;&nbsp;&nbsp;rt_hw_stack_init
<LI><a href="#[14c]">&gt;&gt;</a>&nbsp;&nbsp;&nbsp;rt_spin_lock_init
<LI><a href="#[14a]">&gt;&gt;</a>&nbsp;&nbsp;&nbsp;rt_list_init
<LI><a href="#[148]">&gt;&gt;</a>&nbsp;&nbsp;&nbsp;rt_sched_thread_init_ctx
</UL>
<BR>[Called By]<UL><LI><a href="#[192]">&gt;&gt;</a>&nbsp;&nbsp;&nbsp;rt_thread_create
<LI><a href="#[1c2]">&gt;&gt;</a>&nbsp;&nbsp;&nbsp;rt_thread_init
</UL>

<P><STRONG><a name="[67]"></a>_thread_exit</STRONG> (Thumb, 68 bytes, Stack size 24 bytes, thread.o(.text._thread_exit))
<BR><BR>[Stack]<UL><LI>Max Depth = 356<LI>Call Chain = _thread_exit &rArr; rt_exit_critical_safe &rArr; rt_exit_critical &rArr; rt_schedule &rArr; rt_scheduler_stack_check &rArr; rt_kprintf &rArr; rt_vsnprintf &rArr; print_number &rArr; divide
</UL>
<BR>[Calls]<UL><LI><a href="#[142]">&gt;&gt;</a>&nbsp;&nbsp;&nbsp;rt_timer_detach
<LI><a href="#[140]">&gt;&gt;</a>&nbsp;&nbsp;&nbsp;rt_enter_critical
<LI><a href="#[126]">&gt;&gt;</a>&nbsp;&nbsp;&nbsp;rt_schedule
<LI><a href="#[fc]">&gt;&gt;</a>&nbsp;&nbsp;&nbsp;rt_thread_self
<LI><a href="#[123]">&gt;&gt;</a>&nbsp;&nbsp;&nbsp;rt_sched_unlock
<LI><a href="#[122]">&gt;&gt;</a>&nbsp;&nbsp;&nbsp;rt_sched_lock
<LI><a href="#[144]">&gt;&gt;</a>&nbsp;&nbsp;&nbsp;rt_thread_defunct_enqueue
<LI><a href="#[145]">&gt;&gt;</a>&nbsp;&nbsp;&nbsp;rt_exit_critical_safe
<LI><a href="#[141]">&gt;&gt;</a>&nbsp;&nbsp;&nbsp;rt_sched_remove_thread
<LI><a href="#[143]">&gt;&gt;</a>&nbsp;&nbsp;&nbsp;rt_sched_thread_close
</UL>
<BR>[Address Reference Count : 1]<UL><LI> thread.o(.text._thread_init)
</UL>
<P><STRONG><a name="[14a]"></a>rt_list_init</STRONG> (Thumb, 16 bytes, Stack size 4 bytes, thread.o(.text.rt_list_init))
<BR><BR>[Stack]<UL><LI>Max Depth = 4<LI>Call Chain = rt_list_init
</UL>
<BR>[Called By]<UL><LI><a href="#[147]">&gt;&gt;</a>&nbsp;&nbsp;&nbsp;_thread_init
</UL>

<P><STRONG><a name="[68]"></a>_thread_timeout</STRONG> (Thumb, 148 bytes, Stack size 24 bytes, thread.o(.text._thread_timeout))
<BR><BR>[Stack]<UL><LI>Max Depth = 332<LI>Call Chain = _thread_timeout &rArr; rt_sched_unlock_n_resched &rArr; rt_schedule &rArr; rt_scheduler_stack_check &rArr; rt_kprintf &rArr; rt_vsnprintf &rArr; print_number &rArr; divide
</UL>
<BR>[Calls]<UL><LI><a href="#[11c]">&gt;&gt;</a>&nbsp;&nbsp;&nbsp;rt_object_get_type
<LI><a href="#[f1]">&gt;&gt;</a>&nbsp;&nbsp;&nbsp;rt_assert_handler
<LI><a href="#[150]">&gt;&gt;</a>&nbsp;&nbsp;&nbsp;rt_sched_thread_is_suspended
<LI><a href="#[153]">&gt;&gt;</a>&nbsp;&nbsp;&nbsp;rt_sched_unlock_n_resched
<LI><a href="#[122]">&gt;&gt;</a>&nbsp;&nbsp;&nbsp;rt_sched_lock
<LI><a href="#[151]">&gt;&gt;</a>&nbsp;&nbsp;&nbsp;rt_list_remove
<LI><a href="#[152]">&gt;&gt;</a>&nbsp;&nbsp;&nbsp;rt_sched_insert_thread
</UL>
<BR>[Address Reference Count : 1]<UL><LI> thread.o(.text._thread_init)
</UL>
<P><STRONG><a name="[14c]"></a>rt_spin_lock_init</STRONG> (Thumb, 8 bytes, Stack size 4 bytes, thread.o(.text.rt_spin_lock_init))
<BR><BR>[Stack]<UL><LI>Max Depth = 4<LI>Call Chain = rt_spin_lock_init
</UL>
<BR>[Called By]<UL><LI><a href="#[147]">&gt;&gt;</a>&nbsp;&nbsp;&nbsp;_thread_init
</UL>

<P><STRONG><a name="[14e]"></a>_thread_sleep</STRONG> (Thumb, 366 bytes, Stack size 48 bytes, thread.o(.text._thread_sleep))
<BR><BR>[Stack]<UL><LI>Max Depth = 380<LI>Call Chain = _thread_sleep &rArr; rt_exit_critical_safe &rArr; rt_exit_critical &rArr; rt_schedule &rArr; rt_scheduler_stack_check &rArr; rt_kprintf &rArr; rt_vsnprintf &rArr; print_number &rArr; divide
</UL>
<BR>[Calls]<UL><LI><a href="#[140]">&gt;&gt;</a>&nbsp;&nbsp;&nbsp;rt_enter_critical
<LI><a href="#[126]">&gt;&gt;</a>&nbsp;&nbsp;&nbsp;rt_schedule
<LI><a href="#[124]">&gt;&gt;</a>&nbsp;&nbsp;&nbsp;rt_timer_control
<LI><a href="#[14f]">&gt;&gt;</a>&nbsp;&nbsp;&nbsp;rt_thread_suspend_with_flag
<LI><a href="#[11b]">&gt;&gt;</a>&nbsp;&nbsp;&nbsp;rt_interrupt_get_nest
<LI><a href="#[11a]">&gt;&gt;</a>&nbsp;&nbsp;&nbsp;rt_critical_level
<LI><a href="#[11c]">&gt;&gt;</a>&nbsp;&nbsp;&nbsp;rt_object_get_type
<LI><a href="#[125]">&gt;&gt;</a>&nbsp;&nbsp;&nbsp;rt_timer_start
<LI><a href="#[f1]">&gt;&gt;</a>&nbsp;&nbsp;&nbsp;rt_assert_handler
<LI><a href="#[fc]">&gt;&gt;</a>&nbsp;&nbsp;&nbsp;rt_thread_self
<LI><a href="#[fa]">&gt;&gt;</a>&nbsp;&nbsp;&nbsp;rt_kprintf
<LI><a href="#[145]">&gt;&gt;</a>&nbsp;&nbsp;&nbsp;rt_exit_critical_safe
</UL>
<BR>[Called By]<UL><LI><a href="#[1b5]">&gt;&gt;</a>&nbsp;&nbsp;&nbsp;rt_thread_delay
<LI><a href="#[1c3]">&gt;&gt;</a>&nbsp;&nbsp;&nbsp;rt_thread_mdelay
</UL>

<P><STRONG><a name="[14d]"></a>_thread_set_suspend_state</STRONG> (Thumb, 144 bytes, Stack size 24 bytes, thread.o(.text._thread_set_suspend_state))
<BR><BR>[Stack]<UL><LI>Max Depth = 88<LI>Call Chain = _thread_set_suspend_state &rArr; rt_assert_handler &rArr;  rt_kprintf (Cycle)
</UL>
<BR>[Calls]<UL><LI><a href="#[f1]">&gt;&gt;</a>&nbsp;&nbsp;&nbsp;rt_assert_handler
</UL>
<BR>[Called By]<UL><LI><a href="#[121]">&gt;&gt;</a>&nbsp;&nbsp;&nbsp;rt_thread_suspend_to_list
</UL>

<P><STRONG><a name="[151]"></a>rt_list_remove</STRONG> (Thumb, 32 bytes, Stack size 4 bytes, thread.o(.text.rt_list_remove))
<BR><BR>[Stack]<UL><LI>Max Depth = 4<LI>Call Chain = rt_list_remove
</UL>
<BR>[Called By]<UL><LI><a href="#[68]">&gt;&gt;</a>&nbsp;&nbsp;&nbsp;_thread_timeout
</UL>

<P><STRONG><a name="[156]"></a>_timer_init</STRONG> (Thumb, 104 bytes, Stack size 32 bytes, timer.o(.text._timer_init))
<BR><BR>[Stack]<UL><LI>Max Depth = 36<LI>Call Chain = _timer_init &rArr; rt_list_init
</UL>
<BR>[Calls]<UL><LI><a href="#[157]">&gt;&gt;</a>&nbsp;&nbsp;&nbsp;rt_list_init
</UL>
<BR>[Called By]<UL><LI><a href="#[14b]">&gt;&gt;</a>&nbsp;&nbsp;&nbsp;rt_timer_init
</UL>

<P><STRONG><a name="[157]"></a>rt_list_init</STRONG> (Thumb, 16 bytes, Stack size 4 bytes, timer.o(.text.rt_list_init))
<BR><BR>[Stack]<UL><LI>Max Depth = 4<LI>Call Chain = rt_list_init
</UL>
<BR>[Called By]<UL><LI><a href="#[266]">&gt;&gt;</a>&nbsp;&nbsp;&nbsp;rt_system_timer_init
<LI><a href="#[26e]">&gt;&gt;</a>&nbsp;&nbsp;&nbsp;rt_timer_check
<LI><a href="#[156]">&gt;&gt;</a>&nbsp;&nbsp;&nbsp;_timer_init
</UL>

<P><STRONG><a name="[270]"></a>_timerlock_idx</STRONG> (Thumb, 16 bytes, Stack size 4 bytes, timer.o(.text._timerlock_idx))
<BR><BR>[Stack]<UL><LI>Max Depth = 4<LI>Call Chain = _timerlock_idx
</UL>
<BR>[Called By]<UL><LI><a href="#[142]">&gt;&gt;</a>&nbsp;&nbsp;&nbsp;rt_timer_detach
<LI><a href="#[124]">&gt;&gt;</a>&nbsp;&nbsp;&nbsp;rt_timer_control
<LI><a href="#[254]">&gt;&gt;</a>&nbsp;&nbsp;&nbsp;rt_timer_stop
</UL>

<P><STRONG><a name="[25f]"></a>rt_spin_lock_irqsave</STRONG> (Thumb, 18 bytes, Stack size 16 bytes, timer.o(.text.rt_spin_lock_irqsave))
<BR><BR>[Stack]<UL><LI>Max Depth = 16<LI>Call Chain = rt_spin_lock_irqsave
</UL>
<BR>[Calls]<UL><LI><a href="#[1eb]">&gt;&gt;</a>&nbsp;&nbsp;&nbsp;rt_hw_interrupt_disable
</UL>
<BR>[Called By]<UL><LI><a href="#[142]">&gt;&gt;</a>&nbsp;&nbsp;&nbsp;rt_timer_detach
<LI><a href="#[124]">&gt;&gt;</a>&nbsp;&nbsp;&nbsp;rt_timer_control
<LI><a href="#[254]">&gt;&gt;</a>&nbsp;&nbsp;&nbsp;rt_timer_stop
<LI><a href="#[125]">&gt;&gt;</a>&nbsp;&nbsp;&nbsp;rt_timer_start
<LI><a href="#[26e]">&gt;&gt;</a>&nbsp;&nbsp;&nbsp;rt_timer_check
</UL>

<P><STRONG><a name="[158]"></a>_timer_remove</STRONG> (Thumb, 48 bytes, Stack size 16 bytes, timer.o(.text._timer_remove))
<BR><BR>[Stack]<UL><LI>Max Depth = 20<LI>Call Chain = _timer_remove &rArr; rt_list_remove
</UL>
<BR>[Calls]<UL><LI><a href="#[159]">&gt;&gt;</a>&nbsp;&nbsp;&nbsp;rt_list_remove
</UL>
<BR>[Called By]<UL><LI><a href="#[142]">&gt;&gt;</a>&nbsp;&nbsp;&nbsp;rt_timer_detach
<LI><a href="#[124]">&gt;&gt;</a>&nbsp;&nbsp;&nbsp;rt_timer_control
<LI><a href="#[254]">&gt;&gt;</a>&nbsp;&nbsp;&nbsp;rt_timer_stop
<LI><a href="#[26e]">&gt;&gt;</a>&nbsp;&nbsp;&nbsp;rt_timer_check
<LI><a href="#[15a]">&gt;&gt;</a>&nbsp;&nbsp;&nbsp;_timer_start
</UL>

<P><STRONG><a name="[261]"></a>rt_spin_unlock_irqrestore</STRONG> (Thumb, 18 bytes, Stack size 16 bytes, timer.o(.text.rt_spin_unlock_irqrestore))
<BR><BR>[Stack]<UL><LI>Max Depth = 16<LI>Call Chain = rt_spin_unlock_irqrestore
</UL>
<BR>[Calls]<UL><LI><a href="#[1ec]">&gt;&gt;</a>&nbsp;&nbsp;&nbsp;rt_hw_interrupt_enable
</UL>
<BR>[Called By]<UL><LI><a href="#[142]">&gt;&gt;</a>&nbsp;&nbsp;&nbsp;rt_timer_detach
<LI><a href="#[124]">&gt;&gt;</a>&nbsp;&nbsp;&nbsp;rt_timer_control
<LI><a href="#[254]">&gt;&gt;</a>&nbsp;&nbsp;&nbsp;rt_timer_stop
<LI><a href="#[125]">&gt;&gt;</a>&nbsp;&nbsp;&nbsp;rt_timer_start
<LI><a href="#[26e]">&gt;&gt;</a>&nbsp;&nbsp;&nbsp;rt_timer_check
</UL>

<P><STRONG><a name="[159]"></a>rt_list_remove</STRONG> (Thumb, 32 bytes, Stack size 4 bytes, timer.o(.text.rt_list_remove))
<BR><BR>[Stack]<UL><LI>Max Depth = 4<LI>Call Chain = rt_list_remove
</UL>
<BR>[Called By]<UL><LI><a href="#[26e]">&gt;&gt;</a>&nbsp;&nbsp;&nbsp;rt_timer_check
<LI><a href="#[158]">&gt;&gt;</a>&nbsp;&nbsp;&nbsp;_timer_remove
</UL>

<P><STRONG><a name="[15a]"></a>_timer_start</STRONG> (Thumb, 370 bytes, Stack size 40 bytes, timer.o(.text._timer_start))
<BR><BR>[Stack]<UL><LI>Max Depth = 60<LI>Call Chain = _timer_start &rArr; _timer_remove &rArr; rt_list_remove
</UL>
<BR>[Calls]<UL><LI><a href="#[e3]">&gt;&gt;</a>&nbsp;&nbsp;&nbsp;rt_tick_get
<LI><a href="#[15b]">&gt;&gt;</a>&nbsp;&nbsp;&nbsp;rt_list_insert_after
<LI><a href="#[158]">&gt;&gt;</a>&nbsp;&nbsp;&nbsp;_timer_remove
</UL>
<BR>[Called By]<UL><LI><a href="#[125]">&gt;&gt;</a>&nbsp;&nbsp;&nbsp;rt_timer_start
<LI><a href="#[26e]">&gt;&gt;</a>&nbsp;&nbsp;&nbsp;rt_timer_check
</UL>

<P><STRONG><a name="[15b]"></a>rt_list_insert_after</STRONG> (Thumb, 38 bytes, Stack size 8 bytes, timer.o(.text.rt_list_insert_after))
<BR><BR>[Stack]<UL><LI>Max Depth = 8<LI>Call Chain = rt_list_insert_after
</UL>
<BR>[Called By]<UL><LI><a href="#[26e]">&gt;&gt;</a>&nbsp;&nbsp;&nbsp;rt_timer_check
<LI><a href="#[15a]">&gt;&gt;</a>&nbsp;&nbsp;&nbsp;_timer_start
</UL>

<P><STRONG><a name="[26f]"></a>rt_list_isempty</STRONG> (Thumb, 20 bytes, Stack size 4 bytes, timer.o(.text.rt_list_isempty))
<BR><BR>[Stack]<UL><LI>Max Depth = 4<LI>Call Chain = rt_list_isempty
</UL>
<BR>[Called By]<UL><LI><a href="#[26e]">&gt;&gt;</a>&nbsp;&nbsp;&nbsp;rt_timer_check
</UL>

<P><STRONG><a name="[267]"></a>rt_spin_lock_init</STRONG> (Thumb, 8 bytes, Stack size 4 bytes, timer.o(.text.rt_spin_lock_init))
<BR><BR>[Stack]<UL><LI>Max Depth = 4<LI>Call Chain = rt_spin_lock_init
</UL>
<BR>[Called By]<UL><LI><a href="#[266]">&gt;&gt;</a>&nbsp;&nbsp;&nbsp;rt_system_timer_init
</UL>

<P><STRONG><a name="[1a1]"></a>hard_fault_track</STRONG> (Thumb, 146 bytes, Stack size 8 bytes, cpuport.o(.text.hard_fault_track))
<BR><BR>[Stack]<UL><LI>Max Depth = 268<LI>Call Chain = hard_fault_track &rArr; usage_fault_track &rArr; rt_kprintf &rArr; rt_vsnprintf &rArr; print_number &rArr; divide
</UL>
<BR>[Calls]<UL><LI><a href="#[fa]">&gt;&gt;</a>&nbsp;&nbsp;&nbsp;rt_kprintf
<LI><a href="#[1a3]">&gt;&gt;</a>&nbsp;&nbsp;&nbsp;usage_fault_track
<LI><a href="#[1a2]">&gt;&gt;</a>&nbsp;&nbsp;&nbsp;mem_manage_fault_track
<LI><a href="#[16c]">&gt;&gt;</a>&nbsp;&nbsp;&nbsp;bus_fault_track
</UL>
<BR>[Called By]<UL><LI><a href="#[ba]">&gt;&gt;</a>&nbsp;&nbsp;&nbsp;rt_hw_hard_fault_exception
</UL>

<P><STRONG><a name="[16c]"></a>bus_fault_track</STRONG> (Thumb, 252 bytes, Stack size 16 bytes, cpuport.o(.text.bus_fault_track))
<BR><BR>[Stack]<UL><LI>Max Depth = 260<LI>Call Chain = bus_fault_track &rArr; rt_kprintf &rArr; rt_vsnprintf &rArr; print_number &rArr; divide
</UL>
<BR>[Calls]<UL><LI><a href="#[fa]">&gt;&gt;</a>&nbsp;&nbsp;&nbsp;rt_kprintf
</UL>
<BR>[Called By]<UL><LI><a href="#[1a1]">&gt;&gt;</a>&nbsp;&nbsp;&nbsp;hard_fault_track
</UL>

<P><STRONG><a name="[1a2]"></a>mem_manage_fault_track</STRONG> (Thumb, 220 bytes, Stack size 16 bytes, cpuport.o(.text.mem_manage_fault_track))
<BR><BR>[Stack]<UL><LI>Max Depth = 260<LI>Call Chain = mem_manage_fault_track &rArr; rt_kprintf &rArr; rt_vsnprintf &rArr; print_number &rArr; divide
</UL>
<BR>[Calls]<UL><LI><a href="#[fa]">&gt;&gt;</a>&nbsp;&nbsp;&nbsp;rt_kprintf
</UL>
<BR>[Called By]<UL><LI><a href="#[1a1]">&gt;&gt;</a>&nbsp;&nbsp;&nbsp;hard_fault_track
</UL>

<P><STRONG><a name="[1a3]"></a>usage_fault_track</STRONG> (Thumb, 240 bytes, Stack size 16 bytes, cpuport.o(.text.usage_fault_track))
<BR><BR>[Stack]<UL><LI>Max Depth = 260<LI>Call Chain = usage_fault_track &rArr; rt_kprintf &rArr; rt_vsnprintf &rArr; print_number &rArr; divide
</UL>
<BR>[Calls]<UL><LI><a href="#[fa]">&gt;&gt;</a>&nbsp;&nbsp;&nbsp;rt_kprintf
</UL>
<BR>[Called By]<UL><LI><a href="#[1a1]">&gt;&gt;</a>&nbsp;&nbsp;&nbsp;hard_fault_track
</UL>

<P><STRONG><a name="[e8]"></a>SetSysClock</STRONG> (Thumb, 336 bytes, Stack size 20 bytes, system_n32wb452.o(.text.SetSysClock))
<BR><BR>[Stack]<UL><LI>Max Depth = 20<LI>Call Chain = SetSysClock
</UL>
<BR>[Called By]<UL><LI><a href="#[65]">&gt;&gt;</a>&nbsp;&nbsp;&nbsp;SystemInit
</UL>

<P><STRONG><a name="[d9]"></a>RTC_Bcd2ToByte</STRONG> (Thumb, 48 bytes, Stack size 4 bytes, n32wb452_rtc.o(.text.RTC_Bcd2ToByte))
<BR><BR>[Stack]<UL><LI>Max Depth = 4<LI>Call Chain = RTC_Bcd2ToByte
</UL>
<BR>[Called By]<UL><LI><a href="#[d8]">&gt;&gt;</a>&nbsp;&nbsp;&nbsp;RTC_ConfigTime
<LI><a href="#[e1]">&gt;&gt;</a>&nbsp;&nbsp;&nbsp;RTC_SetDate
<LI><a href="#[de]">&gt;&gt;</a>&nbsp;&nbsp;&nbsp;RTC_GetDate
<LI><a href="#[df]">&gt;&gt;</a>&nbsp;&nbsp;&nbsp;RTC_GetTime
</UL>

<P><STRONG><a name="[da]"></a>RTC_ByteToBcd2</STRONG> (Thumb, 66 bytes, Stack size 4 bytes, n32wb452_rtc.o(.text.RTC_ByteToBcd2))
<BR><BR>[Stack]<UL><LI>Max Depth = 4<LI>Call Chain = RTC_ByteToBcd2
</UL>
<BR>[Called By]<UL><LI><a href="#[d8]">&gt;&gt;</a>&nbsp;&nbsp;&nbsp;RTC_ConfigTime
<LI><a href="#[e1]">&gt;&gt;</a>&nbsp;&nbsp;&nbsp;RTC_SetDate
</UL>
<P>
<H3>
Undefined Global Symbols
</H3><HR></body></html>
